---
http_interactions:
- request:
    method: get
    uri: http://146.20.103.69:8776/v1/92ac5831e22341bc9cc88f3942ba4d68/snapshots
    body:
      encoding: US-ASCII
      string: ''
    headers:
      Accept:
      - application/json
      Accept-Encoding:
      - gzip, deflate
      X-Auth-Token:
      - gAAAAABXxIcpx_yABRmRnxdAC4bOjiKV8SafaE1woyhm0ZYl8bWro6-bhUETi_GW7_125HBqnwDbf2YW7wY_VR_QLLlA8joDS0zZrZ98IddUNHFirMK8asPQHn161JTF8emnG6Eamg7BJjSY5QikB_HVqroy4SNIBxCgcJ5vruz9q1GIo1X_Q9M
      Content-Type:
      - application/json
      User-Agent:
      - Ruby
  response:
    status:
      code: 200
      message: OK
    headers:
      X-Compute-Request-Id:
      - req-770a0201-3524-4c62-b219-0bb35d09cb93
      Content-Type:
      - application/json
      Content-Length:
      - '17'
      X-Openstack-Request-Id:
      - req-770a0201-3524-4c62-b219-0bb35d09cb93
      Date:
      - Mon, 29 Aug 2016 19:07:17 GMT
    body:
      encoding: UTF-8
      string: '{"snapshots": []}'
    http_version: 
  recorded_at: Mon, 29 Aug 2016 19:07:13 GMT
- request:
    method: get
    uri: http://146.20.103.69:8776/v1/92ac5831e22341bc9cc88f3942ba4d68/backups
    body:
      encoding: US-ASCII
      string: ''
    headers:
      Accept:
      - application/json
      Accept-Encoding:
      - gzip, deflate
      X-Auth-Token:
      - gAAAAABXxIcpx_yABRmRnxdAC4bOjiKV8SafaE1woyhm0ZYl8bWro6-bhUETi_GW7_125HBqnwDbf2YW7wY_VR_QLLlA8joDS0zZrZ98IddUNHFirMK8asPQHn161JTF8emnG6Eamg7BJjSY5QikB_HVqroy4SNIBxCgcJ5vruz9q1GIo1X_Q9M
      Content-Type:
      - application/json
      User-Agent:
      - Ruby
  response:
    status:
      code: 200
      message: OK
    headers:
      X-Compute-Request-Id:
      - req-8e1ef8ed-4188-4880-a3d0-12a7c97c6405
      Content-Type:
      - application/json
      Content-Length:
      - '15'
      X-Openstack-Request-Id:
      - req-8e1ef8ed-4188-4880-a3d0-12a7c97c6405
      Date:
      - Mon, 29 Aug 2016 19:07:17 GMT
    body:
      encoding: UTF-8
      string: '{"backups": []}'
    http_version: 
  recorded_at: Mon, 29 Aug 2016 19:07:13 GMT
- request:
    method: get
    uri: http://146.20.103.69:8776/v1/92ac5831e22341bc9cc88f3942ba4d68/volumes
    body:
      encoding: US-ASCII
      string: ''
    headers:
      Accept:
      - application/json
      Accept-Encoding:
      - gzip, deflate
      X-Auth-Token:
      - gAAAAABXxIcpx_yABRmRnxdAC4bOjiKV8SafaE1woyhm0ZYl8bWro6-bhUETi_GW7_125HBqnwDbf2YW7wY_VR_QLLlA8joDS0zZrZ98IddUNHFirMK8asPQHn161JTF8emnG6Eamg7BJjSY5QikB_HVqroy4SNIBxCgcJ5vruz9q1GIo1X_Q9M
      Content-Type:
      - application/json
      User-Agent:
      - Ruby
  response:
    status:
      code: 200
      message: OK
    headers:
      X-Compute-Request-Id:
      - req-83ff3441-b914-497e-b36b-a3e2620e4a05
      Content-Type:
      - application/json
      Content-Length:
      - '1129'
      X-Openstack-Request-Id:
      - req-83ff3441-b914-497e-b36b-a3e2620e4a05
      Date:
      - Mon, 29 Aug 2016 19:07:18 GMT
    body:
      encoding: UTF-8
      string: '{"volumes": [{"status": "awaiting-transfer", "display_name": null,
        "attachments": [], "availability_zone": "nova", "bootable": "false", "encrypted":
        false, "created_at": "2016-08-29T15:31:04.000000", "multiattach": "false",
        "display_description": null, "volume_type": null, "snapshot_id": null, "source_volid":
        null, "metadata": {}, "id": "e42c90ac-a82a-49cb-8d12-8461a30aed73", "size":
        1}, {"status": "creating", "display_name": null, "attachments": [], "availability_zone":
        "nova", "bootable": "false", "encrypted": false, "created_at": "2016-08-11T17:09:07.000000",
        "multiattach": "false", "display_description": null, "volume_type": null,
        "snapshot_id": null, "source_volid": null, "metadata": {}, "id": "30da9b4e-d569-4f4c-a791-d193587005c9",
        "size": 1}, {"status": "creating", "display_name": null, "attachments": [],
        "availability_zone": "nova", "bootable": "false", "encrypted": false, "created_at":
        "2016-08-11T17:03:56.000000", "multiattach": "false", "display_description":
        null, "volume_type": null, "snapshot_id": null, "source_volid": null, "metadata":
        {}, "id": "f64bf99f-1127-4544-a6cd-5cccc441057c", "size": 1}]}'
    http_version: 
  recorded_at: Mon, 29 Aug 2016 19:07:13 GMT
- request:
    method: delete
    uri: http://146.20.103.69:8776/v1/92ac5831e22341bc9cc88f3942ba4d68/volumes/e42c90ac-a82a-49cb-8d12-8461a30aed73
    body:
      encoding: US-ASCII
      string: ''
    headers:
      Accept:
      - application/json
      Accept-Encoding:
      - gzip, deflate
      X-Auth-Token:
      - gAAAAABXxIcpx_yABRmRnxdAC4bOjiKV8SafaE1woyhm0ZYl8bWro6-bhUETi_GW7_125HBqnwDbf2YW7wY_VR_QLLlA8joDS0zZrZ98IddUNHFirMK8asPQHn161JTF8emnG6Eamg7BJjSY5QikB_HVqroy4SNIBxCgcJ5vruz9q1GIo1X_Q9M
      Content-Type:
      - application/json
      User-Agent:
      - Ruby
  response:
    status:
      code: 400
      message: Bad Request
    headers:
      Content-Length:
      - '143'
      Content-Type:
      - application/json; charset=UTF-8
      X-Compute-Request-Id:
      - req-7260ebb0-5f66-4a6f-9f76-9355719dc092
      X-Openstack-Request-Id:
      - req-7260ebb0-5f66-4a6f-9f76-9355719dc092
      Date:
      - Mon, 29 Aug 2016 19:07:18 GMT
    body:
      encoding: UTF-8
      string: '{"badRequest": {"message": "Invalid volume: Volume status must be available
        or error, but current status is: awaiting-transfer.", "code": 400}}'
    http_version: 
  recorded_at: Mon, 29 Aug 2016 19:07:13 GMT
- request:
    method: delete
    uri: http://146.20.103.69:8776/v1/92ac5831e22341bc9cc88f3942ba4d68/volumes/30da9b4e-d569-4f4c-a791-d193587005c9
    body:
      encoding: US-ASCII
      string: ''
    headers:
      Accept:
      - application/json
      Accept-Encoding:
      - gzip, deflate
      X-Auth-Token:
      - gAAAAABXxIcpx_yABRmRnxdAC4bOjiKV8SafaE1woyhm0ZYl8bWro6-bhUETi_GW7_125HBqnwDbf2YW7wY_VR_QLLlA8joDS0zZrZ98IddUNHFirMK8asPQHn161JTF8emnG6Eamg7BJjSY5QikB_HVqroy4SNIBxCgcJ5vruz9q1GIo1X_Q9M
      Content-Type:
      - application/json
      User-Agent:
      - Ruby
  response:
    status:
      code: 400
      message: Bad Request
    headers:
      Content-Length:
      - '134'
      Content-Type:
      - application/json; charset=UTF-8
      X-Compute-Request-Id:
      - req-af516a8a-25cd-41b7-88ca-e156543c045d
      X-Openstack-Request-Id:
      - req-af516a8a-25cd-41b7-88ca-e156543c045d
      Date:
      - Mon, 29 Aug 2016 19:07:18 GMT
    body:
      encoding: UTF-8
      string: '{"badRequest": {"message": "Invalid volume: Volume status must be available
        or error, but current status is: creating.", "code": 400}}'
    http_version: 
  recorded_at: Mon, 29 Aug 2016 19:07:14 GMT
- request:
    method: delete
    uri: http://146.20.103.69:8776/v1/92ac5831e22341bc9cc88f3942ba4d68/volumes/f64bf99f-1127-4544-a6cd-5cccc441057c
    body:
      encoding: US-ASCII
      string: ''
    headers:
      Accept:
      - application/json
      Accept-Encoding:
      - gzip, deflate
      X-Auth-Token:
      - gAAAAABXxIcpx_yABRmRnxdAC4bOjiKV8SafaE1woyhm0ZYl8bWro6-bhUETi_GW7_125HBqnwDbf2YW7wY_VR_QLLlA8joDS0zZrZ98IddUNHFirMK8asPQHn161JTF8emnG6Eamg7BJjSY5QikB_HVqroy4SNIBxCgcJ5vruz9q1GIo1X_Q9M
      Content-Type:
      - application/json
      User-Agent:
      - Ruby
  response:
    status:
      code: 400
      message: Bad Request
    headers:
      Content-Length:
      - '134'
      Content-Type:
      - application/json; charset=UTF-8
      X-Compute-Request-Id:
      - req-f07f04ec-5f8a-4811-b8b8-5163b30682e1
      X-Openstack-Request-Id:
      - req-f07f04ec-5f8a-4811-b8b8-5163b30682e1
      Date:
      - Mon, 29 Aug 2016 19:07:18 GMT
    body:
      encoding: UTF-8
      string: '{"badRequest": {"message": "Invalid volume: Volume status must be available
        or error, but current status is: creating.", "code": 400}}'
    http_version: 
  recorded_at: Mon, 29 Aug 2016 19:07:14 GMT
- request:
    method: get
    uri: http://146.20.103.69:8774/v2.1/92ac5831e22341bc9cc88f3942ba4d68/servers
    body:
      encoding: US-ASCII
      string: ''
    headers:
      Accept:
      - application/json
      Accept-Encoding:
      - gzip, deflate
      X-Auth-Token:
      - gAAAAABXxIcpx_yABRmRnxdAC4bOjiKV8SafaE1woyhm0ZYl8bWro6-bhUETi_GW7_125HBqnwDbf2YW7wY_VR_QLLlA8joDS0zZrZ98IddUNHFirMK8asPQHn161JTF8emnG6Eamg7BJjSY5QikB_HVqroy4SNIBxCgcJ5vruz9q1GIo1X_Q9M
      Content-Type:
      - application/json
      User-Agent:
      - Ruby
  response:
    status:
      code: 200
      message: OK
    headers:
      Content-Type:
      - application/json
      Content-Length:
      - '15'
      X-Openstack-Nova-Api-Version:
      - '2.1'
      Vary:
      - X-OpenStack-Nova-API-Version
      X-Compute-Request-Id:
      - req-e699b264-f612-4d8e-bba2-ac8583e4d946
      Date:
      - Mon, 29 Aug 2016 19:07:18 GMT
    body:
      encoding: UTF-8
      string: '{"servers": []}'
    http_version: 
  recorded_at: Mon, 29 Aug 2016 19:07:14 GMT
- request:
    method: post
    uri: http://146.20.103.69:9696/v2.0/networks
    body:
      encoding: UTF-8
      string: '{"network":{"name":"testing"}}'
    headers:
      Accept:
      - application/json
      Accept-Encoding:
      - gzip, deflate
      X-Auth-Token:
      - gAAAAABXxIcpx_yABRmRnxdAC4bOjiKV8SafaE1woyhm0ZYl8bWro6-bhUETi_GW7_125HBqnwDbf2YW7wY_VR_QLLlA8joDS0zZrZ98IddUNHFirMK8asPQHn161JTF8emnG6Eamg7BJjSY5QikB_HVqroy4SNIBxCgcJ5vruz9q1GIo1X_Q9M
      Content-Type:
      - application/json
      Content-Length:
      - '30'
      User-Agent:
      - Ruby
  response:
    status:
      code: 201
      message: Created
    headers:
      Content-Type:
      - application/json; charset=UTF-8
      Content-Length:
      - '371'
      X-Openstack-Request-Id:
      - req-6dd730d9-0e15-4899-b4af-1b2ec2380c18
      Date:
      - Mon, 29 Aug 2016 19:07:19 GMT
    body:
      encoding: UTF-8
      string: '{"network": {"status": "ACTIVE", "subnets": [], "name": "testing",
        "provider:physical_network": null, "<OS_USERNAME>_state_up": true, "tenant_id":
        "92ac5831e22341bc9cc88f3942ba4d68", "mtu": 0, "router:external": false, "shared":
        false, "port_security_enabled": true, "provider:network_type": "vxlan", "id":
        "6c314f24-2279-402f-ae15-09a391f81716", "provider:segmentation_id": 51}}'
    http_version: 
  recorded_at: Mon, 29 Aug 2016 19:07:14 GMT
- request:
    method: post
    uri: http://146.20.103.69:9696/v2.0/ports
    body:
      encoding: UTF-8
      string: '{"port":{"network_id":"6c314f24-2279-402f-ae15-09a391f81716","name":"testing","<OS_USERNAME>_state_up":true}}'
    headers:
      Accept:
      - application/json
      Accept-Encoding:
      - gzip, deflate
      X-Auth-Token:
      - gAAAAABXxIcpx_yABRmRnxdAC4bOjiKV8SafaE1woyhm0ZYl8bWro6-bhUETi_GW7_125HBqnwDbf2YW7wY_VR_QLLlA8joDS0zZrZ98IddUNHFirMK8asPQHn161JTF8emnG6Eamg7BJjSY5QikB_HVqroy4SNIBxCgcJ5vruz9q1GIo1X_Q9M
      Content-Type:
      - application/json
      Content-Length:
      - '101'
      User-Agent:
      - Ruby
  response:
    status:
      code: 201
      message: Created
    headers:
      Content-Type:
      - application/json; charset=UTF-8
      Content-Length:
      - '604'
      X-Openstack-Request-Id:
      - req-6b985ff1-e589-4fd1-a479-9222f15d4049
      Date:
      - Mon, 29 Aug 2016 19:07:19 GMT
    body:
      encoding: UTF-8
      string: '{"port": {"status": "DOWN", "binding:host_id": "", "allowed_address_pairs":
        [], "dns_assignment": [], "device_owner": "", "binding:profile": {}, "port_security_enabled":
        true, "fixed_ips": [], "id": "74df61b3-45c4-4358-b86a-cf9029c089e3", "security_groups":
        ["83709a50-361c-4800-9796-0a615d398985"], "device_id": "", "name": "testing",
        "<OS_USERNAME>_state_up": true, "network_id": "6c314f24-2279-402f-ae15-09a391f81716",
        "dns_name": "", "binding:vif_details": {}, "binding:vnic_type": "normal",
        "binding:vif_type": "unbound", "tenant_id": "92ac5831e22341bc9cc88f3942ba4d68",
        "mac_address": "fa:16:3e:6f:6b:77"}}'
    http_version: 
  recorded_at: Mon, 29 Aug 2016 19:07:15 GMT
- request:
    method: put
    uri: http://146.20.103.69:9696/v2.0/ports/74df61b3-45c4-4358-b86a-cf9029c089e3
    body:
      encoding: UTF-8
      string: '{"port":{"<OS_USERNAME>_state_up":true,"mac_address":"fa:16:3e:6f:6b:77","name":"166604","security_groups":["83709a50-361c-4800-9796-0a615d398985"]}}'
    headers:
      Accept:
      - application/json
      Accept-Encoding:
      - gzip, deflate
      X-Auth-Token:
      - gAAAAABXxIcpx_yABRmRnxdAC4bOjiKV8SafaE1woyhm0ZYl8bWro6-bhUETi_GW7_125HBqnwDbf2YW7wY_VR_QLLlA8joDS0zZrZ98IddUNHFirMK8asPQHn161JTF8emnG6Eamg7BJjSY5QikB_HVqroy4SNIBxCgcJ5vruz9q1GIo1X_Q9M
      Content-Type:
      - application/json
      Content-Length:
      - '141'
      User-Agent:
      - Ruby
  response:
    status:
      code: 200
      message: OK
    headers:
      Content-Type:
      - application/json; charset=UTF-8
      Content-Length:
      - '626'
      X-Openstack-Request-Id:
      - req-2e11cf52-7ca9-4078-ab2d-74c2e09f0daa
      Date:
      - Mon, 29 Aug 2016 19:07:19 GMT
    body:
      encoding: UTF-8
      string: '{"port": {"status": "DOWN", "binding:host_id": "", "allowed_address_pairs":
        [], "extra_dhcp_opts": [], "dns_assignment": [], "device_owner": "", "port_security_enabled":
        true, "binding:profile": {}, "fixed_ips": [], "id": "74df61b3-45c4-4358-b86a-cf9029c089e3",
        "security_groups": ["83709a50-361c-4800-9796-0a615d398985"], "device_id":
        "", "name": "166604", "<OS_USERNAME>_state_up": true, "network_id": "6c314f24-2279-402f-ae15-09a391f81716",
        "dns_name": "", "binding:vif_details": {}, "binding:vnic_type": "normal",
        "binding:vif_type": "unbound", "tenant_id": "92ac5831e22341bc9cc88f3942ba4d68",
        "mac_address": "fa:16:3e:6f:6b:77"}}'
    http_version: 
  recorded_at: Mon, 29 Aug 2016 19:07:15 GMT
recorded_with: VCR 3.0.3
