---
http_interactions:
- request:
    method: get
    uri: http://146.20.103.69:8774/v2.1/92ac5831e22341bc9cc88f3942ba4d68/servers
    body:
      encoding: US-ASCII
      string: ''
    headers:
      Accept:
      - application/json
      Accept-Encoding:
      - gzip, deflate
      X-Auth-Token:
      - gAAAAABXrKxlUyZvKC70n7H2-JA8q0xbbDMNh9QngJ66i7FYXO_yFJrkHVH-7TiK6AGvRnTLHXQyPkh7KB7oLvyf37waNrCkr_9c5mb9SzSqK-9Z_0s5F2MqidLe8BJb0mvLOYdPCmA6Z63uVgLaw0mkF0bp6oSTyuSLFZDCx--E6Dyg238RdJc
      Content-Type:
      - application/json
      User-Agent:
      - Ruby
  response:
    status:
      code: 200
      message: OK
    headers:
      Content-Type:
      - application/json
      Content-Length:
      - '363'
      X-Openstack-Nova-Api-Version:
      - '2.1'
      Vary:
      - X-OpenStack-Nova-API-Version
      X-Compute-Request-Id:
      - req-ac6970a7-f2a3-4bdb-9d12-e349da5e15b7
      Date:
      - Thu, 11 Aug 2016 16:54:17 GMT
    body:
      encoding: UTF-8
      string: '{"servers": [{"id": "f5b52b72-44a9-4b0b-8318-1fec9597a3fb", "links":
        [{"href": "http://146.20.103.69:8774/v2.1/92ac5831e22341bc9cc88f3942ba4d68/servers/f5b52b72-44a9-4b0b-8318-1fec9597a3fb",
        "rel": "self"}, {"href": "http://146.20.103.69:8774/92ac5831e22341bc9cc88f3942ba4d68/servers/f5b52b72-44a9-4b0b-8318-1fec9597a3fb",
        "rel": "bookmark"}], "name": "591805"}]}'
    http_version: 
  recorded_at: Thu, 11 Aug 2016 16:54:17 GMT
- request:
    method: delete
    uri: http://146.20.103.69:8774/v2.1/92ac5831e22341bc9cc88f3942ba4d68/servers/f5b52b72-44a9-4b0b-8318-1fec9597a3fb
    body:
      encoding: US-ASCII
      string: ''
    headers:
      Accept:
      - application/json
      Accept-Encoding:
      - gzip, deflate
      X-Auth-Token:
      - gAAAAABXrKxlUyZvKC70n7H2-JA8q0xbbDMNh9QngJ66i7FYXO_yFJrkHVH-7TiK6AGvRnTLHXQyPkh7KB7oLvyf37waNrCkr_9c5mb9SzSqK-9Z_0s5F2MqidLe8BJb0mvLOYdPCmA6Z63uVgLaw0mkF0bp6oSTyuSLFZDCx--E6Dyg238RdJc
      Content-Type:
      - application/json
      User-Agent:
      - Ruby
  response:
    status:
      code: 204
      message: No Content
    headers:
      Content-Length:
      - '0'
      Content-Type:
      - application/json
      X-Openstack-Nova-Api-Version:
      - '2.1'
      Vary:
      - X-OpenStack-Nova-API-Version
      X-Compute-Request-Id:
      - req-9d936c7d-726b-4177-bae9-a709a38fcca6
      Date:
      - Thu, 11 Aug 2016 16:54:18 GMT
    body:
      encoding: UTF-8
      string: ''
    http_version: 
  recorded_at: Thu, 11 Aug 2016 16:54:17 GMT
- request:
    method: get
    uri: http://146.20.103.69:8776/v1/92ac5831e22341bc9cc88f3942ba4d68/snapshots
    body:
      encoding: US-ASCII
      string: ''
    headers:
      Accept:
      - application/json
      Accept-Encoding:
      - gzip, deflate
      X-Auth-Token:
      - gAAAAABXrKxlUyZvKC70n7H2-JA8q0xbbDMNh9QngJ66i7FYXO_yFJrkHVH-7TiK6AGvRnTLHXQyPkh7KB7oLvyf37waNrCkr_9c5mb9SzSqK-9Z_0s5F2MqidLe8BJb0mvLOYdPCmA6Z63uVgLaw0mkF0bp6oSTyuSLFZDCx--E6Dyg238RdJc
      Content-Type:
      - application/json
      User-Agent:
      - Ruby
  response:
    status:
      code: 200
      message: OK
    headers:
      X-Compute-Request-Id:
      - req-1d94320e-e1a1-4685-b9cc-27e3e0faf3a9
      Content-Type:
      - application/json
      Content-Length:
      - '17'
      X-Openstack-Request-Id:
      - req-1d94320e-e1a1-4685-b9cc-27e3e0faf3a9
      Date:
      - Thu, 11 Aug 2016 16:54:18 GMT
    body:
      encoding: UTF-8
      string: '{"snapshots": []}'
    http_version: 
  recorded_at: Thu, 11 Aug 2016 16:54:17 GMT
- request:
    method: get
    uri: http://146.20.103.69:8776/v1/92ac5831e22341bc9cc88f3942ba4d68/backups
    body:
      encoding: US-ASCII
      string: ''
    headers:
      Accept:
      - application/json
      Accept-Encoding:
      - gzip, deflate
      X-Auth-Token:
      - gAAAAABXrKxlUyZvKC70n7H2-JA8q0xbbDMNh9QngJ66i7FYXO_yFJrkHVH-7TiK6AGvRnTLHXQyPkh7KB7oLvyf37waNrCkr_9c5mb9SzSqK-9Z_0s5F2MqidLe8BJb0mvLOYdPCmA6Z63uVgLaw0mkF0bp6oSTyuSLFZDCx--E6Dyg238RdJc
      Content-Type:
      - application/json
      User-Agent:
      - Ruby
  response:
    status:
      code: 200
      message: OK
    headers:
      X-Compute-Request-Id:
      - req-38a68ea8-ea64-496a-90c1-6413bc4e5df9
      Content-Type:
      - application/json
      Content-Length:
      - '15'
      X-Openstack-Request-Id:
      - req-38a68ea8-ea64-496a-90c1-6413bc4e5df9
      Date:
      - Thu, 11 Aug 2016 16:54:18 GMT
    body:
      encoding: UTF-8
      string: '{"backups": []}'
    http_version: 
  recorded_at: Thu, 11 Aug 2016 16:54:18 GMT
- request:
    method: get
    uri: http://146.20.103.69:8776/v1/92ac5831e22341bc9cc88f3942ba4d68/volumes
    body:
      encoding: US-ASCII
      string: ''
    headers:
      Accept:
      - application/json
      Accept-Encoding:
      - gzip, deflate
      X-Auth-Token:
      - gAAAAABXrKxlUyZvKC70n7H2-JA8q0xbbDMNh9QngJ66i7FYXO_yFJrkHVH-7TiK6AGvRnTLHXQyPkh7KB7oLvyf37waNrCkr_9c5mb9SzSqK-9Z_0s5F2MqidLe8BJb0mvLOYdPCmA6Z63uVgLaw0mkF0bp6oSTyuSLFZDCx--E6Dyg238RdJc
      Content-Type:
      - application/json
      User-Agent:
      - Ruby
  response:
    status:
      code: 200
      message: OK
    headers:
      X-Compute-Request-Id:
      - req-2f35a36d-2042-4705-8c90-8bcdfef82ec2
      Content-Type:
      - application/json
      Content-Length:
      - '791'
      X-Openstack-Request-Id:
      - req-2f35a36d-2042-4705-8c90-8bcdfef82ec2
      Date:
      - Thu, 11 Aug 2016 16:54:18 GMT
    body:
      encoding: UTF-8
      string: '{"volumes": [{"status": "available", "display_name": null, "attachments":
        [], "availability_zone": "nova", "bootable": "false", "encrypted": false,
        "created_at": "2016-08-11T16:54:03.000000", "multiattach": "false", "display_description":
        null, "volume_type": null, "snapshot_id": null, "source_volid": null, "metadata":
        {"readonly": "False"}, "id": "deecb517-60dc-448c-806c-9ef5f7ed887e", "size":
        1}, {"status": "available", "display_name": null, "attachments": [], "availability_zone":
        "nova", "bootable": "false", "encrypted": false, "created_at": "2016-08-11T16:53:37.000000",
        "multiattach": "false", "display_description": null, "volume_type": null,
        "snapshot_id": null, "source_volid": null, "metadata": {"readonly": "False"},
        "id": "a502a993-c13c-492f-bc64-969800fa4d5d", "size": 1}]}'
    http_version: 
  recorded_at: Thu, 11 Aug 2016 16:54:18 GMT
- request:
    method: delete
    uri: http://146.20.103.69:8776/v1/92ac5831e22341bc9cc88f3942ba4d68/volumes/deecb517-60dc-448c-806c-9ef5f7ed887e
    body:
      encoding: US-ASCII
      string: ''
    headers:
      Accept:
      - application/json
      Accept-Encoding:
      - gzip, deflate
      X-Auth-Token:
      - gAAAAABXrKxlUyZvKC70n7H2-JA8q0xbbDMNh9QngJ66i7FYXO_yFJrkHVH-7TiK6AGvRnTLHXQyPkh7KB7oLvyf37waNrCkr_9c5mb9SzSqK-9Z_0s5F2MqidLe8BJb0mvLOYdPCmA6Z63uVgLaw0mkF0bp6oSTyuSLFZDCx--E6Dyg238RdJc
      Content-Type:
      - application/json
      User-Agent:
      - Ruby
  response:
    status:
      code: 202
      message: Accepted
    headers:
      Content-Type:
      - text/html; charset=UTF-8
      Content-Length:
      - '0'
      X-Openstack-Request-Id:
      - req-dbbeb355-e959-4fdd-89fe-896b84c41794
      Date:
      - Thu, 11 Aug 2016 16:54:18 GMT
    body:
      encoding: UTF-8
      string: ''
    http_version: 
  recorded_at: Thu, 11 Aug 2016 16:54:18 GMT
- request:
    method: delete
    uri: http://146.20.103.69:8776/v1/92ac5831e22341bc9cc88f3942ba4d68/volumes/a502a993-c13c-492f-bc64-969800fa4d5d
    body:
      encoding: US-ASCII
      string: ''
    headers:
      Accept:
      - application/json
      Accept-Encoding:
      - gzip, deflate
      X-Auth-Token:
      - gAAAAABXrKxlUyZvKC70n7H2-JA8q0xbbDMNh9QngJ66i7FYXO_yFJrkHVH-7TiK6AGvRnTLHXQyPkh7KB7oLvyf37waNrCkr_9c5mb9SzSqK-9Z_0s5F2MqidLe8BJb0mvLOYdPCmA6Z63uVgLaw0mkF0bp6oSTyuSLFZDCx--E6Dyg238RdJc
      Content-Type:
      - application/json
      User-Agent:
      - Ruby
  response:
    status:
      code: 202
      message: Accepted
    headers:
      Content-Type:
      - text/html; charset=UTF-8
      Content-Length:
      - '0'
      X-Openstack-Request-Id:
      - req-76474f1b-669d-46e3-8fcc-bea31586793e
      Date:
      - Thu, 11 Aug 2016 16:54:19 GMT
    body:
      encoding: UTF-8
      string: ''
    http_version: 
  recorded_at: Thu, 11 Aug 2016 16:54:19 GMT
- request:
    method: post
    uri: http://146.20.103.69:8774/v2.1/92ac5831e22341bc9cc88f3942ba4d68/servers
    body:
      encoding: UTF-8
      string: '{"server":{"name":"313239","flavorRef":"1","imageRef":"d1a3bf61-7346-482e-91aa-b038ad784042"}}'
    headers:
      Accept:
      - application/json
      Accept-Encoding:
      - gzip, deflate
      X-Auth-Token:
      - gAAAAABXrKxlUyZvKC70n7H2-JA8q0xbbDMNh9QngJ66i7FYXO_yFJrkHVH-7TiK6AGvRnTLHXQyPkh7KB7oLvyf37waNrCkr_9c5mb9SzSqK-9Z_0s5F2MqidLe8BJb0mvLOYdPCmA6Z63uVgLaw0mkF0bp6oSTyuSLFZDCx--E6Dyg238RdJc
      Content-Type:
      - application/json
      Content-Length:
      - '94'
      User-Agent:
      - Ruby
  response:
    status:
      code: 202
      message: Accepted
    headers:
      Location:
      - http://146.20.103.69:8774/v2.1/92ac5831e22341bc9cc88f3942ba4d68/servers/062a71a0-c48c-45d6-b446-a3ec431fa255
      Content-Type:
      - application/json
      Content-Length:
      - '444'
      X-Openstack-Nova-Api-Version:
      - '2.1'
      Vary:
      - X-OpenStack-Nova-API-Version
      X-Compute-Request-Id:
      - req-5489cdf0-9521-417b-8a4e-cae6372120cc
      Date:
      - Thu, 11 Aug 2016 16:54:21 GMT
    body:
      encoding: UTF-8
      string: '{"server": {"security_groups": [{"name": "default"}], "OS-DCF:diskConfig":
        "MANUAL", "id": "062a71a0-c48c-45d6-b446-a3ec431fa255", "links": [{"href":
        "http://146.20.103.69:8774/v2.1/92ac5831e22341bc9cc88f3942ba4d68/servers/062a71a0-c48c-45d6-b446-a3ec431fa255",
        "rel": "self"}, {"href": "http://146.20.103.69:8774/92ac5831e22341bc9cc88f3942ba4d68/servers/062a71a0-c48c-45d6-b446-a3ec431fa255",
        "rel": "bookmark"}], "<OS_USERNAME>Pass": "zbsE5dxyhNgu"}}'
    http_version: 
  recorded_at: Thu, 11 Aug 2016 16:54:21 GMT
- request:
    method: get
    uri: http://146.20.103.69:8774/v2.1/92ac5831e22341bc9cc88f3942ba4d68/servers/062a71a0-c48c-45d6-b446-a3ec431fa255
    body:
      encoding: US-ASCII
      string: ''
    headers:
      Accept:
      - application/json
      Accept-Encoding:
      - gzip, deflate
      X-Auth-Token:
      - gAAAAABXrKxlUyZvKC70n7H2-JA8q0xbbDMNh9QngJ66i7FYXO_yFJrkHVH-7TiK6AGvRnTLHXQyPkh7KB7oLvyf37waNrCkr_9c5mb9SzSqK-9Z_0s5F2MqidLe8BJb0mvLOYdPCmA6Z63uVgLaw0mkF0bp6oSTyuSLFZDCx--E6Dyg238RdJc
      Content-Type:
      - application/json
      User-Agent:
      - Ruby
  response:
    status:
      code: 200
      message: OK
    headers:
      Content-Type:
      - application/json
      Content-Length:
      - '1427'
      X-Openstack-Nova-Api-Version:
      - '2.1'
      Vary:
      - X-OpenStack-Nova-API-Version
      X-Compute-Request-Id:
      - req-a1e10cf5-9781-49cb-8063-71ac04b3e8c5
      Date:
      - Thu, 11 Aug 2016 16:54:21 GMT
    body:
      encoding: UTF-8
      string: '{"server": {"status": "BUILD", "updated": "2016-08-11T16:54:21Z", "hostId":
        "", "OS-EXT-SRV-ATTR:host": null, "addresses": {}, "links": [{"href": "http://146.20.103.69:8774/v2.1/92ac5831e22341bc9cc88f3942ba4d68/servers/062a71a0-c48c-45d6-b446-a3ec431fa255",
        "rel": "self"}, {"href": "http://146.20.103.69:8774/92ac5831e22341bc9cc88f3942ba4d68/servers/062a71a0-c48c-45d6-b446-a3ec431fa255",
        "rel": "bookmark"}], "key_name": null, "image": {"id": "d1a3bf61-7346-482e-91aa-b038ad784042",
        "links": [{"href": "http://146.20.103.69:8774/92ac5831e22341bc9cc88f3942ba4d68/images/d1a3bf61-7346-482e-91aa-b038ad784042",
        "rel": "bookmark"}]}, "OS-EXT-STS:task_state": "scheduling", "OS-EXT-STS:vm_state":
        "building", "OS-EXT-SRV-ATTR:instance_name": "instance-000000af", "OS-SRV-USG:launched_at":
        null, "OS-EXT-SRV-ATTR:hypervisor_hostname": null, "flavor": {"id": "1", "links":
        [{"href": "http://146.20.103.69:8774/92ac5831e22341bc9cc88f3942ba4d68/flavors/1",
        "rel": "bookmark"}]}, "id": "062a71a0-c48c-45d6-b446-a3ec431fa255", "OS-SRV-USG:terminated_at":
        null, "OS-EXT-AZ:availability_zone": "", "user_id": "291651f78d4d46738e3b6dc413243760",
        "name": "313239", "created": "2016-08-11T16:54:20Z", "tenant_id": "92ac5831e22341bc9cc88f3942ba4d68",
        "OS-DCF:diskConfig": "MANUAL", "os-extended-volumes:volumes_attached": [],
        "accessIPv4": "", "accessIPv6": "", "progress": 0, "OS-EXT-STS:power_state":
        0, "config_drive": "", "metadata": {}}}'
    http_version: 
  recorded_at: Thu, 11 Aug 2016 16:54:21 GMT
- request:
    method: get
    uri: http://146.20.103.69:8774/v2.1/92ac5831e22341bc9cc88f3942ba4d68/servers/062a71a0-c48c-45d6-b446-a3ec431fa255
    body:
      encoding: US-ASCII
      string: ''
    headers:
      Accept:
      - application/json
      Accept-Encoding:
      - gzip, deflate
      X-Auth-Token:
      - gAAAAABXrKxlUyZvKC70n7H2-JA8q0xbbDMNh9QngJ66i7FYXO_yFJrkHVH-7TiK6AGvRnTLHXQyPkh7KB7oLvyf37waNrCkr_9c5mb9SzSqK-9Z_0s5F2MqidLe8BJb0mvLOYdPCmA6Z63uVgLaw0mkF0bp6oSTyuSLFZDCx--E6Dyg238RdJc
      Content-Type:
      - application/json
      User-Agent:
      - Ruby
  response:
    status:
      code: 200
      message: OK
    headers:
      Content-Type:
      - application/json
      Content-Length:
      - '1483'
      X-Openstack-Nova-Api-Version:
      - '2.1'
      Vary:
      - X-OpenStack-Nova-API-Version
      X-Compute-Request-Id:
      - req-119c27af-0a89-432a-803d-5e35942cd251
      Date:
      - Thu, 11 Aug 2016 16:54:23 GMT
    body:
      encoding: UTF-8
      string: '{"server": {"status": "BUILD", "updated": "2016-08-11T16:54:22Z", "hostId":
        "ddfbbf847bc526c52777edc7173a5f9f0b95c29110710d02afb8eb50", "OS-EXT-SRV-ATTR:host":
        "pita", "addresses": {}, "links": [{"href": "http://146.20.103.69:8774/v2.1/92ac5831e22341bc9cc88f3942ba4d68/servers/062a71a0-c48c-45d6-b446-a3ec431fa255",
        "rel": "self"}, {"href": "http://146.20.103.69:8774/92ac5831e22341bc9cc88f3942ba4d68/servers/062a71a0-c48c-45d6-b446-a3ec431fa255",
        "rel": "bookmark"}], "key_name": null, "image": {"id": "d1a3bf61-7346-482e-91aa-b038ad784042",
        "links": [{"href": "http://146.20.103.69:8774/92ac5831e22341bc9cc88f3942ba4d68/images/d1a3bf61-7346-482e-91aa-b038ad784042",
        "rel": "bookmark"}]}, "OS-EXT-STS:task_state": null, "OS-EXT-STS:vm_state":
        "building", "OS-EXT-SRV-ATTR:instance_name": "instance-000000af", "OS-SRV-USG:launched_at":
        null, "OS-EXT-SRV-ATTR:hypervisor_hostname": "pita", "flavor": {"id": "1",
        "links": [{"href": "http://146.20.103.69:8774/92ac5831e22341bc9cc88f3942ba4d68/flavors/1",
        "rel": "bookmark"}]}, "id": "062a71a0-c48c-45d6-b446-a3ec431fa255", "OS-SRV-USG:terminated_at":
        null, "OS-EXT-AZ:availability_zone": "nova", "user_id": "291651f78d4d46738e3b6dc413243760",
        "name": "313239", "created": "2016-08-11T16:54:20Z", "tenant_id": "92ac5831e22341bc9cc88f3942ba4d68",
        "OS-DCF:diskConfig": "MANUAL", "os-extended-volumes:volumes_attached": [],
        "accessIPv4": "", "accessIPv6": "", "progress": 0, "OS-EXT-STS:power_state":
        0, "config_drive": "", "metadata": {}}}'
    http_version: 
  recorded_at: Thu, 11 Aug 2016 16:54:23 GMT
- request:
    method: get
    uri: http://146.20.103.69:8774/v2.1/92ac5831e22341bc9cc88f3942ba4d68/servers/062a71a0-c48c-45d6-b446-a3ec431fa255
    body:
      encoding: US-ASCII
      string: ''
    headers:
      Accept:
      - application/json
      Accept-Encoding:
      - gzip, deflate
      X-Auth-Token:
      - gAAAAABXrKxlUyZvKC70n7H2-JA8q0xbbDMNh9QngJ66i7FYXO_yFJrkHVH-7TiK6AGvRnTLHXQyPkh7KB7oLvyf37waNrCkr_9c5mb9SzSqK-9Z_0s5F2MqidLe8BJb0mvLOYdPCmA6Z63uVgLaw0mkF0bp6oSTyuSLFZDCx--E6Dyg238RdJc
      Content-Type:
      - application/json
      User-Agent:
      - Ruby
  response:
    status:
      code: 200
      message: OK
    headers:
      Content-Type:
      - application/json
      Content-Length:
      - '1491'
      X-Openstack-Nova-Api-Version:
      - '2.1'
      Vary:
      - X-OpenStack-Nova-API-Version
      X-Compute-Request-Id:
      - req-fec695d3-45ec-43b1-8940-519edf7b08d0
      Date:
      - Thu, 11 Aug 2016 16:54:25 GMT
    body:
      encoding: UTF-8
      string: '{"server": {"status": "BUILD", "updated": "2016-08-11T16:54:23Z", "hostId":
        "ddfbbf847bc526c52777edc7173a5f9f0b95c29110710d02afb8eb50", "OS-EXT-SRV-ATTR:host":
        "pita", "addresses": {}, "links": [{"href": "http://146.20.103.69:8774/v2.1/92ac5831e22341bc9cc88f3942ba4d68/servers/062a71a0-c48c-45d6-b446-a3ec431fa255",
        "rel": "self"}, {"href": "http://146.20.103.69:8774/92ac5831e22341bc9cc88f3942ba4d68/servers/062a71a0-c48c-45d6-b446-a3ec431fa255",
        "rel": "bookmark"}], "key_name": null, "image": {"id": "d1a3bf61-7346-482e-91aa-b038ad784042",
        "links": [{"href": "http://146.20.103.69:8774/92ac5831e22341bc9cc88f3942ba4d68/images/d1a3bf61-7346-482e-91aa-b038ad784042",
        "rel": "bookmark"}]}, "OS-EXT-STS:task_state": "networking", "OS-EXT-STS:vm_state":
        "building", "OS-EXT-SRV-ATTR:instance_name": "instance-000000af", "OS-SRV-USG:launched_at":
        null, "OS-EXT-SRV-ATTR:hypervisor_hostname": "pita", "flavor": {"id": "1",
        "links": [{"href": "http://146.20.103.69:8774/92ac5831e22341bc9cc88f3942ba4d68/flavors/1",
        "rel": "bookmark"}]}, "id": "062a71a0-c48c-45d6-b446-a3ec431fa255", "OS-SRV-USG:terminated_at":
        null, "OS-EXT-AZ:availability_zone": "nova", "user_id": "291651f78d4d46738e3b6dc413243760",
        "name": "313239", "created": "2016-08-11T16:54:20Z", "tenant_id": "92ac5831e22341bc9cc88f3942ba4d68",
        "OS-DCF:diskConfig": "MANUAL", "os-extended-volumes:volumes_attached": [],
        "accessIPv4": "", "accessIPv6": "", "progress": 0, "OS-EXT-STS:power_state":
        0, "config_drive": "", "metadata": {}}}'
    http_version: 
  recorded_at: Thu, 11 Aug 2016 16:54:25 GMT
- request:
    method: get
    uri: http://146.20.103.69:8774/v2.1/92ac5831e22341bc9cc88f3942ba4d68/servers/062a71a0-c48c-45d6-b446-a3ec431fa255
    body:
      encoding: US-ASCII
      string: ''
    headers:
      Accept:
      - application/json
      Accept-Encoding:
      - gzip, deflate
      X-Auth-Token:
      - gAAAAABXrKxlUyZvKC70n7H2-JA8q0xbbDMNh9QngJ66i7FYXO_yFJrkHVH-7TiK6AGvRnTLHXQyPkh7KB7oLvyf37waNrCkr_9c5mb9SzSqK-9Z_0s5F2MqidLe8BJb0mvLOYdPCmA6Z63uVgLaw0mkF0bp6oSTyuSLFZDCx--E6Dyg238RdJc
      Content-Type:
      - application/json
      User-Agent:
      - Ruby
  response:
    status:
      code: 200
      message: OK
    headers:
      Content-Type:
      - application/json
      Content-Length:
      - '1501'
      X-Openstack-Nova-Api-Version:
      - '2.1'
      Vary:
      - X-OpenStack-Nova-API-Version
      X-Compute-Request-Id:
      - req-e4b4b1a8-27e6-4845-acb5-04969ed283a5
      Date:
      - Thu, 11 Aug 2016 16:54:26 GMT
    body:
      encoding: UTF-8
      string: '{"server": {"status": "BUILD", "updated": "2016-08-11T16:54:25Z", "hostId":
        "ddfbbf847bc526c52777edc7173a5f9f0b95c29110710d02afb8eb50", "OS-EXT-SRV-ATTR:host":
        "pita", "addresses": {}, "links": [{"href": "http://146.20.103.69:8774/v2.1/92ac5831e22341bc9cc88f3942ba4d68/servers/062a71a0-c48c-45d6-b446-a3ec431fa255",
        "rel": "self"}, {"href": "http://146.20.103.69:8774/92ac5831e22341bc9cc88f3942ba4d68/servers/062a71a0-c48c-45d6-b446-a3ec431fa255",
        "rel": "bookmark"}], "key_name": null, "image": {"id": "d1a3bf61-7346-482e-91aa-b038ad784042",
        "links": [{"href": "http://146.20.103.69:8774/92ac5831e22341bc9cc88f3942ba4d68/images/d1a3bf61-7346-482e-91aa-b038ad784042",
        "rel": "bookmark"}]}, "OS-EXT-STS:task_state": "block_device_mapping", "OS-EXT-STS:vm_state":
        "building", "OS-EXT-SRV-ATTR:instance_name": "instance-000000af", "OS-SRV-USG:launched_at":
        null, "OS-EXT-SRV-ATTR:hypervisor_hostname": "pita", "flavor": {"id": "1",
        "links": [{"href": "http://146.20.103.69:8774/92ac5831e22341bc9cc88f3942ba4d68/flavors/1",
        "rel": "bookmark"}]}, "id": "062a71a0-c48c-45d6-b446-a3ec431fa255", "OS-SRV-USG:terminated_at":
        null, "OS-EXT-AZ:availability_zone": "nova", "user_id": "291651f78d4d46738e3b6dc413243760",
        "name": "313239", "created": "2016-08-11T16:54:20Z", "tenant_id": "92ac5831e22341bc9cc88f3942ba4d68",
        "OS-DCF:diskConfig": "MANUAL", "os-extended-volumes:volumes_attached": [],
        "accessIPv4": "", "accessIPv6": "", "progress": 0, "OS-EXT-STS:power_state":
        0, "config_drive": "", "metadata": {}}}'
    http_version: 
  recorded_at: Thu, 11 Aug 2016 16:54:26 GMT
- request:
    method: get
    uri: http://146.20.103.69:8774/v2.1/92ac5831e22341bc9cc88f3942ba4d68/servers/062a71a0-c48c-45d6-b446-a3ec431fa255
    body:
      encoding: US-ASCII
      string: ''
    headers:
      Accept:
      - application/json
      Accept-Encoding:
      - gzip, deflate
      X-Auth-Token:
      - gAAAAABXrKxlUyZvKC70n7H2-JA8q0xbbDMNh9QngJ66i7FYXO_yFJrkHVH-7TiK6AGvRnTLHXQyPkh7KB7oLvyf37waNrCkr_9c5mb9SzSqK-9Z_0s5F2MqidLe8BJb0mvLOYdPCmA6Z63uVgLaw0mkF0bp6oSTyuSLFZDCx--E6Dyg238RdJc
      Content-Type:
      - application/json
      User-Agent:
      - Ruby
  response:
    status:
      code: 200
      message: OK
    headers:
      Content-Type:
      - application/json
      Content-Length:
      - '1531'
      X-Openstack-Nova-Api-Version:
      - '2.1'
      Vary:
      - X-OpenStack-Nova-API-Version
      X-Compute-Request-Id:
      - req-6c39bbbd-838f-4716-8d27-caa57df3ba26
      Date:
      - Thu, 11 Aug 2016 16:54:28 GMT
    body:
      encoding: UTF-8
      string: '{"server": {"status": "BUILD", "updated": "2016-08-11T16:54:27Z", "hostId":
        "ddfbbf847bc526c52777edc7173a5f9f0b95c29110710d02afb8eb50", "OS-EXT-SRV-ATTR:host":
        "pita", "addresses": {}, "links": [{"href": "http://146.20.103.69:8774/v2.1/92ac5831e22341bc9cc88f3942ba4d68/servers/062a71a0-c48c-45d6-b446-a3ec431fa255",
        "rel": "self"}, {"href": "http://146.20.103.69:8774/92ac5831e22341bc9cc88f3942ba4d68/servers/062a71a0-c48c-45d6-b446-a3ec431fa255",
        "rel": "bookmark"}], "key_name": null, "image": {"id": "d1a3bf61-7346-482e-91aa-b038ad784042",
        "links": [{"href": "http://146.20.103.69:8774/92ac5831e22341bc9cc88f3942ba4d68/images/d1a3bf61-7346-482e-91aa-b038ad784042",
        "rel": "bookmark"}]}, "OS-EXT-STS:task_state": "spawning", "OS-EXT-STS:vm_state":
        "building", "OS-EXT-SRV-ATTR:instance_name": "instance-000000af", "OS-SRV-USG:launched_at":
        null, "OS-EXT-SRV-ATTR:hypervisor_hostname": "pita", "flavor": {"id": "1",
        "links": [{"href": "http://146.20.103.69:8774/92ac5831e22341bc9cc88f3942ba4d68/flavors/1",
        "rel": "bookmark"}]}, "id": "062a71a0-c48c-45d6-b446-a3ec431fa255", "security_groups":
        [{"name": "default"}], "OS-SRV-USG:terminated_at": null, "OS-EXT-AZ:availability_zone":
        "nova", "user_id": "291651f78d4d46738e3b6dc413243760", "name": "313239", "created":
        "2016-08-11T16:54:20Z", "tenant_id": "92ac5831e22341bc9cc88f3942ba4d68", "OS-DCF:diskConfig":
        "MANUAL", "os-extended-volumes:volumes_attached": [], "accessIPv4": "", "accessIPv6":
        "", "progress": 0, "OS-EXT-STS:power_state": 0, "config_drive": "", "metadata":
        {}}}'
    http_version: 
  recorded_at: Thu, 11 Aug 2016 16:54:28 GMT
- request:
    method: get
    uri: http://146.20.103.69:8774/v2.1/92ac5831e22341bc9cc88f3942ba4d68/servers/062a71a0-c48c-45d6-b446-a3ec431fa255
    body:
      encoding: US-ASCII
      string: ''
    headers:
      Accept:
      - application/json
      Accept-Encoding:
      - gzip, deflate
      X-Auth-Token:
      - gAAAAABXrKxlUyZvKC70n7H2-JA8q0xbbDMNh9QngJ66i7FYXO_yFJrkHVH-7TiK6AGvRnTLHXQyPkh7KB7oLvyf37waNrCkr_9c5mb9SzSqK-9Z_0s5F2MqidLe8BJb0mvLOYdPCmA6Z63uVgLaw0mkF0bp6oSTyuSLFZDCx--E6Dyg238RdJc
      Content-Type:
      - application/json
      User-Agent:
      - Ruby
  response:
    status:
      code: 200
      message: OK
    headers:
      Content-Type:
      - application/json
      Content-Length:
      - '1658'
      X-Openstack-Nova-Api-Version:
      - '2.1'
      Vary:
      - X-OpenStack-Nova-API-Version
      X-Compute-Request-Id:
      - req-e188396e-120a-46bd-9e53-2d64c384273a
      Date:
      - Thu, 11 Aug 2016 16:54:29 GMT
    body:
      encoding: UTF-8
      string: '{"server": {"status": "BUILD", "updated": "2016-08-11T16:54:27Z", "hostId":
        "ddfbbf847bc526c52777edc7173a5f9f0b95c29110710d02afb8eb50", "OS-EXT-SRV-ATTR:host":
        "pita", "addresses": {"public": [{"OS-EXT-IPS-MAC:mac_addr": "fa:16:3e:d1:44:22",
        "version": 4, "addr": "172.29.248.60", "OS-EXT-IPS:type": "fixed"}]}, "links":
        [{"href": "http://146.20.103.69:8774/v2.1/92ac5831e22341bc9cc88f3942ba4d68/servers/062a71a0-c48c-45d6-b446-a3ec431fa255",
        "rel": "self"}, {"href": "http://146.20.103.69:8774/92ac5831e22341bc9cc88f3942ba4d68/servers/062a71a0-c48c-45d6-b446-a3ec431fa255",
        "rel": "bookmark"}], "key_name": null, "image": {"id": "d1a3bf61-7346-482e-91aa-b038ad784042",
        "links": [{"href": "http://146.20.103.69:8774/92ac5831e22341bc9cc88f3942ba4d68/images/d1a3bf61-7346-482e-91aa-b038ad784042",
        "rel": "bookmark"}]}, "OS-EXT-STS:task_state": "spawning", "OS-EXT-STS:vm_state":
        "building", "OS-EXT-SRV-ATTR:instance_name": "instance-000000af", "OS-SRV-USG:launched_at":
        null, "OS-EXT-SRV-ATTR:hypervisor_hostname": "pita", "flavor": {"id": "1",
        "links": [{"href": "http://146.20.103.69:8774/92ac5831e22341bc9cc88f3942ba4d68/flavors/1",
        "rel": "bookmark"}]}, "id": "062a71a0-c48c-45d6-b446-a3ec431fa255", "security_groups":
        [{"name": "default"}], "OS-SRV-USG:terminated_at": null, "OS-EXT-AZ:availability_zone":
        "nova", "user_id": "291651f78d4d46738e3b6dc413243760", "name": "313239", "created":
        "2016-08-11T16:54:20Z", "tenant_id": "92ac5831e22341bc9cc88f3942ba4d68", "OS-DCF:diskConfig":
        "MANUAL", "os-extended-volumes:volumes_attached": [], "accessIPv4": "", "accessIPv6":
        "", "progress": 0, "OS-EXT-STS:power_state": 0, "config_drive": "", "metadata":
        {}}}'
    http_version: 
  recorded_at: Thu, 11 Aug 2016 16:54:29 GMT
- request:
    method: get
    uri: http://146.20.103.69:8774/v2.1/92ac5831e22341bc9cc88f3942ba4d68/servers/062a71a0-c48c-45d6-b446-a3ec431fa255
    body:
      encoding: US-ASCII
      string: ''
    headers:
      Accept:
      - application/json
      Accept-Encoding:
      - gzip, deflate
      X-Auth-Token:
      - gAAAAABXrKxlUyZvKC70n7H2-JA8q0xbbDMNh9QngJ66i7FYXO_yFJrkHVH-7TiK6AGvRnTLHXQyPkh7KB7oLvyf37waNrCkr_9c5mb9SzSqK-9Z_0s5F2MqidLe8BJb0mvLOYdPCmA6Z63uVgLaw0mkF0bp6oSTyuSLFZDCx--E6Dyg238RdJc
      Content-Type:
      - application/json
      User-Agent:
      - Ruby
  response:
    status:
      code: 200
      message: OK
    headers:
      Content-Type:
      - application/json
      Content-Length:
      - '1658'
      X-Openstack-Nova-Api-Version:
      - '2.1'
      Vary:
      - X-OpenStack-Nova-API-Version
      X-Compute-Request-Id:
      - req-680b768d-6ec5-4832-b0fd-734f617727a0
      Date:
      - Thu, 11 Aug 2016 16:54:31 GMT
    body:
      encoding: UTF-8
      string: '{"server": {"status": "BUILD", "updated": "2016-08-11T16:54:27Z", "hostId":
        "ddfbbf847bc526c52777edc7173a5f9f0b95c29110710d02afb8eb50", "OS-EXT-SRV-ATTR:host":
        "pita", "addresses": {"public": [{"OS-EXT-IPS-MAC:mac_addr": "fa:16:3e:d1:44:22",
        "version": 4, "addr": "172.29.248.60", "OS-EXT-IPS:type": "fixed"}]}, "links":
        [{"href": "http://146.20.103.69:8774/v2.1/92ac5831e22341bc9cc88f3942ba4d68/servers/062a71a0-c48c-45d6-b446-a3ec431fa255",
        "rel": "self"}, {"href": "http://146.20.103.69:8774/92ac5831e22341bc9cc88f3942ba4d68/servers/062a71a0-c48c-45d6-b446-a3ec431fa255",
        "rel": "bookmark"}], "key_name": null, "image": {"id": "d1a3bf61-7346-482e-91aa-b038ad784042",
        "links": [{"href": "http://146.20.103.69:8774/92ac5831e22341bc9cc88f3942ba4d68/images/d1a3bf61-7346-482e-91aa-b038ad784042",
        "rel": "bookmark"}]}, "OS-EXT-STS:task_state": "spawning", "OS-EXT-STS:vm_state":
        "building", "OS-EXT-SRV-ATTR:instance_name": "instance-000000af", "OS-SRV-USG:launched_at":
        null, "OS-EXT-SRV-ATTR:hypervisor_hostname": "pita", "flavor": {"id": "1",
        "links": [{"href": "http://146.20.103.69:8774/92ac5831e22341bc9cc88f3942ba4d68/flavors/1",
        "rel": "bookmark"}]}, "id": "062a71a0-c48c-45d6-b446-a3ec431fa255", "security_groups":
        [{"name": "default"}], "OS-SRV-USG:terminated_at": null, "OS-EXT-AZ:availability_zone":
        "nova", "user_id": "291651f78d4d46738e3b6dc413243760", "name": "313239", "created":
        "2016-08-11T16:54:20Z", "tenant_id": "92ac5831e22341bc9cc88f3942ba4d68", "OS-DCF:diskConfig":
        "MANUAL", "os-extended-volumes:volumes_attached": [], "accessIPv4": "", "accessIPv6":
        "", "progress": 0, "OS-EXT-STS:power_state": 0, "config_drive": "", "metadata":
        {}}}'
    http_version: 
  recorded_at: Thu, 11 Aug 2016 16:54:30 GMT
- request:
    method: get
    uri: http://146.20.103.69:8774/v2.1/92ac5831e22341bc9cc88f3942ba4d68/servers/062a71a0-c48c-45d6-b446-a3ec431fa255
    body:
      encoding: US-ASCII
      string: ''
    headers:
      Accept:
      - application/json
      Accept-Encoding:
      - gzip, deflate
      X-Auth-Token:
      - gAAAAABXrKxlUyZvKC70n7H2-JA8q0xbbDMNh9QngJ66i7FYXO_yFJrkHVH-7TiK6AGvRnTLHXQyPkh7KB7oLvyf37waNrCkr_9c5mb9SzSqK-9Z_0s5F2MqidLe8BJb0mvLOYdPCmA6Z63uVgLaw0mkF0bp6oSTyuSLFZDCx--E6Dyg238RdJc
      Content-Type:
      - application/json
      User-Agent:
      - Ruby
  response:
    status:
      code: 200
      message: OK
    headers:
      Content-Type:
      - application/json
      Content-Length:
      - '1658'
      X-Openstack-Nova-Api-Version:
      - '2.1'
      Vary:
      - X-OpenStack-Nova-API-Version
      X-Compute-Request-Id:
      - req-0c30c108-c849-43a7-9fbe-dcde2d9ca7ed
      Date:
      - Thu, 11 Aug 2016 16:54:32 GMT
    body:
      encoding: UTF-8
      string: '{"server": {"status": "BUILD", "updated": "2016-08-11T16:54:27Z", "hostId":
        "ddfbbf847bc526c52777edc7173a5f9f0b95c29110710d02afb8eb50", "OS-EXT-SRV-ATTR:host":
        "pita", "addresses": {"public": [{"OS-EXT-IPS-MAC:mac_addr": "fa:16:3e:d1:44:22",
        "version": 4, "addr": "172.29.248.60", "OS-EXT-IPS:type": "fixed"}]}, "links":
        [{"href": "http://146.20.103.69:8774/v2.1/92ac5831e22341bc9cc88f3942ba4d68/servers/062a71a0-c48c-45d6-b446-a3ec431fa255",
        "rel": "self"}, {"href": "http://146.20.103.69:8774/92ac5831e22341bc9cc88f3942ba4d68/servers/062a71a0-c48c-45d6-b446-a3ec431fa255",
        "rel": "bookmark"}], "key_name": null, "image": {"id": "d1a3bf61-7346-482e-91aa-b038ad784042",
        "links": [{"href": "http://146.20.103.69:8774/92ac5831e22341bc9cc88f3942ba4d68/images/d1a3bf61-7346-482e-91aa-b038ad784042",
        "rel": "bookmark"}]}, "OS-EXT-STS:task_state": "spawning", "OS-EXT-STS:vm_state":
        "building", "OS-EXT-SRV-ATTR:instance_name": "instance-000000af", "OS-SRV-USG:launched_at":
        null, "OS-EXT-SRV-ATTR:hypervisor_hostname": "pita", "flavor": {"id": "1",
        "links": [{"href": "http://146.20.103.69:8774/92ac5831e22341bc9cc88f3942ba4d68/flavors/1",
        "rel": "bookmark"}]}, "id": "062a71a0-c48c-45d6-b446-a3ec431fa255", "security_groups":
        [{"name": "default"}], "OS-SRV-USG:terminated_at": null, "OS-EXT-AZ:availability_zone":
        "nova", "user_id": "291651f78d4d46738e3b6dc413243760", "name": "313239", "created":
        "2016-08-11T16:54:20Z", "tenant_id": "92ac5831e22341bc9cc88f3942ba4d68", "OS-DCF:diskConfig":
        "MANUAL", "os-extended-volumes:volumes_attached": [], "accessIPv4": "", "accessIPv6":
        "", "progress": 0, "OS-EXT-STS:power_state": 0, "config_drive": "", "metadata":
        {}}}'
    http_version: 
  recorded_at: Thu, 11 Aug 2016 16:54:32 GMT
- request:
    method: get
    uri: http://146.20.103.69:8774/v2.1/92ac5831e22341bc9cc88f3942ba4d68/servers/062a71a0-c48c-45d6-b446-a3ec431fa255
    body:
      encoding: US-ASCII
      string: ''
    headers:
      Accept:
      - application/json
      Accept-Encoding:
      - gzip, deflate
      X-Auth-Token:
      - gAAAAABXrKxlUyZvKC70n7H2-JA8q0xbbDMNh9QngJ66i7FYXO_yFJrkHVH-7TiK6AGvRnTLHXQyPkh7KB7oLvyf37waNrCkr_9c5mb9SzSqK-9Z_0s5F2MqidLe8BJb0mvLOYdPCmA6Z63uVgLaw0mkF0bp6oSTyuSLFZDCx--E6Dyg238RdJc
      Content-Type:
      - application/json
      User-Agent:
      - Ruby
  response:
    status:
      code: 200
      message: OK
    headers:
      Content-Type:
      - application/json
      Content-Length:
      - '1658'
      X-Openstack-Nova-Api-Version:
      - '2.1'
      Vary:
      - X-OpenStack-Nova-API-Version
      X-Compute-Request-Id:
      - req-9ed32f27-327d-4c51-b617-cbb77c81a8ff
      Date:
      - Thu, 11 Aug 2016 16:54:34 GMT
    body:
      encoding: UTF-8
      string: '{"server": {"status": "BUILD", "updated": "2016-08-11T16:54:27Z", "hostId":
        "ddfbbf847bc526c52777edc7173a5f9f0b95c29110710d02afb8eb50", "OS-EXT-SRV-ATTR:host":
        "pita", "addresses": {"public": [{"OS-EXT-IPS-MAC:mac_addr": "fa:16:3e:d1:44:22",
        "version": 4, "addr": "172.29.248.60", "OS-EXT-IPS:type": "fixed"}]}, "links":
        [{"href": "http://146.20.103.69:8774/v2.1/92ac5831e22341bc9cc88f3942ba4d68/servers/062a71a0-c48c-45d6-b446-a3ec431fa255",
        "rel": "self"}, {"href": "http://146.20.103.69:8774/92ac5831e22341bc9cc88f3942ba4d68/servers/062a71a0-c48c-45d6-b446-a3ec431fa255",
        "rel": "bookmark"}], "key_name": null, "image": {"id": "d1a3bf61-7346-482e-91aa-b038ad784042",
        "links": [{"href": "http://146.20.103.69:8774/92ac5831e22341bc9cc88f3942ba4d68/images/d1a3bf61-7346-482e-91aa-b038ad784042",
        "rel": "bookmark"}]}, "OS-EXT-STS:task_state": "spawning", "OS-EXT-STS:vm_state":
        "building", "OS-EXT-SRV-ATTR:instance_name": "instance-000000af", "OS-SRV-USG:launched_at":
        null, "OS-EXT-SRV-ATTR:hypervisor_hostname": "pita", "flavor": {"id": "1",
        "links": [{"href": "http://146.20.103.69:8774/92ac5831e22341bc9cc88f3942ba4d68/flavors/1",
        "rel": "bookmark"}]}, "id": "062a71a0-c48c-45d6-b446-a3ec431fa255", "security_groups":
        [{"name": "default"}], "OS-SRV-USG:terminated_at": null, "OS-EXT-AZ:availability_zone":
        "nova", "user_id": "291651f78d4d46738e3b6dc413243760", "name": "313239", "created":
        "2016-08-11T16:54:20Z", "tenant_id": "92ac5831e22341bc9cc88f3942ba4d68", "OS-DCF:diskConfig":
        "MANUAL", "os-extended-volumes:volumes_attached": [], "accessIPv4": "", "accessIPv6":
        "", "progress": 0, "OS-EXT-STS:power_state": 0, "config_drive": "", "metadata":
        {}}}'
    http_version: 
  recorded_at: Thu, 11 Aug 2016 16:54:33 GMT
- request:
    method: get
    uri: http://146.20.103.69:8774/v2.1/92ac5831e22341bc9cc88f3942ba4d68/servers/062a71a0-c48c-45d6-b446-a3ec431fa255
    body:
      encoding: US-ASCII
      string: ''
    headers:
      Accept:
      - application/json
      Accept-Encoding:
      - gzip, deflate
      X-Auth-Token:
      - gAAAAABXrKxlUyZvKC70n7H2-JA8q0xbbDMNh9QngJ66i7FYXO_yFJrkHVH-7TiK6AGvRnTLHXQyPkh7KB7oLvyf37waNrCkr_9c5mb9SzSqK-9Z_0s5F2MqidLe8BJb0mvLOYdPCmA6Z63uVgLaw0mkF0bp6oSTyuSLFZDCx--E6Dyg238RdJc
      Content-Type:
      - application/json
      User-Agent:
      - Ruby
  response:
    status:
      code: 200
      message: OK
    headers:
      Content-Type:
      - application/json
      Content-Length:
      - '1658'
      X-Openstack-Nova-Api-Version:
      - '2.1'
      Vary:
      - X-OpenStack-Nova-API-Version
      X-Compute-Request-Id:
      - req-11164e17-f88d-4d91-a14d-c8e616fc9ef3
      Date:
      - Thu, 11 Aug 2016 16:54:35 GMT
    body:
      encoding: UTF-8
      string: '{"server": {"status": "BUILD", "updated": "2016-08-11T16:54:27Z", "hostId":
        "ddfbbf847bc526c52777edc7173a5f9f0b95c29110710d02afb8eb50", "OS-EXT-SRV-ATTR:host":
        "pita", "addresses": {"public": [{"OS-EXT-IPS-MAC:mac_addr": "fa:16:3e:d1:44:22",
        "version": 4, "addr": "172.29.248.60", "OS-EXT-IPS:type": "fixed"}]}, "links":
        [{"href": "http://146.20.103.69:8774/v2.1/92ac5831e22341bc9cc88f3942ba4d68/servers/062a71a0-c48c-45d6-b446-a3ec431fa255",
        "rel": "self"}, {"href": "http://146.20.103.69:8774/92ac5831e22341bc9cc88f3942ba4d68/servers/062a71a0-c48c-45d6-b446-a3ec431fa255",
        "rel": "bookmark"}], "key_name": null, "image": {"id": "d1a3bf61-7346-482e-91aa-b038ad784042",
        "links": [{"href": "http://146.20.103.69:8774/92ac5831e22341bc9cc88f3942ba4d68/images/d1a3bf61-7346-482e-91aa-b038ad784042",
        "rel": "bookmark"}]}, "OS-EXT-STS:task_state": "spawning", "OS-EXT-STS:vm_state":
        "building", "OS-EXT-SRV-ATTR:instance_name": "instance-000000af", "OS-SRV-USG:launched_at":
        null, "OS-EXT-SRV-ATTR:hypervisor_hostname": "pita", "flavor": {"id": "1",
        "links": [{"href": "http://146.20.103.69:8774/92ac5831e22341bc9cc88f3942ba4d68/flavors/1",
        "rel": "bookmark"}]}, "id": "062a71a0-c48c-45d6-b446-a3ec431fa255", "security_groups":
        [{"name": "default"}], "OS-SRV-USG:terminated_at": null, "OS-EXT-AZ:availability_zone":
        "nova", "user_id": "291651f78d4d46738e3b6dc413243760", "name": "313239", "created":
        "2016-08-11T16:54:20Z", "tenant_id": "92ac5831e22341bc9cc88f3942ba4d68", "OS-DCF:diskConfig":
        "MANUAL", "os-extended-volumes:volumes_attached": [], "accessIPv4": "", "accessIPv6":
        "", "progress": 0, "OS-EXT-STS:power_state": 0, "config_drive": "", "metadata":
        {}}}'
    http_version: 
  recorded_at: Thu, 11 Aug 2016 16:54:34 GMT
- request:
    method: get
    uri: http://146.20.103.69:8774/v2.1/92ac5831e22341bc9cc88f3942ba4d68/servers/062a71a0-c48c-45d6-b446-a3ec431fa255
    body:
      encoding: US-ASCII
      string: ''
    headers:
      Accept:
      - application/json
      Accept-Encoding:
      - gzip, deflate
      X-Auth-Token:
      - gAAAAABXrKxlUyZvKC70n7H2-JA8q0xbbDMNh9QngJ66i7FYXO_yFJrkHVH-7TiK6AGvRnTLHXQyPkh7KB7oLvyf37waNrCkr_9c5mb9SzSqK-9Z_0s5F2MqidLe8BJb0mvLOYdPCmA6Z63uVgLaw0mkF0bp6oSTyuSLFZDCx--E6Dyg238RdJc
      Content-Type:
      - application/json
      User-Agent:
      - Ruby
  response:
    status:
      code: 200
      message: OK
    headers:
      Content-Type:
      - application/json
      Content-Length:
      - '1658'
      X-Openstack-Nova-Api-Version:
      - '2.1'
      Vary:
      - X-OpenStack-Nova-API-Version
      X-Compute-Request-Id:
      - req-0f9c681c-9aaf-4b47-b52e-709f54c15a72
      Date:
      - Thu, 11 Aug 2016 16:54:36 GMT
    body:
      encoding: UTF-8
      string: '{"server": {"status": "BUILD", "updated": "2016-08-11T16:54:27Z", "hostId":
        "ddfbbf847bc526c52777edc7173a5f9f0b95c29110710d02afb8eb50", "OS-EXT-SRV-ATTR:host":
        "pita", "addresses": {"public": [{"OS-EXT-IPS-MAC:mac_addr": "fa:16:3e:d1:44:22",
        "version": 4, "addr": "172.29.248.60", "OS-EXT-IPS:type": "fixed"}]}, "links":
        [{"href": "http://146.20.103.69:8774/v2.1/92ac5831e22341bc9cc88f3942ba4d68/servers/062a71a0-c48c-45d6-b446-a3ec431fa255",
        "rel": "self"}, {"href": "http://146.20.103.69:8774/92ac5831e22341bc9cc88f3942ba4d68/servers/062a71a0-c48c-45d6-b446-a3ec431fa255",
        "rel": "bookmark"}], "key_name": null, "image": {"id": "d1a3bf61-7346-482e-91aa-b038ad784042",
        "links": [{"href": "http://146.20.103.69:8774/92ac5831e22341bc9cc88f3942ba4d68/images/d1a3bf61-7346-482e-91aa-b038ad784042",
        "rel": "bookmark"}]}, "OS-EXT-STS:task_state": "spawning", "OS-EXT-STS:vm_state":
        "building", "OS-EXT-SRV-ATTR:instance_name": "instance-000000af", "OS-SRV-USG:launched_at":
        null, "OS-EXT-SRV-ATTR:hypervisor_hostname": "pita", "flavor": {"id": "1",
        "links": [{"href": "http://146.20.103.69:8774/92ac5831e22341bc9cc88f3942ba4d68/flavors/1",
        "rel": "bookmark"}]}, "id": "062a71a0-c48c-45d6-b446-a3ec431fa255", "security_groups":
        [{"name": "default"}], "OS-SRV-USG:terminated_at": null, "OS-EXT-AZ:availability_zone":
        "nova", "user_id": "291651f78d4d46738e3b6dc413243760", "name": "313239", "created":
        "2016-08-11T16:54:20Z", "tenant_id": "92ac5831e22341bc9cc88f3942ba4d68", "OS-DCF:diskConfig":
        "MANUAL", "os-extended-volumes:volumes_attached": [], "accessIPv4": "", "accessIPv6":
        "", "progress": 0, "OS-EXT-STS:power_state": 0, "config_drive": "", "metadata":
        {}}}'
    http_version: 
  recorded_at: Thu, 11 Aug 2016 16:54:36 GMT
- request:
    method: get
    uri: http://146.20.103.69:8774/v2.1/92ac5831e22341bc9cc88f3942ba4d68/servers/062a71a0-c48c-45d6-b446-a3ec431fa255
    body:
      encoding: US-ASCII
      string: ''
    headers:
      Accept:
      - application/json
      Accept-Encoding:
      - gzip, deflate
      X-Auth-Token:
      - gAAAAABXrKxlUyZvKC70n7H2-JA8q0xbbDMNh9QngJ66i7FYXO_yFJrkHVH-7TiK6AGvRnTLHXQyPkh7KB7oLvyf37waNrCkr_9c5mb9SzSqK-9Z_0s5F2MqidLe8BJb0mvLOYdPCmA6Z63uVgLaw0mkF0bp6oSTyuSLFZDCx--E6Dyg238RdJc
      Content-Type:
      - application/json
      User-Agent:
      - Ruby
  response:
    status:
      code: 200
      message: OK
    headers:
      Content-Type:
      - application/json
      Content-Length:
      - '1675'
      X-Openstack-Nova-Api-Version:
      - '2.1'
      Vary:
      - X-OpenStack-Nova-API-Version
      X-Compute-Request-Id:
      - req-66ff2a1b-829a-43c6-ac3c-cd221190908a
      Date:
      - Thu, 11 Aug 2016 16:54:38 GMT
    body:
      encoding: UTF-8
      string: '{"server": {"status": "ACTIVE", "updated": "2016-08-11T16:54:37Z",
        "hostId": "ddfbbf847bc526c52777edc7173a5f9f0b95c29110710d02afb8eb50", "OS-EXT-SRV-ATTR:host":
        "pita", "addresses": {"public": [{"OS-EXT-IPS-MAC:mac_addr": "fa:16:3e:d1:44:22",
        "version": 4, "addr": "172.29.248.60", "OS-EXT-IPS:type": "fixed"}]}, "links":
        [{"href": "http://146.20.103.69:8774/v2.1/92ac5831e22341bc9cc88f3942ba4d68/servers/062a71a0-c48c-45d6-b446-a3ec431fa255",
        "rel": "self"}, {"href": "http://146.20.103.69:8774/92ac5831e22341bc9cc88f3942ba4d68/servers/062a71a0-c48c-45d6-b446-a3ec431fa255",
        "rel": "bookmark"}], "key_name": null, "image": {"id": "d1a3bf61-7346-482e-91aa-b038ad784042",
        "links": [{"href": "http://146.20.103.69:8774/92ac5831e22341bc9cc88f3942ba4d68/images/d1a3bf61-7346-482e-91aa-b038ad784042",
        "rel": "bookmark"}]}, "OS-EXT-STS:task_state": null, "OS-EXT-STS:vm_state":
        "active", "OS-EXT-SRV-ATTR:instance_name": "instance-000000af", "OS-SRV-USG:launched_at":
        "2016-08-11T16:54:36.000000", "OS-EXT-SRV-ATTR:hypervisor_hostname": "pita",
        "flavor": {"id": "1", "links": [{"href": "http://146.20.103.69:8774/92ac5831e22341bc9cc88f3942ba4d68/flavors/1",
        "rel": "bookmark"}]}, "id": "062a71a0-c48c-45d6-b446-a3ec431fa255", "security_groups":
        [{"name": "default"}], "OS-SRV-USG:terminated_at": null, "OS-EXT-AZ:availability_zone":
        "nova", "user_id": "291651f78d4d46738e3b6dc413243760", "name": "313239", "created":
        "2016-08-11T16:54:20Z", "tenant_id": "92ac5831e22341bc9cc88f3942ba4d68", "OS-DCF:diskConfig":
        "MANUAL", "os-extended-volumes:volumes_attached": [], "accessIPv4": "", "accessIPv6":
        "", "progress": 0, "OS-EXT-STS:power_state": 1, "config_drive": "", "metadata":
        {}}}'
    http_version: 
  recorded_at: Thu, 11 Aug 2016 16:54:38 GMT
- request:
    method: post
    uri: http://146.20.103.69:8776/v1/92ac5831e22341bc9cc88f3942ba4d68/volumes
    body:
      encoding: UTF-8
      string: '{"volume":{"size":"1","name":"53219"}}'
    headers:
      Accept:
      - application/json
      Accept-Encoding:
      - gzip, deflate
      X-Auth-Token:
      - gAAAAABXrKxlUyZvKC70n7H2-JA8q0xbbDMNh9QngJ66i7FYXO_yFJrkHVH-7TiK6AGvRnTLHXQyPkh7KB7oLvyf37waNrCkr_9c5mb9SzSqK-9Z_0s5F2MqidLe8BJb0mvLOYdPCmA6Z63uVgLaw0mkF0bp6oSTyuSLFZDCx--E6Dyg238RdJc
      Content-Type:
      - application/json
      Content-Length:
      - '38'
      User-Agent:
      - Ruby
  response:
    status:
      code: 200
      message: OK
    headers:
      X-Compute-Request-Id:
      - req-2c2d39bf-a4d3-4934-8c19-48d952a6c3a9
      Content-Type:
      - application/json
      Content-Length:
      - '379'
      X-Openstack-Request-Id:
      - req-2c2d39bf-a4d3-4934-8c19-48d952a6c3a9
      Date:
      - Thu, 11 Aug 2016 16:54:38 GMT
    body:
      encoding: UTF-8
      string: '{"volume": {"status": "creating", "display_name": null, "attachments":
        [], "availability_zone": "nova", "bootable": "false", "encrypted": false,
        "created_at": "2016-08-11T16:54:38.664121", "multiattach": "false", "display_description":
        null, "volume_type": null, "snapshot_id": null, "source_volid": null, "metadata":
        {}, "id": "34d54bea-2c05-4d92-b0a3-a8598ea5d8aa", "size": 1}}'
    http_version: 
  recorded_at: Thu, 11 Aug 2016 16:54:38 GMT
- request:
    method: get
    uri: http://146.20.103.69:8776/v1/92ac5831e22341bc9cc88f3942ba4d68/volumes/34d54bea-2c05-4d92-b0a3-a8598ea5d8aa
    body:
      encoding: US-ASCII
      string: ''
    headers:
      Accept:
      - application/json
      Accept-Encoding:
      - gzip, deflate
      X-Auth-Token:
      - gAAAAABXrKxlUyZvKC70n7H2-JA8q0xbbDMNh9QngJ66i7FYXO_yFJrkHVH-7TiK6AGvRnTLHXQyPkh7KB7oLvyf37waNrCkr_9c5mb9SzSqK-9Z_0s5F2MqidLe8BJb0mvLOYdPCmA6Z63uVgLaw0mkF0bp6oSTyuSLFZDCx--E6Dyg238RdJc
      Content-Type:
      - application/json
      User-Agent:
      - Ruby
  response:
    status:
      code: 200
      message: OK
    headers:
      X-Compute-Request-Id:
      - req-b7f83172-149e-4092-be69-dc2c70d7273a
      Content-Type:
      - application/json
      Content-Length:
      - '664'
      X-Openstack-Request-Id:
      - req-b7f83172-149e-4092-be69-dc2c70d7273a
      Date:
      - Thu, 11 Aug 2016 16:54:39 GMT
    body:
      encoding: UTF-8
      string: '{"volume": {"status": "creating", "display_name": null, "attachments":
        [], "availability_zone": "nova", "bootable": "false", "encrypted": false,
        "created_at": "2016-08-11T16:54:38.000000", "multiattach": "false", "os-vol-tenant-attr:tenant_id":
        "92ac5831e22341bc9cc88f3942ba4d68", "os-volume-replication:driver_data": null,
        "display_description": null, "os-volume-replication:extended_status": null,
        "os-vol-host-attr:host": "pita@lvm#LVM_iSCSI", "volume_type": null, "snapshot_id":
        null, "source_volid": null, "os-vol-mig-status-attr:name_id": null, "metadata":
        {}, "id": "34d54bea-2c05-4d92-b0a3-a8598ea5d8aa", "os-vol-mig-status-attr:migstat":
        null, "size": 1}}'
    http_version: 
  recorded_at: Thu, 11 Aug 2016 16:54:38 GMT
- request:
    method: get
    uri: http://146.20.103.69:8776/v1/92ac5831e22341bc9cc88f3942ba4d68/volumes/34d54bea-2c05-4d92-b0a3-a8598ea5d8aa
    body:
      encoding: US-ASCII
      string: ''
    headers:
      Accept:
      - application/json
      Accept-Encoding:
      - gzip, deflate
      X-Auth-Token:
      - gAAAAABXrKxlUyZvKC70n7H2-JA8q0xbbDMNh9QngJ66i7FYXO_yFJrkHVH-7TiK6AGvRnTLHXQyPkh7KB7oLvyf37waNrCkr_9c5mb9SzSqK-9Z_0s5F2MqidLe8BJb0mvLOYdPCmA6Z63uVgLaw0mkF0bp6oSTyuSLFZDCx--E6Dyg238RdJc
      Content-Type:
      - application/json
      User-Agent:
      - Ruby
  response:
    status:
      code: 200
      message: OK
    headers:
      X-Compute-Request-Id:
      - req-861429ed-6c6e-4bd4-b137-300eb21c1869
      Content-Type:
      - application/json
      Content-Length:
      - '665'
      X-Openstack-Request-Id:
      - req-861429ed-6c6e-4bd4-b137-300eb21c1869
      Date:
      - Thu, 11 Aug 2016 16:54:40 GMT
    body:
      encoding: UTF-8
      string: '{"volume": {"status": "available", "display_name": null, "attachments":
        [], "availability_zone": "nova", "bootable": "false", "encrypted": false,
        "created_at": "2016-08-11T16:54:38.000000", "multiattach": "false", "os-vol-tenant-attr:tenant_id":
        "92ac5831e22341bc9cc88f3942ba4d68", "os-volume-replication:driver_data": null,
        "display_description": null, "os-volume-replication:extended_status": null,
        "os-vol-host-attr:host": "pita@lvm#LVM_iSCSI", "volume_type": null, "snapshot_id":
        null, "source_volid": null, "os-vol-mig-status-attr:name_id": null, "metadata":
        {}, "id": "34d54bea-2c05-4d92-b0a3-a8598ea5d8aa", "os-vol-mig-status-attr:migstat":
        null, "size": 1}}'
    http_version: 
  recorded_at: Thu, 11 Aug 2016 16:54:40 GMT
- request:
    method: post
    uri: http://146.20.103.69:8774/v2.1/92ac5831e22341bc9cc88f3942ba4d68/servers/062a71a0-c48c-45d6-b446-a3ec431fa255/os-volume_attachments
    body:
      encoding: UTF-8
      string: '{"volumeAttachment":{"volumeId":"34d54bea-2c05-4d92-b0a3-a8598ea5d8aa"}}'
    headers:
      Accept:
      - application/json
      Accept-Encoding:
      - gzip, deflate
      X-Auth-Token:
      - gAAAAABXrKxlUyZvKC70n7H2-JA8q0xbbDMNh9QngJ66i7FYXO_yFJrkHVH-7TiK6AGvRnTLHXQyPkh7KB7oLvyf37waNrCkr_9c5mb9SzSqK-9Z_0s5F2MqidLe8BJb0mvLOYdPCmA6Z63uVgLaw0mkF0bp6oSTyuSLFZDCx--E6Dyg238RdJc
      Content-Type:
      - application/json
      Content-Length:
      - '72'
      User-Agent:
      - Ruby
  response:
    status:
      code: 200
      message: OK
    headers:
      Content-Type:
      - application/json
      Content-Length:
      - '194'
      X-Openstack-Nova-Api-Version:
      - '2.1'
      Vary:
      - X-OpenStack-Nova-API-Version
      X-Compute-Request-Id:
      - req-8ea5e032-dca2-4056-a83e-d15851f4e5bf
      Date:
      - Thu, 11 Aug 2016 16:54:41 GMT
    body:
      encoding: UTF-8
      string: '{"volumeAttachment": {"device": "/dev/vdb", "serverId": "062a71a0-c48c-45d6-b446-a3ec431fa255",
        "id": "34d54bea-2c05-4d92-b0a3-a8598ea5d8aa", "volumeId": "34d54bea-2c05-4d92-b0a3-a8598ea5d8aa"}}'
    http_version: 
  recorded_at: Thu, 11 Aug 2016 16:54:40 GMT
- request:
    method: get
    uri: http://146.20.103.69:8774/v2.1/92ac5831e22341bc9cc88f3942ba4d68/servers/062a71a0-c48c-45d6-b446-a3ec431fa255
    body:
      encoding: US-ASCII
      string: ''
    headers:
      Accept:
      - application/json
      Accept-Encoding:
      - gzip, deflate
      X-Auth-Token:
      - gAAAAABXrKxlUyZvKC70n7H2-JA8q0xbbDMNh9QngJ66i7FYXO_yFJrkHVH-7TiK6AGvRnTLHXQyPkh7KB7oLvyf37waNrCkr_9c5mb9SzSqK-9Z_0s5F2MqidLe8BJb0mvLOYdPCmA6Z63uVgLaw0mkF0bp6oSTyuSLFZDCx--E6Dyg238RdJc
      Content-Type:
      - application/json
      User-Agent:
      - Ruby
  response:
    status:
      code: 200
      message: OK
    headers:
      Content-Type:
      - application/json
      Content-Length:
      - '1721'
      X-Openstack-Nova-Api-Version:
      - '2.1'
      Vary:
      - X-OpenStack-Nova-API-Version
      X-Compute-Request-Id:
      - req-2fde59b0-e95b-426a-a23f-eddf5b4afa84
      Date:
      - Thu, 11 Aug 2016 16:54:41 GMT
    body:
      encoding: UTF-8
      string: '{"server": {"status": "ACTIVE", "updated": "2016-08-11T16:54:37Z",
        "hostId": "ddfbbf847bc526c52777edc7173a5f9f0b95c29110710d02afb8eb50", "OS-EXT-SRV-ATTR:host":
        "pita", "addresses": {"public": [{"OS-EXT-IPS-MAC:mac_addr": "fa:16:3e:d1:44:22",
        "version": 4, "addr": "172.29.248.60", "OS-EXT-IPS:type": "fixed"}]}, "links":
        [{"href": "http://146.20.103.69:8774/v2.1/92ac5831e22341bc9cc88f3942ba4d68/servers/062a71a0-c48c-45d6-b446-a3ec431fa255",
        "rel": "self"}, {"href": "http://146.20.103.69:8774/92ac5831e22341bc9cc88f3942ba4d68/servers/062a71a0-c48c-45d6-b446-a3ec431fa255",
        "rel": "bookmark"}], "key_name": null, "image": {"id": "d1a3bf61-7346-482e-91aa-b038ad784042",
        "links": [{"href": "http://146.20.103.69:8774/92ac5831e22341bc9cc88f3942ba4d68/images/d1a3bf61-7346-482e-91aa-b038ad784042",
        "rel": "bookmark"}]}, "OS-EXT-STS:task_state": null, "OS-EXT-STS:vm_state":
        "active", "OS-EXT-SRV-ATTR:instance_name": "instance-000000af", "OS-SRV-USG:launched_at":
        "2016-08-11T16:54:36.000000", "OS-EXT-SRV-ATTR:hypervisor_hostname": "pita",
        "flavor": {"id": "1", "links": [{"href": "http://146.20.103.69:8774/92ac5831e22341bc9cc88f3942ba4d68/flavors/1",
        "rel": "bookmark"}]}, "id": "062a71a0-c48c-45d6-b446-a3ec431fa255", "security_groups":
        [{"name": "default"}], "OS-SRV-USG:terminated_at": null, "OS-EXT-AZ:availability_zone":
        "nova", "user_id": "291651f78d4d46738e3b6dc413243760", "name": "313239", "created":
        "2016-08-11T16:54:20Z", "tenant_id": "92ac5831e22341bc9cc88f3942ba4d68", "OS-DCF:diskConfig":
        "MANUAL", "os-extended-volumes:volumes_attached": [{"id": "34d54bea-2c05-4d92-b0a3-a8598ea5d8aa"}],
        "accessIPv4": "", "accessIPv6": "", "progress": 0, "OS-EXT-STS:power_state":
        1, "config_drive": "", "metadata": {}}}'
    http_version: 
  recorded_at: Thu, 11 Aug 2016 16:54:41 GMT
- request:
    method: get
    uri: http://146.20.103.69:8776/v1/92ac5831e22341bc9cc88f3942ba4d68/volumes/34d54bea-2c05-4d92-b0a3-a8598ea5d8aa
    body:
      encoding: US-ASCII
      string: ''
    headers:
      Accept:
      - application/json
      Accept-Encoding:
      - gzip, deflate
      X-Auth-Token:
      - gAAAAABXrKxlUyZvKC70n7H2-JA8q0xbbDMNh9QngJ66i7FYXO_yFJrkHVH-7TiK6AGvRnTLHXQyPkh7KB7oLvyf37waNrCkr_9c5mb9SzSqK-9Z_0s5F2MqidLe8BJb0mvLOYdPCmA6Z63uVgLaw0mkF0bp6oSTyuSLFZDCx--E6Dyg238RdJc
      Content-Type:
      - application/json
      User-Agent:
      - Ruby
  response:
    status:
      code: 200
      message: OK
    headers:
      X-Compute-Request-Id:
      - req-67eedbc7-1ee1-4459-82cc-f2e5b6d277f4
      Content-Type:
      - application/json
      Content-Length:
      - '665'
      X-Openstack-Request-Id:
      - req-67eedbc7-1ee1-4459-82cc-f2e5b6d277f4
      Date:
      - Thu, 11 Aug 2016 16:54:41 GMT
    body:
      encoding: UTF-8
      string: '{"volume": {"status": "attaching", "display_name": null, "attachments":
        [], "availability_zone": "nova", "bootable": "false", "encrypted": false,
        "created_at": "2016-08-11T16:54:38.000000", "multiattach": "false", "os-vol-tenant-attr:tenant_id":
        "92ac5831e22341bc9cc88f3942ba4d68", "os-volume-replication:driver_data": null,
        "display_description": null, "os-volume-replication:extended_status": null,
        "os-vol-host-attr:host": "pita@lvm#LVM_iSCSI", "volume_type": null, "snapshot_id":
        null, "source_volid": null, "os-vol-mig-status-attr:name_id": null, "metadata":
        {}, "id": "34d54bea-2c05-4d92-b0a3-a8598ea5d8aa", "os-vol-mig-status-attr:migstat":
        null, "size": 1}}'
    http_version: 
  recorded_at: Thu, 11 Aug 2016 16:54:41 GMT
- request:
    method: get
    uri: http://146.20.103.69:8776/v1/92ac5831e22341bc9cc88f3942ba4d68/volumes/34d54bea-2c05-4d92-b0a3-a8598ea5d8aa
    body:
      encoding: US-ASCII
      string: ''
    headers:
      Accept:
      - application/json
      Accept-Encoding:
      - gzip, deflate
      X-Auth-Token:
      - gAAAAABXrKxlUyZvKC70n7H2-JA8q0xbbDMNh9QngJ66i7FYXO_yFJrkHVH-7TiK6AGvRnTLHXQyPkh7KB7oLvyf37waNrCkr_9c5mb9SzSqK-9Z_0s5F2MqidLe8BJb0mvLOYdPCmA6Z63uVgLaw0mkF0bp6oSTyuSLFZDCx--E6Dyg238RdJc
      Content-Type:
      - application/json
      User-Agent:
      - Ruby
  response:
    status:
      code: 200
      message: OK
    headers:
      X-Compute-Request-Id:
      - req-6ced75cf-865b-49e7-9c95-c19d42171a3a
      Content-Type:
      - application/json
      Content-Length:
      - '665'
      X-Openstack-Request-Id:
      - req-6ced75cf-865b-49e7-9c95-c19d42171a3a
      Date:
      - Thu, 11 Aug 2016 16:54:43 GMT
    body:
      encoding: UTF-8
      string: '{"volume": {"status": "attaching", "display_name": null, "attachments":
        [], "availability_zone": "nova", "bootable": "false", "encrypted": false,
        "created_at": "2016-08-11T16:54:38.000000", "multiattach": "false", "os-vol-tenant-attr:tenant_id":
        "92ac5831e22341bc9cc88f3942ba4d68", "os-volume-replication:driver_data": null,
        "display_description": null, "os-volume-replication:extended_status": null,
        "os-vol-host-attr:host": "pita@lvm#LVM_iSCSI", "volume_type": null, "snapshot_id":
        null, "source_volid": null, "os-vol-mig-status-attr:name_id": null, "metadata":
        {}, "id": "34d54bea-2c05-4d92-b0a3-a8598ea5d8aa", "os-vol-mig-status-attr:migstat":
        null, "size": 1}}'
    http_version: 
  recorded_at: Thu, 11 Aug 2016 16:54:42 GMT
- request:
    method: get
    uri: http://146.20.103.69:8776/v1/92ac5831e22341bc9cc88f3942ba4d68/volumes/34d54bea-2c05-4d92-b0a3-a8598ea5d8aa
    body:
      encoding: US-ASCII
      string: ''
    headers:
      Accept:
      - application/json
      Accept-Encoding:
      - gzip, deflate
      X-Auth-Token:
      - gAAAAABXrKxlUyZvKC70n7H2-JA8q0xbbDMNh9QngJ66i7FYXO_yFJrkHVH-7TiK6AGvRnTLHXQyPkh7KB7oLvyf37waNrCkr_9c5mb9SzSqK-9Z_0s5F2MqidLe8BJb0mvLOYdPCmA6Z63uVgLaw0mkF0bp6oSTyuSLFZDCx--E6Dyg238RdJc
      Content-Type:
      - application/json
      User-Agent:
      - Ruby
  response:
    status:
      code: 200
      message: OK
    headers:
      X-Compute-Request-Id:
      - req-77eb7e7a-1848-4021-8eb4-6808d2f0276b
      Content-Type:
      - application/json
      Content-Length:
      - '665'
      X-Openstack-Request-Id:
      - req-77eb7e7a-1848-4021-8eb4-6808d2f0276b
      Date:
      - Thu, 11 Aug 2016 16:54:44 GMT
    body:
      encoding: UTF-8
      string: '{"volume": {"status": "attaching", "display_name": null, "attachments":
        [], "availability_zone": "nova", "bootable": "false", "encrypted": false,
        "created_at": "2016-08-11T16:54:38.000000", "multiattach": "false", "os-vol-tenant-attr:tenant_id":
        "92ac5831e22341bc9cc88f3942ba4d68", "os-volume-replication:driver_data": null,
        "display_description": null, "os-volume-replication:extended_status": null,
        "os-vol-host-attr:host": "pita@lvm#LVM_iSCSI", "volume_type": null, "snapshot_id":
        null, "source_volid": null, "os-vol-mig-status-attr:name_id": null, "metadata":
        {}, "id": "34d54bea-2c05-4d92-b0a3-a8598ea5d8aa", "os-vol-mig-status-attr:migstat":
        null, "size": 1}}'
    http_version: 
  recorded_at: Thu, 11 Aug 2016 16:54:44 GMT
- request:
    method: get
    uri: http://146.20.103.69:8776/v1/92ac5831e22341bc9cc88f3942ba4d68/volumes/34d54bea-2c05-4d92-b0a3-a8598ea5d8aa
    body:
      encoding: US-ASCII
      string: ''
    headers:
      Accept:
      - application/json
      Accept-Encoding:
      - gzip, deflate
      X-Auth-Token:
      - gAAAAABXrKxlUyZvKC70n7H2-JA8q0xbbDMNh9QngJ66i7FYXO_yFJrkHVH-7TiK6AGvRnTLHXQyPkh7KB7oLvyf37waNrCkr_9c5mb9SzSqK-9Z_0s5F2MqidLe8BJb0mvLOYdPCmA6Z63uVgLaw0mkF0bp6oSTyuSLFZDCx--E6Dyg238RdJc
      Content-Type:
      - application/json
      User-Agent:
      - Ruby
  response:
    status:
      code: 200
      message: OK
    headers:
      X-Compute-Request-Id:
      - req-b0b9dd53-e6db-41a9-8ee5-e4cd03354ff7
      Content-Type:
      - application/json
      Content-Length:
      - '665'
      X-Openstack-Request-Id:
      - req-b0b9dd53-e6db-41a9-8ee5-e4cd03354ff7
      Date:
      - Thu, 11 Aug 2016 16:54:46 GMT
    body:
      encoding: UTF-8
      string: '{"volume": {"status": "attaching", "display_name": null, "attachments":
        [], "availability_zone": "nova", "bootable": "false", "encrypted": false,
        "created_at": "2016-08-11T16:54:38.000000", "multiattach": "false", "os-vol-tenant-attr:tenant_id":
        "92ac5831e22341bc9cc88f3942ba4d68", "os-volume-replication:driver_data": null,
        "display_description": null, "os-volume-replication:extended_status": null,
        "os-vol-host-attr:host": "pita@lvm#LVM_iSCSI", "volume_type": null, "snapshot_id":
        null, "source_volid": null, "os-vol-mig-status-attr:name_id": null, "metadata":
        {}, "id": "34d54bea-2c05-4d92-b0a3-a8598ea5d8aa", "os-vol-mig-status-attr:migstat":
        null, "size": 1}}'
    http_version: 
  recorded_at: Thu, 11 Aug 2016 16:54:45 GMT
- request:
    method: get
    uri: http://146.20.103.69:8776/v1/92ac5831e22341bc9cc88f3942ba4d68/volumes/34d54bea-2c05-4d92-b0a3-a8598ea5d8aa
    body:
      encoding: US-ASCII
      string: ''
    headers:
      Accept:
      - application/json
      Accept-Encoding:
      - gzip, deflate
      X-Auth-Token:
      - gAAAAABXrKxlUyZvKC70n7H2-JA8q0xbbDMNh9QngJ66i7FYXO_yFJrkHVH-7TiK6AGvRnTLHXQyPkh7KB7oLvyf37waNrCkr_9c5mb9SzSqK-9Z_0s5F2MqidLe8BJb0mvLOYdPCmA6Z63uVgLaw0mkF0bp6oSTyuSLFZDCx--E6Dyg238RdJc
      Content-Type:
      - application/json
      User-Agent:
      - Ruby
  response:
    status:
      code: 200
      message: OK
    headers:
      X-Compute-Request-Id:
      - req-92a53be3-36dd-432e-9863-dc4a779da6f8
      Content-Type:
      - application/json
      Content-Length:
      - '954'
      X-Openstack-Request-Id:
      - req-92a53be3-36dd-432e-9863-dc4a779da6f8
      Date:
      - Thu, 11 Aug 2016 16:54:47 GMT
    body:
      encoding: UTF-8
      string: '{"volume": {"status": "in-use", "display_name": null, "attachments":
        [{"server_id": "062a71a0-c48c-45d6-b446-a3ec431fa255", "attachment_id": "9e2872af-b97f-4169-b404-5bd8b6bf2130",
        "host_name": null, "volume_id": "34d54bea-2c05-4d92-b0a3-a8598ea5d8aa", "device":
        "/dev/vdb", "id": "34d54bea-2c05-4d92-b0a3-a8598ea5d8aa"}], "availability_zone":
        "nova", "bootable": "false", "encrypted": false, "created_at": "2016-08-11T16:54:38.000000",
        "multiattach": "false", "os-vol-tenant-attr:tenant_id": "92ac5831e22341bc9cc88f3942ba4d68",
        "os-volume-replication:driver_data": null, "display_description": null, "os-volume-replication:extended_status":
        null, "os-vol-host-attr:host": "pita@lvm#LVM_iSCSI", "volume_type": null,
        "snapshot_id": null, "source_volid": null, "os-vol-mig-status-attr:name_id":
        null, "metadata": {"readonly": "False", "attached_mode": "rw"}, "id": "34d54bea-2c05-4d92-b0a3-a8598ea5d8aa",
        "os-vol-mig-status-attr:migstat": null, "size": 1}}'
    http_version: 
  recorded_at: Thu, 11 Aug 2016 16:54:47 GMT
- request:
    method: get
    uri: http://146.20.103.69:8774/v2.1/92ac5831e22341bc9cc88f3942ba4d68/servers/062a71a0-c48c-45d6-b446-a3ec431fa255
    body:
      encoding: US-ASCII
      string: ''
    headers:
      Accept:
      - application/json
      Accept-Encoding:
      - gzip, deflate
      X-Auth-Token:
      - gAAAAABXrKxlUyZvKC70n7H2-JA8q0xbbDMNh9QngJ66i7FYXO_yFJrkHVH-7TiK6AGvRnTLHXQyPkh7KB7oLvyf37waNrCkr_9c5mb9SzSqK-9Z_0s5F2MqidLe8BJb0mvLOYdPCmA6Z63uVgLaw0mkF0bp6oSTyuSLFZDCx--E6Dyg238RdJc
      Content-Type:
      - application/json
      User-Agent:
      - Ruby
  response:
    status:
      code: 200
      message: OK
    headers:
      Content-Type:
      - application/json
      Content-Length:
      - '1721'
      X-Openstack-Nova-Api-Version:
      - '2.1'
      Vary:
      - X-OpenStack-Nova-API-Version
      X-Compute-Request-Id:
      - req-9052e04e-a399-4076-afb8-e7a31a9f865b
      Date:
      - Thu, 11 Aug 2016 16:54:47 GMT
    body:
      encoding: UTF-8
      string: '{"server": {"status": "ACTIVE", "updated": "2016-08-11T16:54:37Z",
        "hostId": "ddfbbf847bc526c52777edc7173a5f9f0b95c29110710d02afb8eb50", "OS-EXT-SRV-ATTR:host":
        "pita", "addresses": {"public": [{"OS-EXT-IPS-MAC:mac_addr": "fa:16:3e:d1:44:22",
        "version": 4, "addr": "172.29.248.60", "OS-EXT-IPS:type": "fixed"}]}, "links":
        [{"href": "http://146.20.103.69:8774/v2.1/92ac5831e22341bc9cc88f3942ba4d68/servers/062a71a0-c48c-45d6-b446-a3ec431fa255",
        "rel": "self"}, {"href": "http://146.20.103.69:8774/92ac5831e22341bc9cc88f3942ba4d68/servers/062a71a0-c48c-45d6-b446-a3ec431fa255",
        "rel": "bookmark"}], "key_name": null, "image": {"id": "d1a3bf61-7346-482e-91aa-b038ad784042",
        "links": [{"href": "http://146.20.103.69:8774/92ac5831e22341bc9cc88f3942ba4d68/images/d1a3bf61-7346-482e-91aa-b038ad784042",
        "rel": "bookmark"}]}, "OS-EXT-STS:task_state": null, "OS-EXT-STS:vm_state":
        "active", "OS-EXT-SRV-ATTR:instance_name": "instance-000000af", "OS-SRV-USG:launched_at":
        "2016-08-11T16:54:36.000000", "OS-EXT-SRV-ATTR:hypervisor_hostname": "pita",
        "flavor": {"id": "1", "links": [{"href": "http://146.20.103.69:8774/92ac5831e22341bc9cc88f3942ba4d68/flavors/1",
        "rel": "bookmark"}]}, "id": "062a71a0-c48c-45d6-b446-a3ec431fa255", "security_groups":
        [{"name": "default"}], "OS-SRV-USG:terminated_at": null, "OS-EXT-AZ:availability_zone":
        "nova", "user_id": "291651f78d4d46738e3b6dc413243760", "name": "313239", "created":
        "2016-08-11T16:54:20Z", "tenant_id": "92ac5831e22341bc9cc88f3942ba4d68", "OS-DCF:diskConfig":
        "MANUAL", "os-extended-volumes:volumes_attached": [{"id": "34d54bea-2c05-4d92-b0a3-a8598ea5d8aa"}],
        "accessIPv4": "", "accessIPv6": "", "progress": 0, "OS-EXT-STS:power_state":
        1, "config_drive": "", "metadata": {}}}'
    http_version: 
  recorded_at: Thu, 11 Aug 2016 16:54:47 GMT
- request:
    method: get
    uri: http://146.20.103.69:8774/v2.1/92ac5831e22341bc9cc88f3942ba4d68/servers/062a71a0-c48c-45d6-b446-a3ec431fa255/os-volume_attachments
    body:
      encoding: US-ASCII
      string: ''
    headers:
      Accept:
      - application/json
      Accept-Encoding:
      - gzip, deflate
      X-Auth-Token:
      - gAAAAABXrKxlUyZvKC70n7H2-JA8q0xbbDMNh9QngJ66i7FYXO_yFJrkHVH-7TiK6AGvRnTLHXQyPkh7KB7oLvyf37waNrCkr_9c5mb9SzSqK-9Z_0s5F2MqidLe8BJb0mvLOYdPCmA6Z63uVgLaw0mkF0bp6oSTyuSLFZDCx--E6Dyg238RdJc
      Content-Type:
      - application/json
      User-Agent:
      - Ruby
  response:
    status:
      code: 200
      message: OK
    headers:
      Content-Type:
      - application/json
      Content-Length:
      - '197'
      X-Openstack-Nova-Api-Version:
      - '2.1'
      Vary:
      - X-OpenStack-Nova-API-Version
      X-Compute-Request-Id:
      - req-14dccaf1-0bc3-49ac-8e0d-362248848d0a
      Date:
      - Thu, 11 Aug 2016 16:54:48 GMT
    body:
      encoding: UTF-8
      string: '{"volumeAttachments": [{"device": "/dev/vdb", "serverId": "062a71a0-c48c-45d6-b446-a3ec431fa255",
        "id": "34d54bea-2c05-4d92-b0a3-a8598ea5d8aa", "volumeId": "34d54bea-2c05-4d92-b0a3-a8598ea5d8aa"}]}'
    http_version: 
  recorded_at: Thu, 11 Aug 2016 16:54:47 GMT
recorded_with: VCR 3.0.3
