---
http_interactions:
- request:
    method: get
    uri: http://146.20.103.69:8774/v2.1/92ac5831e22341bc9cc88f3942ba4d68/servers
    body:
      encoding: US-ASCII
      string: ''
    headers:
      Accept:
      - application/json
      Accept-Encoding:
      - gzip, deflate
      X-Auth-Token:
      - gAAAAABXrKxlUyZvKC70n7H2-JA8q0xbbDMNh9QngJ66i7FYXO_yFJrkHVH-7TiK6AGvRnTLHXQyPkh7KB7oLvyf37waNrCkr_9c5mb9SzSqK-9Z_0s5F2MqidLe8BJb0mvLOYdPCmA6Z63uVgLaw0mkF0bp6oSTyuSLFZDCx--E6Dyg238RdJc
      Content-Type:
      - application/json
      User-Agent:
      - Ruby
  response:
    status:
      code: 200
      message: OK
    headers:
      Content-Type:
      - application/json
      Content-Length:
      - '362'
      X-Openstack-Nova-Api-Version:
      - '2.1'
      Vary:
      - X-OpenStack-Nova-API-Version
      X-Compute-Request-Id:
      - req-67fe7227-28ad-47d1-a420-da6e719fe2ba
      Date:
      - Thu, 11 Aug 2016 16:51:52 GMT
    body:
      encoding: UTF-8
      string: '{"servers": [{"id": "17b0a1d6-8ed3-4e00-82b9-dda97771e501", "links":
        [{"href": "http://146.20.103.69:8774/v2.1/92ac5831e22341bc9cc88f3942ba4d68/servers/17b0a1d6-8ed3-4e00-82b9-dda97771e501",
        "rel": "self"}, {"href": "http://146.20.103.69:8774/92ac5831e22341bc9cc88f3942ba4d68/servers/17b0a1d6-8ed3-4e00-82b9-dda97771e501",
        "rel": "bookmark"}], "name": "55181"}]}'
    http_version: 
  recorded_at: Thu, 11 Aug 2016 16:51:52 GMT
- request:
    method: delete
    uri: http://146.20.103.69:8774/v2.1/92ac5831e22341bc9cc88f3942ba4d68/servers/17b0a1d6-8ed3-4e00-82b9-dda97771e501
    body:
      encoding: US-ASCII
      string: ''
    headers:
      Accept:
      - application/json
      Accept-Encoding:
      - gzip, deflate
      X-Auth-Token:
      - gAAAAABXrKxlUyZvKC70n7H2-JA8q0xbbDMNh9QngJ66i7FYXO_yFJrkHVH-7TiK6AGvRnTLHXQyPkh7KB7oLvyf37waNrCkr_9c5mb9SzSqK-9Z_0s5F2MqidLe8BJb0mvLOYdPCmA6Z63uVgLaw0mkF0bp6oSTyuSLFZDCx--E6Dyg238RdJc
      Content-Type:
      - application/json
      User-Agent:
      - Ruby
  response:
    status:
      code: 204
      message: No Content
    headers:
      Content-Length:
      - '0'
      Content-Type:
      - application/json
      X-Openstack-Nova-Api-Version:
      - '2.1'
      Vary:
      - X-OpenStack-Nova-API-Version
      X-Compute-Request-Id:
      - req-1b46fc1c-0494-45f4-a60d-2e73d67e6e41
      Date:
      - Thu, 11 Aug 2016 16:51:53 GMT
    body:
      encoding: UTF-8
      string: ''
    http_version: 
  recorded_at: Thu, 11 Aug 2016 16:51:53 GMT
- request:
    method: get
    uri: http://146.20.103.69:8776/v1/92ac5831e22341bc9cc88f3942ba4d68/snapshots
    body:
      encoding: US-ASCII
      string: ''
    headers:
      Accept:
      - application/json
      Accept-Encoding:
      - gzip, deflate
      X-Auth-Token:
      - gAAAAABXrKxlUyZvKC70n7H2-JA8q0xbbDMNh9QngJ66i7FYXO_yFJrkHVH-7TiK6AGvRnTLHXQyPkh7KB7oLvyf37waNrCkr_9c5mb9SzSqK-9Z_0s5F2MqidLe8BJb0mvLOYdPCmA6Z63uVgLaw0mkF0bp6oSTyuSLFZDCx--E6Dyg238RdJc
      Content-Type:
      - application/json
      User-Agent:
      - Ruby
  response:
    status:
      code: 200
      message: OK
    headers:
      X-Compute-Request-Id:
      - req-7e1fd138-4531-4b95-bbdf-fa9e689e45c4
      Content-Type:
      - application/json
      Content-Length:
      - '17'
      X-Openstack-Request-Id:
      - req-7e1fd138-4531-4b95-bbdf-fa9e689e45c4
      Date:
      - Thu, 11 Aug 2016 16:51:53 GMT
    body:
      encoding: UTF-8
      string: '{"snapshots": []}'
    http_version: 
  recorded_at: Thu, 11 Aug 2016 16:51:53 GMT
- request:
    method: get
    uri: http://146.20.103.69:8776/v1/92ac5831e22341bc9cc88f3942ba4d68/backups
    body:
      encoding: US-ASCII
      string: ''
    headers:
      Accept:
      - application/json
      Accept-Encoding:
      - gzip, deflate
      X-Auth-Token:
      - gAAAAABXrKxlUyZvKC70n7H2-JA8q0xbbDMNh9QngJ66i7FYXO_yFJrkHVH-7TiK6AGvRnTLHXQyPkh7KB7oLvyf37waNrCkr_9c5mb9SzSqK-9Z_0s5F2MqidLe8BJb0mvLOYdPCmA6Z63uVgLaw0mkF0bp6oSTyuSLFZDCx--E6Dyg238RdJc
      Content-Type:
      - application/json
      User-Agent:
      - Ruby
  response:
    status:
      code: 200
      message: OK
    headers:
      X-Compute-Request-Id:
      - req-952e849e-f508-4598-9125-03c014af1d88
      Content-Type:
      - application/json
      Content-Length:
      - '15'
      X-Openstack-Request-Id:
      - req-952e849e-f508-4598-9125-03c014af1d88
      Date:
      - Thu, 11 Aug 2016 16:51:53 GMT
    body:
      encoding: UTF-8
      string: '{"backups": []}'
    http_version: 
  recorded_at: Thu, 11 Aug 2016 16:51:53 GMT
- request:
    method: get
    uri: http://146.20.103.69:8776/v1/92ac5831e22341bc9cc88f3942ba4d68/volumes
    body:
      encoding: US-ASCII
      string: ''
    headers:
      Accept:
      - application/json
      Accept-Encoding:
      - gzip, deflate
      X-Auth-Token:
      - gAAAAABXrKxlUyZvKC70n7H2-JA8q0xbbDMNh9QngJ66i7FYXO_yFJrkHVH-7TiK6AGvRnTLHXQyPkh7KB7oLvyf37waNrCkr_9c5mb9SzSqK-9Z_0s5F2MqidLe8BJb0mvLOYdPCmA6Z63uVgLaw0mkF0bp6oSTyuSLFZDCx--E6Dyg238RdJc
      Content-Type:
      - application/json
      User-Agent:
      - Ruby
  response:
    status:
      code: 200
      message: OK
    headers:
      X-Compute-Request-Id:
      - req-4b48a81e-7913-44da-b3a8-fd01cc8482e7
      Content-Type:
      - application/json
      Content-Length:
      - '15'
      X-Openstack-Request-Id:
      - req-4b48a81e-7913-44da-b3a8-fd01cc8482e7
      Date:
      - Thu, 11 Aug 2016 16:51:53 GMT
    body:
      encoding: UTF-8
      string: '{"volumes": []}'
    http_version: 
  recorded_at: Thu, 11 Aug 2016 16:51:53 GMT
- request:
    method: post
    uri: http://146.20.103.69:8774/v2.1/92ac5831e22341bc9cc88f3942ba4d68/servers
    body:
      encoding: UTF-8
      string: '{"server":{"name":"536343","flavorRef":"1","imageRef":"d1a3bf61-7346-482e-91aa-b038ad784042"}}'
    headers:
      Accept:
      - application/json
      Accept-Encoding:
      - gzip, deflate
      X-Auth-Token:
      - gAAAAABXrKxlUyZvKC70n7H2-JA8q0xbbDMNh9QngJ66i7FYXO_yFJrkHVH-7TiK6AGvRnTLHXQyPkh7KB7oLvyf37waNrCkr_9c5mb9SzSqK-9Z_0s5F2MqidLe8BJb0mvLOYdPCmA6Z63uVgLaw0mkF0bp6oSTyuSLFZDCx--E6Dyg238RdJc
      Content-Type:
      - application/json
      Content-Length:
      - '94'
      User-Agent:
      - Ruby
  response:
    status:
      code: 202
      message: Accepted
    headers:
      Location:
      - http://146.20.103.69:8774/v2.1/92ac5831e22341bc9cc88f3942ba4d68/servers/86a2974e-2622-4eed-a96c-1c721d9fff88
      Content-Type:
      - application/json
      Content-Length:
      - '444'
      X-Openstack-Nova-Api-Version:
      - '2.1'
      Vary:
      - X-OpenStack-Nova-API-Version
      X-Compute-Request-Id:
      - req-f2297dc9-d535-41ee-b8c8-44f85523c5f8
      Date:
      - Thu, 11 Aug 2016 16:51:54 GMT
    body:
      encoding: UTF-8
      string: '{"server": {"security_groups": [{"name": "default"}], "OS-DCF:diskConfig":
        "MANUAL", "id": "86a2974e-2622-4eed-a96c-1c721d9fff88", "links": [{"href":
        "http://146.20.103.69:8774/v2.1/92ac5831e22341bc9cc88f3942ba4d68/servers/86a2974e-2622-4eed-a96c-1c721d9fff88",
        "rel": "self"}, {"href": "http://146.20.103.69:8774/92ac5831e22341bc9cc88f3942ba4d68/servers/86a2974e-2622-4eed-a96c-1c721d9fff88",
        "rel": "bookmark"}], "<OS_USERNAME>Pass": "MZvRMdb5wsf9"}}'
    http_version: 
  recorded_at: Thu, 11 Aug 2016 16:51:54 GMT
- request:
    method: get
    uri: http://146.20.103.69:8774/v2.1/92ac5831e22341bc9cc88f3942ba4d68/servers/86a2974e-2622-4eed-a96c-1c721d9fff88
    body:
      encoding: US-ASCII
      string: ''
    headers:
      Accept:
      - application/json
      Accept-Encoding:
      - gzip, deflate
      X-Auth-Token:
      - gAAAAABXrKxlUyZvKC70n7H2-JA8q0xbbDMNh9QngJ66i7FYXO_yFJrkHVH-7TiK6AGvRnTLHXQyPkh7KB7oLvyf37waNrCkr_9c5mb9SzSqK-9Z_0s5F2MqidLe8BJb0mvLOYdPCmA6Z63uVgLaw0mkF0bp6oSTyuSLFZDCx--E6Dyg238RdJc
      Content-Type:
      - application/json
      User-Agent:
      - Ruby
  response:
    status:
      code: 200
      message: OK
    headers:
      Content-Type:
      - application/json
      Content-Length:
      - '1419'
      X-Openstack-Nova-Api-Version:
      - '2.1'
      Vary:
      - X-OpenStack-Nova-API-Version
      X-Compute-Request-Id:
      - req-0241f6f1-0cb0-48be-af6d-7236dba02603
      Date:
      - Thu, 11 Aug 2016 16:51:55 GMT
    body:
      encoding: UTF-8
      string: '{"server": {"status": "BUILD", "updated": "2016-08-11T16:51:54Z", "hostId":
        "", "OS-EXT-SRV-ATTR:host": null, "addresses": {}, "links": [{"href": "http://146.20.103.69:8774/v2.1/92ac5831e22341bc9cc88f3942ba4d68/servers/86a2974e-2622-4eed-a96c-1c721d9fff88",
        "rel": "self"}, {"href": "http://146.20.103.69:8774/92ac5831e22341bc9cc88f3942ba4d68/servers/86a2974e-2622-4eed-a96c-1c721d9fff88",
        "rel": "bookmark"}], "key_name": null, "image": {"id": "d1a3bf61-7346-482e-91aa-b038ad784042",
        "links": [{"href": "http://146.20.103.69:8774/92ac5831e22341bc9cc88f3942ba4d68/images/d1a3bf61-7346-482e-91aa-b038ad784042",
        "rel": "bookmark"}]}, "OS-EXT-STS:task_state": null, "OS-EXT-STS:vm_state":
        "building", "OS-EXT-SRV-ATTR:instance_name": "instance-00000094", "OS-SRV-USG:launched_at":
        null, "OS-EXT-SRV-ATTR:hypervisor_hostname": null, "flavor": {"id": "1", "links":
        [{"href": "http://146.20.103.69:8774/92ac5831e22341bc9cc88f3942ba4d68/flavors/1",
        "rel": "bookmark"}]}, "id": "86a2974e-2622-4eed-a96c-1c721d9fff88", "OS-SRV-USG:terminated_at":
        null, "OS-EXT-AZ:availability_zone": "", "user_id": "291651f78d4d46738e3b6dc413243760",
        "name": "536343", "created": "2016-08-11T16:51:54Z", "tenant_id": "92ac5831e22341bc9cc88f3942ba4d68",
        "OS-DCF:diskConfig": "MANUAL", "os-extended-volumes:volumes_attached": [],
        "accessIPv4": "", "accessIPv6": "", "progress": 0, "OS-EXT-STS:power_state":
        0, "config_drive": "", "metadata": {}}}'
    http_version: 
  recorded_at: Thu, 11 Aug 2016 16:51:54 GMT
- request:
    method: get
    uri: http://146.20.103.69:8774/v2.1/92ac5831e22341bc9cc88f3942ba4d68/servers/86a2974e-2622-4eed-a96c-1c721d9fff88
    body:
      encoding: US-ASCII
      string: ''
    headers:
      Accept:
      - application/json
      Accept-Encoding:
      - gzip, deflate
      X-Auth-Token:
      - gAAAAABXrKxlUyZvKC70n7H2-JA8q0xbbDMNh9QngJ66i7FYXO_yFJrkHVH-7TiK6AGvRnTLHXQyPkh7KB7oLvyf37waNrCkr_9c5mb9SzSqK-9Z_0s5F2MqidLe8BJb0mvLOYdPCmA6Z63uVgLaw0mkF0bp6oSTyuSLFZDCx--E6Dyg238RdJc
      Content-Type:
      - application/json
      User-Agent:
      - Ruby
  response:
    status:
      code: 200
      message: OK
    headers:
      Content-Type:
      - application/json
      Content-Length:
      - '1531'
      X-Openstack-Nova-Api-Version:
      - '2.1'
      Vary:
      - X-OpenStack-Nova-API-Version
      X-Compute-Request-Id:
      - req-c4a1bf52-3a3a-4a7f-9d5a-c392590cda30
      Date:
      - Thu, 11 Aug 2016 16:51:56 GMT
    body:
      encoding: UTF-8
      string: '{"server": {"status": "BUILD", "updated": "2016-08-11T16:51:55Z", "hostId":
        "ddfbbf847bc526c52777edc7173a5f9f0b95c29110710d02afb8eb50", "OS-EXT-SRV-ATTR:host":
        "pita", "addresses": {}, "links": [{"href": "http://146.20.103.69:8774/v2.1/92ac5831e22341bc9cc88f3942ba4d68/servers/86a2974e-2622-4eed-a96c-1c721d9fff88",
        "rel": "self"}, {"href": "http://146.20.103.69:8774/92ac5831e22341bc9cc88f3942ba4d68/servers/86a2974e-2622-4eed-a96c-1c721d9fff88",
        "rel": "bookmark"}], "key_name": null, "image": {"id": "d1a3bf61-7346-482e-91aa-b038ad784042",
        "links": [{"href": "http://146.20.103.69:8774/92ac5831e22341bc9cc88f3942ba4d68/images/d1a3bf61-7346-482e-91aa-b038ad784042",
        "rel": "bookmark"}]}, "OS-EXT-STS:task_state": "spawning", "OS-EXT-STS:vm_state":
        "building", "OS-EXT-SRV-ATTR:instance_name": "instance-00000094", "OS-SRV-USG:launched_at":
        null, "OS-EXT-SRV-ATTR:hypervisor_hostname": "pita", "flavor": {"id": "1",
        "links": [{"href": "http://146.20.103.69:8774/92ac5831e22341bc9cc88f3942ba4d68/flavors/1",
        "rel": "bookmark"}]}, "id": "86a2974e-2622-4eed-a96c-1c721d9fff88", "security_groups":
        [{"name": "default"}], "OS-SRV-USG:terminated_at": null, "OS-EXT-AZ:availability_zone":
        "nova", "user_id": "291651f78d4d46738e3b6dc413243760", "name": "536343", "created":
        "2016-08-11T16:51:54Z", "tenant_id": "92ac5831e22341bc9cc88f3942ba4d68", "OS-DCF:diskConfig":
        "MANUAL", "os-extended-volumes:volumes_attached": [], "accessIPv4": "", "accessIPv6":
        "", "progress": 0, "OS-EXT-STS:power_state": 0, "config_drive": "", "metadata":
        {}}}'
    http_version: 
  recorded_at: Thu, 11 Aug 2016 16:51:55 GMT
- request:
    method: get
    uri: http://146.20.103.69:8774/v2.1/92ac5831e22341bc9cc88f3942ba4d68/servers/86a2974e-2622-4eed-a96c-1c721d9fff88
    body:
      encoding: US-ASCII
      string: ''
    headers:
      Accept:
      - application/json
      Accept-Encoding:
      - gzip, deflate
      X-Auth-Token:
      - gAAAAABXrKxlUyZvKC70n7H2-JA8q0xbbDMNh9QngJ66i7FYXO_yFJrkHVH-7TiK6AGvRnTLHXQyPkh7KB7oLvyf37waNrCkr_9c5mb9SzSqK-9Z_0s5F2MqidLe8BJb0mvLOYdPCmA6Z63uVgLaw0mkF0bp6oSTyuSLFZDCx--E6Dyg238RdJc
      Content-Type:
      - application/json
      User-Agent:
      - Ruby
  response:
    status:
      code: 200
      message: OK
    headers:
      Content-Type:
      - application/json
      Content-Length:
      - '1658'
      X-Openstack-Nova-Api-Version:
      - '2.1'
      Vary:
      - X-OpenStack-Nova-API-Version
      X-Compute-Request-Id:
      - req-8f594885-cf00-4454-9b1f-3f84f6b77061
      Date:
      - Thu, 11 Aug 2016 16:51:57 GMT
    body:
      encoding: UTF-8
      string: '{"server": {"status": "BUILD", "updated": "2016-08-11T16:51:55Z", "hostId":
        "ddfbbf847bc526c52777edc7173a5f9f0b95c29110710d02afb8eb50", "OS-EXT-SRV-ATTR:host":
        "pita", "addresses": {"public": [{"OS-EXT-IPS-MAC:mac_addr": "fa:16:3e:82:a9:d2",
        "version": 4, "addr": "172.29.248.51", "OS-EXT-IPS:type": "fixed"}]}, "links":
        [{"href": "http://146.20.103.69:8774/v2.1/92ac5831e22341bc9cc88f3942ba4d68/servers/86a2974e-2622-4eed-a96c-1c721d9fff88",
        "rel": "self"}, {"href": "http://146.20.103.69:8774/92ac5831e22341bc9cc88f3942ba4d68/servers/86a2974e-2622-4eed-a96c-1c721d9fff88",
        "rel": "bookmark"}], "key_name": null, "image": {"id": "d1a3bf61-7346-482e-91aa-b038ad784042",
        "links": [{"href": "http://146.20.103.69:8774/92ac5831e22341bc9cc88f3942ba4d68/images/d1a3bf61-7346-482e-91aa-b038ad784042",
        "rel": "bookmark"}]}, "OS-EXT-STS:task_state": "spawning", "OS-EXT-STS:vm_state":
        "building", "OS-EXT-SRV-ATTR:instance_name": "instance-00000094", "OS-SRV-USG:launched_at":
        null, "OS-EXT-SRV-ATTR:hypervisor_hostname": "pita", "flavor": {"id": "1",
        "links": [{"href": "http://146.20.103.69:8774/92ac5831e22341bc9cc88f3942ba4d68/flavors/1",
        "rel": "bookmark"}]}, "id": "86a2974e-2622-4eed-a96c-1c721d9fff88", "security_groups":
        [{"name": "default"}], "OS-SRV-USG:terminated_at": null, "OS-EXT-AZ:availability_zone":
        "nova", "user_id": "291651f78d4d46738e3b6dc413243760", "name": "536343", "created":
        "2016-08-11T16:51:54Z", "tenant_id": "92ac5831e22341bc9cc88f3942ba4d68", "OS-DCF:diskConfig":
        "MANUAL", "os-extended-volumes:volumes_attached": [], "accessIPv4": "", "accessIPv6":
        "", "progress": 0, "OS-EXT-STS:power_state": 0, "config_drive": "", "metadata":
        {}}}'
    http_version: 
  recorded_at: Thu, 11 Aug 2016 16:51:57 GMT
- request:
    method: get
    uri: http://146.20.103.69:8774/v2.1/92ac5831e22341bc9cc88f3942ba4d68/servers/86a2974e-2622-4eed-a96c-1c721d9fff88
    body:
      encoding: US-ASCII
      string: ''
    headers:
      Accept:
      - application/json
      Accept-Encoding:
      - gzip, deflate
      X-Auth-Token:
      - gAAAAABXrKxlUyZvKC70n7H2-JA8q0xbbDMNh9QngJ66i7FYXO_yFJrkHVH-7TiK6AGvRnTLHXQyPkh7KB7oLvyf37waNrCkr_9c5mb9SzSqK-9Z_0s5F2MqidLe8BJb0mvLOYdPCmA6Z63uVgLaw0mkF0bp6oSTyuSLFZDCx--E6Dyg238RdJc
      Content-Type:
      - application/json
      User-Agent:
      - Ruby
  response:
    status:
      code: 200
      message: OK
    headers:
      Content-Type:
      - application/json
      Content-Length:
      - '1658'
      X-Openstack-Nova-Api-Version:
      - '2.1'
      Vary:
      - X-OpenStack-Nova-API-Version
      X-Compute-Request-Id:
      - req-5c7949cd-857e-4d91-85bb-47760d5f5a72
      Date:
      - Thu, 11 Aug 2016 16:51:59 GMT
    body:
      encoding: UTF-8
      string: '{"server": {"status": "BUILD", "updated": "2016-08-11T16:51:55Z", "hostId":
        "ddfbbf847bc526c52777edc7173a5f9f0b95c29110710d02afb8eb50", "OS-EXT-SRV-ATTR:host":
        "pita", "addresses": {"public": [{"OS-EXT-IPS-MAC:mac_addr": "fa:16:3e:82:a9:d2",
        "version": 4, "addr": "172.29.248.51", "OS-EXT-IPS:type": "fixed"}]}, "links":
        [{"href": "http://146.20.103.69:8774/v2.1/92ac5831e22341bc9cc88f3942ba4d68/servers/86a2974e-2622-4eed-a96c-1c721d9fff88",
        "rel": "self"}, {"href": "http://146.20.103.69:8774/92ac5831e22341bc9cc88f3942ba4d68/servers/86a2974e-2622-4eed-a96c-1c721d9fff88",
        "rel": "bookmark"}], "key_name": null, "image": {"id": "d1a3bf61-7346-482e-91aa-b038ad784042",
        "links": [{"href": "http://146.20.103.69:8774/92ac5831e22341bc9cc88f3942ba4d68/images/d1a3bf61-7346-482e-91aa-b038ad784042",
        "rel": "bookmark"}]}, "OS-EXT-STS:task_state": "spawning", "OS-EXT-STS:vm_state":
        "building", "OS-EXT-SRV-ATTR:instance_name": "instance-00000094", "OS-SRV-USG:launched_at":
        null, "OS-EXT-SRV-ATTR:hypervisor_hostname": "pita", "flavor": {"id": "1",
        "links": [{"href": "http://146.20.103.69:8774/92ac5831e22341bc9cc88f3942ba4d68/flavors/1",
        "rel": "bookmark"}]}, "id": "86a2974e-2622-4eed-a96c-1c721d9fff88", "security_groups":
        [{"name": "default"}], "OS-SRV-USG:terminated_at": null, "OS-EXT-AZ:availability_zone":
        "nova", "user_id": "291651f78d4d46738e3b6dc413243760", "name": "536343", "created":
        "2016-08-11T16:51:54Z", "tenant_id": "92ac5831e22341bc9cc88f3942ba4d68", "OS-DCF:diskConfig":
        "MANUAL", "os-extended-volumes:volumes_attached": [], "accessIPv4": "", "accessIPv6":
        "", "progress": 0, "OS-EXT-STS:power_state": 0, "config_drive": "", "metadata":
        {}}}'
    http_version: 
  recorded_at: Thu, 11 Aug 2016 16:51:58 GMT
- request:
    method: get
    uri: http://146.20.103.69:8774/v2.1/92ac5831e22341bc9cc88f3942ba4d68/servers/86a2974e-2622-4eed-a96c-1c721d9fff88
    body:
      encoding: US-ASCII
      string: ''
    headers:
      Accept:
      - application/json
      Accept-Encoding:
      - gzip, deflate
      X-Auth-Token:
      - gAAAAABXrKxlUyZvKC70n7H2-JA8q0xbbDMNh9QngJ66i7FYXO_yFJrkHVH-7TiK6AGvRnTLHXQyPkh7KB7oLvyf37waNrCkr_9c5mb9SzSqK-9Z_0s5F2MqidLe8BJb0mvLOYdPCmA6Z63uVgLaw0mkF0bp6oSTyuSLFZDCx--E6Dyg238RdJc
      Content-Type:
      - application/json
      User-Agent:
      - Ruby
  response:
    status:
      code: 200
      message: OK
    headers:
      Content-Type:
      - application/json
      Content-Length:
      - '1658'
      X-Openstack-Nova-Api-Version:
      - '2.1'
      Vary:
      - X-OpenStack-Nova-API-Version
      X-Compute-Request-Id:
      - req-97b55250-20e4-4c8f-952a-3b269624ef05
      Date:
      - Thu, 11 Aug 2016 16:52:00 GMT
    body:
      encoding: UTF-8
      string: '{"server": {"status": "BUILD", "updated": "2016-08-11T16:51:55Z", "hostId":
        "ddfbbf847bc526c52777edc7173a5f9f0b95c29110710d02afb8eb50", "OS-EXT-SRV-ATTR:host":
        "pita", "addresses": {"public": [{"OS-EXT-IPS-MAC:mac_addr": "fa:16:3e:82:a9:d2",
        "version": 4, "addr": "172.29.248.51", "OS-EXT-IPS:type": "fixed"}]}, "links":
        [{"href": "http://146.20.103.69:8774/v2.1/92ac5831e22341bc9cc88f3942ba4d68/servers/86a2974e-2622-4eed-a96c-1c721d9fff88",
        "rel": "self"}, {"href": "http://146.20.103.69:8774/92ac5831e22341bc9cc88f3942ba4d68/servers/86a2974e-2622-4eed-a96c-1c721d9fff88",
        "rel": "bookmark"}], "key_name": null, "image": {"id": "d1a3bf61-7346-482e-91aa-b038ad784042",
        "links": [{"href": "http://146.20.103.69:8774/92ac5831e22341bc9cc88f3942ba4d68/images/d1a3bf61-7346-482e-91aa-b038ad784042",
        "rel": "bookmark"}]}, "OS-EXT-STS:task_state": "spawning", "OS-EXT-STS:vm_state":
        "building", "OS-EXT-SRV-ATTR:instance_name": "instance-00000094", "OS-SRV-USG:launched_at":
        null, "OS-EXT-SRV-ATTR:hypervisor_hostname": "pita", "flavor": {"id": "1",
        "links": [{"href": "http://146.20.103.69:8774/92ac5831e22341bc9cc88f3942ba4d68/flavors/1",
        "rel": "bookmark"}]}, "id": "86a2974e-2622-4eed-a96c-1c721d9fff88", "security_groups":
        [{"name": "default"}], "OS-SRV-USG:terminated_at": null, "OS-EXT-AZ:availability_zone":
        "nova", "user_id": "291651f78d4d46738e3b6dc413243760", "name": "536343", "created":
        "2016-08-11T16:51:54Z", "tenant_id": "92ac5831e22341bc9cc88f3942ba4d68", "OS-DCF:diskConfig":
        "MANUAL", "os-extended-volumes:volumes_attached": [], "accessIPv4": "", "accessIPv6":
        "", "progress": 0, "OS-EXT-STS:power_state": 0, "config_drive": "", "metadata":
        {}}}'
    http_version: 
  recorded_at: Thu, 11 Aug 2016 16:51:59 GMT
- request:
    method: get
    uri: http://146.20.103.69:8774/v2.1/92ac5831e22341bc9cc88f3942ba4d68/servers/86a2974e-2622-4eed-a96c-1c721d9fff88
    body:
      encoding: US-ASCII
      string: ''
    headers:
      Accept:
      - application/json
      Accept-Encoding:
      - gzip, deflate
      X-Auth-Token:
      - gAAAAABXrKxlUyZvKC70n7H2-JA8q0xbbDMNh9QngJ66i7FYXO_yFJrkHVH-7TiK6AGvRnTLHXQyPkh7KB7oLvyf37waNrCkr_9c5mb9SzSqK-9Z_0s5F2MqidLe8BJb0mvLOYdPCmA6Z63uVgLaw0mkF0bp6oSTyuSLFZDCx--E6Dyg238RdJc
      Content-Type:
      - application/json
      User-Agent:
      - Ruby
  response:
    status:
      code: 200
      message: OK
    headers:
      Content-Type:
      - application/json
      Content-Length:
      - '1658'
      X-Openstack-Nova-Api-Version:
      - '2.1'
      Vary:
      - X-OpenStack-Nova-API-Version
      X-Compute-Request-Id:
      - req-dfdc2cf9-aed0-4619-b276-cc031064fecd
      Date:
      - Thu, 11 Aug 2016 16:52:01 GMT
    body:
      encoding: UTF-8
      string: '{"server": {"status": "BUILD", "updated": "2016-08-11T16:51:55Z", "hostId":
        "ddfbbf847bc526c52777edc7173a5f9f0b95c29110710d02afb8eb50", "OS-EXT-SRV-ATTR:host":
        "pita", "addresses": {"public": [{"OS-EXT-IPS-MAC:mac_addr": "fa:16:3e:82:a9:d2",
        "version": 4, "addr": "172.29.248.51", "OS-EXT-IPS:type": "fixed"}]}, "links":
        [{"href": "http://146.20.103.69:8774/v2.1/92ac5831e22341bc9cc88f3942ba4d68/servers/86a2974e-2622-4eed-a96c-1c721d9fff88",
        "rel": "self"}, {"href": "http://146.20.103.69:8774/92ac5831e22341bc9cc88f3942ba4d68/servers/86a2974e-2622-4eed-a96c-1c721d9fff88",
        "rel": "bookmark"}], "key_name": null, "image": {"id": "d1a3bf61-7346-482e-91aa-b038ad784042",
        "links": [{"href": "http://146.20.103.69:8774/92ac5831e22341bc9cc88f3942ba4d68/images/d1a3bf61-7346-482e-91aa-b038ad784042",
        "rel": "bookmark"}]}, "OS-EXT-STS:task_state": "spawning", "OS-EXT-STS:vm_state":
        "building", "OS-EXT-SRV-ATTR:instance_name": "instance-00000094", "OS-SRV-USG:launched_at":
        null, "OS-EXT-SRV-ATTR:hypervisor_hostname": "pita", "flavor": {"id": "1",
        "links": [{"href": "http://146.20.103.69:8774/92ac5831e22341bc9cc88f3942ba4d68/flavors/1",
        "rel": "bookmark"}]}, "id": "86a2974e-2622-4eed-a96c-1c721d9fff88", "security_groups":
        [{"name": "default"}], "OS-SRV-USG:terminated_at": null, "OS-EXT-AZ:availability_zone":
        "nova", "user_id": "291651f78d4d46738e3b6dc413243760", "name": "536343", "created":
        "2016-08-11T16:51:54Z", "tenant_id": "92ac5831e22341bc9cc88f3942ba4d68", "OS-DCF:diskConfig":
        "MANUAL", "os-extended-volumes:volumes_attached": [], "accessIPv4": "", "accessIPv6":
        "", "progress": 0, "OS-EXT-STS:power_state": 0, "config_drive": "", "metadata":
        {}}}'
    http_version: 
  recorded_at: Thu, 11 Aug 2016 16:52:01 GMT
- request:
    method: get
    uri: http://146.20.103.69:8774/v2.1/92ac5831e22341bc9cc88f3942ba4d68/servers/86a2974e-2622-4eed-a96c-1c721d9fff88
    body:
      encoding: US-ASCII
      string: ''
    headers:
      Accept:
      - application/json
      Accept-Encoding:
      - gzip, deflate
      X-Auth-Token:
      - gAAAAABXrKxlUyZvKC70n7H2-JA8q0xbbDMNh9QngJ66i7FYXO_yFJrkHVH-7TiK6AGvRnTLHXQyPkh7KB7oLvyf37waNrCkr_9c5mb9SzSqK-9Z_0s5F2MqidLe8BJb0mvLOYdPCmA6Z63uVgLaw0mkF0bp6oSTyuSLFZDCx--E6Dyg238RdJc
      Content-Type:
      - application/json
      User-Agent:
      - Ruby
  response:
    status:
      code: 200
      message: OK
    headers:
      Content-Type:
      - application/json
      Content-Length:
      - '1675'
      X-Openstack-Nova-Api-Version:
      - '2.1'
      Vary:
      - X-OpenStack-Nova-API-Version
      X-Compute-Request-Id:
      - req-7f807925-3242-4e98-9c14-88de5bb9fa48
      Date:
      - Thu, 11 Aug 2016 16:52:02 GMT
    body:
      encoding: UTF-8
      string: '{"server": {"status": "ACTIVE", "updated": "2016-08-11T16:52:01Z",
        "hostId": "ddfbbf847bc526c52777edc7173a5f9f0b95c29110710d02afb8eb50", "OS-EXT-SRV-ATTR:host":
        "pita", "addresses": {"public": [{"OS-EXT-IPS-MAC:mac_addr": "fa:16:3e:82:a9:d2",
        "version": 4, "addr": "172.29.248.51", "OS-EXT-IPS:type": "fixed"}]}, "links":
        [{"href": "http://146.20.103.69:8774/v2.1/92ac5831e22341bc9cc88f3942ba4d68/servers/86a2974e-2622-4eed-a96c-1c721d9fff88",
        "rel": "self"}, {"href": "http://146.20.103.69:8774/92ac5831e22341bc9cc88f3942ba4d68/servers/86a2974e-2622-4eed-a96c-1c721d9fff88",
        "rel": "bookmark"}], "key_name": null, "image": {"id": "d1a3bf61-7346-482e-91aa-b038ad784042",
        "links": [{"href": "http://146.20.103.69:8774/92ac5831e22341bc9cc88f3942ba4d68/images/d1a3bf61-7346-482e-91aa-b038ad784042",
        "rel": "bookmark"}]}, "OS-EXT-STS:task_state": null, "OS-EXT-STS:vm_state":
        "active", "OS-EXT-SRV-ATTR:instance_name": "instance-00000094", "OS-SRV-USG:launched_at":
        "2016-08-11T16:52:01.000000", "OS-EXT-SRV-ATTR:hypervisor_hostname": "pita",
        "flavor": {"id": "1", "links": [{"href": "http://146.20.103.69:8774/92ac5831e22341bc9cc88f3942ba4d68/flavors/1",
        "rel": "bookmark"}]}, "id": "86a2974e-2622-4eed-a96c-1c721d9fff88", "security_groups":
        [{"name": "default"}], "OS-SRV-USG:terminated_at": null, "OS-EXT-AZ:availability_zone":
        "nova", "user_id": "291651f78d4d46738e3b6dc413243760", "name": "536343", "created":
        "2016-08-11T16:51:54Z", "tenant_id": "92ac5831e22341bc9cc88f3942ba4d68", "OS-DCF:diskConfig":
        "MANUAL", "os-extended-volumes:volumes_attached": [], "accessIPv4": "", "accessIPv6":
        "", "progress": 0, "OS-EXT-STS:power_state": 1, "config_drive": "", "metadata":
        {}}}'
    http_version: 
  recorded_at: Thu, 11 Aug 2016 16:52:02 GMT
- request:
    method: post
    uri: http://146.20.103.69:8774/v2.1/92ac5831e22341bc9cc88f3942ba4d68/servers/86a2974e-2622-4eed-a96c-1c721d9fff88/action
    body:
      encoding: UTF-8
      string: '{"rescue":{"rescue_image_ref":"d1a3bf61-7346-482e-91aa-b038ad784042"}}'
    headers:
      Accept:
      - application/json
      Accept-Encoding:
      - gzip, deflate
      X-Auth-Token:
      - gAAAAABXrKxlUyZvKC70n7H2-JA8q0xbbDMNh9QngJ66i7FYXO_yFJrkHVH-7TiK6AGvRnTLHXQyPkh7KB7oLvyf37waNrCkr_9c5mb9SzSqK-9Z_0s5F2MqidLe8BJb0mvLOYdPCmA6Z63uVgLaw0mkF0bp6oSTyuSLFZDCx--E6Dyg238RdJc
      Content-Type:
      - application/json
      Content-Length:
      - '70'
      User-Agent:
      - Ruby
  response:
    status:
      code: 200
      message: OK
    headers:
      Content-Type:
      - application/json
      Content-Length:
      - '29'
      X-Openstack-Nova-Api-Version:
      - '2.1'
      Vary:
      - X-OpenStack-Nova-API-Version
      X-Compute-Request-Id:
      - req-09eba15a-9454-41a2-87e9-20362dab1c2b
      Date:
      - Thu, 11 Aug 2016 16:52:03 GMT
    body:
      encoding: UTF-8
      string: '{"<OS_USERNAME>Pass": "HAuTJthnut7F"}'
    http_version: 
  recorded_at: Thu, 11 Aug 2016 16:52:02 GMT
- request:
    method: get
    uri: http://146.20.103.69:8774/v2.1/92ac5831e22341bc9cc88f3942ba4d68/servers/86a2974e-2622-4eed-a96c-1c721d9fff88
    body:
      encoding: US-ASCII
      string: ''
    headers:
      Accept:
      - application/json
      Accept-Encoding:
      - gzip, deflate
      X-Auth-Token:
      - gAAAAABXrKxlUyZvKC70n7H2-JA8q0xbbDMNh9QngJ66i7FYXO_yFJrkHVH-7TiK6AGvRnTLHXQyPkh7KB7oLvyf37waNrCkr_9c5mb9SzSqK-9Z_0s5F2MqidLe8BJb0mvLOYdPCmA6Z63uVgLaw0mkF0bp6oSTyuSLFZDCx--E6Dyg238RdJc
      Content-Type:
      - application/json
      User-Agent:
      - Ruby
  response:
    status:
      code: 200
      message: OK
    headers:
      Content-Type:
      - application/json
      Content-Length:
      - '1681'
      X-Openstack-Nova-Api-Version:
      - '2.1'
      Vary:
      - X-OpenStack-Nova-API-Version
      X-Compute-Request-Id:
      - req-395a20fb-a645-403b-b275-62b0b5f3402e
      Date:
      - Thu, 11 Aug 2016 16:52:03 GMT
    body:
      encoding: UTF-8
      string: '{"server": {"status": "ACTIVE", "updated": "2016-08-11T16:52:03Z",
        "hostId": "ddfbbf847bc526c52777edc7173a5f9f0b95c29110710d02afb8eb50", "OS-EXT-SRV-ATTR:host":
        "pita", "addresses": {"public": [{"OS-EXT-IPS-MAC:mac_addr": "fa:16:3e:82:a9:d2",
        "version": 4, "addr": "172.29.248.51", "OS-EXT-IPS:type": "fixed"}]}, "links":
        [{"href": "http://146.20.103.69:8774/v2.1/92ac5831e22341bc9cc88f3942ba4d68/servers/86a2974e-2622-4eed-a96c-1c721d9fff88",
        "rel": "self"}, {"href": "http://146.20.103.69:8774/92ac5831e22341bc9cc88f3942ba4d68/servers/86a2974e-2622-4eed-a96c-1c721d9fff88",
        "rel": "bookmark"}], "key_name": null, "image": {"id": "d1a3bf61-7346-482e-91aa-b038ad784042",
        "links": [{"href": "http://146.20.103.69:8774/92ac5831e22341bc9cc88f3942ba4d68/images/d1a3bf61-7346-482e-91aa-b038ad784042",
        "rel": "bookmark"}]}, "OS-EXT-STS:task_state": "rescuing", "OS-EXT-STS:vm_state":
        "active", "OS-EXT-SRV-ATTR:instance_name": "instance-00000094", "OS-SRV-USG:launched_at":
        "2016-08-11T16:52:01.000000", "OS-EXT-SRV-ATTR:hypervisor_hostname": "pita",
        "flavor": {"id": "1", "links": [{"href": "http://146.20.103.69:8774/92ac5831e22341bc9cc88f3942ba4d68/flavors/1",
        "rel": "bookmark"}]}, "id": "86a2974e-2622-4eed-a96c-1c721d9fff88", "security_groups":
        [{"name": "default"}], "OS-SRV-USG:terminated_at": null, "OS-EXT-AZ:availability_zone":
        "nova", "user_id": "291651f78d4d46738e3b6dc413243760", "name": "536343", "created":
        "2016-08-11T16:51:54Z", "tenant_id": "92ac5831e22341bc9cc88f3942ba4d68", "OS-DCF:diskConfig":
        "MANUAL", "os-extended-volumes:volumes_attached": [], "accessIPv4": "", "accessIPv6":
        "", "progress": 0, "OS-EXT-STS:power_state": 1, "config_drive": "", "metadata":
        {}}}'
    http_version: 
  recorded_at: Thu, 11 Aug 2016 16:52:03 GMT
- request:
    method: get
    uri: http://146.20.103.69:8774/v2.1/92ac5831e22341bc9cc88f3942ba4d68/servers/86a2974e-2622-4eed-a96c-1c721d9fff88
    body:
      encoding: US-ASCII
      string: ''
    headers:
      Accept:
      - application/json
      Accept-Encoding:
      - gzip, deflate
      X-Auth-Token:
      - gAAAAABXrKxlUyZvKC70n7H2-JA8q0xbbDMNh9QngJ66i7FYXO_yFJrkHVH-7TiK6AGvRnTLHXQyPkh7KB7oLvyf37waNrCkr_9c5mb9SzSqK-9Z_0s5F2MqidLe8BJb0mvLOYdPCmA6Z63uVgLaw0mkF0bp6oSTyuSLFZDCx--E6Dyg238RdJc
      Content-Type:
      - application/json
      User-Agent:
      - Ruby
  response:
    status:
      code: 200
      message: OK
    headers:
      Content-Type:
      - application/json
      Content-Length:
      - '1681'
      X-Openstack-Nova-Api-Version:
      - '2.1'
      Vary:
      - X-OpenStack-Nova-API-Version
      X-Compute-Request-Id:
      - req-541a17f4-a301-4e50-ac71-49641c6b72d3
      Date:
      - Thu, 11 Aug 2016 16:52:04 GMT
    body:
      encoding: UTF-8
      string: '{"server": {"status": "ACTIVE", "updated": "2016-08-11T16:52:03Z",
        "hostId": "ddfbbf847bc526c52777edc7173a5f9f0b95c29110710d02afb8eb50", "OS-EXT-SRV-ATTR:host":
        "pita", "addresses": {"public": [{"OS-EXT-IPS-MAC:mac_addr": "fa:16:3e:82:a9:d2",
        "version": 4, "addr": "172.29.248.51", "OS-EXT-IPS:type": "fixed"}]}, "links":
        [{"href": "http://146.20.103.69:8774/v2.1/92ac5831e22341bc9cc88f3942ba4d68/servers/86a2974e-2622-4eed-a96c-1c721d9fff88",
        "rel": "self"}, {"href": "http://146.20.103.69:8774/92ac5831e22341bc9cc88f3942ba4d68/servers/86a2974e-2622-4eed-a96c-1c721d9fff88",
        "rel": "bookmark"}], "key_name": null, "image": {"id": "d1a3bf61-7346-482e-91aa-b038ad784042",
        "links": [{"href": "http://146.20.103.69:8774/92ac5831e22341bc9cc88f3942ba4d68/images/d1a3bf61-7346-482e-91aa-b038ad784042",
        "rel": "bookmark"}]}, "OS-EXT-STS:task_state": "rescuing", "OS-EXT-STS:vm_state":
        "active", "OS-EXT-SRV-ATTR:instance_name": "instance-00000094", "OS-SRV-USG:launched_at":
        "2016-08-11T16:52:01.000000", "OS-EXT-SRV-ATTR:hypervisor_hostname": "pita",
        "flavor": {"id": "1", "links": [{"href": "http://146.20.103.69:8774/92ac5831e22341bc9cc88f3942ba4d68/flavors/1",
        "rel": "bookmark"}]}, "id": "86a2974e-2622-4eed-a96c-1c721d9fff88", "security_groups":
        [{"name": "default"}], "OS-SRV-USG:terminated_at": null, "OS-EXT-AZ:availability_zone":
        "nova", "user_id": "291651f78d4d46738e3b6dc413243760", "name": "536343", "created":
        "2016-08-11T16:51:54Z", "tenant_id": "92ac5831e22341bc9cc88f3942ba4d68", "OS-DCF:diskConfig":
        "MANUAL", "os-extended-volumes:volumes_attached": [], "accessIPv4": "", "accessIPv6":
        "", "progress": 0, "OS-EXT-STS:power_state": 1, "config_drive": "", "metadata":
        {}}}'
    http_version: 
  recorded_at: Thu, 11 Aug 2016 16:52:04 GMT
- request:
    method: get
    uri: http://146.20.103.69:8774/v2.1/92ac5831e22341bc9cc88f3942ba4d68/servers/86a2974e-2622-4eed-a96c-1c721d9fff88
    body:
      encoding: US-ASCII
      string: ''
    headers:
      Accept:
      - application/json
      Accept-Encoding:
      - gzip, deflate
      X-Auth-Token:
      - gAAAAABXrKxlUyZvKC70n7H2-JA8q0xbbDMNh9QngJ66i7FYXO_yFJrkHVH-7TiK6AGvRnTLHXQyPkh7KB7oLvyf37waNrCkr_9c5mb9SzSqK-9Z_0s5F2MqidLe8BJb0mvLOYdPCmA6Z63uVgLaw0mkF0bp6oSTyuSLFZDCx--E6Dyg238RdJc
      Content-Type:
      - application/json
      User-Agent:
      - Ruby
  response:
    status:
      code: 200
      message: OK
    headers:
      Content-Type:
      - application/json
      Content-Length:
      - '1681'
      X-Openstack-Nova-Api-Version:
      - '2.1'
      Vary:
      - X-OpenStack-Nova-API-Version
      X-Compute-Request-Id:
      - req-f2efb75c-1a3b-45a0-9db6-d666d30b43d8
      Date:
      - Thu, 11 Aug 2016 16:52:06 GMT
    body:
      encoding: UTF-8
      string: '{"server": {"status": "ACTIVE", "updated": "2016-08-11T16:52:03Z",
        "hostId": "ddfbbf847bc526c52777edc7173a5f9f0b95c29110710d02afb8eb50", "OS-EXT-SRV-ATTR:host":
        "pita", "addresses": {"public": [{"OS-EXT-IPS-MAC:mac_addr": "fa:16:3e:82:a9:d2",
        "version": 4, "addr": "172.29.248.51", "OS-EXT-IPS:type": "fixed"}]}, "links":
        [{"href": "http://146.20.103.69:8774/v2.1/92ac5831e22341bc9cc88f3942ba4d68/servers/86a2974e-2622-4eed-a96c-1c721d9fff88",
        "rel": "self"}, {"href": "http://146.20.103.69:8774/92ac5831e22341bc9cc88f3942ba4d68/servers/86a2974e-2622-4eed-a96c-1c721d9fff88",
        "rel": "bookmark"}], "key_name": null, "image": {"id": "d1a3bf61-7346-482e-91aa-b038ad784042",
        "links": [{"href": "http://146.20.103.69:8774/92ac5831e22341bc9cc88f3942ba4d68/images/d1a3bf61-7346-482e-91aa-b038ad784042",
        "rel": "bookmark"}]}, "OS-EXT-STS:task_state": "rescuing", "OS-EXT-STS:vm_state":
        "active", "OS-EXT-SRV-ATTR:instance_name": "instance-00000094", "OS-SRV-USG:launched_at":
        "2016-08-11T16:52:01.000000", "OS-EXT-SRV-ATTR:hypervisor_hostname": "pita",
        "flavor": {"id": "1", "links": [{"href": "http://146.20.103.69:8774/92ac5831e22341bc9cc88f3942ba4d68/flavors/1",
        "rel": "bookmark"}]}, "id": "86a2974e-2622-4eed-a96c-1c721d9fff88", "security_groups":
        [{"name": "default"}], "OS-SRV-USG:terminated_at": null, "OS-EXT-AZ:availability_zone":
        "nova", "user_id": "291651f78d4d46738e3b6dc413243760", "name": "536343", "created":
        "2016-08-11T16:51:54Z", "tenant_id": "92ac5831e22341bc9cc88f3942ba4d68", "OS-DCF:diskConfig":
        "MANUAL", "os-extended-volumes:volumes_attached": [], "accessIPv4": "", "accessIPv6":
        "", "progress": 0, "OS-EXT-STS:power_state": 1, "config_drive": "", "metadata":
        {}}}'
    http_version: 
  recorded_at: Thu, 11 Aug 2016 16:52:06 GMT
- request:
    method: get
    uri: http://146.20.103.69:8774/v2.1/92ac5831e22341bc9cc88f3942ba4d68/servers/86a2974e-2622-4eed-a96c-1c721d9fff88
    body:
      encoding: US-ASCII
      string: ''
    headers:
      Accept:
      - application/json
      Accept-Encoding:
      - gzip, deflate
      X-Auth-Token:
      - gAAAAABXrKxlUyZvKC70n7H2-JA8q0xbbDMNh9QngJ66i7FYXO_yFJrkHVH-7TiK6AGvRnTLHXQyPkh7KB7oLvyf37waNrCkr_9c5mb9SzSqK-9Z_0s5F2MqidLe8BJb0mvLOYdPCmA6Z63uVgLaw0mkF0bp6oSTyuSLFZDCx--E6Dyg238RdJc
      Content-Type:
      - application/json
      User-Agent:
      - Ruby
  response:
    status:
      code: 200
      message: OK
    headers:
      Content-Type:
      - application/json
      Content-Length:
      - '1681'
      X-Openstack-Nova-Api-Version:
      - '2.1'
      Vary:
      - X-OpenStack-Nova-API-Version
      X-Compute-Request-Id:
      - req-19bb5dc5-5250-44e7-9b8e-3c253336e602
      Date:
      - Thu, 11 Aug 2016 16:52:08 GMT
    body:
      encoding: UTF-8
      string: '{"server": {"status": "ACTIVE", "updated": "2016-08-11T16:52:03Z",
        "hostId": "ddfbbf847bc526c52777edc7173a5f9f0b95c29110710d02afb8eb50", "OS-EXT-SRV-ATTR:host":
        "pita", "addresses": {"public": [{"OS-EXT-IPS-MAC:mac_addr": "fa:16:3e:82:a9:d2",
        "version": 4, "addr": "172.29.248.51", "OS-EXT-IPS:type": "fixed"}]}, "links":
        [{"href": "http://146.20.103.69:8774/v2.1/92ac5831e22341bc9cc88f3942ba4d68/servers/86a2974e-2622-4eed-a96c-1c721d9fff88",
        "rel": "self"}, {"href": "http://146.20.103.69:8774/92ac5831e22341bc9cc88f3942ba4d68/servers/86a2974e-2622-4eed-a96c-1c721d9fff88",
        "rel": "bookmark"}], "key_name": null, "image": {"id": "d1a3bf61-7346-482e-91aa-b038ad784042",
        "links": [{"href": "http://146.20.103.69:8774/92ac5831e22341bc9cc88f3942ba4d68/images/d1a3bf61-7346-482e-91aa-b038ad784042",
        "rel": "bookmark"}]}, "OS-EXT-STS:task_state": "rescuing", "OS-EXT-STS:vm_state":
        "active", "OS-EXT-SRV-ATTR:instance_name": "instance-00000094", "OS-SRV-USG:launched_at":
        "2016-08-11T16:52:01.000000", "OS-EXT-SRV-ATTR:hypervisor_hostname": "pita",
        "flavor": {"id": "1", "links": [{"href": "http://146.20.103.69:8774/92ac5831e22341bc9cc88f3942ba4d68/flavors/1",
        "rel": "bookmark"}]}, "id": "86a2974e-2622-4eed-a96c-1c721d9fff88", "security_groups":
        [{"name": "default"}], "OS-SRV-USG:terminated_at": null, "OS-EXT-AZ:availability_zone":
        "nova", "user_id": "291651f78d4d46738e3b6dc413243760", "name": "536343", "created":
        "2016-08-11T16:51:54Z", "tenant_id": "92ac5831e22341bc9cc88f3942ba4d68", "OS-DCF:diskConfig":
        "MANUAL", "os-extended-volumes:volumes_attached": [], "accessIPv4": "", "accessIPv6":
        "", "progress": 0, "OS-EXT-STS:power_state": 1, "config_drive": "", "metadata":
        {}}}'
    http_version: 
  recorded_at: Thu, 11 Aug 2016 16:52:07 GMT
- request:
    method: get
    uri: http://146.20.103.69:8774/v2.1/92ac5831e22341bc9cc88f3942ba4d68/servers/86a2974e-2622-4eed-a96c-1c721d9fff88
    body:
      encoding: US-ASCII
      string: ''
    headers:
      Accept:
      - application/json
      Accept-Encoding:
      - gzip, deflate
      X-Auth-Token:
      - gAAAAABXrKxlUyZvKC70n7H2-JA8q0xbbDMNh9QngJ66i7FYXO_yFJrkHVH-7TiK6AGvRnTLHXQyPkh7KB7oLvyf37waNrCkr_9c5mb9SzSqK-9Z_0s5F2MqidLe8BJb0mvLOYdPCmA6Z63uVgLaw0mkF0bp6oSTyuSLFZDCx--E6Dyg238RdJc
      Content-Type:
      - application/json
      User-Agent:
      - Ruby
  response:
    status:
      code: 200
      message: OK
    headers:
      Content-Type:
      - application/json
      Content-Length:
      - '1681'
      X-Openstack-Nova-Api-Version:
      - '2.1'
      Vary:
      - X-OpenStack-Nova-API-Version
      X-Compute-Request-Id:
      - req-985ae844-03b6-4b64-9655-2a455b26017b
      Date:
      - Thu, 11 Aug 2016 16:52:09 GMT
    body:
      encoding: UTF-8
      string: '{"server": {"status": "ACTIVE", "updated": "2016-08-11T16:52:03Z",
        "hostId": "ddfbbf847bc526c52777edc7173a5f9f0b95c29110710d02afb8eb50", "OS-EXT-SRV-ATTR:host":
        "pita", "addresses": {"public": [{"OS-EXT-IPS-MAC:mac_addr": "fa:16:3e:82:a9:d2",
        "version": 4, "addr": "172.29.248.51", "OS-EXT-IPS:type": "fixed"}]}, "links":
        [{"href": "http://146.20.103.69:8774/v2.1/92ac5831e22341bc9cc88f3942ba4d68/servers/86a2974e-2622-4eed-a96c-1c721d9fff88",
        "rel": "self"}, {"href": "http://146.20.103.69:8774/92ac5831e22341bc9cc88f3942ba4d68/servers/86a2974e-2622-4eed-a96c-1c721d9fff88",
        "rel": "bookmark"}], "key_name": null, "image": {"id": "d1a3bf61-7346-482e-91aa-b038ad784042",
        "links": [{"href": "http://146.20.103.69:8774/92ac5831e22341bc9cc88f3942ba4d68/images/d1a3bf61-7346-482e-91aa-b038ad784042",
        "rel": "bookmark"}]}, "OS-EXT-STS:task_state": "rescuing", "OS-EXT-STS:vm_state":
        "active", "OS-EXT-SRV-ATTR:instance_name": "instance-00000094", "OS-SRV-USG:launched_at":
        "2016-08-11T16:52:01.000000", "OS-EXT-SRV-ATTR:hypervisor_hostname": "pita",
        "flavor": {"id": "1", "links": [{"href": "http://146.20.103.69:8774/92ac5831e22341bc9cc88f3942ba4d68/flavors/1",
        "rel": "bookmark"}]}, "id": "86a2974e-2622-4eed-a96c-1c721d9fff88", "security_groups":
        [{"name": "default"}], "OS-SRV-USG:terminated_at": null, "OS-EXT-AZ:availability_zone":
        "nova", "user_id": "291651f78d4d46738e3b6dc413243760", "name": "536343", "created":
        "2016-08-11T16:51:54Z", "tenant_id": "92ac5831e22341bc9cc88f3942ba4d68", "OS-DCF:diskConfig":
        "MANUAL", "os-extended-volumes:volumes_attached": [], "accessIPv4": "", "accessIPv6":
        "", "progress": 0, "OS-EXT-STS:power_state": 1, "config_drive": "", "metadata":
        {}}}'
    http_version: 
  recorded_at: Thu, 11 Aug 2016 16:52:08 GMT
- request:
    method: get
    uri: http://146.20.103.69:8774/v2.1/92ac5831e22341bc9cc88f3942ba4d68/servers/86a2974e-2622-4eed-a96c-1c721d9fff88
    body:
      encoding: US-ASCII
      string: ''
    headers:
      Accept:
      - application/json
      Accept-Encoding:
      - gzip, deflate
      X-Auth-Token:
      - gAAAAABXrKxlUyZvKC70n7H2-JA8q0xbbDMNh9QngJ66i7FYXO_yFJrkHVH-7TiK6AGvRnTLHXQyPkh7KB7oLvyf37waNrCkr_9c5mb9SzSqK-9Z_0s5F2MqidLe8BJb0mvLOYdPCmA6Z63uVgLaw0mkF0bp6oSTyuSLFZDCx--E6Dyg238RdJc
      Content-Type:
      - application/json
      User-Agent:
      - Ruby
  response:
    status:
      code: 200
      message: OK
    headers:
      Content-Type:
      - application/json
      Content-Length:
      - '1681'
      X-Openstack-Nova-Api-Version:
      - '2.1'
      Vary:
      - X-OpenStack-Nova-API-Version
      X-Compute-Request-Id:
      - req-c162f28c-65fa-4a11-ad20-d9618b9cecd0
      Date:
      - Thu, 11 Aug 2016 16:52:10 GMT
    body:
      encoding: UTF-8
      string: '{"server": {"status": "ACTIVE", "updated": "2016-08-11T16:52:03Z",
        "hostId": "ddfbbf847bc526c52777edc7173a5f9f0b95c29110710d02afb8eb50", "OS-EXT-SRV-ATTR:host":
        "pita", "addresses": {"public": [{"OS-EXT-IPS-MAC:mac_addr": "fa:16:3e:82:a9:d2",
        "version": 4, "addr": "172.29.248.51", "OS-EXT-IPS:type": "fixed"}]}, "links":
        [{"href": "http://146.20.103.69:8774/v2.1/92ac5831e22341bc9cc88f3942ba4d68/servers/86a2974e-2622-4eed-a96c-1c721d9fff88",
        "rel": "self"}, {"href": "http://146.20.103.69:8774/92ac5831e22341bc9cc88f3942ba4d68/servers/86a2974e-2622-4eed-a96c-1c721d9fff88",
        "rel": "bookmark"}], "key_name": null, "image": {"id": "d1a3bf61-7346-482e-91aa-b038ad784042",
        "links": [{"href": "http://146.20.103.69:8774/92ac5831e22341bc9cc88f3942ba4d68/images/d1a3bf61-7346-482e-91aa-b038ad784042",
        "rel": "bookmark"}]}, "OS-EXT-STS:task_state": "rescuing", "OS-EXT-STS:vm_state":
        "active", "OS-EXT-SRV-ATTR:instance_name": "instance-00000094", "OS-SRV-USG:launched_at":
        "2016-08-11T16:52:01.000000", "OS-EXT-SRV-ATTR:hypervisor_hostname": "pita",
        "flavor": {"id": "1", "links": [{"href": "http://146.20.103.69:8774/92ac5831e22341bc9cc88f3942ba4d68/flavors/1",
        "rel": "bookmark"}]}, "id": "86a2974e-2622-4eed-a96c-1c721d9fff88", "security_groups":
        [{"name": "default"}], "OS-SRV-USG:terminated_at": null, "OS-EXT-AZ:availability_zone":
        "nova", "user_id": "291651f78d4d46738e3b6dc413243760", "name": "536343", "created":
        "2016-08-11T16:51:54Z", "tenant_id": "92ac5831e22341bc9cc88f3942ba4d68", "OS-DCF:diskConfig":
        "MANUAL", "os-extended-volumes:volumes_attached": [], "accessIPv4": "", "accessIPv6":
        "", "progress": 0, "OS-EXT-STS:power_state": 1, "config_drive": "", "metadata":
        {}}}'
    http_version: 
  recorded_at: Thu, 11 Aug 2016 16:52:10 GMT
- request:
    method: get
    uri: http://146.20.103.69:8774/v2.1/92ac5831e22341bc9cc88f3942ba4d68/servers/86a2974e-2622-4eed-a96c-1c721d9fff88
    body:
      encoding: US-ASCII
      string: ''
    headers:
      Accept:
      - application/json
      Accept-Encoding:
      - gzip, deflate
      X-Auth-Token:
      - gAAAAABXrKxlUyZvKC70n7H2-JA8q0xbbDMNh9QngJ66i7FYXO_yFJrkHVH-7TiK6AGvRnTLHXQyPkh7KB7oLvyf37waNrCkr_9c5mb9SzSqK-9Z_0s5F2MqidLe8BJb0mvLOYdPCmA6Z63uVgLaw0mkF0bp6oSTyuSLFZDCx--E6Dyg238RdJc
      Content-Type:
      - application/json
      User-Agent:
      - Ruby
  response:
    status:
      code: 200
      message: OK
    headers:
      Content-Type:
      - application/json
      Content-Length:
      - '1681'
      X-Openstack-Nova-Api-Version:
      - '2.1'
      Vary:
      - X-OpenStack-Nova-API-Version
      X-Compute-Request-Id:
      - req-7003ce09-323c-477e-aeea-ee71506f9297
      Date:
      - Thu, 11 Aug 2016 16:52:11 GMT
    body:
      encoding: UTF-8
      string: '{"server": {"status": "ACTIVE", "updated": "2016-08-11T16:52:03Z",
        "hostId": "ddfbbf847bc526c52777edc7173a5f9f0b95c29110710d02afb8eb50", "OS-EXT-SRV-ATTR:host":
        "pita", "addresses": {"public": [{"OS-EXT-IPS-MAC:mac_addr": "fa:16:3e:82:a9:d2",
        "version": 4, "addr": "172.29.248.51", "OS-EXT-IPS:type": "fixed"}]}, "links":
        [{"href": "http://146.20.103.69:8774/v2.1/92ac5831e22341bc9cc88f3942ba4d68/servers/86a2974e-2622-4eed-a96c-1c721d9fff88",
        "rel": "self"}, {"href": "http://146.20.103.69:8774/92ac5831e22341bc9cc88f3942ba4d68/servers/86a2974e-2622-4eed-a96c-1c721d9fff88",
        "rel": "bookmark"}], "key_name": null, "image": {"id": "d1a3bf61-7346-482e-91aa-b038ad784042",
        "links": [{"href": "http://146.20.103.69:8774/92ac5831e22341bc9cc88f3942ba4d68/images/d1a3bf61-7346-482e-91aa-b038ad784042",
        "rel": "bookmark"}]}, "OS-EXT-STS:task_state": "rescuing", "OS-EXT-STS:vm_state":
        "active", "OS-EXT-SRV-ATTR:instance_name": "instance-00000094", "OS-SRV-USG:launched_at":
        "2016-08-11T16:52:01.000000", "OS-EXT-SRV-ATTR:hypervisor_hostname": "pita",
        "flavor": {"id": "1", "links": [{"href": "http://146.20.103.69:8774/92ac5831e22341bc9cc88f3942ba4d68/flavors/1",
        "rel": "bookmark"}]}, "id": "86a2974e-2622-4eed-a96c-1c721d9fff88", "security_groups":
        [{"name": "default"}], "OS-SRV-USG:terminated_at": null, "OS-EXT-AZ:availability_zone":
        "nova", "user_id": "291651f78d4d46738e3b6dc413243760", "name": "536343", "created":
        "2016-08-11T16:51:54Z", "tenant_id": "92ac5831e22341bc9cc88f3942ba4d68", "OS-DCF:diskConfig":
        "MANUAL", "os-extended-volumes:volumes_attached": [], "accessIPv4": "", "accessIPv6":
        "", "progress": 0, "OS-EXT-STS:power_state": 1, "config_drive": "", "metadata":
        {}}}'
    http_version: 
  recorded_at: Thu, 11 Aug 2016 16:52:11 GMT
- request:
    method: get
    uri: http://146.20.103.69:8774/v2.1/92ac5831e22341bc9cc88f3942ba4d68/servers/86a2974e-2622-4eed-a96c-1c721d9fff88
    body:
      encoding: US-ASCII
      string: ''
    headers:
      Accept:
      - application/json
      Accept-Encoding:
      - gzip, deflate
      X-Auth-Token:
      - gAAAAABXrKxlUyZvKC70n7H2-JA8q0xbbDMNh9QngJ66i7FYXO_yFJrkHVH-7TiK6AGvRnTLHXQyPkh7KB7oLvyf37waNrCkr_9c5mb9SzSqK-9Z_0s5F2MqidLe8BJb0mvLOYdPCmA6Z63uVgLaw0mkF0bp6oSTyuSLFZDCx--E6Dyg238RdJc
      Content-Type:
      - application/json
      User-Agent:
      - Ruby
  response:
    status:
      code: 200
      message: OK
    headers:
      Content-Type:
      - application/json
      Content-Length:
      - '1681'
      X-Openstack-Nova-Api-Version:
      - '2.1'
      Vary:
      - X-OpenStack-Nova-API-Version
      X-Compute-Request-Id:
      - req-490bc0cd-8f86-4a9b-a04d-347441daff2d
      Date:
      - Thu, 11 Aug 2016 16:52:13 GMT
    body:
      encoding: UTF-8
      string: '{"server": {"status": "ACTIVE", "updated": "2016-08-11T16:52:03Z",
        "hostId": "ddfbbf847bc526c52777edc7173a5f9f0b95c29110710d02afb8eb50", "OS-EXT-SRV-ATTR:host":
        "pita", "addresses": {"public": [{"OS-EXT-IPS-MAC:mac_addr": "fa:16:3e:82:a9:d2",
        "version": 4, "addr": "172.29.248.51", "OS-EXT-IPS:type": "fixed"}]}, "links":
        [{"href": "http://146.20.103.69:8774/v2.1/92ac5831e22341bc9cc88f3942ba4d68/servers/86a2974e-2622-4eed-a96c-1c721d9fff88",
        "rel": "self"}, {"href": "http://146.20.103.69:8774/92ac5831e22341bc9cc88f3942ba4d68/servers/86a2974e-2622-4eed-a96c-1c721d9fff88",
        "rel": "bookmark"}], "key_name": null, "image": {"id": "d1a3bf61-7346-482e-91aa-b038ad784042",
        "links": [{"href": "http://146.20.103.69:8774/92ac5831e22341bc9cc88f3942ba4d68/images/d1a3bf61-7346-482e-91aa-b038ad784042",
        "rel": "bookmark"}]}, "OS-EXT-STS:task_state": "rescuing", "OS-EXT-STS:vm_state":
        "active", "OS-EXT-SRV-ATTR:instance_name": "instance-00000094", "OS-SRV-USG:launched_at":
        "2016-08-11T16:52:01.000000", "OS-EXT-SRV-ATTR:hypervisor_hostname": "pita",
        "flavor": {"id": "1", "links": [{"href": "http://146.20.103.69:8774/92ac5831e22341bc9cc88f3942ba4d68/flavors/1",
        "rel": "bookmark"}]}, "id": "86a2974e-2622-4eed-a96c-1c721d9fff88", "security_groups":
        [{"name": "default"}], "OS-SRV-USG:terminated_at": null, "OS-EXT-AZ:availability_zone":
        "nova", "user_id": "291651f78d4d46738e3b6dc413243760", "name": "536343", "created":
        "2016-08-11T16:51:54Z", "tenant_id": "92ac5831e22341bc9cc88f3942ba4d68", "OS-DCF:diskConfig":
        "MANUAL", "os-extended-volumes:volumes_attached": [], "accessIPv4": "", "accessIPv6":
        "", "progress": 0, "OS-EXT-STS:power_state": 1, "config_drive": "", "metadata":
        {}}}'
    http_version: 
  recorded_at: Thu, 11 Aug 2016 16:52:13 GMT
- request:
    method: get
    uri: http://146.20.103.69:8774/v2.1/92ac5831e22341bc9cc88f3942ba4d68/servers/86a2974e-2622-4eed-a96c-1c721d9fff88
    body:
      encoding: US-ASCII
      string: ''
    headers:
      Accept:
      - application/json
      Accept-Encoding:
      - gzip, deflate
      X-Auth-Token:
      - gAAAAABXrKxlUyZvKC70n7H2-JA8q0xbbDMNh9QngJ66i7FYXO_yFJrkHVH-7TiK6AGvRnTLHXQyPkh7KB7oLvyf37waNrCkr_9c5mb9SzSqK-9Z_0s5F2MqidLe8BJb0mvLOYdPCmA6Z63uVgLaw0mkF0bp6oSTyuSLFZDCx--E6Dyg238RdJc
      Content-Type:
      - application/json
      User-Agent:
      - Ruby
  response:
    status:
      code: 200
      message: OK
    headers:
      Content-Type:
      - application/json
      Content-Length:
      - '1681'
      X-Openstack-Nova-Api-Version:
      - '2.1'
      Vary:
      - X-OpenStack-Nova-API-Version
      X-Compute-Request-Id:
      - req-9a125e3d-67af-4c4e-adbb-87e7563eec27
      Date:
      - Thu, 11 Aug 2016 16:52:14 GMT
    body:
      encoding: UTF-8
      string: '{"server": {"status": "ACTIVE", "updated": "2016-08-11T16:52:03Z",
        "hostId": "ddfbbf847bc526c52777edc7173a5f9f0b95c29110710d02afb8eb50", "OS-EXT-SRV-ATTR:host":
        "pita", "addresses": {"public": [{"OS-EXT-IPS-MAC:mac_addr": "fa:16:3e:82:a9:d2",
        "version": 4, "addr": "172.29.248.51", "OS-EXT-IPS:type": "fixed"}]}, "links":
        [{"href": "http://146.20.103.69:8774/v2.1/92ac5831e22341bc9cc88f3942ba4d68/servers/86a2974e-2622-4eed-a96c-1c721d9fff88",
        "rel": "self"}, {"href": "http://146.20.103.69:8774/92ac5831e22341bc9cc88f3942ba4d68/servers/86a2974e-2622-4eed-a96c-1c721d9fff88",
        "rel": "bookmark"}], "key_name": null, "image": {"id": "d1a3bf61-7346-482e-91aa-b038ad784042",
        "links": [{"href": "http://146.20.103.69:8774/92ac5831e22341bc9cc88f3942ba4d68/images/d1a3bf61-7346-482e-91aa-b038ad784042",
        "rel": "bookmark"}]}, "OS-EXT-STS:task_state": "rescuing", "OS-EXT-STS:vm_state":
        "active", "OS-EXT-SRV-ATTR:instance_name": "instance-00000094", "OS-SRV-USG:launched_at":
        "2016-08-11T16:52:01.000000", "OS-EXT-SRV-ATTR:hypervisor_hostname": "pita",
        "flavor": {"id": "1", "links": [{"href": "http://146.20.103.69:8774/92ac5831e22341bc9cc88f3942ba4d68/flavors/1",
        "rel": "bookmark"}]}, "id": "86a2974e-2622-4eed-a96c-1c721d9fff88", "security_groups":
        [{"name": "default"}], "OS-SRV-USG:terminated_at": null, "OS-EXT-AZ:availability_zone":
        "nova", "user_id": "291651f78d4d46738e3b6dc413243760", "name": "536343", "created":
        "2016-08-11T16:51:54Z", "tenant_id": "92ac5831e22341bc9cc88f3942ba4d68", "OS-DCF:diskConfig":
        "MANUAL", "os-extended-volumes:volumes_attached": [], "accessIPv4": "", "accessIPv6":
        "", "progress": 0, "OS-EXT-STS:power_state": 1, "config_drive": "", "metadata":
        {}}}'
    http_version: 
  recorded_at: Thu, 11 Aug 2016 16:52:14 GMT
- request:
    method: get
    uri: http://146.20.103.69:8774/v2.1/92ac5831e22341bc9cc88f3942ba4d68/servers/86a2974e-2622-4eed-a96c-1c721d9fff88
    body:
      encoding: US-ASCII
      string: ''
    headers:
      Accept:
      - application/json
      Accept-Encoding:
      - gzip, deflate
      X-Auth-Token:
      - gAAAAABXrKxlUyZvKC70n7H2-JA8q0xbbDMNh9QngJ66i7FYXO_yFJrkHVH-7TiK6AGvRnTLHXQyPkh7KB7oLvyf37waNrCkr_9c5mb9SzSqK-9Z_0s5F2MqidLe8BJb0mvLOYdPCmA6Z63uVgLaw0mkF0bp6oSTyuSLFZDCx--E6Dyg238RdJc
      Content-Type:
      - application/json
      User-Agent:
      - Ruby
  response:
    status:
      code: 200
      message: OK
    headers:
      Content-Type:
      - application/json
      Content-Length:
      - '1681'
      X-Openstack-Nova-Api-Version:
      - '2.1'
      Vary:
      - X-OpenStack-Nova-API-Version
      X-Compute-Request-Id:
      - req-4976be0a-33cd-4b86-b2f1-ca93e6f6df32
      Date:
      - Thu, 11 Aug 2016 16:52:16 GMT
    body:
      encoding: UTF-8
      string: '{"server": {"status": "ACTIVE", "updated": "2016-08-11T16:52:03Z",
        "hostId": "ddfbbf847bc526c52777edc7173a5f9f0b95c29110710d02afb8eb50", "OS-EXT-SRV-ATTR:host":
        "pita", "addresses": {"public": [{"OS-EXT-IPS-MAC:mac_addr": "fa:16:3e:82:a9:d2",
        "version": 4, "addr": "172.29.248.51", "OS-EXT-IPS:type": "fixed"}]}, "links":
        [{"href": "http://146.20.103.69:8774/v2.1/92ac5831e22341bc9cc88f3942ba4d68/servers/86a2974e-2622-4eed-a96c-1c721d9fff88",
        "rel": "self"}, {"href": "http://146.20.103.69:8774/92ac5831e22341bc9cc88f3942ba4d68/servers/86a2974e-2622-4eed-a96c-1c721d9fff88",
        "rel": "bookmark"}], "key_name": null, "image": {"id": "d1a3bf61-7346-482e-91aa-b038ad784042",
        "links": [{"href": "http://146.20.103.69:8774/92ac5831e22341bc9cc88f3942ba4d68/images/d1a3bf61-7346-482e-91aa-b038ad784042",
        "rel": "bookmark"}]}, "OS-EXT-STS:task_state": "rescuing", "OS-EXT-STS:vm_state":
        "active", "OS-EXT-SRV-ATTR:instance_name": "instance-00000094", "OS-SRV-USG:launched_at":
        "2016-08-11T16:52:01.000000", "OS-EXT-SRV-ATTR:hypervisor_hostname": "pita",
        "flavor": {"id": "1", "links": [{"href": "http://146.20.103.69:8774/92ac5831e22341bc9cc88f3942ba4d68/flavors/1",
        "rel": "bookmark"}]}, "id": "86a2974e-2622-4eed-a96c-1c721d9fff88", "security_groups":
        [{"name": "default"}], "OS-SRV-USG:terminated_at": null, "OS-EXT-AZ:availability_zone":
        "nova", "user_id": "291651f78d4d46738e3b6dc413243760", "name": "536343", "created":
        "2016-08-11T16:51:54Z", "tenant_id": "92ac5831e22341bc9cc88f3942ba4d68", "OS-DCF:diskConfig":
        "MANUAL", "os-extended-volumes:volumes_attached": [], "accessIPv4": "", "accessIPv6":
        "", "progress": 0, "OS-EXT-STS:power_state": 1, "config_drive": "", "metadata":
        {}}}'
    http_version: 
  recorded_at: Thu, 11 Aug 2016 16:52:15 GMT
- request:
    method: get
    uri: http://146.20.103.69:8774/v2.1/92ac5831e22341bc9cc88f3942ba4d68/servers/86a2974e-2622-4eed-a96c-1c721d9fff88
    body:
      encoding: US-ASCII
      string: ''
    headers:
      Accept:
      - application/json
      Accept-Encoding:
      - gzip, deflate
      X-Auth-Token:
      - gAAAAABXrKxlUyZvKC70n7H2-JA8q0xbbDMNh9QngJ66i7FYXO_yFJrkHVH-7TiK6AGvRnTLHXQyPkh7KB7oLvyf37waNrCkr_9c5mb9SzSqK-9Z_0s5F2MqidLe8BJb0mvLOYdPCmA6Z63uVgLaw0mkF0bp6oSTyuSLFZDCx--E6Dyg238RdJc
      Content-Type:
      - application/json
      User-Agent:
      - Ruby
  response:
    status:
      code: 200
      message: OK
    headers:
      Content-Type:
      - application/json
      Content-Length:
      - '1681'
      X-Openstack-Nova-Api-Version:
      - '2.1'
      Vary:
      - X-OpenStack-Nova-API-Version
      X-Compute-Request-Id:
      - req-e28571b9-eced-488d-a124-a025f12ba541
      Date:
      - Thu, 11 Aug 2016 16:52:17 GMT
    body:
      encoding: UTF-8
      string: '{"server": {"status": "ACTIVE", "updated": "2016-08-11T16:52:03Z",
        "hostId": "ddfbbf847bc526c52777edc7173a5f9f0b95c29110710d02afb8eb50", "OS-EXT-SRV-ATTR:host":
        "pita", "addresses": {"public": [{"OS-EXT-IPS-MAC:mac_addr": "fa:16:3e:82:a9:d2",
        "version": 4, "addr": "172.29.248.51", "OS-EXT-IPS:type": "fixed"}]}, "links":
        [{"href": "http://146.20.103.69:8774/v2.1/92ac5831e22341bc9cc88f3942ba4d68/servers/86a2974e-2622-4eed-a96c-1c721d9fff88",
        "rel": "self"}, {"href": "http://146.20.103.69:8774/92ac5831e22341bc9cc88f3942ba4d68/servers/86a2974e-2622-4eed-a96c-1c721d9fff88",
        "rel": "bookmark"}], "key_name": null, "image": {"id": "d1a3bf61-7346-482e-91aa-b038ad784042",
        "links": [{"href": "http://146.20.103.69:8774/92ac5831e22341bc9cc88f3942ba4d68/images/d1a3bf61-7346-482e-91aa-b038ad784042",
        "rel": "bookmark"}]}, "OS-EXT-STS:task_state": "rescuing", "OS-EXT-STS:vm_state":
        "active", "OS-EXT-SRV-ATTR:instance_name": "instance-00000094", "OS-SRV-USG:launched_at":
        "2016-08-11T16:52:01.000000", "OS-EXT-SRV-ATTR:hypervisor_hostname": "pita",
        "flavor": {"id": "1", "links": [{"href": "http://146.20.103.69:8774/92ac5831e22341bc9cc88f3942ba4d68/flavors/1",
        "rel": "bookmark"}]}, "id": "86a2974e-2622-4eed-a96c-1c721d9fff88", "security_groups":
        [{"name": "default"}], "OS-SRV-USG:terminated_at": null, "OS-EXT-AZ:availability_zone":
        "nova", "user_id": "291651f78d4d46738e3b6dc413243760", "name": "536343", "created":
        "2016-08-11T16:51:54Z", "tenant_id": "92ac5831e22341bc9cc88f3942ba4d68", "OS-DCF:diskConfig":
        "MANUAL", "os-extended-volumes:volumes_attached": [], "accessIPv4": "", "accessIPv6":
        "", "progress": 0, "OS-EXT-STS:power_state": 1, "config_drive": "", "metadata":
        {}}}'
    http_version: 
  recorded_at: Thu, 11 Aug 2016 16:52:17 GMT
- request:
    method: get
    uri: http://146.20.103.69:8774/v2.1/92ac5831e22341bc9cc88f3942ba4d68/servers/86a2974e-2622-4eed-a96c-1c721d9fff88
    body:
      encoding: US-ASCII
      string: ''
    headers:
      Accept:
      - application/json
      Accept-Encoding:
      - gzip, deflate
      X-Auth-Token:
      - gAAAAABXrKxlUyZvKC70n7H2-JA8q0xbbDMNh9QngJ66i7FYXO_yFJrkHVH-7TiK6AGvRnTLHXQyPkh7KB7oLvyf37waNrCkr_9c5mb9SzSqK-9Z_0s5F2MqidLe8BJb0mvLOYdPCmA6Z63uVgLaw0mkF0bp6oSTyuSLFZDCx--E6Dyg238RdJc
      Content-Type:
      - application/json
      User-Agent:
      - Ruby
  response:
    status:
      code: 200
      message: OK
    headers:
      Content-Type:
      - application/json
      Content-Length:
      - '1681'
      X-Openstack-Nova-Api-Version:
      - '2.1'
      Vary:
      - X-OpenStack-Nova-API-Version
      X-Compute-Request-Id:
      - req-7ce0e4ad-fb19-4c82-85da-e40b8b4fe863
      Date:
      - Thu, 11 Aug 2016 16:52:18 GMT
    body:
      encoding: UTF-8
      string: '{"server": {"status": "ACTIVE", "updated": "2016-08-11T16:52:03Z",
        "hostId": "ddfbbf847bc526c52777edc7173a5f9f0b95c29110710d02afb8eb50", "OS-EXT-SRV-ATTR:host":
        "pita", "addresses": {"public": [{"OS-EXT-IPS-MAC:mac_addr": "fa:16:3e:82:a9:d2",
        "version": 4, "addr": "172.29.248.51", "OS-EXT-IPS:type": "fixed"}]}, "links":
        [{"href": "http://146.20.103.69:8774/v2.1/92ac5831e22341bc9cc88f3942ba4d68/servers/86a2974e-2622-4eed-a96c-1c721d9fff88",
        "rel": "self"}, {"href": "http://146.20.103.69:8774/92ac5831e22341bc9cc88f3942ba4d68/servers/86a2974e-2622-4eed-a96c-1c721d9fff88",
        "rel": "bookmark"}], "key_name": null, "image": {"id": "d1a3bf61-7346-482e-91aa-b038ad784042",
        "links": [{"href": "http://146.20.103.69:8774/92ac5831e22341bc9cc88f3942ba4d68/images/d1a3bf61-7346-482e-91aa-b038ad784042",
        "rel": "bookmark"}]}, "OS-EXT-STS:task_state": "rescuing", "OS-EXT-STS:vm_state":
        "active", "OS-EXT-SRV-ATTR:instance_name": "instance-00000094", "OS-SRV-USG:launched_at":
        "2016-08-11T16:52:01.000000", "OS-EXT-SRV-ATTR:hypervisor_hostname": "pita",
        "flavor": {"id": "1", "links": [{"href": "http://146.20.103.69:8774/92ac5831e22341bc9cc88f3942ba4d68/flavors/1",
        "rel": "bookmark"}]}, "id": "86a2974e-2622-4eed-a96c-1c721d9fff88", "security_groups":
        [{"name": "default"}], "OS-SRV-USG:terminated_at": null, "OS-EXT-AZ:availability_zone":
        "nova", "user_id": "291651f78d4d46738e3b6dc413243760", "name": "536343", "created":
        "2016-08-11T16:51:54Z", "tenant_id": "92ac5831e22341bc9cc88f3942ba4d68", "OS-DCF:diskConfig":
        "MANUAL", "os-extended-volumes:volumes_attached": [], "accessIPv4": "", "accessIPv6":
        "", "progress": 0, "OS-EXT-STS:power_state": 1, "config_drive": "", "metadata":
        {}}}'
    http_version: 
  recorded_at: Thu, 11 Aug 2016 16:52:18 GMT
- request:
    method: get
    uri: http://146.20.103.69:8774/v2.1/92ac5831e22341bc9cc88f3942ba4d68/servers/86a2974e-2622-4eed-a96c-1c721d9fff88
    body:
      encoding: US-ASCII
      string: ''
    headers:
      Accept:
      - application/json
      Accept-Encoding:
      - gzip, deflate
      X-Auth-Token:
      - gAAAAABXrKxlUyZvKC70n7H2-JA8q0xbbDMNh9QngJ66i7FYXO_yFJrkHVH-7TiK6AGvRnTLHXQyPkh7KB7oLvyf37waNrCkr_9c5mb9SzSqK-9Z_0s5F2MqidLe8BJb0mvLOYdPCmA6Z63uVgLaw0mkF0bp6oSTyuSLFZDCx--E6Dyg238RdJc
      Content-Type:
      - application/json
      User-Agent:
      - Ruby
  response:
    status:
      code: 200
      message: OK
    headers:
      Content-Type:
      - application/json
      Content-Length:
      - '1661'
      X-Openstack-Nova-Api-Version:
      - '2.1'
      Vary:
      - X-OpenStack-Nova-API-Version
      X-Compute-Request-Id:
      - req-fdc84bee-4f6b-48cd-9766-8a8fc644a35f
      Date:
      - Thu, 11 Aug 2016 16:52:20 GMT
    body:
      encoding: UTF-8
      string: '{"server": {"status": "RESCUE", "updated": "2016-08-11T16:52:18Z",
        "hostId": "ddfbbf847bc526c52777edc7173a5f9f0b95c29110710d02afb8eb50", "OS-EXT-SRV-ATTR:host":
        "pita", "addresses": {"public": [{"OS-EXT-IPS-MAC:mac_addr": "fa:16:3e:82:a9:d2",
        "version": 4, "addr": "172.29.248.51", "OS-EXT-IPS:type": "fixed"}]}, "links":
        [{"href": "http://146.20.103.69:8774/v2.1/92ac5831e22341bc9cc88f3942ba4d68/servers/86a2974e-2622-4eed-a96c-1c721d9fff88",
        "rel": "self"}, {"href": "http://146.20.103.69:8774/92ac5831e22341bc9cc88f3942ba4d68/servers/86a2974e-2622-4eed-a96c-1c721d9fff88",
        "rel": "bookmark"}], "key_name": null, "image": {"id": "d1a3bf61-7346-482e-91aa-b038ad784042",
        "links": [{"href": "http://146.20.103.69:8774/92ac5831e22341bc9cc88f3942ba4d68/images/d1a3bf61-7346-482e-91aa-b038ad784042",
        "rel": "bookmark"}]}, "OS-EXT-STS:task_state": null, "OS-EXT-STS:vm_state":
        "rescued", "OS-EXT-SRV-ATTR:instance_name": "instance-00000094", "OS-SRV-USG:launched_at":
        "2016-08-11T16:52:18.000000", "OS-EXT-SRV-ATTR:hypervisor_hostname": "pita",
        "flavor": {"id": "1", "links": [{"href": "http://146.20.103.69:8774/92ac5831e22341bc9cc88f3942ba4d68/flavors/1",
        "rel": "bookmark"}]}, "id": "86a2974e-2622-4eed-a96c-1c721d9fff88", "security_groups":
        [{"name": "default"}], "OS-SRV-USG:terminated_at": null, "OS-EXT-AZ:availability_zone":
        "nova", "user_id": "291651f78d4d46738e3b6dc413243760", "name": "536343", "created":
        "2016-08-11T16:51:54Z", "tenant_id": "92ac5831e22341bc9cc88f3942ba4d68", "OS-DCF:diskConfig":
        "MANUAL", "os-extended-volumes:volumes_attached": [], "accessIPv4": "", "accessIPv6":
        "", "OS-EXT-STS:power_state": 1, "config_drive": "", "metadata": {}}}'
    http_version: 
  recorded_at: Thu, 11 Aug 2016 16:52:19 GMT
recorded_with: VCR 3.0.3
