---
http_interactions:
- request:
    method: get
    uri: http://146.20.103.69:8774/v2.1/92ac5831e22341bc9cc88f3942ba4d68/servers
    body:
      encoding: US-ASCII
      string: ''
    headers:
      Accept:
      - application/json
      Accept-Encoding:
      - gzip, deflate
      X-Auth-Token:
      - gAAAAABXq2rI88vA4eTQd0MMDKXEywxVMlqvg32oqqufL31uZaLxQ72Qv473la-0D9FYoBtGGUfMP3aIyiiApGKi7OyluljHxR0d2vPbfzz0qWEmMugFKe-4Bh-wxIMgwOK7AoPP3psM_R_DzXKe8KMTQKIoK-AROnAB9D6yxdFmqh34wkuNy4s
      Content-Type:
      - application/json
      User-Agent:
      - Ruby
  response:
    status:
      code: 200
      message: OK
    headers:
      Content-Type:
      - application/json
      Content-Length:
      - '363'
      X-Openstack-Nova-Api-Version:
      - '2.1'
      Vary:
      - X-OpenStack-Nova-API-Version
      X-Compute-Request-Id:
      - req-d0e3f625-4045-4480-9686-c218e964e031
      Date:
      - Wed, 10 Aug 2016 18:02:48 GMT
    body:
      encoding: UTF-8
      string: '{"servers": [{"id": "64885596-147a-424d-906d-c43df48f3598", "links":
        [{"href": "http://146.20.103.69:8774/v2.1/92ac5831e22341bc9cc88f3942ba4d68/servers/64885596-147a-424d-906d-c43df48f3598",
        "rel": "self"}, {"href": "http://146.20.103.69:8774/92ac5831e22341bc9cc88f3942ba4d68/servers/64885596-147a-424d-906d-c43df48f3598",
        "rel": "bookmark"}], "name": "833298"}]}'
    http_version: 
  recorded_at: Wed, 10 Aug 2016 18:02:48 GMT
- request:
    method: delete
    uri: http://146.20.103.69:8774/v2.1/92ac5831e22341bc9cc88f3942ba4d68/servers/64885596-147a-424d-906d-c43df48f3598
    body:
      encoding: US-ASCII
      string: ''
    headers:
      Accept:
      - application/json
      Accept-Encoding:
      - gzip, deflate
      X-Auth-Token:
      - gAAAAABXq2rI88vA4eTQd0MMDKXEywxVMlqvg32oqqufL31uZaLxQ72Qv473la-0D9FYoBtGGUfMP3aIyiiApGKi7OyluljHxR0d2vPbfzz0qWEmMugFKe-4Bh-wxIMgwOK7AoPP3psM_R_DzXKe8KMTQKIoK-AROnAB9D6yxdFmqh34wkuNy4s
      Content-Type:
      - application/json
      User-Agent:
      - Ruby
  response:
    status:
      code: 204
      message: No Content
    headers:
      Content-Length:
      - '0'
      Content-Type:
      - application/json
      X-Openstack-Nova-Api-Version:
      - '2.1'
      Vary:
      - X-OpenStack-Nova-API-Version
      X-Compute-Request-Id:
      - req-927e5e02-32e7-4579-baf4-887d5d3f99fc
      Date:
      - Wed, 10 Aug 2016 18:02:48 GMT
    body:
      encoding: UTF-8
      string: ''
    http_version: 
  recorded_at: Wed, 10 Aug 2016 18:02:48 GMT
- request:
    method: get
    uri: http://146.20.103.69:8776/v1/92ac5831e22341bc9cc88f3942ba4d68/snapshots
    body:
      encoding: US-ASCII
      string: ''
    headers:
      Accept:
      - application/json
      Accept-Encoding:
      - gzip, deflate
      X-Auth-Token:
      - gAAAAABXq2rI88vA4eTQd0MMDKXEywxVMlqvg32oqqufL31uZaLxQ72Qv473la-0D9FYoBtGGUfMP3aIyiiApGKi7OyluljHxR0d2vPbfzz0qWEmMugFKe-4Bh-wxIMgwOK7AoPP3psM_R_DzXKe8KMTQKIoK-AROnAB9D6yxdFmqh34wkuNy4s
      Content-Type:
      - application/json
      User-Agent:
      - Ruby
  response:
    status:
      code: 200
      message: OK
    headers:
      X-Compute-Request-Id:
      - req-536d23a1-f0dd-4e35-8959-1c21d8b8a84f
      Content-Type:
      - application/json
      Content-Length:
      - '17'
      X-Openstack-Request-Id:
      - req-536d23a1-f0dd-4e35-8959-1c21d8b8a84f
      Date:
      - Wed, 10 Aug 2016 18:02:49 GMT
    body:
      encoding: UTF-8
      string: '{"snapshots": []}'
    http_version: 
  recorded_at: Wed, 10 Aug 2016 18:02:48 GMT
- request:
    method: get
    uri: http://146.20.103.69:8776/v1/92ac5831e22341bc9cc88f3942ba4d68/backups
    body:
      encoding: US-ASCII
      string: ''
    headers:
      Accept:
      - application/json
      Accept-Encoding:
      - gzip, deflate
      X-Auth-Token:
      - gAAAAABXq2rI88vA4eTQd0MMDKXEywxVMlqvg32oqqufL31uZaLxQ72Qv473la-0D9FYoBtGGUfMP3aIyiiApGKi7OyluljHxR0d2vPbfzz0qWEmMugFKe-4Bh-wxIMgwOK7AoPP3psM_R_DzXKe8KMTQKIoK-AROnAB9D6yxdFmqh34wkuNy4s
      Content-Type:
      - application/json
      User-Agent:
      - Ruby
  response:
    status:
      code: 200
      message: OK
    headers:
      X-Compute-Request-Id:
      - req-1672a3cb-ffa1-48df-bdef-9a7606972657
      Content-Type:
      - application/json
      Content-Length:
      - '15'
      X-Openstack-Request-Id:
      - req-1672a3cb-ffa1-48df-bdef-9a7606972657
      Date:
      - Wed, 10 Aug 2016 18:02:49 GMT
    body:
      encoding: UTF-8
      string: '{"backups": []}'
    http_version: 
  recorded_at: Wed, 10 Aug 2016 18:02:49 GMT
- request:
    method: get
    uri: http://146.20.103.69:8776/v1/92ac5831e22341bc9cc88f3942ba4d68/volumes
    body:
      encoding: US-ASCII
      string: ''
    headers:
      Accept:
      - application/json
      Accept-Encoding:
      - gzip, deflate
      X-Auth-Token:
      - gAAAAABXq2rI88vA4eTQd0MMDKXEywxVMlqvg32oqqufL31uZaLxQ72Qv473la-0D9FYoBtGGUfMP3aIyiiApGKi7OyluljHxR0d2vPbfzz0qWEmMugFKe-4Bh-wxIMgwOK7AoPP3psM_R_DzXKe8KMTQKIoK-AROnAB9D6yxdFmqh34wkuNy4s
      Content-Type:
      - application/json
      User-Agent:
      - Ruby
  response:
    status:
      code: 200
      message: OK
    headers:
      X-Compute-Request-Id:
      - req-012cf627-1c88-4380-b5d7-f342dbeb64a3
      Content-Type:
      - application/json
      Content-Length:
      - '15'
      X-Openstack-Request-Id:
      - req-012cf627-1c88-4380-b5d7-f342dbeb64a3
      Date:
      - Wed, 10 Aug 2016 18:02:49 GMT
    body:
      encoding: UTF-8
      string: '{"volumes": []}'
    http_version: 
  recorded_at: Wed, 10 Aug 2016 18:02:49 GMT
- request:
    method: post
    uri: http://146.20.103.69:8774/v2.1/92ac5831e22341bc9cc88f3942ba4d68/servers
    body:
      encoding: UTF-8
      string: '{"server":{"name":"258390","flavorRef":"1","imageRef":"d1a3bf61-7346-482e-91aa-b038ad784042"}}'
    headers:
      Accept:
      - application/json
      Accept-Encoding:
      - gzip, deflate
      X-Auth-Token:
      - gAAAAABXq2rI88vA4eTQd0MMDKXEywxVMlqvg32oqqufL31uZaLxQ72Qv473la-0D9FYoBtGGUfMP3aIyiiApGKi7OyluljHxR0d2vPbfzz0qWEmMugFKe-4Bh-wxIMgwOK7AoPP3psM_R_DzXKe8KMTQKIoK-AROnAB9D6yxdFmqh34wkuNy4s
      Content-Type:
      - application/json
      Content-Length:
      - '94'
      User-Agent:
      - Ruby
  response:
    status:
      code: 202
      message: Accepted
    headers:
      Location:
      - http://146.20.103.69:8774/v2.1/92ac5831e22341bc9cc88f3942ba4d68/servers/c23f30f1-2937-491d-aa18-531def81c91e
      Content-Type:
      - application/json
      Content-Length:
      - '444'
      X-Openstack-Nova-Api-Version:
      - '2.1'
      Vary:
      - X-OpenStack-Nova-API-Version
      X-Compute-Request-Id:
      - req-2fea78ca-be91-4baf-98d1-3e2cf0ecb9f7
      Date:
      - Wed, 10 Aug 2016 18:02:50 GMT
    body:
      encoding: UTF-8
      string: '{"server": {"security_groups": [{"name": "default"}], "OS-DCF:diskConfig":
        "MANUAL", "id": "c23f30f1-2937-491d-aa18-531def81c91e", "links": [{"href":
        "http://146.20.103.69:8774/v2.1/92ac5831e22341bc9cc88f3942ba4d68/servers/c23f30f1-2937-491d-aa18-531def81c91e",
        "rel": "self"}, {"href": "http://146.20.103.69:8774/92ac5831e22341bc9cc88f3942ba4d68/servers/c23f30f1-2937-491d-aa18-531def81c91e",
        "rel": "bookmark"}], "<OS_USERNAME>Pass": "J6wqTq38vhZn"}}'
    http_version: 
  recorded_at: Wed, 10 Aug 2016 18:02:49 GMT
- request:
    method: get
    uri: http://146.20.103.69:8774/v2.1/92ac5831e22341bc9cc88f3942ba4d68/servers/c23f30f1-2937-491d-aa18-531def81c91e
    body:
      encoding: US-ASCII
      string: ''
    headers:
      Accept:
      - application/json
      Accept-Encoding:
      - gzip, deflate
      X-Auth-Token:
      - gAAAAABXq2rI88vA4eTQd0MMDKXEywxVMlqvg32oqqufL31uZaLxQ72Qv473la-0D9FYoBtGGUfMP3aIyiiApGKi7OyluljHxR0d2vPbfzz0qWEmMugFKe-4Bh-wxIMgwOK7AoPP3psM_R_DzXKe8KMTQKIoK-AROnAB9D6yxdFmqh34wkuNy4s
      Content-Type:
      - application/json
      User-Agent:
      - Ruby
  response:
    status:
      code: 200
      message: OK
    headers:
      Content-Type:
      - application/json
      Content-Length:
      - '1427'
      X-Openstack-Nova-Api-Version:
      - '2.1'
      Vary:
      - X-OpenStack-Nova-API-Version
      X-Compute-Request-Id:
      - req-00ccb01c-5744-4964-a8e5-302f84dff616
      Date:
      - Wed, 10 Aug 2016 18:02:50 GMT
    body:
      encoding: UTF-8
      string: '{"server": {"status": "BUILD", "updated": "2016-08-10T18:02:50Z", "hostId":
        "", "OS-EXT-SRV-ATTR:host": null, "addresses": {}, "links": [{"href": "http://146.20.103.69:8774/v2.1/92ac5831e22341bc9cc88f3942ba4d68/servers/c23f30f1-2937-491d-aa18-531def81c91e",
        "rel": "self"}, {"href": "http://146.20.103.69:8774/92ac5831e22341bc9cc88f3942ba4d68/servers/c23f30f1-2937-491d-aa18-531def81c91e",
        "rel": "bookmark"}], "key_name": null, "image": {"id": "d1a3bf61-7346-482e-91aa-b038ad784042",
        "links": [{"href": "http://146.20.103.69:8774/92ac5831e22341bc9cc88f3942ba4d68/images/d1a3bf61-7346-482e-91aa-b038ad784042",
        "rel": "bookmark"}]}, "OS-EXT-STS:task_state": "scheduling", "OS-EXT-STS:vm_state":
        "building", "OS-EXT-SRV-ATTR:instance_name": "instance-0000004c", "OS-SRV-USG:launched_at":
        null, "OS-EXT-SRV-ATTR:hypervisor_hostname": null, "flavor": {"id": "1", "links":
        [{"href": "http://146.20.103.69:8774/92ac5831e22341bc9cc88f3942ba4d68/flavors/1",
        "rel": "bookmark"}]}, "id": "c23f30f1-2937-491d-aa18-531def81c91e", "OS-SRV-USG:terminated_at":
        null, "OS-EXT-AZ:availability_zone": "", "user_id": "291651f78d4d46738e3b6dc413243760",
        "name": "258390", "created": "2016-08-10T18:02:49Z", "tenant_id": "92ac5831e22341bc9cc88f3942ba4d68",
        "OS-DCF:diskConfig": "MANUAL", "os-extended-volumes:volumes_attached": [],
        "accessIPv4": "", "accessIPv6": "", "progress": 0, "OS-EXT-STS:power_state":
        0, "config_drive": "", "metadata": {}}}'
    http_version: 
  recorded_at: Wed, 10 Aug 2016 18:02:50 GMT
- request:
    method: get
    uri: http://146.20.103.69:8774/v2.1/92ac5831e22341bc9cc88f3942ba4d68/servers/c23f30f1-2937-491d-aa18-531def81c91e
    body:
      encoding: US-ASCII
      string: ''
    headers:
      Accept:
      - application/json
      Accept-Encoding:
      - gzip, deflate
      X-Auth-Token:
      - gAAAAABXq2rI88vA4eTQd0MMDKXEywxVMlqvg32oqqufL31uZaLxQ72Qv473la-0D9FYoBtGGUfMP3aIyiiApGKi7OyluljHxR0d2vPbfzz0qWEmMugFKe-4Bh-wxIMgwOK7AoPP3psM_R_DzXKe8KMTQKIoK-AROnAB9D6yxdFmqh34wkuNy4s
      Content-Type:
      - application/json
      User-Agent:
      - Ruby
  response:
    status:
      code: 200
      message: OK
    headers:
      Content-Type:
      - application/json
      Content-Length:
      - '1531'
      X-Openstack-Nova-Api-Version:
      - '2.1'
      Vary:
      - X-OpenStack-Nova-API-Version
      X-Compute-Request-Id:
      - req-0cd4bfee-0e8b-424b-976c-0942e9359952
      Date:
      - Wed, 10 Aug 2016 18:02:51 GMT
    body:
      encoding: UTF-8
      string: '{"server": {"status": "BUILD", "updated": "2016-08-10T18:02:51Z", "hostId":
        "ddfbbf847bc526c52777edc7173a5f9f0b95c29110710d02afb8eb50", "OS-EXT-SRV-ATTR:host":
        "pita", "addresses": {}, "links": [{"href": "http://146.20.103.69:8774/v2.1/92ac5831e22341bc9cc88f3942ba4d68/servers/c23f30f1-2937-491d-aa18-531def81c91e",
        "rel": "self"}, {"href": "http://146.20.103.69:8774/92ac5831e22341bc9cc88f3942ba4d68/servers/c23f30f1-2937-491d-aa18-531def81c91e",
        "rel": "bookmark"}], "key_name": null, "image": {"id": "d1a3bf61-7346-482e-91aa-b038ad784042",
        "links": [{"href": "http://146.20.103.69:8774/92ac5831e22341bc9cc88f3942ba4d68/images/d1a3bf61-7346-482e-91aa-b038ad784042",
        "rel": "bookmark"}]}, "OS-EXT-STS:task_state": "spawning", "OS-EXT-STS:vm_state":
        "building", "OS-EXT-SRV-ATTR:instance_name": "instance-0000004c", "OS-SRV-USG:launched_at":
        null, "OS-EXT-SRV-ATTR:hypervisor_hostname": "pita", "flavor": {"id": "1",
        "links": [{"href": "http://146.20.103.69:8774/92ac5831e22341bc9cc88f3942ba4d68/flavors/1",
        "rel": "bookmark"}]}, "id": "c23f30f1-2937-491d-aa18-531def81c91e", "security_groups":
        [{"name": "default"}], "OS-SRV-USG:terminated_at": null, "OS-EXT-AZ:availability_zone":
        "nova", "user_id": "291651f78d4d46738e3b6dc413243760", "name": "258390", "created":
        "2016-08-10T18:02:49Z", "tenant_id": "92ac5831e22341bc9cc88f3942ba4d68", "OS-DCF:diskConfig":
        "MANUAL", "os-extended-volumes:volumes_attached": [], "accessIPv4": "", "accessIPv6":
        "", "progress": 0, "OS-EXT-STS:power_state": 0, "config_drive": "", "metadata":
        {}}}'
    http_version: 
  recorded_at: Wed, 10 Aug 2016 18:02:51 GMT
- request:
    method: get
    uri: http://146.20.103.69:8774/v2.1/92ac5831e22341bc9cc88f3942ba4d68/servers/c23f30f1-2937-491d-aa18-531def81c91e
    body:
      encoding: US-ASCII
      string: ''
    headers:
      Accept:
      - application/json
      Accept-Encoding:
      - gzip, deflate
      X-Auth-Token:
      - gAAAAABXq2rI88vA4eTQd0MMDKXEywxVMlqvg32oqqufL31uZaLxQ72Qv473la-0D9FYoBtGGUfMP3aIyiiApGKi7OyluljHxR0d2vPbfzz0qWEmMugFKe-4Bh-wxIMgwOK7AoPP3psM_R_DzXKe8KMTQKIoK-AROnAB9D6yxdFmqh34wkuNy4s
      Content-Type:
      - application/json
      User-Agent:
      - Ruby
  response:
    status:
      code: 200
      message: OK
    headers:
      Content-Type:
      - application/json
      Content-Length:
      - '1658'
      X-Openstack-Nova-Api-Version:
      - '2.1'
      Vary:
      - X-OpenStack-Nova-API-Version
      X-Compute-Request-Id:
      - req-9feca97b-d7f7-4cb4-8cc2-c920124e8130
      Date:
      - Wed, 10 Aug 2016 18:02:52 GMT
    body:
      encoding: UTF-8
      string: '{"server": {"status": "BUILD", "updated": "2016-08-10T18:02:51Z", "hostId":
        "ddfbbf847bc526c52777edc7173a5f9f0b95c29110710d02afb8eb50", "OS-EXT-SRV-ATTR:host":
        "pita", "addresses": {"public": [{"OS-EXT-IPS-MAC:mac_addr": "fa:16:3e:f4:bf:85",
        "version": 4, "addr": "172.29.248.27", "OS-EXT-IPS:type": "fixed"}]}, "links":
        [{"href": "http://146.20.103.69:8774/v2.1/92ac5831e22341bc9cc88f3942ba4d68/servers/c23f30f1-2937-491d-aa18-531def81c91e",
        "rel": "self"}, {"href": "http://146.20.103.69:8774/92ac5831e22341bc9cc88f3942ba4d68/servers/c23f30f1-2937-491d-aa18-531def81c91e",
        "rel": "bookmark"}], "key_name": null, "image": {"id": "d1a3bf61-7346-482e-91aa-b038ad784042",
        "links": [{"href": "http://146.20.103.69:8774/92ac5831e22341bc9cc88f3942ba4d68/images/d1a3bf61-7346-482e-91aa-b038ad784042",
        "rel": "bookmark"}]}, "OS-EXT-STS:task_state": "spawning", "OS-EXT-STS:vm_state":
        "building", "OS-EXT-SRV-ATTR:instance_name": "instance-0000004c", "OS-SRV-USG:launched_at":
        null, "OS-EXT-SRV-ATTR:hypervisor_hostname": "pita", "flavor": {"id": "1",
        "links": [{"href": "http://146.20.103.69:8774/92ac5831e22341bc9cc88f3942ba4d68/flavors/1",
        "rel": "bookmark"}]}, "id": "c23f30f1-2937-491d-aa18-531def81c91e", "security_groups":
        [{"name": "default"}], "OS-SRV-USG:terminated_at": null, "OS-EXT-AZ:availability_zone":
        "nova", "user_id": "291651f78d4d46738e3b6dc413243760", "name": "258390", "created":
        "2016-08-10T18:02:49Z", "tenant_id": "92ac5831e22341bc9cc88f3942ba4d68", "OS-DCF:diskConfig":
        "MANUAL", "os-extended-volumes:volumes_attached": [], "accessIPv4": "", "accessIPv6":
        "", "progress": 0, "OS-EXT-STS:power_state": 0, "config_drive": "", "metadata":
        {}}}'
    http_version: 
  recorded_at: Wed, 10 Aug 2016 18:02:52 GMT
- request:
    method: get
    uri: http://146.20.103.69:8774/v2.1/92ac5831e22341bc9cc88f3942ba4d68/servers/c23f30f1-2937-491d-aa18-531def81c91e
    body:
      encoding: US-ASCII
      string: ''
    headers:
      Accept:
      - application/json
      Accept-Encoding:
      - gzip, deflate
      X-Auth-Token:
      - gAAAAABXq2rI88vA4eTQd0MMDKXEywxVMlqvg32oqqufL31uZaLxQ72Qv473la-0D9FYoBtGGUfMP3aIyiiApGKi7OyluljHxR0d2vPbfzz0qWEmMugFKe-4Bh-wxIMgwOK7AoPP3psM_R_DzXKe8KMTQKIoK-AROnAB9D6yxdFmqh34wkuNy4s
      Content-Type:
      - application/json
      User-Agent:
      - Ruby
  response:
    status:
      code: 200
      message: OK
    headers:
      Content-Type:
      - application/json
      Content-Length:
      - '1658'
      X-Openstack-Nova-Api-Version:
      - '2.1'
      Vary:
      - X-OpenStack-Nova-API-Version
      X-Compute-Request-Id:
      - req-67d59391-9ea0-48fb-a304-d8e807004cb7
      Date:
      - Wed, 10 Aug 2016 18:02:54 GMT
    body:
      encoding: UTF-8
      string: '{"server": {"status": "BUILD", "updated": "2016-08-10T18:02:51Z", "hostId":
        "ddfbbf847bc526c52777edc7173a5f9f0b95c29110710d02afb8eb50", "OS-EXT-SRV-ATTR:host":
        "pita", "addresses": {"public": [{"OS-EXT-IPS-MAC:mac_addr": "fa:16:3e:f4:bf:85",
        "version": 4, "addr": "172.29.248.27", "OS-EXT-IPS:type": "fixed"}]}, "links":
        [{"href": "http://146.20.103.69:8774/v2.1/92ac5831e22341bc9cc88f3942ba4d68/servers/c23f30f1-2937-491d-aa18-531def81c91e",
        "rel": "self"}, {"href": "http://146.20.103.69:8774/92ac5831e22341bc9cc88f3942ba4d68/servers/c23f30f1-2937-491d-aa18-531def81c91e",
        "rel": "bookmark"}], "key_name": null, "image": {"id": "d1a3bf61-7346-482e-91aa-b038ad784042",
        "links": [{"href": "http://146.20.103.69:8774/92ac5831e22341bc9cc88f3942ba4d68/images/d1a3bf61-7346-482e-91aa-b038ad784042",
        "rel": "bookmark"}]}, "OS-EXT-STS:task_state": "spawning", "OS-EXT-STS:vm_state":
        "building", "OS-EXT-SRV-ATTR:instance_name": "instance-0000004c", "OS-SRV-USG:launched_at":
        null, "OS-EXT-SRV-ATTR:hypervisor_hostname": "pita", "flavor": {"id": "1",
        "links": [{"href": "http://146.20.103.69:8774/92ac5831e22341bc9cc88f3942ba4d68/flavors/1",
        "rel": "bookmark"}]}, "id": "c23f30f1-2937-491d-aa18-531def81c91e", "security_groups":
        [{"name": "default"}], "OS-SRV-USG:terminated_at": null, "OS-EXT-AZ:availability_zone":
        "nova", "user_id": "291651f78d4d46738e3b6dc413243760", "name": "258390", "created":
        "2016-08-10T18:02:49Z", "tenant_id": "92ac5831e22341bc9cc88f3942ba4d68", "OS-DCF:diskConfig":
        "MANUAL", "os-extended-volumes:volumes_attached": [], "accessIPv4": "", "accessIPv6":
        "", "progress": 0, "OS-EXT-STS:power_state": 0, "config_drive": "", "metadata":
        {}}}'
    http_version: 
  recorded_at: Wed, 10 Aug 2016 18:02:54 GMT
- request:
    method: get
    uri: http://146.20.103.69:8774/v2.1/92ac5831e22341bc9cc88f3942ba4d68/servers/c23f30f1-2937-491d-aa18-531def81c91e
    body:
      encoding: US-ASCII
      string: ''
    headers:
      Accept:
      - application/json
      Accept-Encoding:
      - gzip, deflate
      X-Auth-Token:
      - gAAAAABXq2rI88vA4eTQd0MMDKXEywxVMlqvg32oqqufL31uZaLxQ72Qv473la-0D9FYoBtGGUfMP3aIyiiApGKi7OyluljHxR0d2vPbfzz0qWEmMugFKe-4Bh-wxIMgwOK7AoPP3psM_R_DzXKe8KMTQKIoK-AROnAB9D6yxdFmqh34wkuNy4s
      Content-Type:
      - application/json
      User-Agent:
      - Ruby
  response:
    status:
      code: 200
      message: OK
    headers:
      Content-Type:
      - application/json
      Content-Length:
      - '1658'
      X-Openstack-Nova-Api-Version:
      - '2.1'
      Vary:
      - X-OpenStack-Nova-API-Version
      X-Compute-Request-Id:
      - req-aded359d-d885-4bde-a598-3fd28ce52fa2
      Date:
      - Wed, 10 Aug 2016 18:02:55 GMT
    body:
      encoding: UTF-8
      string: '{"server": {"status": "BUILD", "updated": "2016-08-10T18:02:51Z", "hostId":
        "ddfbbf847bc526c52777edc7173a5f9f0b95c29110710d02afb8eb50", "OS-EXT-SRV-ATTR:host":
        "pita", "addresses": {"public": [{"OS-EXT-IPS-MAC:mac_addr": "fa:16:3e:f4:bf:85",
        "version": 4, "addr": "172.29.248.27", "OS-EXT-IPS:type": "fixed"}]}, "links":
        [{"href": "http://146.20.103.69:8774/v2.1/92ac5831e22341bc9cc88f3942ba4d68/servers/c23f30f1-2937-491d-aa18-531def81c91e",
        "rel": "self"}, {"href": "http://146.20.103.69:8774/92ac5831e22341bc9cc88f3942ba4d68/servers/c23f30f1-2937-491d-aa18-531def81c91e",
        "rel": "bookmark"}], "key_name": null, "image": {"id": "d1a3bf61-7346-482e-91aa-b038ad784042",
        "links": [{"href": "http://146.20.103.69:8774/92ac5831e22341bc9cc88f3942ba4d68/images/d1a3bf61-7346-482e-91aa-b038ad784042",
        "rel": "bookmark"}]}, "OS-EXT-STS:task_state": "spawning", "OS-EXT-STS:vm_state":
        "building", "OS-EXT-SRV-ATTR:instance_name": "instance-0000004c", "OS-SRV-USG:launched_at":
        null, "OS-EXT-SRV-ATTR:hypervisor_hostname": "pita", "flavor": {"id": "1",
        "links": [{"href": "http://146.20.103.69:8774/92ac5831e22341bc9cc88f3942ba4d68/flavors/1",
        "rel": "bookmark"}]}, "id": "c23f30f1-2937-491d-aa18-531def81c91e", "security_groups":
        [{"name": "default"}], "OS-SRV-USG:terminated_at": null, "OS-EXT-AZ:availability_zone":
        "nova", "user_id": "291651f78d4d46738e3b6dc413243760", "name": "258390", "created":
        "2016-08-10T18:02:49Z", "tenant_id": "92ac5831e22341bc9cc88f3942ba4d68", "OS-DCF:diskConfig":
        "MANUAL", "os-extended-volumes:volumes_attached": [], "accessIPv4": "", "accessIPv6":
        "", "progress": 0, "OS-EXT-STS:power_state": 0, "config_drive": "", "metadata":
        {}}}'
    http_version: 
  recorded_at: Wed, 10 Aug 2016 18:02:55 GMT
- request:
    method: get
    uri: http://146.20.103.69:8774/v2.1/92ac5831e22341bc9cc88f3942ba4d68/servers/c23f30f1-2937-491d-aa18-531def81c91e
    body:
      encoding: US-ASCII
      string: ''
    headers:
      Accept:
      - application/json
      Accept-Encoding:
      - gzip, deflate
      X-Auth-Token:
      - gAAAAABXq2rI88vA4eTQd0MMDKXEywxVMlqvg32oqqufL31uZaLxQ72Qv473la-0D9FYoBtGGUfMP3aIyiiApGKi7OyluljHxR0d2vPbfzz0qWEmMugFKe-4Bh-wxIMgwOK7AoPP3psM_R_DzXKe8KMTQKIoK-AROnAB9D6yxdFmqh34wkuNy4s
      Content-Type:
      - application/json
      User-Agent:
      - Ruby
  response:
    status:
      code: 200
      message: OK
    headers:
      Content-Type:
      - application/json
      Content-Length:
      - '1658'
      X-Openstack-Nova-Api-Version:
      - '2.1'
      Vary:
      - X-OpenStack-Nova-API-Version
      X-Compute-Request-Id:
      - req-7b25a537-097e-48d2-8e9d-423c5027ee61
      Date:
      - Wed, 10 Aug 2016 18:02:57 GMT
    body:
      encoding: UTF-8
      string: '{"server": {"status": "BUILD", "updated": "2016-08-10T18:02:51Z", "hostId":
        "ddfbbf847bc526c52777edc7173a5f9f0b95c29110710d02afb8eb50", "OS-EXT-SRV-ATTR:host":
        "pita", "addresses": {"public": [{"OS-EXT-IPS-MAC:mac_addr": "fa:16:3e:f4:bf:85",
        "version": 4, "addr": "172.29.248.27", "OS-EXT-IPS:type": "fixed"}]}, "links":
        [{"href": "http://146.20.103.69:8774/v2.1/92ac5831e22341bc9cc88f3942ba4d68/servers/c23f30f1-2937-491d-aa18-531def81c91e",
        "rel": "self"}, {"href": "http://146.20.103.69:8774/92ac5831e22341bc9cc88f3942ba4d68/servers/c23f30f1-2937-491d-aa18-531def81c91e",
        "rel": "bookmark"}], "key_name": null, "image": {"id": "d1a3bf61-7346-482e-91aa-b038ad784042",
        "links": [{"href": "http://146.20.103.69:8774/92ac5831e22341bc9cc88f3942ba4d68/images/d1a3bf61-7346-482e-91aa-b038ad784042",
        "rel": "bookmark"}]}, "OS-EXT-STS:task_state": "spawning", "OS-EXT-STS:vm_state":
        "building", "OS-EXT-SRV-ATTR:instance_name": "instance-0000004c", "OS-SRV-USG:launched_at":
        null, "OS-EXT-SRV-ATTR:hypervisor_hostname": "pita", "flavor": {"id": "1",
        "links": [{"href": "http://146.20.103.69:8774/92ac5831e22341bc9cc88f3942ba4d68/flavors/1",
        "rel": "bookmark"}]}, "id": "c23f30f1-2937-491d-aa18-531def81c91e", "security_groups":
        [{"name": "default"}], "OS-SRV-USG:terminated_at": null, "OS-EXT-AZ:availability_zone":
        "nova", "user_id": "291651f78d4d46738e3b6dc413243760", "name": "258390", "created":
        "2016-08-10T18:02:49Z", "tenant_id": "92ac5831e22341bc9cc88f3942ba4d68", "OS-DCF:diskConfig":
        "MANUAL", "os-extended-volumes:volumes_attached": [], "accessIPv4": "", "accessIPv6":
        "", "progress": 0, "OS-EXT-STS:power_state": 0, "config_drive": "", "metadata":
        {}}}'
    http_version: 
  recorded_at: Wed, 10 Aug 2016 18:02:56 GMT
- request:
    method: get
    uri: http://146.20.103.69:8774/v2.1/92ac5831e22341bc9cc88f3942ba4d68/servers/c23f30f1-2937-491d-aa18-531def81c91e
    body:
      encoding: US-ASCII
      string: ''
    headers:
      Accept:
      - application/json
      Accept-Encoding:
      - gzip, deflate
      X-Auth-Token:
      - gAAAAABXq2rI88vA4eTQd0MMDKXEywxVMlqvg32oqqufL31uZaLxQ72Qv473la-0D9FYoBtGGUfMP3aIyiiApGKi7OyluljHxR0d2vPbfzz0qWEmMugFKe-4Bh-wxIMgwOK7AoPP3psM_R_DzXKe8KMTQKIoK-AROnAB9D6yxdFmqh34wkuNy4s
      Content-Type:
      - application/json
      User-Agent:
      - Ruby
  response:
    status:
      code: 200
      message: OK
    headers:
      Content-Type:
      - application/json
      Content-Length:
      - '1658'
      X-Openstack-Nova-Api-Version:
      - '2.1'
      Vary:
      - X-OpenStack-Nova-API-Version
      X-Compute-Request-Id:
      - req-b1d0db38-4f89-42cf-b879-a0061bdd2706
      Date:
      - Wed, 10 Aug 2016 18:02:58 GMT
    body:
      encoding: UTF-8
      string: '{"server": {"status": "BUILD", "updated": "2016-08-10T18:02:51Z", "hostId":
        "ddfbbf847bc526c52777edc7173a5f9f0b95c29110710d02afb8eb50", "OS-EXT-SRV-ATTR:host":
        "pita", "addresses": {"public": [{"OS-EXT-IPS-MAC:mac_addr": "fa:16:3e:f4:bf:85",
        "version": 4, "addr": "172.29.248.27", "OS-EXT-IPS:type": "fixed"}]}, "links":
        [{"href": "http://146.20.103.69:8774/v2.1/92ac5831e22341bc9cc88f3942ba4d68/servers/c23f30f1-2937-491d-aa18-531def81c91e",
        "rel": "self"}, {"href": "http://146.20.103.69:8774/92ac5831e22341bc9cc88f3942ba4d68/servers/c23f30f1-2937-491d-aa18-531def81c91e",
        "rel": "bookmark"}], "key_name": null, "image": {"id": "d1a3bf61-7346-482e-91aa-b038ad784042",
        "links": [{"href": "http://146.20.103.69:8774/92ac5831e22341bc9cc88f3942ba4d68/images/d1a3bf61-7346-482e-91aa-b038ad784042",
        "rel": "bookmark"}]}, "OS-EXT-STS:task_state": "spawning", "OS-EXT-STS:vm_state":
        "building", "OS-EXT-SRV-ATTR:instance_name": "instance-0000004c", "OS-SRV-USG:launched_at":
        null, "OS-EXT-SRV-ATTR:hypervisor_hostname": "pita", "flavor": {"id": "1",
        "links": [{"href": "http://146.20.103.69:8774/92ac5831e22341bc9cc88f3942ba4d68/flavors/1",
        "rel": "bookmark"}]}, "id": "c23f30f1-2937-491d-aa18-531def81c91e", "security_groups":
        [{"name": "default"}], "OS-SRV-USG:terminated_at": null, "OS-EXT-AZ:availability_zone":
        "nova", "user_id": "291651f78d4d46738e3b6dc413243760", "name": "258390", "created":
        "2016-08-10T18:02:49Z", "tenant_id": "92ac5831e22341bc9cc88f3942ba4d68", "OS-DCF:diskConfig":
        "MANUAL", "os-extended-volumes:volumes_attached": [], "accessIPv4": "", "accessIPv6":
        "", "progress": 0, "OS-EXT-STS:power_state": 0, "config_drive": "", "metadata":
        {}}}'
    http_version: 
  recorded_at: Wed, 10 Aug 2016 18:02:58 GMT
- request:
    method: get
    uri: http://146.20.103.69:8774/v2.1/92ac5831e22341bc9cc88f3942ba4d68/servers/c23f30f1-2937-491d-aa18-531def81c91e
    body:
      encoding: US-ASCII
      string: ''
    headers:
      Accept:
      - application/json
      Accept-Encoding:
      - gzip, deflate
      X-Auth-Token:
      - gAAAAABXq2rI88vA4eTQd0MMDKXEywxVMlqvg32oqqufL31uZaLxQ72Qv473la-0D9FYoBtGGUfMP3aIyiiApGKi7OyluljHxR0d2vPbfzz0qWEmMugFKe-4Bh-wxIMgwOK7AoPP3psM_R_DzXKe8KMTQKIoK-AROnAB9D6yxdFmqh34wkuNy4s
      Content-Type:
      - application/json
      User-Agent:
      - Ruby
  response:
    status:
      code: 200
      message: OK
    headers:
      Content-Type:
      - application/json
      Content-Length:
      - '1658'
      X-Openstack-Nova-Api-Version:
      - '2.1'
      Vary:
      - X-OpenStack-Nova-API-Version
      X-Compute-Request-Id:
      - req-6a662e83-6a00-416f-ad34-f38d93b454d2
      Date:
      - Wed, 10 Aug 2016 18:03:00 GMT
    body:
      encoding: UTF-8
      string: '{"server": {"status": "BUILD", "updated": "2016-08-10T18:02:51Z", "hostId":
        "ddfbbf847bc526c52777edc7173a5f9f0b95c29110710d02afb8eb50", "OS-EXT-SRV-ATTR:host":
        "pita", "addresses": {"public": [{"OS-EXT-IPS-MAC:mac_addr": "fa:16:3e:f4:bf:85",
        "version": 4, "addr": "172.29.248.27", "OS-EXT-IPS:type": "fixed"}]}, "links":
        [{"href": "http://146.20.103.69:8774/v2.1/92ac5831e22341bc9cc88f3942ba4d68/servers/c23f30f1-2937-491d-aa18-531def81c91e",
        "rel": "self"}, {"href": "http://146.20.103.69:8774/92ac5831e22341bc9cc88f3942ba4d68/servers/c23f30f1-2937-491d-aa18-531def81c91e",
        "rel": "bookmark"}], "key_name": null, "image": {"id": "d1a3bf61-7346-482e-91aa-b038ad784042",
        "links": [{"href": "http://146.20.103.69:8774/92ac5831e22341bc9cc88f3942ba4d68/images/d1a3bf61-7346-482e-91aa-b038ad784042",
        "rel": "bookmark"}]}, "OS-EXT-STS:task_state": "spawning", "OS-EXT-STS:vm_state":
        "building", "OS-EXT-SRV-ATTR:instance_name": "instance-0000004c", "OS-SRV-USG:launched_at":
        null, "OS-EXT-SRV-ATTR:hypervisor_hostname": "pita", "flavor": {"id": "1",
        "links": [{"href": "http://146.20.103.69:8774/92ac5831e22341bc9cc88f3942ba4d68/flavors/1",
        "rel": "bookmark"}]}, "id": "c23f30f1-2937-491d-aa18-531def81c91e", "security_groups":
        [{"name": "default"}], "OS-SRV-USG:terminated_at": null, "OS-EXT-AZ:availability_zone":
        "nova", "user_id": "291651f78d4d46738e3b6dc413243760", "name": "258390", "created":
        "2016-08-10T18:02:49Z", "tenant_id": "92ac5831e22341bc9cc88f3942ba4d68", "OS-DCF:diskConfig":
        "MANUAL", "os-extended-volumes:volumes_attached": [], "accessIPv4": "", "accessIPv6":
        "", "progress": 0, "OS-EXT-STS:power_state": 0, "config_drive": "", "metadata":
        {}}}'
    http_version: 
  recorded_at: Wed, 10 Aug 2016 18:03:00 GMT
- request:
    method: get
    uri: http://146.20.103.69:8774/v2.1/92ac5831e22341bc9cc88f3942ba4d68/servers/c23f30f1-2937-491d-aa18-531def81c91e
    body:
      encoding: US-ASCII
      string: ''
    headers:
      Accept:
      - application/json
      Accept-Encoding:
      - gzip, deflate
      X-Auth-Token:
      - gAAAAABXq2rI88vA4eTQd0MMDKXEywxVMlqvg32oqqufL31uZaLxQ72Qv473la-0D9FYoBtGGUfMP3aIyiiApGKi7OyluljHxR0d2vPbfzz0qWEmMugFKe-4Bh-wxIMgwOK7AoPP3psM_R_DzXKe8KMTQKIoK-AROnAB9D6yxdFmqh34wkuNy4s
      Content-Type:
      - application/json
      User-Agent:
      - Ruby
  response:
    status:
      code: 200
      message: OK
    headers:
      Content-Type:
      - application/json
      Content-Length:
      - '1675'
      X-Openstack-Nova-Api-Version:
      - '2.1'
      Vary:
      - X-OpenStack-Nova-API-Version
      X-Compute-Request-Id:
      - req-044ba1b6-2840-4579-8e00-4ec18995c766
      Date:
      - Wed, 10 Aug 2016 18:03:01 GMT
    body:
      encoding: UTF-8
      string: '{"server": {"status": "ACTIVE", "updated": "2016-08-10T18:03:00Z",
        "hostId": "ddfbbf847bc526c52777edc7173a5f9f0b95c29110710d02afb8eb50", "OS-EXT-SRV-ATTR:host":
        "pita", "addresses": {"public": [{"OS-EXT-IPS-MAC:mac_addr": "fa:16:3e:f4:bf:85",
        "version": 4, "addr": "172.29.248.27", "OS-EXT-IPS:type": "fixed"}]}, "links":
        [{"href": "http://146.20.103.69:8774/v2.1/92ac5831e22341bc9cc88f3942ba4d68/servers/c23f30f1-2937-491d-aa18-531def81c91e",
        "rel": "self"}, {"href": "http://146.20.103.69:8774/92ac5831e22341bc9cc88f3942ba4d68/servers/c23f30f1-2937-491d-aa18-531def81c91e",
        "rel": "bookmark"}], "key_name": null, "image": {"id": "d1a3bf61-7346-482e-91aa-b038ad784042",
        "links": [{"href": "http://146.20.103.69:8774/92ac5831e22341bc9cc88f3942ba4d68/images/d1a3bf61-7346-482e-91aa-b038ad784042",
        "rel": "bookmark"}]}, "OS-EXT-STS:task_state": null, "OS-EXT-STS:vm_state":
        "active", "OS-EXT-SRV-ATTR:instance_name": "instance-0000004c", "OS-SRV-USG:launched_at":
        "2016-08-10T18:03:00.000000", "OS-EXT-SRV-ATTR:hypervisor_hostname": "pita",
        "flavor": {"id": "1", "links": [{"href": "http://146.20.103.69:8774/92ac5831e22341bc9cc88f3942ba4d68/flavors/1",
        "rel": "bookmark"}]}, "id": "c23f30f1-2937-491d-aa18-531def81c91e", "security_groups":
        [{"name": "default"}], "OS-SRV-USG:terminated_at": null, "OS-EXT-AZ:availability_zone":
        "nova", "user_id": "291651f78d4d46738e3b6dc413243760", "name": "258390", "created":
        "2016-08-10T18:02:49Z", "tenant_id": "92ac5831e22341bc9cc88f3942ba4d68", "OS-DCF:diskConfig":
        "MANUAL", "os-extended-volumes:volumes_attached": [], "accessIPv4": "", "accessIPv6":
        "", "progress": 0, "OS-EXT-STS:power_state": 1, "config_drive": "", "metadata":
        {}}}'
    http_version: 
  recorded_at: Wed, 10 Aug 2016 18:03:01 GMT
recorded_with: VCR 3.0.3
