---
http_interactions:
- request:
    method: get
    uri: http://172.99.88.174:8774/v2.1/0c5dd43034614366b9e4e47887f38228/servers
    body:
      encoding: US-ASCII
      string: ''
    headers:
      Accept:
      - application/json
      Accept-Encoding:
      - gzip, deflate
      X-Auth-Token:
      - gAAAAABXmRZ-OxrWDsIsurD1A_Q8AC4qjwAgQdNhyq4_ZByB6ci13MGusTS-sZZSTMBgIw60TaWkJAqrfolkNwnu-O35M81tbj9FoVvZ7_t2slstKF0X6-xN6ttoAbXMqUQrcExjnanHGfMPU2VbAjdVXv0sefCzEGvHcAO0h5jR_eoQLPAKB5c
      Content-Type:
      - application/json
      User-Agent:
      - Ruby
  response:
    status:
      code: 200
      message: OK
    headers:
      Content-Length:
      - '363'
      Content-Type:
      - application/json
      X-Openstack-Nova-Api-Version:
      - '2.1'
      Vary:
      - X-OpenStack-Nova-API-Version
      X-Compute-Request-Id:
      - req-61cf3da0-c98b-437b-b8e4-9041dcd24a4c
      Date:
      - Wed, 27 Jul 2016 20:19:31 GMT
    body:
      encoding: UTF-8
      string: '{"servers": [{"id": "e023ea4e-bc64-41d1-8b9a-0f84a3e274fd", "links":
        [{"href": "http://172.99.88.174:8774/v2.1/0c5dd43034614366b9e4e47887f38228/servers/e023ea4e-bc64-41d1-8b9a-0f84a3e274fd",
        "rel": "self"}, {"href": "http://172.99.88.174:8774/0c5dd43034614366b9e4e47887f38228/servers/e023ea4e-bc64-41d1-8b9a-0f84a3e274fd",
        "rel": "bookmark"}], "name": "614567"}]}'
    http_version: 
  recorded_at: Wed, 27 Jul 2016 20:19:32 GMT
- request:
    method: delete
    uri: http://172.99.88.174:8774/v2.1/0c5dd43034614366b9e4e47887f38228/servers/e023ea4e-bc64-41d1-8b9a-0f84a3e274fd
    body:
      encoding: US-ASCII
      string: ''
    headers:
      Accept:
      - application/json
      Accept-Encoding:
      - gzip, deflate
      X-Auth-Token:
      - gAAAAABXmRZ-OxrWDsIsurD1A_Q8AC4qjwAgQdNhyq4_ZByB6ci13MGusTS-sZZSTMBgIw60TaWkJAqrfolkNwnu-O35M81tbj9FoVvZ7_t2slstKF0X6-xN6ttoAbXMqUQrcExjnanHGfMPU2VbAjdVXv0sefCzEGvHcAO0h5jR_eoQLPAKB5c
      Content-Type:
      - application/json
      User-Agent:
      - Ruby
  response:
    status:
      code: 204
      message: No Content
    headers:
      Content-Length:
      - '0'
      Content-Type:
      - application/json
      X-Openstack-Nova-Api-Version:
      - '2.1'
      Vary:
      - X-OpenStack-Nova-API-Version
      X-Compute-Request-Id:
      - req-14826665-7973-4bbf-833d-297bc2f2c972
      Date:
      - Wed, 27 Jul 2016 20:19:32 GMT
    body:
      encoding: UTF-8
      string: ''
    http_version: 
  recorded_at: Wed, 27 Jul 2016 20:19:32 GMT
- request:
    method: get
    uri: http://172.99.88.174:8776/v1/0c5dd43034614366b9e4e47887f38228/volumes
    body:
      encoding: US-ASCII
      string: ''
    headers:
      Accept:
      - application/json
      Accept-Encoding:
      - gzip, deflate
      X-Auth-Token:
      - gAAAAABXmRZ-OxrWDsIsurD1A_Q8AC4qjwAgQdNhyq4_ZByB6ci13MGusTS-sZZSTMBgIw60TaWkJAqrfolkNwnu-O35M81tbj9FoVvZ7_t2slstKF0X6-xN6ttoAbXMqUQrcExjnanHGfMPU2VbAjdVXv0sefCzEGvHcAO0h5jR_eoQLPAKB5c
      Content-Type:
      - application/json
      User-Agent:
      - Ruby
  response:
    status:
      code: 200
      message: OK
    headers:
      X-Compute-Request-Id:
      - req-1d1bad28-3a1e-4404-8f6f-96b18886a3f9
      Content-Type:
      - application/json
      Content-Length:
      - '754'
      X-Openstack-Request-Id:
      - req-1d1bad28-3a1e-4404-8f6f-96b18886a3f9
      Date:
      - Wed, 27 Jul 2016 20:19:32 GMT
    body:
      encoding: UTF-8
      string: '{"volumes": [{"status": "creating", "display_name": null, "attachments":
        [], "availability_zone": "nova", "bootable": "false", "encrypted": false,
        "created_at": "2016-07-27T15:22:49.000000", "multiattach": "false", "display_description":
        null, "volume_type": null, "snapshot_id": null, "source_volid": null, "metadata":
        {}, "id": "c9123fff-3044-4e74-8759-1a2b2fecb452", "size": 10}, {"status":
        "available", "display_name": null, "attachments": [], "availability_zone":
        "nova", "bootable": "false", "encrypted": false, "created_at": "2016-07-27T01:30:17.000000",
        "multiattach": "false", "display_description": null, "volume_type": null,
        "snapshot_id": null, "source_volid": null, "metadata": {}, "id": "5e41e954-7a90-4ec5-959c-f153603f6c42",
        "size": 10}]}'
    http_version: 
  recorded_at: Wed, 27 Jul 2016 20:19:32 GMT
- request:
    method: delete
    uri: http://172.99.88.174:8776/v1/0c5dd43034614366b9e4e47887f38228/volumes/c9123fff-3044-4e74-8759-1a2b2fecb452
    body:
      encoding: US-ASCII
      string: ''
    headers:
      Accept:
      - application/json
      Accept-Encoding:
      - gzip, deflate
      X-Auth-Token:
      - gAAAAABXmRZ-OxrWDsIsurD1A_Q8AC4qjwAgQdNhyq4_ZByB6ci13MGusTS-sZZSTMBgIw60TaWkJAqrfolkNwnu-O35M81tbj9FoVvZ7_t2slstKF0X6-xN6ttoAbXMqUQrcExjnanHGfMPU2VbAjdVXv0sefCzEGvHcAO0h5jR_eoQLPAKB5c
      Content-Type:
      - application/json
      User-Agent:
      - Ruby
  response:
    status:
      code: 400
      message: Bad Request
    headers:
      Openstack-Api-Version:
      - '1.0'
      Vary:
      - OpenStack-API-Version
      Content-Length:
      - '224'
      Content-Type:
      - application/json; charset=UTF-8
      X-Compute-Request-Id:
      - req-1a520511-4c37-464c-b0a1-63a6859a35d7
      X-Openstack-Request-Id:
      - req-1a520511-4c37-464c-b0a1-63a6859a35d7
      Date:
      - Wed, 27 Jul 2016 20:19:32 GMT
    body:
      encoding: UTF-8
      string: '{"badRequest": {"message": "Invalid volume: Volume status must be available
        or error or error_restoring or error_extending and must not be migrating,
        attached, belong to a consistency group or have snapshots.", "code": 400}}'
    http_version: 
  recorded_at: Wed, 27 Jul 2016 20:19:32 GMT
- request:
    method: delete
    uri: http://172.99.88.174:8776/v1/0c5dd43034614366b9e4e47887f38228/volumes/5e41e954-7a90-4ec5-959c-f153603f6c42
    body:
      encoding: US-ASCII
      string: ''
    headers:
      Accept:
      - application/json
      Accept-Encoding:
      - gzip, deflate
      X-Auth-Token:
      - gAAAAABXmRZ-OxrWDsIsurD1A_Q8AC4qjwAgQdNhyq4_ZByB6ci13MGusTS-sZZSTMBgIw60TaWkJAqrfolkNwnu-O35M81tbj9FoVvZ7_t2slstKF0X6-xN6ttoAbXMqUQrcExjnanHGfMPU2VbAjdVXv0sefCzEGvHcAO0h5jR_eoQLPAKB5c
      Content-Type:
      - application/json
      User-Agent:
      - Ruby
  response:
    status:
      code: 400
      message: Bad Request
    headers:
      Openstack-Api-Version:
      - '1.0'
      Vary:
      - OpenStack-API-Version
      Content-Length:
      - '224'
      Content-Type:
      - application/json; charset=UTF-8
      X-Compute-Request-Id:
      - req-c1f567a0-4894-4919-9b31-2385529937d0
      X-Openstack-Request-Id:
      - req-c1f567a0-4894-4919-9b31-2385529937d0
      Date:
      - Wed, 27 Jul 2016 20:19:32 GMT
    body:
      encoding: UTF-8
      string: '{"badRequest": {"message": "Invalid volume: Volume status must be available
        or error or error_restoring or error_extending and must not be migrating,
        attached, belong to a consistency group or have snapshots.", "code": 400}}'
    http_version: 
  recorded_at: Wed, 27 Jul 2016 20:19:32 GMT
- request:
    method: post
    uri: http://172.99.88.174:8774/v2.1/0c5dd43034614366b9e4e47887f38228/servers
    body:
      encoding: UTF-8
      string: '{"server":{"name":"738393","flavorRef":"1","imageRef":"62f213d9-634b-42b7-809d-f368ef33a3d4"}}'
    headers:
      Accept:
      - application/json
      Accept-Encoding:
      - gzip, deflate
      X-Auth-Token:
      - gAAAAABXmRZ-OxrWDsIsurD1A_Q8AC4qjwAgQdNhyq4_ZByB6ci13MGusTS-sZZSTMBgIw60TaWkJAqrfolkNwnu-O35M81tbj9FoVvZ7_t2slstKF0X6-xN6ttoAbXMqUQrcExjnanHGfMPU2VbAjdVXv0sefCzEGvHcAO0h5jR_eoQLPAKB5c
      Content-Type:
      - application/json
      Content-Length:
      - '94'
      User-Agent:
      - Ruby
  response:
    status:
      code: 202
      message: Accepted
    headers:
      Content-Length:
      - '444'
      Location:
      - http://172.99.88.174:8774/v2.1/0c5dd43034614366b9e4e47887f38228/servers/5f31c166-ea6e-4ab7-89a9-c19335340d0f
      Content-Type:
      - application/json
      X-Openstack-Nova-Api-Version:
      - '2.1'
      Vary:
      - X-OpenStack-Nova-API-Version
      X-Compute-Request-Id:
      - req-b7577970-ed58-4f2d-9835-9589289c95ac
      Date:
      - Wed, 27 Jul 2016 20:19:33 GMT
    body:
      encoding: UTF-8
      string: '{"server": {"security_groups": [{"name": "default"}], "OS-DCF:diskConfig":
        "MANUAL", "id": "5f31c166-ea6e-4ab7-89a9-c19335340d0f", "links": [{"href":
        "http://172.99.88.174:8774/v2.1/0c5dd43034614366b9e4e47887f38228/servers/5f31c166-ea6e-4ab7-89a9-c19335340d0f",
        "rel": "self"}, {"href": "http://172.99.88.174:8774/0c5dd43034614366b9e4e47887f38228/servers/5f31c166-ea6e-4ab7-89a9-c19335340d0f",
        "rel": "bookmark"}], "<OS_USERNAME>Pass": "KZqeU4yNeQrU"}}'
    http_version: 
  recorded_at: Wed, 27 Jul 2016 20:19:33 GMT
- request:
    method: get
    uri: http://172.99.88.174:8774/v2.1/0c5dd43034614366b9e4e47887f38228/servers/5f31c166-ea6e-4ab7-89a9-c19335340d0f
    body:
      encoding: US-ASCII
      string: ''
    headers:
      Accept:
      - application/json
      Accept-Encoding:
      - gzip, deflate
      X-Auth-Token:
      - gAAAAABXmRZ-OxrWDsIsurD1A_Q8AC4qjwAgQdNhyq4_ZByB6ci13MGusTS-sZZSTMBgIw60TaWkJAqrfolkNwnu-O35M81tbj9FoVvZ7_t2slstKF0X6-xN6ttoAbXMqUQrcExjnanHGfMPU2VbAjdVXv0sefCzEGvHcAO0h5jR_eoQLPAKB5c
      Content-Type:
      - application/json
      User-Agent:
      - Ruby
  response:
    status:
      code: 200
      message: OK
    headers:
      Content-Length:
      - '1431'
      Content-Type:
      - application/json
      X-Openstack-Nova-Api-Version:
      - '2.1'
      Vary:
      - X-OpenStack-Nova-API-Version
      X-Compute-Request-Id:
      - req-decaa512-2670-44fa-bce7-e958cf30b023
      Date:
      - Wed, 27 Jul 2016 20:19:33 GMT
    body:
      encoding: UTF-8
      string: '{"server": {"status": "BUILD", "updated": "2016-07-27T20:19:33Z", "hostId":
        "", "OS-EXT-SRV-ATTR:host": null, "addresses": {}, "links": [{"href": "http://172.99.88.174:8774/v2.1/0c5dd43034614366b9e4e47887f38228/servers/5f31c166-ea6e-4ab7-89a9-c19335340d0f",
        "rel": "self"}, {"href": "http://172.99.88.174:8774/0c5dd43034614366b9e4e47887f38228/servers/5f31c166-ea6e-4ab7-89a9-c19335340d0f",
        "rel": "bookmark"}], "key_name": null, "image": {"id": "62f213d9-634b-42b7-809d-f368ef33a3d4",
        "links": [{"href": "http://172.99.88.174:8774/0c5dd43034614366b9e4e47887f38228/images/62f213d9-634b-42b7-809d-f368ef33a3d4",
        "rel": "bookmark"}]}, "OS-EXT-STS:task_state": "scheduling", "OS-EXT-STS:vm_state":
        "building", "OS-EXT-SRV-ATTR:instance_name": "instance-000000a0", "OS-SRV-USG:launched_at":
        null, "OS-EXT-SRV-ATTR:hypervisor_hostname": null, "flavor": {"id": "1", "links":
        [{"href": "http://172.99.88.174:8774/0c5dd43034614366b9e4e47887f38228/flavors/1",
        "rel": "bookmark"}]}, "id": "5f31c166-ea6e-4ab7-89a9-c19335340d0f", "OS-SRV-USG:terminated_at":
        null, "OS-EXT-AZ:availability_zone": "nova", "user_id": "65289af47327447b8e3bfce09278f7e7",
        "name": "738393", "created": "2016-07-27T20:19:33Z", "tenant_id": "0c5dd43034614366b9e4e47887f38228",
        "OS-DCF:diskConfig": "MANUAL", "os-extended-volumes:volumes_attached": [],
        "accessIPv4": "", "accessIPv6": "", "progress": 0, "OS-EXT-STS:power_state":
        0, "config_drive": "", "metadata": {}}}'
    http_version: 
  recorded_at: Wed, 27 Jul 2016 20:19:33 GMT
- request:
    method: get
    uri: http://172.99.88.174:8774/v2.1/0c5dd43034614366b9e4e47887f38228/servers/5f31c166-ea6e-4ab7-89a9-c19335340d0f
    body:
      encoding: US-ASCII
      string: ''
    headers:
      Accept:
      - application/json
      Accept-Encoding:
      - gzip, deflate
      X-Auth-Token:
      - gAAAAABXmRZ-OxrWDsIsurD1A_Q8AC4qjwAgQdNhyq4_ZByB6ci13MGusTS-sZZSTMBgIw60TaWkJAqrfolkNwnu-O35M81tbj9FoVvZ7_t2slstKF0X6-xN6ttoAbXMqUQrcExjnanHGfMPU2VbAjdVXv0sefCzEGvHcAO0h5jR_eoQLPAKB5c
      Content-Type:
      - application/json
      User-Agent:
      - Ruby
  response:
    status:
      code: 200
      message: OK
    headers:
      Content-Length:
      - '1671'
      Content-Type:
      - application/json
      X-Openstack-Nova-Api-Version:
      - '2.1'
      Vary:
      - X-OpenStack-Nova-API-Version
      X-Compute-Request-Id:
      - req-aecb229d-af16-4b51-a2ff-34e021dfc17b
      Date:
      - Wed, 27 Jul 2016 20:19:34 GMT
    body:
      encoding: UTF-8
      string: '{"server": {"status": "BUILD", "updated": "2016-07-27T20:19:33Z", "hostId":
        "f63b8ab9852b3c886db2f89111afc78eafc661443d60a3b69fb19d75", "OS-EXT-SRV-ATTR:host":
        "osux", "addresses": {"public": [{"OS-EXT-IPS-MAC:mac_addr": "fa:16:3e:9c:1d:ea",
        "version": 4, "addr": "172.29.248.163", "OS-EXT-IPS:type": "fixed"}]}, "links":
        [{"href": "http://172.99.88.174:8774/v2.1/0c5dd43034614366b9e4e47887f38228/servers/5f31c166-ea6e-4ab7-89a9-c19335340d0f",
        "rel": "self"}, {"href": "http://172.99.88.174:8774/0c5dd43034614366b9e4e47887f38228/servers/5f31c166-ea6e-4ab7-89a9-c19335340d0f",
        "rel": "bookmark"}], "key_name": null, "image": {"id": "62f213d9-634b-42b7-809d-f368ef33a3d4",
        "links": [{"href": "http://172.99.88.174:8774/0c5dd43034614366b9e4e47887f38228/images/62f213d9-634b-42b7-809d-f368ef33a3d4",
        "rel": "bookmark"}]}, "OS-EXT-STS:task_state": "spawning", "OS-EXT-STS:vm_state":
        "building", "OS-EXT-SRV-ATTR:instance_name": "instance-000000a0", "OS-SRV-USG:launched_at":
        null, "OS-EXT-SRV-ATTR:hypervisor_hostname": "osux.localdomain", "flavor":
        {"id": "1", "links": [{"href": "http://172.99.88.174:8774/0c5dd43034614366b9e4e47887f38228/flavors/1",
        "rel": "bookmark"}]}, "id": "5f31c166-ea6e-4ab7-89a9-c19335340d0f", "security_groups":
        [{"name": "default"}], "OS-SRV-USG:terminated_at": null, "OS-EXT-AZ:availability_zone":
        "nova", "user_id": "65289af47327447b8e3bfce09278f7e7", "name": "738393", "created":
        "2016-07-27T20:19:33Z", "tenant_id": "0c5dd43034614366b9e4e47887f38228", "OS-DCF:diskConfig":
        "MANUAL", "os-extended-volumes:volumes_attached": [], "accessIPv4": "", "accessIPv6":
        "", "progress": 0, "OS-EXT-STS:power_state": 0, "config_drive": "", "metadata":
        {}}}'
    http_version: 
  recorded_at: Wed, 27 Jul 2016 20:19:34 GMT
- request:
    method: get
    uri: http://172.99.88.174:8774/v2.1/0c5dd43034614366b9e4e47887f38228/servers/5f31c166-ea6e-4ab7-89a9-c19335340d0f
    body:
      encoding: US-ASCII
      string: ''
    headers:
      Accept:
      - application/json
      Accept-Encoding:
      - gzip, deflate
      X-Auth-Token:
      - gAAAAABXmRZ-OxrWDsIsurD1A_Q8AC4qjwAgQdNhyq4_ZByB6ci13MGusTS-sZZSTMBgIw60TaWkJAqrfolkNwnu-O35M81tbj9FoVvZ7_t2slstKF0X6-xN6ttoAbXMqUQrcExjnanHGfMPU2VbAjdVXv0sefCzEGvHcAO0h5jR_eoQLPAKB5c
      Content-Type:
      - application/json
      User-Agent:
      - Ruby
  response:
    status:
      code: 200
      message: OK
    headers:
      Content-Length:
      - '1671'
      Content-Type:
      - application/json
      X-Openstack-Nova-Api-Version:
      - '2.1'
      Vary:
      - X-OpenStack-Nova-API-Version
      X-Compute-Request-Id:
      - req-19225be5-7d80-4ec0-8309-09d1c59d522b
      Date:
      - Wed, 27 Jul 2016 20:19:35 GMT
    body:
      encoding: UTF-8
      string: '{"server": {"status": "BUILD", "updated": "2016-07-27T20:19:33Z", "hostId":
        "f63b8ab9852b3c886db2f89111afc78eafc661443d60a3b69fb19d75", "OS-EXT-SRV-ATTR:host":
        "osux", "addresses": {"public": [{"OS-EXT-IPS-MAC:mac_addr": "fa:16:3e:9c:1d:ea",
        "version": 4, "addr": "172.29.248.163", "OS-EXT-IPS:type": "fixed"}]}, "links":
        [{"href": "http://172.99.88.174:8774/v2.1/0c5dd43034614366b9e4e47887f38228/servers/5f31c166-ea6e-4ab7-89a9-c19335340d0f",
        "rel": "self"}, {"href": "http://172.99.88.174:8774/0c5dd43034614366b9e4e47887f38228/servers/5f31c166-ea6e-4ab7-89a9-c19335340d0f",
        "rel": "bookmark"}], "key_name": null, "image": {"id": "62f213d9-634b-42b7-809d-f368ef33a3d4",
        "links": [{"href": "http://172.99.88.174:8774/0c5dd43034614366b9e4e47887f38228/images/62f213d9-634b-42b7-809d-f368ef33a3d4",
        "rel": "bookmark"}]}, "OS-EXT-STS:task_state": "spawning", "OS-EXT-STS:vm_state":
        "building", "OS-EXT-SRV-ATTR:instance_name": "instance-000000a0", "OS-SRV-USG:launched_at":
        null, "OS-EXT-SRV-ATTR:hypervisor_hostname": "osux.localdomain", "flavor":
        {"id": "1", "links": [{"href": "http://172.99.88.174:8774/0c5dd43034614366b9e4e47887f38228/flavors/1",
        "rel": "bookmark"}]}, "id": "5f31c166-ea6e-4ab7-89a9-c19335340d0f", "security_groups":
        [{"name": "default"}], "OS-SRV-USG:terminated_at": null, "OS-EXT-AZ:availability_zone":
        "nova", "user_id": "65289af47327447b8e3bfce09278f7e7", "name": "738393", "created":
        "2016-07-27T20:19:33Z", "tenant_id": "0c5dd43034614366b9e4e47887f38228", "OS-DCF:diskConfig":
        "MANUAL", "os-extended-volumes:volumes_attached": [], "accessIPv4": "", "accessIPv6":
        "", "progress": 0, "OS-EXT-STS:power_state": 0, "config_drive": "", "metadata":
        {}}}'
    http_version: 
  recorded_at: Wed, 27 Jul 2016 20:19:35 GMT
- request:
    method: get
    uri: http://172.99.88.174:8774/v2.1/0c5dd43034614366b9e4e47887f38228/servers/5f31c166-ea6e-4ab7-89a9-c19335340d0f
    body:
      encoding: US-ASCII
      string: ''
    headers:
      Accept:
      - application/json
      Accept-Encoding:
      - gzip, deflate
      X-Auth-Token:
      - gAAAAABXmRZ-OxrWDsIsurD1A_Q8AC4qjwAgQdNhyq4_ZByB6ci13MGusTS-sZZSTMBgIw60TaWkJAqrfolkNwnu-O35M81tbj9FoVvZ7_t2slstKF0X6-xN6ttoAbXMqUQrcExjnanHGfMPU2VbAjdVXv0sefCzEGvHcAO0h5jR_eoQLPAKB5c
      Content-Type:
      - application/json
      User-Agent:
      - Ruby
  response:
    status:
      code: 200
      message: OK
    headers:
      Content-Length:
      - '1671'
      Content-Type:
      - application/json
      X-Openstack-Nova-Api-Version:
      - '2.1'
      Vary:
      - X-OpenStack-Nova-API-Version
      X-Compute-Request-Id:
      - req-3d15f6f4-01be-4c36-bdcc-148b80cbe69d
      Date:
      - Wed, 27 Jul 2016 20:19:37 GMT
    body:
      encoding: UTF-8
      string: '{"server": {"status": "BUILD", "updated": "2016-07-27T20:19:33Z", "hostId":
        "f63b8ab9852b3c886db2f89111afc78eafc661443d60a3b69fb19d75", "OS-EXT-SRV-ATTR:host":
        "osux", "addresses": {"public": [{"OS-EXT-IPS-MAC:mac_addr": "fa:16:3e:9c:1d:ea",
        "version": 4, "addr": "172.29.248.163", "OS-EXT-IPS:type": "fixed"}]}, "links":
        [{"href": "http://172.99.88.174:8774/v2.1/0c5dd43034614366b9e4e47887f38228/servers/5f31c166-ea6e-4ab7-89a9-c19335340d0f",
        "rel": "self"}, {"href": "http://172.99.88.174:8774/0c5dd43034614366b9e4e47887f38228/servers/5f31c166-ea6e-4ab7-89a9-c19335340d0f",
        "rel": "bookmark"}], "key_name": null, "image": {"id": "62f213d9-634b-42b7-809d-f368ef33a3d4",
        "links": [{"href": "http://172.99.88.174:8774/0c5dd43034614366b9e4e47887f38228/images/62f213d9-634b-42b7-809d-f368ef33a3d4",
        "rel": "bookmark"}]}, "OS-EXT-STS:task_state": "spawning", "OS-EXT-STS:vm_state":
        "building", "OS-EXT-SRV-ATTR:instance_name": "instance-000000a0", "OS-SRV-USG:launched_at":
        null, "OS-EXT-SRV-ATTR:hypervisor_hostname": "osux.localdomain", "flavor":
        {"id": "1", "links": [{"href": "http://172.99.88.174:8774/0c5dd43034614366b9e4e47887f38228/flavors/1",
        "rel": "bookmark"}]}, "id": "5f31c166-ea6e-4ab7-89a9-c19335340d0f", "security_groups":
        [{"name": "default"}], "OS-SRV-USG:terminated_at": null, "OS-EXT-AZ:availability_zone":
        "nova", "user_id": "65289af47327447b8e3bfce09278f7e7", "name": "738393", "created":
        "2016-07-27T20:19:33Z", "tenant_id": "0c5dd43034614366b9e4e47887f38228", "OS-DCF:diskConfig":
        "MANUAL", "os-extended-volumes:volumes_attached": [], "accessIPv4": "", "accessIPv6":
        "", "progress": 0, "OS-EXT-STS:power_state": 0, "config_drive": "", "metadata":
        {}}}'
    http_version: 
  recorded_at: Wed, 27 Jul 2016 20:19:37 GMT
- request:
    method: get
    uri: http://172.99.88.174:8774/v2.1/0c5dd43034614366b9e4e47887f38228/servers/5f31c166-ea6e-4ab7-89a9-c19335340d0f
    body:
      encoding: US-ASCII
      string: ''
    headers:
      Accept:
      - application/json
      Accept-Encoding:
      - gzip, deflate
      X-Auth-Token:
      - gAAAAABXmRZ-OxrWDsIsurD1A_Q8AC4qjwAgQdNhyq4_ZByB6ci13MGusTS-sZZSTMBgIw60TaWkJAqrfolkNwnu-O35M81tbj9FoVvZ7_t2slstKF0X6-xN6ttoAbXMqUQrcExjnanHGfMPU2VbAjdVXv0sefCzEGvHcAO0h5jR_eoQLPAKB5c
      Content-Type:
      - application/json
      User-Agent:
      - Ruby
  response:
    status:
      code: 200
      message: OK
    headers:
      Content-Length:
      - '1671'
      Content-Type:
      - application/json
      X-Openstack-Nova-Api-Version:
      - '2.1'
      Vary:
      - X-OpenStack-Nova-API-Version
      X-Compute-Request-Id:
      - req-2cde3f10-8887-4598-b776-7d211b09e133
      Date:
      - Wed, 27 Jul 2016 20:19:38 GMT
    body:
      encoding: UTF-8
      string: '{"server": {"status": "BUILD", "updated": "2016-07-27T20:19:33Z", "hostId":
        "f63b8ab9852b3c886db2f89111afc78eafc661443d60a3b69fb19d75", "OS-EXT-SRV-ATTR:host":
        "osux", "addresses": {"public": [{"OS-EXT-IPS-MAC:mac_addr": "fa:16:3e:9c:1d:ea",
        "version": 4, "addr": "172.29.248.163", "OS-EXT-IPS:type": "fixed"}]}, "links":
        [{"href": "http://172.99.88.174:8774/v2.1/0c5dd43034614366b9e4e47887f38228/servers/5f31c166-ea6e-4ab7-89a9-c19335340d0f",
        "rel": "self"}, {"href": "http://172.99.88.174:8774/0c5dd43034614366b9e4e47887f38228/servers/5f31c166-ea6e-4ab7-89a9-c19335340d0f",
        "rel": "bookmark"}], "key_name": null, "image": {"id": "62f213d9-634b-42b7-809d-f368ef33a3d4",
        "links": [{"href": "http://172.99.88.174:8774/0c5dd43034614366b9e4e47887f38228/images/62f213d9-634b-42b7-809d-f368ef33a3d4",
        "rel": "bookmark"}]}, "OS-EXT-STS:task_state": "spawning", "OS-EXT-STS:vm_state":
        "building", "OS-EXT-SRV-ATTR:instance_name": "instance-000000a0", "OS-SRV-USG:launched_at":
        null, "OS-EXT-SRV-ATTR:hypervisor_hostname": "osux.localdomain", "flavor":
        {"id": "1", "links": [{"href": "http://172.99.88.174:8774/0c5dd43034614366b9e4e47887f38228/flavors/1",
        "rel": "bookmark"}]}, "id": "5f31c166-ea6e-4ab7-89a9-c19335340d0f", "security_groups":
        [{"name": "default"}], "OS-SRV-USG:terminated_at": null, "OS-EXT-AZ:availability_zone":
        "nova", "user_id": "65289af47327447b8e3bfce09278f7e7", "name": "738393", "created":
        "2016-07-27T20:19:33Z", "tenant_id": "0c5dd43034614366b9e4e47887f38228", "OS-DCF:diskConfig":
        "MANUAL", "os-extended-volumes:volumes_attached": [], "accessIPv4": "", "accessIPv6":
        "", "progress": 0, "OS-EXT-STS:power_state": 0, "config_drive": "", "metadata":
        {}}}'
    http_version: 
  recorded_at: Wed, 27 Jul 2016 20:19:38 GMT
- request:
    method: get
    uri: http://172.99.88.174:8774/v2.1/0c5dd43034614366b9e4e47887f38228/servers/5f31c166-ea6e-4ab7-89a9-c19335340d0f
    body:
      encoding: US-ASCII
      string: ''
    headers:
      Accept:
      - application/json
      Accept-Encoding:
      - gzip, deflate
      X-Auth-Token:
      - gAAAAABXmRZ-OxrWDsIsurD1A_Q8AC4qjwAgQdNhyq4_ZByB6ci13MGusTS-sZZSTMBgIw60TaWkJAqrfolkNwnu-O35M81tbj9FoVvZ7_t2slstKF0X6-xN6ttoAbXMqUQrcExjnanHGfMPU2VbAjdVXv0sefCzEGvHcAO0h5jR_eoQLPAKB5c
      Content-Type:
      - application/json
      User-Agent:
      - Ruby
  response:
    status:
      code: 200
      message: OK
    headers:
      Content-Length:
      - '1671'
      Content-Type:
      - application/json
      X-Openstack-Nova-Api-Version:
      - '2.1'
      Vary:
      - X-OpenStack-Nova-API-Version
      X-Compute-Request-Id:
      - req-ef36206c-f1be-4b3e-9050-c6ced00aeb22
      Date:
      - Wed, 27 Jul 2016 20:19:39 GMT
    body:
      encoding: UTF-8
      string: '{"server": {"status": "BUILD", "updated": "2016-07-27T20:19:33Z", "hostId":
        "f63b8ab9852b3c886db2f89111afc78eafc661443d60a3b69fb19d75", "OS-EXT-SRV-ATTR:host":
        "osux", "addresses": {"public": [{"OS-EXT-IPS-MAC:mac_addr": "fa:16:3e:9c:1d:ea",
        "version": 4, "addr": "172.29.248.163", "OS-EXT-IPS:type": "fixed"}]}, "links":
        [{"href": "http://172.99.88.174:8774/v2.1/0c5dd43034614366b9e4e47887f38228/servers/5f31c166-ea6e-4ab7-89a9-c19335340d0f",
        "rel": "self"}, {"href": "http://172.99.88.174:8774/0c5dd43034614366b9e4e47887f38228/servers/5f31c166-ea6e-4ab7-89a9-c19335340d0f",
        "rel": "bookmark"}], "key_name": null, "image": {"id": "62f213d9-634b-42b7-809d-f368ef33a3d4",
        "links": [{"href": "http://172.99.88.174:8774/0c5dd43034614366b9e4e47887f38228/images/62f213d9-634b-42b7-809d-f368ef33a3d4",
        "rel": "bookmark"}]}, "OS-EXT-STS:task_state": "spawning", "OS-EXT-STS:vm_state":
        "building", "OS-EXT-SRV-ATTR:instance_name": "instance-000000a0", "OS-SRV-USG:launched_at":
        null, "OS-EXT-SRV-ATTR:hypervisor_hostname": "osux.localdomain", "flavor":
        {"id": "1", "links": [{"href": "http://172.99.88.174:8774/0c5dd43034614366b9e4e47887f38228/flavors/1",
        "rel": "bookmark"}]}, "id": "5f31c166-ea6e-4ab7-89a9-c19335340d0f", "security_groups":
        [{"name": "default"}], "OS-SRV-USG:terminated_at": null, "OS-EXT-AZ:availability_zone":
        "nova", "user_id": "65289af47327447b8e3bfce09278f7e7", "name": "738393", "created":
        "2016-07-27T20:19:33Z", "tenant_id": "0c5dd43034614366b9e4e47887f38228", "OS-DCF:diskConfig":
        "MANUAL", "os-extended-volumes:volumes_attached": [], "accessIPv4": "", "accessIPv6":
        "", "progress": 0, "OS-EXT-STS:power_state": 0, "config_drive": "", "metadata":
        {}}}'
    http_version: 
  recorded_at: Wed, 27 Jul 2016 20:19:39 GMT
- request:
    method: get
    uri: http://172.99.88.174:8774/v2.1/0c5dd43034614366b9e4e47887f38228/servers/5f31c166-ea6e-4ab7-89a9-c19335340d0f
    body:
      encoding: US-ASCII
      string: ''
    headers:
      Accept:
      - application/json
      Accept-Encoding:
      - gzip, deflate
      X-Auth-Token:
      - gAAAAABXmRZ-OxrWDsIsurD1A_Q8AC4qjwAgQdNhyq4_ZByB6ci13MGusTS-sZZSTMBgIw60TaWkJAqrfolkNwnu-O35M81tbj9FoVvZ7_t2slstKF0X6-xN6ttoAbXMqUQrcExjnanHGfMPU2VbAjdVXv0sefCzEGvHcAO0h5jR_eoQLPAKB5c
      Content-Type:
      - application/json
      User-Agent:
      - Ruby
  response:
    status:
      code: 200
      message: OK
    headers:
      Content-Length:
      - '1671'
      Content-Type:
      - application/json
      X-Openstack-Nova-Api-Version:
      - '2.1'
      Vary:
      - X-OpenStack-Nova-API-Version
      X-Compute-Request-Id:
      - req-f2a9841f-a3ac-4017-871e-e3e6f227ccb1
      Date:
      - Wed, 27 Jul 2016 20:19:40 GMT
    body:
      encoding: UTF-8
      string: '{"server": {"status": "BUILD", "updated": "2016-07-27T20:19:33Z", "hostId":
        "f63b8ab9852b3c886db2f89111afc78eafc661443d60a3b69fb19d75", "OS-EXT-SRV-ATTR:host":
        "osux", "addresses": {"public": [{"OS-EXT-IPS-MAC:mac_addr": "fa:16:3e:9c:1d:ea",
        "version": 4, "addr": "172.29.248.163", "OS-EXT-IPS:type": "fixed"}]}, "links":
        [{"href": "http://172.99.88.174:8774/v2.1/0c5dd43034614366b9e4e47887f38228/servers/5f31c166-ea6e-4ab7-89a9-c19335340d0f",
        "rel": "self"}, {"href": "http://172.99.88.174:8774/0c5dd43034614366b9e4e47887f38228/servers/5f31c166-ea6e-4ab7-89a9-c19335340d0f",
        "rel": "bookmark"}], "key_name": null, "image": {"id": "62f213d9-634b-42b7-809d-f368ef33a3d4",
        "links": [{"href": "http://172.99.88.174:8774/0c5dd43034614366b9e4e47887f38228/images/62f213d9-634b-42b7-809d-f368ef33a3d4",
        "rel": "bookmark"}]}, "OS-EXT-STS:task_state": "spawning", "OS-EXT-STS:vm_state":
        "building", "OS-EXT-SRV-ATTR:instance_name": "instance-000000a0", "OS-SRV-USG:launched_at":
        null, "OS-EXT-SRV-ATTR:hypervisor_hostname": "osux.localdomain", "flavor":
        {"id": "1", "links": [{"href": "http://172.99.88.174:8774/0c5dd43034614366b9e4e47887f38228/flavors/1",
        "rel": "bookmark"}]}, "id": "5f31c166-ea6e-4ab7-89a9-c19335340d0f", "security_groups":
        [{"name": "default"}], "OS-SRV-USG:terminated_at": null, "OS-EXT-AZ:availability_zone":
        "nova", "user_id": "65289af47327447b8e3bfce09278f7e7", "name": "738393", "created":
        "2016-07-27T20:19:33Z", "tenant_id": "0c5dd43034614366b9e4e47887f38228", "OS-DCF:diskConfig":
        "MANUAL", "os-extended-volumes:volumes_attached": [], "accessIPv4": "", "accessIPv6":
        "", "progress": 0, "OS-EXT-STS:power_state": 0, "config_drive": "", "metadata":
        {}}}'
    http_version: 
  recorded_at: Wed, 27 Jul 2016 20:19:41 GMT
- request:
    method: get
    uri: http://172.99.88.174:8774/v2.1/0c5dd43034614366b9e4e47887f38228/servers/5f31c166-ea6e-4ab7-89a9-c19335340d0f
    body:
      encoding: US-ASCII
      string: ''
    headers:
      Accept:
      - application/json
      Accept-Encoding:
      - gzip, deflate
      X-Auth-Token:
      - gAAAAABXmRZ-OxrWDsIsurD1A_Q8AC4qjwAgQdNhyq4_ZByB6ci13MGusTS-sZZSTMBgIw60TaWkJAqrfolkNwnu-O35M81tbj9FoVvZ7_t2slstKF0X6-xN6ttoAbXMqUQrcExjnanHGfMPU2VbAjdVXv0sefCzEGvHcAO0h5jR_eoQLPAKB5c
      Content-Type:
      - application/json
      User-Agent:
      - Ruby
  response:
    status:
      code: 200
      message: OK
    headers:
      Content-Length:
      - '1688'
      Content-Type:
      - application/json
      X-Openstack-Nova-Api-Version:
      - '2.1'
      Vary:
      - X-OpenStack-Nova-API-Version
      X-Compute-Request-Id:
      - req-b13c1ad1-f7fa-4307-b44e-dea32189d17d
      Date:
      - Wed, 27 Jul 2016 20:19:42 GMT
    body:
      encoding: UTF-8
      string: '{"server": {"status": "ACTIVE", "updated": "2016-07-27T20:19:41Z",
        "hostId": "f63b8ab9852b3c886db2f89111afc78eafc661443d60a3b69fb19d75", "OS-EXT-SRV-ATTR:host":
        "osux", "addresses": {"public": [{"OS-EXT-IPS-MAC:mac_addr": "fa:16:3e:9c:1d:ea",
        "version": 4, "addr": "172.29.248.163", "OS-EXT-IPS:type": "fixed"}]}, "links":
        [{"href": "http://172.99.88.174:8774/v2.1/0c5dd43034614366b9e4e47887f38228/servers/5f31c166-ea6e-4ab7-89a9-c19335340d0f",
        "rel": "self"}, {"href": "http://172.99.88.174:8774/0c5dd43034614366b9e4e47887f38228/servers/5f31c166-ea6e-4ab7-89a9-c19335340d0f",
        "rel": "bookmark"}], "key_name": null, "image": {"id": "62f213d9-634b-42b7-809d-f368ef33a3d4",
        "links": [{"href": "http://172.99.88.174:8774/0c5dd43034614366b9e4e47887f38228/images/62f213d9-634b-42b7-809d-f368ef33a3d4",
        "rel": "bookmark"}]}, "OS-EXT-STS:task_state": null, "OS-EXT-STS:vm_state":
        "active", "OS-EXT-SRV-ATTR:instance_name": "instance-000000a0", "OS-SRV-USG:launched_at":
        "2016-07-27T20:19:41.000000", "OS-EXT-SRV-ATTR:hypervisor_hostname": "osux.localdomain",
        "flavor": {"id": "1", "links": [{"href": "http://172.99.88.174:8774/0c5dd43034614366b9e4e47887f38228/flavors/1",
        "rel": "bookmark"}]}, "id": "5f31c166-ea6e-4ab7-89a9-c19335340d0f", "security_groups":
        [{"name": "default"}], "OS-SRV-USG:terminated_at": null, "OS-EXT-AZ:availability_zone":
        "nova", "user_id": "65289af47327447b8e3bfce09278f7e7", "name": "738393", "created":
        "2016-07-27T20:19:33Z", "tenant_id": "0c5dd43034614366b9e4e47887f38228", "OS-DCF:diskConfig":
        "MANUAL", "os-extended-volumes:volumes_attached": [], "accessIPv4": "", "accessIPv6":
        "", "progress": 0, "OS-EXT-STS:power_state": 1, "config_drive": "", "metadata":
        {}}}'
    http_version: 
  recorded_at: Wed, 27 Jul 2016 20:19:42 GMT
recorded_with: VCR 3.0.3
