---
http_interactions:
- request:
    method: get
    uri: http://146.20.103.69:8774/v2.1/92ac5831e22341bc9cc88f3942ba4d68/servers
    body:
      encoding: US-ASCII
      string: ''
    headers:
      Accept:
      - application/json
      Accept-Encoding:
      - gzip, deflate
      X-Auth-Token:
      - gAAAAABXq2rI88vA4eTQd0MMDKXEywxVMlqvg32oqqufL31uZaLxQ72Qv473la-0D9FYoBtGGUfMP3aIyiiApGKi7OyluljHxR0d2vPbfzz0qWEmMugFKe-4Bh-wxIMgwOK7AoPP3psM_R_DzXKe8KMTQKIoK-AROnAB9D6yxdFmqh34wkuNy4s
      Content-Type:
      - application/json
      User-Agent:
      - Ruby
  response:
    status:
      code: 200
      message: OK
    headers:
      Content-Type:
      - application/json
      Content-Length:
      - '363'
      X-Openstack-Nova-Api-Version:
      - '2.1'
      Vary:
      - X-OpenStack-Nova-API-Version
      X-Compute-Request-Id:
      - req-165903e8-de68-422f-91f0-8cbcfe5499e0
      Date:
      - Wed, 10 Aug 2016 18:00:57 GMT
    body:
      encoding: UTF-8
      string: '{"servers": [{"id": "135a8c78-810c-41e7-8955-1da3dc558222", "links":
        [{"href": "http://146.20.103.69:8774/v2.1/92ac5831e22341bc9cc88f3942ba4d68/servers/135a8c78-810c-41e7-8955-1da3dc558222",
        "rel": "self"}, {"href": "http://146.20.103.69:8774/92ac5831e22341bc9cc88f3942ba4d68/servers/135a8c78-810c-41e7-8955-1da3dc558222",
        "rel": "bookmark"}], "name": "873806"}]}'
    http_version: 
  recorded_at: Wed, 10 Aug 2016 18:00:57 GMT
- request:
    method: delete
    uri: http://146.20.103.69:8774/v2.1/92ac5831e22341bc9cc88f3942ba4d68/servers/135a8c78-810c-41e7-8955-1da3dc558222
    body:
      encoding: US-ASCII
      string: ''
    headers:
      Accept:
      - application/json
      Accept-Encoding:
      - gzip, deflate
      X-Auth-Token:
      - gAAAAABXq2rI88vA4eTQd0MMDKXEywxVMlqvg32oqqufL31uZaLxQ72Qv473la-0D9FYoBtGGUfMP3aIyiiApGKi7OyluljHxR0d2vPbfzz0qWEmMugFKe-4Bh-wxIMgwOK7AoPP3psM_R_DzXKe8KMTQKIoK-AROnAB9D6yxdFmqh34wkuNy4s
      Content-Type:
      - application/json
      User-Agent:
      - Ruby
  response:
    status:
      code: 204
      message: No Content
    headers:
      Content-Length:
      - '0'
      Content-Type:
      - application/json
      X-Openstack-Nova-Api-Version:
      - '2.1'
      Vary:
      - X-OpenStack-Nova-API-Version
      X-Compute-Request-Id:
      - req-7c3b2b26-c589-4989-89be-ad0149bf109b
      Date:
      - Wed, 10 Aug 2016 18:00:57 GMT
    body:
      encoding: UTF-8
      string: ''
    http_version: 
  recorded_at: Wed, 10 Aug 2016 18:00:57 GMT
- request:
    method: get
    uri: http://146.20.103.69:8776/v1/92ac5831e22341bc9cc88f3942ba4d68/snapshots
    body:
      encoding: US-ASCII
      string: ''
    headers:
      Accept:
      - application/json
      Accept-Encoding:
      - gzip, deflate
      X-Auth-Token:
      - gAAAAABXq2rI88vA4eTQd0MMDKXEywxVMlqvg32oqqufL31uZaLxQ72Qv473la-0D9FYoBtGGUfMP3aIyiiApGKi7OyluljHxR0d2vPbfzz0qWEmMugFKe-4Bh-wxIMgwOK7AoPP3psM_R_DzXKe8KMTQKIoK-AROnAB9D6yxdFmqh34wkuNy4s
      Content-Type:
      - application/json
      User-Agent:
      - Ruby
  response:
    status:
      code: 200
      message: OK
    headers:
      X-Compute-Request-Id:
      - req-4ef7dfbf-af8e-4f6a-8b37-ad3e37c87083
      Content-Type:
      - application/json
      Content-Length:
      - '17'
      X-Openstack-Request-Id:
      - req-4ef7dfbf-af8e-4f6a-8b37-ad3e37c87083
      Date:
      - Wed, 10 Aug 2016 18:00:58 GMT
    body:
      encoding: UTF-8
      string: '{"snapshots": []}'
    http_version: 
  recorded_at: Wed, 10 Aug 2016 18:00:57 GMT
- request:
    method: get
    uri: http://146.20.103.69:8776/v1/92ac5831e22341bc9cc88f3942ba4d68/backups
    body:
      encoding: US-ASCII
      string: ''
    headers:
      Accept:
      - application/json
      Accept-Encoding:
      - gzip, deflate
      X-Auth-Token:
      - gAAAAABXq2rI88vA4eTQd0MMDKXEywxVMlqvg32oqqufL31uZaLxQ72Qv473la-0D9FYoBtGGUfMP3aIyiiApGKi7OyluljHxR0d2vPbfzz0qWEmMugFKe-4Bh-wxIMgwOK7AoPP3psM_R_DzXKe8KMTQKIoK-AROnAB9D6yxdFmqh34wkuNy4s
      Content-Type:
      - application/json
      User-Agent:
      - Ruby
  response:
    status:
      code: 200
      message: OK
    headers:
      X-Compute-Request-Id:
      - req-debbe832-f040-4921-a67e-ee419e531006
      Content-Type:
      - application/json
      Content-Length:
      - '15'
      X-Openstack-Request-Id:
      - req-debbe832-f040-4921-a67e-ee419e531006
      Date:
      - Wed, 10 Aug 2016 18:00:58 GMT
    body:
      encoding: UTF-8
      string: '{"backups": []}'
    http_version: 
  recorded_at: Wed, 10 Aug 2016 18:00:58 GMT
- request:
    method: get
    uri: http://146.20.103.69:8776/v1/92ac5831e22341bc9cc88f3942ba4d68/volumes
    body:
      encoding: US-ASCII
      string: ''
    headers:
      Accept:
      - application/json
      Accept-Encoding:
      - gzip, deflate
      X-Auth-Token:
      - gAAAAABXq2rI88vA4eTQd0MMDKXEywxVMlqvg32oqqufL31uZaLxQ72Qv473la-0D9FYoBtGGUfMP3aIyiiApGKi7OyluljHxR0d2vPbfzz0qWEmMugFKe-4Bh-wxIMgwOK7AoPP3psM_R_DzXKe8KMTQKIoK-AROnAB9D6yxdFmqh34wkuNy4s
      Content-Type:
      - application/json
      User-Agent:
      - Ruby
  response:
    status:
      code: 200
      message: OK
    headers:
      X-Compute-Request-Id:
      - req-a6192a22-5ee4-4890-89a9-a24b790dc310
      Content-Type:
      - application/json
      Content-Length:
      - '15'
      X-Openstack-Request-Id:
      - req-a6192a22-5ee4-4890-89a9-a24b790dc310
      Date:
      - Wed, 10 Aug 2016 18:00:58 GMT
    body:
      encoding: UTF-8
      string: '{"volumes": []}'
    http_version: 
  recorded_at: Wed, 10 Aug 2016 18:00:58 GMT
- request:
    method: post
    uri: http://146.20.103.69:8774/v2.1/92ac5831e22341bc9cc88f3942ba4d68/servers
    body:
      encoding: UTF-8
      string: '{"server":{"name":"305078","flavorRef":"1","imageRef":"d1a3bf61-7346-482e-91aa-b038ad784042"}}'
    headers:
      Accept:
      - application/json
      Accept-Encoding:
      - gzip, deflate
      X-Auth-Token:
      - gAAAAABXq2rI88vA4eTQd0MMDKXEywxVMlqvg32oqqufL31uZaLxQ72Qv473la-0D9FYoBtGGUfMP3aIyiiApGKi7OyluljHxR0d2vPbfzz0qWEmMugFKe-4Bh-wxIMgwOK7AoPP3psM_R_DzXKe8KMTQKIoK-AROnAB9D6yxdFmqh34wkuNy4s
      Content-Type:
      - application/json
      Content-Length:
      - '94'
      User-Agent:
      - Ruby
  response:
    status:
      code: 202
      message: Accepted
    headers:
      Location:
      - http://146.20.103.69:8774/v2.1/92ac5831e22341bc9cc88f3942ba4d68/servers/8025c119-2930-48b6-8a19-726f60d17a4a
      Content-Type:
      - application/json
      Content-Length:
      - '444'
      X-Openstack-Nova-Api-Version:
      - '2.1'
      Vary:
      - X-OpenStack-Nova-API-Version
      X-Compute-Request-Id:
      - req-6ac508b1-98d1-4acf-a61d-c556ae39b83b
      Date:
      - Wed, 10 Aug 2016 18:00:59 GMT
    body:
      encoding: UTF-8
      string: '{"server": {"security_groups": [{"name": "default"}], "OS-DCF:diskConfig":
        "MANUAL", "id": "8025c119-2930-48b6-8a19-726f60d17a4a", "links": [{"href":
        "http://146.20.103.69:8774/v2.1/92ac5831e22341bc9cc88f3942ba4d68/servers/8025c119-2930-48b6-8a19-726f60d17a4a",
        "rel": "self"}, {"href": "http://146.20.103.69:8774/92ac5831e22341bc9cc88f3942ba4d68/servers/8025c119-2930-48b6-8a19-726f60d17a4a",
        "rel": "bookmark"}], "<OS_USERNAME>Pass": "ZohTaMhcEFe2"}}'
    http_version: 
  recorded_at: Wed, 10 Aug 2016 18:00:59 GMT
- request:
    method: get
    uri: http://146.20.103.69:8774/v2.1/92ac5831e22341bc9cc88f3942ba4d68/servers/8025c119-2930-48b6-8a19-726f60d17a4a
    body:
      encoding: US-ASCII
      string: ''
    headers:
      Accept:
      - application/json
      Accept-Encoding:
      - gzip, deflate
      X-Auth-Token:
      - gAAAAABXq2rI88vA4eTQd0MMDKXEywxVMlqvg32oqqufL31uZaLxQ72Qv473la-0D9FYoBtGGUfMP3aIyiiApGKi7OyluljHxR0d2vPbfzz0qWEmMugFKe-4Bh-wxIMgwOK7AoPP3psM_R_DzXKe8KMTQKIoK-AROnAB9D6yxdFmqh34wkuNy4s
      Content-Type:
      - application/json
      User-Agent:
      - Ruby
  response:
    status:
      code: 200
      message: OK
    headers:
      Content-Type:
      - application/json
      Content-Length:
      - '1419'
      X-Openstack-Nova-Api-Version:
      - '2.1'
      Vary:
      - X-OpenStack-Nova-API-Version
      X-Compute-Request-Id:
      - req-78125c1a-fcd8-4eb6-9396-73d177e2f362
      Date:
      - Wed, 10 Aug 2016 18:00:59 GMT
    body:
      encoding: UTF-8
      string: '{"server": {"status": "BUILD", "updated": "2016-08-10T18:00:59Z", "hostId":
        "", "OS-EXT-SRV-ATTR:host": null, "addresses": {}, "links": [{"href": "http://146.20.103.69:8774/v2.1/92ac5831e22341bc9cc88f3942ba4d68/servers/8025c119-2930-48b6-8a19-726f60d17a4a",
        "rel": "self"}, {"href": "http://146.20.103.69:8774/92ac5831e22341bc9cc88f3942ba4d68/servers/8025c119-2930-48b6-8a19-726f60d17a4a",
        "rel": "bookmark"}], "key_name": null, "image": {"id": "d1a3bf61-7346-482e-91aa-b038ad784042",
        "links": [{"href": "http://146.20.103.69:8774/92ac5831e22341bc9cc88f3942ba4d68/images/d1a3bf61-7346-482e-91aa-b038ad784042",
        "rel": "bookmark"}]}, "OS-EXT-STS:task_state": null, "OS-EXT-STS:vm_state":
        "building", "OS-EXT-SRV-ATTR:instance_name": "instance-0000003a", "OS-SRV-USG:launched_at":
        null, "OS-EXT-SRV-ATTR:hypervisor_hostname": null, "flavor": {"id": "1", "links":
        [{"href": "http://146.20.103.69:8774/92ac5831e22341bc9cc88f3942ba4d68/flavors/1",
        "rel": "bookmark"}]}, "id": "8025c119-2930-48b6-8a19-726f60d17a4a", "OS-SRV-USG:terminated_at":
        null, "OS-EXT-AZ:availability_zone": "", "user_id": "291651f78d4d46738e3b6dc413243760",
        "name": "305078", "created": "2016-08-10T18:00:58Z", "tenant_id": "92ac5831e22341bc9cc88f3942ba4d68",
        "OS-DCF:diskConfig": "MANUAL", "os-extended-volumes:volumes_attached": [],
        "accessIPv4": "", "accessIPv6": "", "progress": 0, "OS-EXT-STS:power_state":
        0, "config_drive": "", "metadata": {}}}'
    http_version: 
  recorded_at: Wed, 10 Aug 2016 18:00:59 GMT
- request:
    method: get
    uri: http://146.20.103.69:8774/v2.1/92ac5831e22341bc9cc88f3942ba4d68/servers/8025c119-2930-48b6-8a19-726f60d17a4a
    body:
      encoding: US-ASCII
      string: ''
    headers:
      Accept:
      - application/json
      Accept-Encoding:
      - gzip, deflate
      X-Auth-Token:
      - gAAAAABXq2rI88vA4eTQd0MMDKXEywxVMlqvg32oqqufL31uZaLxQ72Qv473la-0D9FYoBtGGUfMP3aIyiiApGKi7OyluljHxR0d2vPbfzz0qWEmMugFKe-4Bh-wxIMgwOK7AoPP3psM_R_DzXKe8KMTQKIoK-AROnAB9D6yxdFmqh34wkuNy4s
      Content-Type:
      - application/json
      User-Agent:
      - Ruby
  response:
    status:
      code: 200
      message: OK
    headers:
      Content-Type:
      - application/json
      Content-Length:
      - '1658'
      X-Openstack-Nova-Api-Version:
      - '2.1'
      Vary:
      - X-OpenStack-Nova-API-Version
      X-Compute-Request-Id:
      - req-1d6e1d7a-26e9-4a53-90a5-5a6b65cdb0f8
      Date:
      - Wed, 10 Aug 2016 18:01:00 GMT
    body:
      encoding: UTF-8
      string: '{"server": {"status": "BUILD", "updated": "2016-08-10T18:01:00Z", "hostId":
        "ddfbbf847bc526c52777edc7173a5f9f0b95c29110710d02afb8eb50", "OS-EXT-SRV-ATTR:host":
        "pita", "addresses": {"public": [{"OS-EXT-IPS-MAC:mac_addr": "fa:16:3e:dd:00:cd",
        "version": 4, "addr": "172.29.248.21", "OS-EXT-IPS:type": "fixed"}]}, "links":
        [{"href": "http://146.20.103.69:8774/v2.1/92ac5831e22341bc9cc88f3942ba4d68/servers/8025c119-2930-48b6-8a19-726f60d17a4a",
        "rel": "self"}, {"href": "http://146.20.103.69:8774/92ac5831e22341bc9cc88f3942ba4d68/servers/8025c119-2930-48b6-8a19-726f60d17a4a",
        "rel": "bookmark"}], "key_name": null, "image": {"id": "d1a3bf61-7346-482e-91aa-b038ad784042",
        "links": [{"href": "http://146.20.103.69:8774/92ac5831e22341bc9cc88f3942ba4d68/images/d1a3bf61-7346-482e-91aa-b038ad784042",
        "rel": "bookmark"}]}, "OS-EXT-STS:task_state": "spawning", "OS-EXT-STS:vm_state":
        "building", "OS-EXT-SRV-ATTR:instance_name": "instance-0000003a", "OS-SRV-USG:launched_at":
        null, "OS-EXT-SRV-ATTR:hypervisor_hostname": "pita", "flavor": {"id": "1",
        "links": [{"href": "http://146.20.103.69:8774/92ac5831e22341bc9cc88f3942ba4d68/flavors/1",
        "rel": "bookmark"}]}, "id": "8025c119-2930-48b6-8a19-726f60d17a4a", "security_groups":
        [{"name": "default"}], "OS-SRV-USG:terminated_at": null, "OS-EXT-AZ:availability_zone":
        "nova", "user_id": "291651f78d4d46738e3b6dc413243760", "name": "305078", "created":
        "2016-08-10T18:00:58Z", "tenant_id": "92ac5831e22341bc9cc88f3942ba4d68", "OS-DCF:diskConfig":
        "MANUAL", "os-extended-volumes:volumes_attached": [], "accessIPv4": "", "accessIPv6":
        "", "progress": 0, "OS-EXT-STS:power_state": 0, "config_drive": "", "metadata":
        {}}}'
    http_version: 
  recorded_at: Wed, 10 Aug 2016 18:01:00 GMT
- request:
    method: get
    uri: http://146.20.103.69:8774/v2.1/92ac5831e22341bc9cc88f3942ba4d68/servers/8025c119-2930-48b6-8a19-726f60d17a4a
    body:
      encoding: US-ASCII
      string: ''
    headers:
      Accept:
      - application/json
      Accept-Encoding:
      - gzip, deflate
      X-Auth-Token:
      - gAAAAABXq2rI88vA4eTQd0MMDKXEywxVMlqvg32oqqufL31uZaLxQ72Qv473la-0D9FYoBtGGUfMP3aIyiiApGKi7OyluljHxR0d2vPbfzz0qWEmMugFKe-4Bh-wxIMgwOK7AoPP3psM_R_DzXKe8KMTQKIoK-AROnAB9D6yxdFmqh34wkuNy4s
      Content-Type:
      - application/json
      User-Agent:
      - Ruby
  response:
    status:
      code: 200
      message: OK
    headers:
      Content-Type:
      - application/json
      Content-Length:
      - '1658'
      X-Openstack-Nova-Api-Version:
      - '2.1'
      Vary:
      - X-OpenStack-Nova-API-Version
      X-Compute-Request-Id:
      - req-c4ce8edc-0c6f-4680-8f5f-67502cbd5103
      Date:
      - Wed, 10 Aug 2016 18:01:02 GMT
    body:
      encoding: UTF-8
      string: '{"server": {"status": "BUILD", "updated": "2016-08-10T18:01:00Z", "hostId":
        "ddfbbf847bc526c52777edc7173a5f9f0b95c29110710d02afb8eb50", "OS-EXT-SRV-ATTR:host":
        "pita", "addresses": {"public": [{"OS-EXT-IPS-MAC:mac_addr": "fa:16:3e:dd:00:cd",
        "version": 4, "addr": "172.29.248.21", "OS-EXT-IPS:type": "fixed"}]}, "links":
        [{"href": "http://146.20.103.69:8774/v2.1/92ac5831e22341bc9cc88f3942ba4d68/servers/8025c119-2930-48b6-8a19-726f60d17a4a",
        "rel": "self"}, {"href": "http://146.20.103.69:8774/92ac5831e22341bc9cc88f3942ba4d68/servers/8025c119-2930-48b6-8a19-726f60d17a4a",
        "rel": "bookmark"}], "key_name": null, "image": {"id": "d1a3bf61-7346-482e-91aa-b038ad784042",
        "links": [{"href": "http://146.20.103.69:8774/92ac5831e22341bc9cc88f3942ba4d68/images/d1a3bf61-7346-482e-91aa-b038ad784042",
        "rel": "bookmark"}]}, "OS-EXT-STS:task_state": "spawning", "OS-EXT-STS:vm_state":
        "building", "OS-EXT-SRV-ATTR:instance_name": "instance-0000003a", "OS-SRV-USG:launched_at":
        null, "OS-EXT-SRV-ATTR:hypervisor_hostname": "pita", "flavor": {"id": "1",
        "links": [{"href": "http://146.20.103.69:8774/92ac5831e22341bc9cc88f3942ba4d68/flavors/1",
        "rel": "bookmark"}]}, "id": "8025c119-2930-48b6-8a19-726f60d17a4a", "security_groups":
        [{"name": "default"}], "OS-SRV-USG:terminated_at": null, "OS-EXT-AZ:availability_zone":
        "nova", "user_id": "291651f78d4d46738e3b6dc413243760", "name": "305078", "created":
        "2016-08-10T18:00:58Z", "tenant_id": "92ac5831e22341bc9cc88f3942ba4d68", "OS-DCF:diskConfig":
        "MANUAL", "os-extended-volumes:volumes_attached": [], "accessIPv4": "", "accessIPv6":
        "", "progress": 0, "OS-EXT-STS:power_state": 0, "config_drive": "", "metadata":
        {}}}'
    http_version: 
  recorded_at: Wed, 10 Aug 2016 18:01:02 GMT
- request:
    method: get
    uri: http://146.20.103.69:8774/v2.1/92ac5831e22341bc9cc88f3942ba4d68/servers/8025c119-2930-48b6-8a19-726f60d17a4a
    body:
      encoding: US-ASCII
      string: ''
    headers:
      Accept:
      - application/json
      Accept-Encoding:
      - gzip, deflate
      X-Auth-Token:
      - gAAAAABXq2rI88vA4eTQd0MMDKXEywxVMlqvg32oqqufL31uZaLxQ72Qv473la-0D9FYoBtGGUfMP3aIyiiApGKi7OyluljHxR0d2vPbfzz0qWEmMugFKe-4Bh-wxIMgwOK7AoPP3psM_R_DzXKe8KMTQKIoK-AROnAB9D6yxdFmqh34wkuNy4s
      Content-Type:
      - application/json
      User-Agent:
      - Ruby
  response:
    status:
      code: 200
      message: OK
    headers:
      Content-Type:
      - application/json
      Content-Length:
      - '1658'
      X-Openstack-Nova-Api-Version:
      - '2.1'
      Vary:
      - X-OpenStack-Nova-API-Version
      X-Compute-Request-Id:
      - req-8de7120a-3c9c-407f-ad48-c40918ab8b06
      Date:
      - Wed, 10 Aug 2016 18:01:03 GMT
    body:
      encoding: UTF-8
      string: '{"server": {"status": "BUILD", "updated": "2016-08-10T18:01:00Z", "hostId":
        "ddfbbf847bc526c52777edc7173a5f9f0b95c29110710d02afb8eb50", "OS-EXT-SRV-ATTR:host":
        "pita", "addresses": {"public": [{"OS-EXT-IPS-MAC:mac_addr": "fa:16:3e:dd:00:cd",
        "version": 4, "addr": "172.29.248.21", "OS-EXT-IPS:type": "fixed"}]}, "links":
        [{"href": "http://146.20.103.69:8774/v2.1/92ac5831e22341bc9cc88f3942ba4d68/servers/8025c119-2930-48b6-8a19-726f60d17a4a",
        "rel": "self"}, {"href": "http://146.20.103.69:8774/92ac5831e22341bc9cc88f3942ba4d68/servers/8025c119-2930-48b6-8a19-726f60d17a4a",
        "rel": "bookmark"}], "key_name": null, "image": {"id": "d1a3bf61-7346-482e-91aa-b038ad784042",
        "links": [{"href": "http://146.20.103.69:8774/92ac5831e22341bc9cc88f3942ba4d68/images/d1a3bf61-7346-482e-91aa-b038ad784042",
        "rel": "bookmark"}]}, "OS-EXT-STS:task_state": "spawning", "OS-EXT-STS:vm_state":
        "building", "OS-EXT-SRV-ATTR:instance_name": "instance-0000003a", "OS-SRV-USG:launched_at":
        null, "OS-EXT-SRV-ATTR:hypervisor_hostname": "pita", "flavor": {"id": "1",
        "links": [{"href": "http://146.20.103.69:8774/92ac5831e22341bc9cc88f3942ba4d68/flavors/1",
        "rel": "bookmark"}]}, "id": "8025c119-2930-48b6-8a19-726f60d17a4a", "security_groups":
        [{"name": "default"}], "OS-SRV-USG:terminated_at": null, "OS-EXT-AZ:availability_zone":
        "nova", "user_id": "291651f78d4d46738e3b6dc413243760", "name": "305078", "created":
        "2016-08-10T18:00:58Z", "tenant_id": "92ac5831e22341bc9cc88f3942ba4d68", "OS-DCF:diskConfig":
        "MANUAL", "os-extended-volumes:volumes_attached": [], "accessIPv4": "", "accessIPv6":
        "", "progress": 0, "OS-EXT-STS:power_state": 0, "config_drive": "", "metadata":
        {}}}'
    http_version: 
  recorded_at: Wed, 10 Aug 2016 18:01:03 GMT
- request:
    method: get
    uri: http://146.20.103.69:8774/v2.1/92ac5831e22341bc9cc88f3942ba4d68/servers/8025c119-2930-48b6-8a19-726f60d17a4a
    body:
      encoding: US-ASCII
      string: ''
    headers:
      Accept:
      - application/json
      Accept-Encoding:
      - gzip, deflate
      X-Auth-Token:
      - gAAAAABXq2rI88vA4eTQd0MMDKXEywxVMlqvg32oqqufL31uZaLxQ72Qv473la-0D9FYoBtGGUfMP3aIyiiApGKi7OyluljHxR0d2vPbfzz0qWEmMugFKe-4Bh-wxIMgwOK7AoPP3psM_R_DzXKe8KMTQKIoK-AROnAB9D6yxdFmqh34wkuNy4s
      Content-Type:
      - application/json
      User-Agent:
      - Ruby
  response:
    status:
      code: 200
      message: OK
    headers:
      Content-Type:
      - application/json
      Content-Length:
      - '1658'
      X-Openstack-Nova-Api-Version:
      - '2.1'
      Vary:
      - X-OpenStack-Nova-API-Version
      X-Compute-Request-Id:
      - req-a5c7cd18-03f5-4bb6-b346-fc84501a494c
      Date:
      - Wed, 10 Aug 2016 18:01:05 GMT
    body:
      encoding: UTF-8
      string: '{"server": {"status": "BUILD", "updated": "2016-08-10T18:01:00Z", "hostId":
        "ddfbbf847bc526c52777edc7173a5f9f0b95c29110710d02afb8eb50", "OS-EXT-SRV-ATTR:host":
        "pita", "addresses": {"public": [{"OS-EXT-IPS-MAC:mac_addr": "fa:16:3e:dd:00:cd",
        "version": 4, "addr": "172.29.248.21", "OS-EXT-IPS:type": "fixed"}]}, "links":
        [{"href": "http://146.20.103.69:8774/v2.1/92ac5831e22341bc9cc88f3942ba4d68/servers/8025c119-2930-48b6-8a19-726f60d17a4a",
        "rel": "self"}, {"href": "http://146.20.103.69:8774/92ac5831e22341bc9cc88f3942ba4d68/servers/8025c119-2930-48b6-8a19-726f60d17a4a",
        "rel": "bookmark"}], "key_name": null, "image": {"id": "d1a3bf61-7346-482e-91aa-b038ad784042",
        "links": [{"href": "http://146.20.103.69:8774/92ac5831e22341bc9cc88f3942ba4d68/images/d1a3bf61-7346-482e-91aa-b038ad784042",
        "rel": "bookmark"}]}, "OS-EXT-STS:task_state": "spawning", "OS-EXT-STS:vm_state":
        "building", "OS-EXT-SRV-ATTR:instance_name": "instance-0000003a", "OS-SRV-USG:launched_at":
        null, "OS-EXT-SRV-ATTR:hypervisor_hostname": "pita", "flavor": {"id": "1",
        "links": [{"href": "http://146.20.103.69:8774/92ac5831e22341bc9cc88f3942ba4d68/flavors/1",
        "rel": "bookmark"}]}, "id": "8025c119-2930-48b6-8a19-726f60d17a4a", "security_groups":
        [{"name": "default"}], "OS-SRV-USG:terminated_at": null, "OS-EXT-AZ:availability_zone":
        "nova", "user_id": "291651f78d4d46738e3b6dc413243760", "name": "305078", "created":
        "2016-08-10T18:00:58Z", "tenant_id": "92ac5831e22341bc9cc88f3942ba4d68", "OS-DCF:diskConfig":
        "MANUAL", "os-extended-volumes:volumes_attached": [], "accessIPv4": "", "accessIPv6":
        "", "progress": 0, "OS-EXT-STS:power_state": 0, "config_drive": "", "metadata":
        {}}}'
    http_version: 
  recorded_at: Wed, 10 Aug 2016 18:01:05 GMT
- request:
    method: get
    uri: http://146.20.103.69:8774/v2.1/92ac5831e22341bc9cc88f3942ba4d68/servers/8025c119-2930-48b6-8a19-726f60d17a4a
    body:
      encoding: US-ASCII
      string: ''
    headers:
      Accept:
      - application/json
      Accept-Encoding:
      - gzip, deflate
      X-Auth-Token:
      - gAAAAABXq2rI88vA4eTQd0MMDKXEywxVMlqvg32oqqufL31uZaLxQ72Qv473la-0D9FYoBtGGUfMP3aIyiiApGKi7OyluljHxR0d2vPbfzz0qWEmMugFKe-4Bh-wxIMgwOK7AoPP3psM_R_DzXKe8KMTQKIoK-AROnAB9D6yxdFmqh34wkuNy4s
      Content-Type:
      - application/json
      User-Agent:
      - Ruby
  response:
    status:
      code: 200
      message: OK
    headers:
      Content-Type:
      - application/json
      Content-Length:
      - '1675'
      X-Openstack-Nova-Api-Version:
      - '2.1'
      Vary:
      - X-OpenStack-Nova-API-Version
      X-Compute-Request-Id:
      - req-1fcee423-167c-4565-98e1-cd9aae7f4ebd
      Date:
      - Wed, 10 Aug 2016 18:01:06 GMT
    body:
      encoding: UTF-8
      string: '{"server": {"status": "ACTIVE", "updated": "2016-08-10T18:01:05Z",
        "hostId": "ddfbbf847bc526c52777edc7173a5f9f0b95c29110710d02afb8eb50", "OS-EXT-SRV-ATTR:host":
        "pita", "addresses": {"public": [{"OS-EXT-IPS-MAC:mac_addr": "fa:16:3e:dd:00:cd",
        "version": 4, "addr": "172.29.248.21", "OS-EXT-IPS:type": "fixed"}]}, "links":
        [{"href": "http://146.20.103.69:8774/v2.1/92ac5831e22341bc9cc88f3942ba4d68/servers/8025c119-2930-48b6-8a19-726f60d17a4a",
        "rel": "self"}, {"href": "http://146.20.103.69:8774/92ac5831e22341bc9cc88f3942ba4d68/servers/8025c119-2930-48b6-8a19-726f60d17a4a",
        "rel": "bookmark"}], "key_name": null, "image": {"id": "d1a3bf61-7346-482e-91aa-b038ad784042",
        "links": [{"href": "http://146.20.103.69:8774/92ac5831e22341bc9cc88f3942ba4d68/images/d1a3bf61-7346-482e-91aa-b038ad784042",
        "rel": "bookmark"}]}, "OS-EXT-STS:task_state": null, "OS-EXT-STS:vm_state":
        "active", "OS-EXT-SRV-ATTR:instance_name": "instance-0000003a", "OS-SRV-USG:launched_at":
        "2016-08-10T18:01:05.000000", "OS-EXT-SRV-ATTR:hypervisor_hostname": "pita",
        "flavor": {"id": "1", "links": [{"href": "http://146.20.103.69:8774/92ac5831e22341bc9cc88f3942ba4d68/flavors/1",
        "rel": "bookmark"}]}, "id": "8025c119-2930-48b6-8a19-726f60d17a4a", "security_groups":
        [{"name": "default"}], "OS-SRV-USG:terminated_at": null, "OS-EXT-AZ:availability_zone":
        "nova", "user_id": "291651f78d4d46738e3b6dc413243760", "name": "305078", "created":
        "2016-08-10T18:00:58Z", "tenant_id": "92ac5831e22341bc9cc88f3942ba4d68", "OS-DCF:diskConfig":
        "MANUAL", "os-extended-volumes:volumes_attached": [], "accessIPv4": "", "accessIPv6":
        "", "progress": 0, "OS-EXT-STS:power_state": 1, "config_drive": "", "metadata":
        {}}}'
    http_version: 
  recorded_at: Wed, 10 Aug 2016 18:01:06 GMT
recorded_with: VCR 3.0.3
