---
http_interactions:
- request:
    method: get
    uri: http://146.20.103.69:8774/v2.1/92ac5831e22341bc9cc88f3942ba4d68/servers
    body:
      encoding: US-ASCII
      string: ''
    headers:
      Accept:
      - application/json
      Accept-Encoding:
      - gzip, deflate
      X-Auth-Token:
      - gAAAAABXrKxlUyZvKC70n7H2-JA8q0xbbDMNh9QngJ66i7FYXO_yFJrkHVH-7TiK6AGvRnTLHXQyPkh7KB7oLvyf37waNrCkr_9c5mb9SzSqK-9Z_0s5F2MqidLe8BJb0mvLOYdPCmA6Z63uVgLaw0mkF0bp6oSTyuSLFZDCx--E6Dyg238RdJc
      Content-Type:
      - application/json
      User-Agent:
      - Ruby
  response:
    status:
      code: 200
      message: OK
    headers:
      Content-Type:
      - application/json
      Content-Length:
      - '363'
      X-Openstack-Nova-Api-Version:
      - '2.1'
      Vary:
      - X-OpenStack-Nova-API-Version
      X-Compute-Request-Id:
      - req-a9be5217-cff4-44a2-820d-1415e70b3edb
      Date:
      - Thu, 11 Aug 2016 16:52:48 GMT
    body:
      encoding: UTF-8
      string: '{"servers": [{"id": "afdbdd7d-e9fd-4599-972d-65a58442eafd", "links":
        [{"href": "http://146.20.103.69:8774/v2.1/92ac5831e22341bc9cc88f3942ba4d68/servers/afdbdd7d-e9fd-4599-972d-65a58442eafd",
        "rel": "self"}, {"href": "http://146.20.103.69:8774/92ac5831e22341bc9cc88f3942ba4d68/servers/afdbdd7d-e9fd-4599-972d-65a58442eafd",
        "rel": "bookmark"}], "name": "904683"}]}'
    http_version: 
  recorded_at: Thu, 11 Aug 2016 16:52:47 GMT
- request:
    method: delete
    uri: http://146.20.103.69:8774/v2.1/92ac5831e22341bc9cc88f3942ba4d68/servers/afdbdd7d-e9fd-4599-972d-65a58442eafd
    body:
      encoding: US-ASCII
      string: ''
    headers:
      Accept:
      - application/json
      Accept-Encoding:
      - gzip, deflate
      X-Auth-Token:
      - gAAAAABXrKxlUyZvKC70n7H2-JA8q0xbbDMNh9QngJ66i7FYXO_yFJrkHVH-7TiK6AGvRnTLHXQyPkh7KB7oLvyf37waNrCkr_9c5mb9SzSqK-9Z_0s5F2MqidLe8BJb0mvLOYdPCmA6Z63uVgLaw0mkF0bp6oSTyuSLFZDCx--E6Dyg238RdJc
      Content-Type:
      - application/json
      User-Agent:
      - Ruby
  response:
    status:
      code: 204
      message: No Content
    headers:
      Content-Length:
      - '0'
      Content-Type:
      - application/json
      X-Openstack-Nova-Api-Version:
      - '2.1'
      Vary:
      - X-OpenStack-Nova-API-Version
      X-Compute-Request-Id:
      - req-1a73c9e3-e9bf-491e-a7c8-f7a442d3389e
      Date:
      - Thu, 11 Aug 2016 16:52:48 GMT
    body:
      encoding: UTF-8
      string: ''
    http_version: 
  recorded_at: Thu, 11 Aug 2016 16:52:48 GMT
- request:
    method: get
    uri: http://146.20.103.69:8776/v1/92ac5831e22341bc9cc88f3942ba4d68/snapshots
    body:
      encoding: US-ASCII
      string: ''
    headers:
      Accept:
      - application/json
      Accept-Encoding:
      - gzip, deflate
      X-Auth-Token:
      - gAAAAABXrKxlUyZvKC70n7H2-JA8q0xbbDMNh9QngJ66i7FYXO_yFJrkHVH-7TiK6AGvRnTLHXQyPkh7KB7oLvyf37waNrCkr_9c5mb9SzSqK-9Z_0s5F2MqidLe8BJb0mvLOYdPCmA6Z63uVgLaw0mkF0bp6oSTyuSLFZDCx--E6Dyg238RdJc
      Content-Type:
      - application/json
      User-Agent:
      - Ruby
  response:
    status:
      code: 200
      message: OK
    headers:
      X-Compute-Request-Id:
      - req-974a7f2f-b59c-4439-a6d8-c4602ce2c422
      Content-Type:
      - application/json
      Content-Length:
      - '17'
      X-Openstack-Request-Id:
      - req-974a7f2f-b59c-4439-a6d8-c4602ce2c422
      Date:
      - Thu, 11 Aug 2016 16:52:48 GMT
    body:
      encoding: UTF-8
      string: '{"snapshots": []}'
    http_version: 
  recorded_at: Thu, 11 Aug 2016 16:52:48 GMT
- request:
    method: get
    uri: http://146.20.103.69:8776/v1/92ac5831e22341bc9cc88f3942ba4d68/backups
    body:
      encoding: US-ASCII
      string: ''
    headers:
      Accept:
      - application/json
      Accept-Encoding:
      - gzip, deflate
      X-Auth-Token:
      - gAAAAABXrKxlUyZvKC70n7H2-JA8q0xbbDMNh9QngJ66i7FYXO_yFJrkHVH-7TiK6AGvRnTLHXQyPkh7KB7oLvyf37waNrCkr_9c5mb9SzSqK-9Z_0s5F2MqidLe8BJb0mvLOYdPCmA6Z63uVgLaw0mkF0bp6oSTyuSLFZDCx--E6Dyg238RdJc
      Content-Type:
      - application/json
      User-Agent:
      - Ruby
  response:
    status:
      code: 200
      message: OK
    headers:
      X-Compute-Request-Id:
      - req-77775fa6-5610-4ca4-8fc1-834723f5c8e8
      Content-Type:
      - application/json
      Content-Length:
      - '15'
      X-Openstack-Request-Id:
      - req-77775fa6-5610-4ca4-8fc1-834723f5c8e8
      Date:
      - Thu, 11 Aug 2016 16:52:48 GMT
    body:
      encoding: UTF-8
      string: '{"backups": []}'
    http_version: 
  recorded_at: Thu, 11 Aug 2016 16:52:48 GMT
- request:
    method: get
    uri: http://146.20.103.69:8776/v1/92ac5831e22341bc9cc88f3942ba4d68/volumes
    body:
      encoding: US-ASCII
      string: ''
    headers:
      Accept:
      - application/json
      Accept-Encoding:
      - gzip, deflate
      X-Auth-Token:
      - gAAAAABXrKxlUyZvKC70n7H2-JA8q0xbbDMNh9QngJ66i7FYXO_yFJrkHVH-7TiK6AGvRnTLHXQyPkh7KB7oLvyf37waNrCkr_9c5mb9SzSqK-9Z_0s5F2MqidLe8BJb0mvLOYdPCmA6Z63uVgLaw0mkF0bp6oSTyuSLFZDCx--E6Dyg238RdJc
      Content-Type:
      - application/json
      User-Agent:
      - Ruby
  response:
    status:
      code: 200
      message: OK
    headers:
      X-Compute-Request-Id:
      - req-cb3e044e-f2d5-4c27-ae4d-268c5c3ad16d
      Content-Type:
      - application/json
      Content-Length:
      - '15'
      X-Openstack-Request-Id:
      - req-cb3e044e-f2d5-4c27-ae4d-268c5c3ad16d
      Date:
      - Thu, 11 Aug 2016 16:52:49 GMT
    body:
      encoding: UTF-8
      string: '{"volumes": []}'
    http_version: 
  recorded_at: Thu, 11 Aug 2016 16:52:48 GMT
- request:
    method: post
    uri: http://146.20.103.69:8774/v2.1/92ac5831e22341bc9cc88f3942ba4d68/servers
    body:
      encoding: UTF-8
      string: '{"server":{"name":"754276","flavorRef":"1","imageRef":"d1a3bf61-7346-482e-91aa-b038ad784042"}}'
    headers:
      Accept:
      - application/json
      Accept-Encoding:
      - gzip, deflate
      X-Auth-Token:
      - gAAAAABXrKxlUyZvKC70n7H2-JA8q0xbbDMNh9QngJ66i7FYXO_yFJrkHVH-7TiK6AGvRnTLHXQyPkh7KB7oLvyf37waNrCkr_9c5mb9SzSqK-9Z_0s5F2MqidLe8BJb0mvLOYdPCmA6Z63uVgLaw0mkF0bp6oSTyuSLFZDCx--E6Dyg238RdJc
      Content-Type:
      - application/json
      Content-Length:
      - '94'
      User-Agent:
      - Ruby
  response:
    status:
      code: 202
      message: Accepted
    headers:
      Location:
      - http://146.20.103.69:8774/v2.1/92ac5831e22341bc9cc88f3942ba4d68/servers/a7684165-4556-4e4c-8df0-55fb58ab6733
      Content-Type:
      - application/json
      Content-Length:
      - '444'
      X-Openstack-Nova-Api-Version:
      - '2.1'
      Vary:
      - X-OpenStack-Nova-API-Version
      X-Compute-Request-Id:
      - req-265c481d-6fa7-4206-9c43-d3aa848d7d4e
      Date:
      - Thu, 11 Aug 2016 16:52:49 GMT
    body:
      encoding: UTF-8
      string: '{"server": {"security_groups": [{"name": "default"}], "OS-DCF:diskConfig":
        "MANUAL", "id": "a7684165-4556-4e4c-8df0-55fb58ab6733", "links": [{"href":
        "http://146.20.103.69:8774/v2.1/92ac5831e22341bc9cc88f3942ba4d68/servers/a7684165-4556-4e4c-8df0-55fb58ab6733",
        "rel": "self"}, {"href": "http://146.20.103.69:8774/92ac5831e22341bc9cc88f3942ba4d68/servers/a7684165-4556-4e4c-8df0-55fb58ab6733",
        "rel": "bookmark"}], "<OS_USERNAME>Pass": "J9Sme9FiBWZa"}}'
    http_version: 
  recorded_at: Thu, 11 Aug 2016 16:52:49 GMT
- request:
    method: get
    uri: http://146.20.103.69:8774/v2.1/92ac5831e22341bc9cc88f3942ba4d68/servers/a7684165-4556-4e4c-8df0-55fb58ab6733
    body:
      encoding: US-ASCII
      string: ''
    headers:
      Accept:
      - application/json
      Accept-Encoding:
      - gzip, deflate
      X-Auth-Token:
      - gAAAAABXrKxlUyZvKC70n7H2-JA8q0xbbDMNh9QngJ66i7FYXO_yFJrkHVH-7TiK6AGvRnTLHXQyPkh7KB7oLvyf37waNrCkr_9c5mb9SzSqK-9Z_0s5F2MqidLe8BJb0mvLOYdPCmA6Z63uVgLaw0mkF0bp6oSTyuSLFZDCx--E6Dyg238RdJc
      Content-Type:
      - application/json
      User-Agent:
      - Ruby
  response:
    status:
      code: 200
      message: OK
    headers:
      Content-Type:
      - application/json
      Content-Length:
      - '1427'
      X-Openstack-Nova-Api-Version:
      - '2.1'
      Vary:
      - X-OpenStack-Nova-API-Version
      X-Compute-Request-Id:
      - req-30982364-e554-4afd-a45b-3b440a07f6f8
      Date:
      - Thu, 11 Aug 2016 16:52:50 GMT
    body:
      encoding: UTF-8
      string: '{"server": {"status": "BUILD", "updated": "2016-08-11T16:52:50Z", "hostId":
        "", "OS-EXT-SRV-ATTR:host": null, "addresses": {}, "links": [{"href": "http://146.20.103.69:8774/v2.1/92ac5831e22341bc9cc88f3942ba4d68/servers/a7684165-4556-4e4c-8df0-55fb58ab6733",
        "rel": "self"}, {"href": "http://146.20.103.69:8774/92ac5831e22341bc9cc88f3942ba4d68/servers/a7684165-4556-4e4c-8df0-55fb58ab6733",
        "rel": "bookmark"}], "key_name": null, "image": {"id": "d1a3bf61-7346-482e-91aa-b038ad784042",
        "links": [{"href": "http://146.20.103.69:8774/92ac5831e22341bc9cc88f3942ba4d68/images/d1a3bf61-7346-482e-91aa-b038ad784042",
        "rel": "bookmark"}]}, "OS-EXT-STS:task_state": "scheduling", "OS-EXT-STS:vm_state":
        "building", "OS-EXT-SRV-ATTR:instance_name": "instance-0000009d", "OS-SRV-USG:launched_at":
        null, "OS-EXT-SRV-ATTR:hypervisor_hostname": null, "flavor": {"id": "1", "links":
        [{"href": "http://146.20.103.69:8774/92ac5831e22341bc9cc88f3942ba4d68/flavors/1",
        "rel": "bookmark"}]}, "id": "a7684165-4556-4e4c-8df0-55fb58ab6733", "OS-SRV-USG:terminated_at":
        null, "OS-EXT-AZ:availability_zone": "", "user_id": "291651f78d4d46738e3b6dc413243760",
        "name": "754276", "created": "2016-08-11T16:52:49Z", "tenant_id": "92ac5831e22341bc9cc88f3942ba4d68",
        "OS-DCF:diskConfig": "MANUAL", "os-extended-volumes:volumes_attached": [],
        "accessIPv4": "", "accessIPv6": "", "progress": 0, "OS-EXT-STS:power_state":
        0, "config_drive": "", "metadata": {}}}'
    http_version: 
  recorded_at: Thu, 11 Aug 2016 16:52:49 GMT
- request:
    method: get
    uri: http://146.20.103.69:8774/v2.1/92ac5831e22341bc9cc88f3942ba4d68/servers/a7684165-4556-4e4c-8df0-55fb58ab6733
    body:
      encoding: US-ASCII
      string: ''
    headers:
      Accept:
      - application/json
      Accept-Encoding:
      - gzip, deflate
      X-Auth-Token:
      - gAAAAABXrKxlUyZvKC70n7H2-JA8q0xbbDMNh9QngJ66i7FYXO_yFJrkHVH-7TiK6AGvRnTLHXQyPkh7KB7oLvyf37waNrCkr_9c5mb9SzSqK-9Z_0s5F2MqidLe8BJb0mvLOYdPCmA6Z63uVgLaw0mkF0bp6oSTyuSLFZDCx--E6Dyg238RdJc
      Content-Type:
      - application/json
      User-Agent:
      - Ruby
  response:
    status:
      code: 200
      message: OK
    headers:
      Content-Type:
      - application/json
      Content-Length:
      - '1531'
      X-Openstack-Nova-Api-Version:
      - '2.1'
      Vary:
      - X-OpenStack-Nova-API-Version
      X-Compute-Request-Id:
      - req-7c9923a5-5515-4a25-b998-371196d1af66
      Date:
      - Thu, 11 Aug 2016 16:52:51 GMT
    body:
      encoding: UTF-8
      string: '{"server": {"status": "BUILD", "updated": "2016-08-11T16:52:51Z", "hostId":
        "ddfbbf847bc526c52777edc7173a5f9f0b95c29110710d02afb8eb50", "OS-EXT-SRV-ATTR:host":
        "pita", "addresses": {}, "links": [{"href": "http://146.20.103.69:8774/v2.1/92ac5831e22341bc9cc88f3942ba4d68/servers/a7684165-4556-4e4c-8df0-55fb58ab6733",
        "rel": "self"}, {"href": "http://146.20.103.69:8774/92ac5831e22341bc9cc88f3942ba4d68/servers/a7684165-4556-4e4c-8df0-55fb58ab6733",
        "rel": "bookmark"}], "key_name": null, "image": {"id": "d1a3bf61-7346-482e-91aa-b038ad784042",
        "links": [{"href": "http://146.20.103.69:8774/92ac5831e22341bc9cc88f3942ba4d68/images/d1a3bf61-7346-482e-91aa-b038ad784042",
        "rel": "bookmark"}]}, "OS-EXT-STS:task_state": "spawning", "OS-EXT-STS:vm_state":
        "building", "OS-EXT-SRV-ATTR:instance_name": "instance-0000009d", "OS-SRV-USG:launched_at":
        null, "OS-EXT-SRV-ATTR:hypervisor_hostname": "pita", "flavor": {"id": "1",
        "links": [{"href": "http://146.20.103.69:8774/92ac5831e22341bc9cc88f3942ba4d68/flavors/1",
        "rel": "bookmark"}]}, "id": "a7684165-4556-4e4c-8df0-55fb58ab6733", "security_groups":
        [{"name": "default"}], "OS-SRV-USG:terminated_at": null, "OS-EXT-AZ:availability_zone":
        "nova", "user_id": "291651f78d4d46738e3b6dc413243760", "name": "754276", "created":
        "2016-08-11T16:52:49Z", "tenant_id": "92ac5831e22341bc9cc88f3942ba4d68", "OS-DCF:diskConfig":
        "MANUAL", "os-extended-volumes:volumes_attached": [], "accessIPv4": "", "accessIPv6":
        "", "progress": 0, "OS-EXT-STS:power_state": 0, "config_drive": "", "metadata":
        {}}}'
    http_version: 
  recorded_at: Thu, 11 Aug 2016 16:52:51 GMT
- request:
    method: get
    uri: http://146.20.103.69:8774/v2.1/92ac5831e22341bc9cc88f3942ba4d68/servers/a7684165-4556-4e4c-8df0-55fb58ab6733
    body:
      encoding: US-ASCII
      string: ''
    headers:
      Accept:
      - application/json
      Accept-Encoding:
      - gzip, deflate
      X-Auth-Token:
      - gAAAAABXrKxlUyZvKC70n7H2-JA8q0xbbDMNh9QngJ66i7FYXO_yFJrkHVH-7TiK6AGvRnTLHXQyPkh7KB7oLvyf37waNrCkr_9c5mb9SzSqK-9Z_0s5F2MqidLe8BJb0mvLOYdPCmA6Z63uVgLaw0mkF0bp6oSTyuSLFZDCx--E6Dyg238RdJc
      Content-Type:
      - application/json
      User-Agent:
      - Ruby
  response:
    status:
      code: 200
      message: OK
    headers:
      Content-Type:
      - application/json
      Content-Length:
      - '1658'
      X-Openstack-Nova-Api-Version:
      - '2.1'
      Vary:
      - X-OpenStack-Nova-API-Version
      X-Compute-Request-Id:
      - req-3178075e-c2dc-4382-826b-4e20c56aeeaa
      Date:
      - Thu, 11 Aug 2016 16:52:53 GMT
    body:
      encoding: UTF-8
      string: '{"server": {"status": "BUILD", "updated": "2016-08-11T16:52:51Z", "hostId":
        "ddfbbf847bc526c52777edc7173a5f9f0b95c29110710d02afb8eb50", "OS-EXT-SRV-ATTR:host":
        "pita", "addresses": {"public": [{"OS-EXT-IPS-MAC:mac_addr": "fa:16:3e:fb:10:ad",
        "version": 4, "addr": "172.29.248.54", "OS-EXT-IPS:type": "fixed"}]}, "links":
        [{"href": "http://146.20.103.69:8774/v2.1/92ac5831e22341bc9cc88f3942ba4d68/servers/a7684165-4556-4e4c-8df0-55fb58ab6733",
        "rel": "self"}, {"href": "http://146.20.103.69:8774/92ac5831e22341bc9cc88f3942ba4d68/servers/a7684165-4556-4e4c-8df0-55fb58ab6733",
        "rel": "bookmark"}], "key_name": null, "image": {"id": "d1a3bf61-7346-482e-91aa-b038ad784042",
        "links": [{"href": "http://146.20.103.69:8774/92ac5831e22341bc9cc88f3942ba4d68/images/d1a3bf61-7346-482e-91aa-b038ad784042",
        "rel": "bookmark"}]}, "OS-EXT-STS:task_state": "spawning", "OS-EXT-STS:vm_state":
        "building", "OS-EXT-SRV-ATTR:instance_name": "instance-0000009d", "OS-SRV-USG:launched_at":
        null, "OS-EXT-SRV-ATTR:hypervisor_hostname": "pita", "flavor": {"id": "1",
        "links": [{"href": "http://146.20.103.69:8774/92ac5831e22341bc9cc88f3942ba4d68/flavors/1",
        "rel": "bookmark"}]}, "id": "a7684165-4556-4e4c-8df0-55fb58ab6733", "security_groups":
        [{"name": "default"}], "OS-SRV-USG:terminated_at": null, "OS-EXT-AZ:availability_zone":
        "nova", "user_id": "291651f78d4d46738e3b6dc413243760", "name": "754276", "created":
        "2016-08-11T16:52:49Z", "tenant_id": "92ac5831e22341bc9cc88f3942ba4d68", "OS-DCF:diskConfig":
        "MANUAL", "os-extended-volumes:volumes_attached": [], "accessIPv4": "", "accessIPv6":
        "", "progress": 0, "OS-EXT-STS:power_state": 0, "config_drive": "", "metadata":
        {}}}'
    http_version: 
  recorded_at: Thu, 11 Aug 2016 16:52:52 GMT
- request:
    method: get
    uri: http://146.20.103.69:8774/v2.1/92ac5831e22341bc9cc88f3942ba4d68/servers/a7684165-4556-4e4c-8df0-55fb58ab6733
    body:
      encoding: US-ASCII
      string: ''
    headers:
      Accept:
      - application/json
      Accept-Encoding:
      - gzip, deflate
      X-Auth-Token:
      - gAAAAABXrKxlUyZvKC70n7H2-JA8q0xbbDMNh9QngJ66i7FYXO_yFJrkHVH-7TiK6AGvRnTLHXQyPkh7KB7oLvyf37waNrCkr_9c5mb9SzSqK-9Z_0s5F2MqidLe8BJb0mvLOYdPCmA6Z63uVgLaw0mkF0bp6oSTyuSLFZDCx--E6Dyg238RdJc
      Content-Type:
      - application/json
      User-Agent:
      - Ruby
  response:
    status:
      code: 200
      message: OK
    headers:
      Content-Type:
      - application/json
      Content-Length:
      - '1658'
      X-Openstack-Nova-Api-Version:
      - '2.1'
      Vary:
      - X-OpenStack-Nova-API-Version
      X-Compute-Request-Id:
      - req-032e3f4b-8109-47a7-8a94-db78621a04c8
      Date:
      - Thu, 11 Aug 2016 16:52:54 GMT
    body:
      encoding: UTF-8
      string: '{"server": {"status": "BUILD", "updated": "2016-08-11T16:52:51Z", "hostId":
        "ddfbbf847bc526c52777edc7173a5f9f0b95c29110710d02afb8eb50", "OS-EXT-SRV-ATTR:host":
        "pita", "addresses": {"public": [{"OS-EXT-IPS-MAC:mac_addr": "fa:16:3e:fb:10:ad",
        "version": 4, "addr": "172.29.248.54", "OS-EXT-IPS:type": "fixed"}]}, "links":
        [{"href": "http://146.20.103.69:8774/v2.1/92ac5831e22341bc9cc88f3942ba4d68/servers/a7684165-4556-4e4c-8df0-55fb58ab6733",
        "rel": "self"}, {"href": "http://146.20.103.69:8774/92ac5831e22341bc9cc88f3942ba4d68/servers/a7684165-4556-4e4c-8df0-55fb58ab6733",
        "rel": "bookmark"}], "key_name": null, "image": {"id": "d1a3bf61-7346-482e-91aa-b038ad784042",
        "links": [{"href": "http://146.20.103.69:8774/92ac5831e22341bc9cc88f3942ba4d68/images/d1a3bf61-7346-482e-91aa-b038ad784042",
        "rel": "bookmark"}]}, "OS-EXT-STS:task_state": "spawning", "OS-EXT-STS:vm_state":
        "building", "OS-EXT-SRV-ATTR:instance_name": "instance-0000009d", "OS-SRV-USG:launched_at":
        null, "OS-EXT-SRV-ATTR:hypervisor_hostname": "pita", "flavor": {"id": "1",
        "links": [{"href": "http://146.20.103.69:8774/92ac5831e22341bc9cc88f3942ba4d68/flavors/1",
        "rel": "bookmark"}]}, "id": "a7684165-4556-4e4c-8df0-55fb58ab6733", "security_groups":
        [{"name": "default"}], "OS-SRV-USG:terminated_at": null, "OS-EXT-AZ:availability_zone":
        "nova", "user_id": "291651f78d4d46738e3b6dc413243760", "name": "754276", "created":
        "2016-08-11T16:52:49Z", "tenant_id": "92ac5831e22341bc9cc88f3942ba4d68", "OS-DCF:diskConfig":
        "MANUAL", "os-extended-volumes:volumes_attached": [], "accessIPv4": "", "accessIPv6":
        "", "progress": 0, "OS-EXT-STS:power_state": 0, "config_drive": "", "metadata":
        {}}}'
    http_version: 
  recorded_at: Thu, 11 Aug 2016 16:52:54 GMT
- request:
    method: get
    uri: http://146.20.103.69:8774/v2.1/92ac5831e22341bc9cc88f3942ba4d68/servers/a7684165-4556-4e4c-8df0-55fb58ab6733
    body:
      encoding: US-ASCII
      string: ''
    headers:
      Accept:
      - application/json
      Accept-Encoding:
      - gzip, deflate
      X-Auth-Token:
      - gAAAAABXrKxlUyZvKC70n7H2-JA8q0xbbDMNh9QngJ66i7FYXO_yFJrkHVH-7TiK6AGvRnTLHXQyPkh7KB7oLvyf37waNrCkr_9c5mb9SzSqK-9Z_0s5F2MqidLe8BJb0mvLOYdPCmA6Z63uVgLaw0mkF0bp6oSTyuSLFZDCx--E6Dyg238RdJc
      Content-Type:
      - application/json
      User-Agent:
      - Ruby
  response:
    status:
      code: 200
      message: OK
    headers:
      Content-Type:
      - application/json
      Content-Length:
      - '1658'
      X-Openstack-Nova-Api-Version:
      - '2.1'
      Vary:
      - X-OpenStack-Nova-API-Version
      X-Compute-Request-Id:
      - req-6efa8696-e77e-4d0b-8165-469214834714
      Date:
      - Thu, 11 Aug 2016 16:52:56 GMT
    body:
      encoding: UTF-8
      string: '{"server": {"status": "BUILD", "updated": "2016-08-11T16:52:51Z", "hostId":
        "ddfbbf847bc526c52777edc7173a5f9f0b95c29110710d02afb8eb50", "OS-EXT-SRV-ATTR:host":
        "pita", "addresses": {"public": [{"OS-EXT-IPS-MAC:mac_addr": "fa:16:3e:fb:10:ad",
        "version": 4, "addr": "172.29.248.54", "OS-EXT-IPS:type": "fixed"}]}, "links":
        [{"href": "http://146.20.103.69:8774/v2.1/92ac5831e22341bc9cc88f3942ba4d68/servers/a7684165-4556-4e4c-8df0-55fb58ab6733",
        "rel": "self"}, {"href": "http://146.20.103.69:8774/92ac5831e22341bc9cc88f3942ba4d68/servers/a7684165-4556-4e4c-8df0-55fb58ab6733",
        "rel": "bookmark"}], "key_name": null, "image": {"id": "d1a3bf61-7346-482e-91aa-b038ad784042",
        "links": [{"href": "http://146.20.103.69:8774/92ac5831e22341bc9cc88f3942ba4d68/images/d1a3bf61-7346-482e-91aa-b038ad784042",
        "rel": "bookmark"}]}, "OS-EXT-STS:task_state": "spawning", "OS-EXT-STS:vm_state":
        "building", "OS-EXT-SRV-ATTR:instance_name": "instance-0000009d", "OS-SRV-USG:launched_at":
        null, "OS-EXT-SRV-ATTR:hypervisor_hostname": "pita", "flavor": {"id": "1",
        "links": [{"href": "http://146.20.103.69:8774/92ac5831e22341bc9cc88f3942ba4d68/flavors/1",
        "rel": "bookmark"}]}, "id": "a7684165-4556-4e4c-8df0-55fb58ab6733", "security_groups":
        [{"name": "default"}], "OS-SRV-USG:terminated_at": null, "OS-EXT-AZ:availability_zone":
        "nova", "user_id": "291651f78d4d46738e3b6dc413243760", "name": "754276", "created":
        "2016-08-11T16:52:49Z", "tenant_id": "92ac5831e22341bc9cc88f3942ba4d68", "OS-DCF:diskConfig":
        "MANUAL", "os-extended-volumes:volumes_attached": [], "accessIPv4": "", "accessIPv6":
        "", "progress": 0, "OS-EXT-STS:power_state": 0, "config_drive": "", "metadata":
        {}}}'
    http_version: 
  recorded_at: Thu, 11 Aug 2016 16:52:55 GMT
- request:
    method: get
    uri: http://146.20.103.69:8774/v2.1/92ac5831e22341bc9cc88f3942ba4d68/servers/a7684165-4556-4e4c-8df0-55fb58ab6733
    body:
      encoding: US-ASCII
      string: ''
    headers:
      Accept:
      - application/json
      Accept-Encoding:
      - gzip, deflate
      X-Auth-Token:
      - gAAAAABXrKxlUyZvKC70n7H2-JA8q0xbbDMNh9QngJ66i7FYXO_yFJrkHVH-7TiK6AGvRnTLHXQyPkh7KB7oLvyf37waNrCkr_9c5mb9SzSqK-9Z_0s5F2MqidLe8BJb0mvLOYdPCmA6Z63uVgLaw0mkF0bp6oSTyuSLFZDCx--E6Dyg238RdJc
      Content-Type:
      - application/json
      User-Agent:
      - Ruby
  response:
    status:
      code: 200
      message: OK
    headers:
      Content-Type:
      - application/json
      Content-Length:
      - '1675'
      X-Openstack-Nova-Api-Version:
      - '2.1'
      Vary:
      - X-OpenStack-Nova-API-Version
      X-Compute-Request-Id:
      - req-71a1e407-3e1d-454d-9bf2-fc572bd88c0d
      Date:
      - Thu, 11 Aug 2016 16:52:57 GMT
    body:
      encoding: UTF-8
      string: '{"server": {"status": "ACTIVE", "updated": "2016-08-11T16:52:56Z",
        "hostId": "ddfbbf847bc526c52777edc7173a5f9f0b95c29110710d02afb8eb50", "OS-EXT-SRV-ATTR:host":
        "pita", "addresses": {"public": [{"OS-EXT-IPS-MAC:mac_addr": "fa:16:3e:fb:10:ad",
        "version": 4, "addr": "172.29.248.54", "OS-EXT-IPS:type": "fixed"}]}, "links":
        [{"href": "http://146.20.103.69:8774/v2.1/92ac5831e22341bc9cc88f3942ba4d68/servers/a7684165-4556-4e4c-8df0-55fb58ab6733",
        "rel": "self"}, {"href": "http://146.20.103.69:8774/92ac5831e22341bc9cc88f3942ba4d68/servers/a7684165-4556-4e4c-8df0-55fb58ab6733",
        "rel": "bookmark"}], "key_name": null, "image": {"id": "d1a3bf61-7346-482e-91aa-b038ad784042",
        "links": [{"href": "http://146.20.103.69:8774/92ac5831e22341bc9cc88f3942ba4d68/images/d1a3bf61-7346-482e-91aa-b038ad784042",
        "rel": "bookmark"}]}, "OS-EXT-STS:task_state": null, "OS-EXT-STS:vm_state":
        "active", "OS-EXT-SRV-ATTR:instance_name": "instance-0000009d", "OS-SRV-USG:launched_at":
        "2016-08-11T16:52:56.000000", "OS-EXT-SRV-ATTR:hypervisor_hostname": "pita",
        "flavor": {"id": "1", "links": [{"href": "http://146.20.103.69:8774/92ac5831e22341bc9cc88f3942ba4d68/flavors/1",
        "rel": "bookmark"}]}, "id": "a7684165-4556-4e4c-8df0-55fb58ab6733", "security_groups":
        [{"name": "default"}], "OS-SRV-USG:terminated_at": null, "OS-EXT-AZ:availability_zone":
        "nova", "user_id": "291651f78d4d46738e3b6dc413243760", "name": "754276", "created":
        "2016-08-11T16:52:49Z", "tenant_id": "92ac5831e22341bc9cc88f3942ba4d68", "OS-DCF:diskConfig":
        "MANUAL", "os-extended-volumes:volumes_attached": [], "accessIPv4": "", "accessIPv6":
        "", "progress": 0, "OS-EXT-STS:power_state": 1, "config_drive": "", "metadata":
        {}}}'
    http_version: 
  recorded_at: Thu, 11 Aug 2016 16:52:56 GMT
- request:
    method: get
    uri: http://146.20.103.69:8774/v2.1/92ac5831e22341bc9cc88f3942ba4d68/os-keypairs
    body:
      encoding: US-ASCII
      string: ''
    headers:
      Accept:
      - application/json
      Accept-Encoding:
      - gzip, deflate
      X-Auth-Token:
      - gAAAAABXrKxlUyZvKC70n7H2-JA8q0xbbDMNh9QngJ66i7FYXO_yFJrkHVH-7TiK6AGvRnTLHXQyPkh7KB7oLvyf37waNrCkr_9c5mb9SzSqK-9Z_0s5F2MqidLe8BJb0mvLOYdPCmA6Z63uVgLaw0mkF0bp6oSTyuSLFZDCx--E6Dyg238RdJc
      Content-Type:
      - application/json
      User-Agent:
      - Ruby
  response:
    status:
      code: 200
      message: OK
    headers:
      Content-Type:
      - application/json
      Content-Length:
      - '16'
      X-Openstack-Nova-Api-Version:
      - '2.1'
      Vary:
      - X-OpenStack-Nova-API-Version
      X-Compute-Request-Id:
      - req-1c6fa930-5c23-41ee-9dae-66acb5b3a939
      Date:
      - Thu, 11 Aug 2016 16:52:57 GMT
    body:
      encoding: UTF-8
      string: '{"keypairs": []}'
    http_version: 
  recorded_at: Thu, 11 Aug 2016 16:52:57 GMT
recorded_with: VCR 3.0.3
