---
http_interactions:
- request:
    method: get
    uri: http://172.99.88.174:8774/v2.1/0c5dd43034614366b9e4e47887f38228/servers
    body:
      encoding: US-ASCII
      string: ''
    headers:
      Accept:
      - application/json
      Accept-Encoding:
      - gzip, deflate
      X-Auth-Token:
      - gAAAAABXmi5h101z-90FOwgnoEbD_3ON3pp9-DhpHA7jxJElTaNHxrzGTx3_Nl8IkSw4vF--1jshDtPzmTwvocGZkfoApPbZsbap20HKYwb13mGJq0b6IZtS6U96mP_Suv1qZXzwL_vz9O7SQV_jHXSynBnU25N6M42wWejc7nfKN7so53X6YQk
      Content-Type:
      - application/json
      User-Agent:
      - Ruby
  response:
    status:
      code: 200
      message: OK
    headers:
      Content-Length:
      - '15'
      Content-Type:
      - application/json
      X-Openstack-Nova-Api-Version:
      - '2.1'
      Vary:
      - X-OpenStack-Nova-API-Version
      X-Compute-Request-Id:
      - req-262529db-f455-4539-9e79-b2d9b91e1088
      Date:
      - Thu, 28 Jul 2016 16:11:11 GMT
    body:
      encoding: UTF-8
      string: '{"servers": []}'
    http_version: 
  recorded_at: Thu, 28 Jul 2016 16:11:11 GMT
- request:
    method: get
    uri: http://172.99.88.174:8776/v1/0c5dd43034614366b9e4e47887f38228/volumes
    body:
      encoding: US-ASCII
      string: ''
    headers:
      Accept:
      - application/json
      Accept-Encoding:
      - gzip, deflate
      X-Auth-Token:
      - gAAAAABXmi5h101z-90FOwgnoEbD_3ON3pp9-DhpHA7jxJElTaNHxrzGTx3_Nl8IkSw4vF--1jshDtPzmTwvocGZkfoApPbZsbap20HKYwb13mGJq0b6IZtS6U96mP_Suv1qZXzwL_vz9O7SQV_jHXSynBnU25N6M42wWejc7nfKN7so53X6YQk
      Content-Type:
      - application/json
      User-Agent:
      - Ruby
  response:
    status:
      code: 200
      message: OK
    headers:
      X-Compute-Request-Id:
      - req-088274ce-4407-4281-ac69-a5453e8e1583
      Content-Type:
      - application/json
      Content-Length:
      - '1882'
      X-Openstack-Request-Id:
      - req-088274ce-4407-4281-ac69-a5453e8e1583
      Date:
      - Thu, 28 Jul 2016 16:11:11 GMT
    body:
      encoding: UTF-8
      string: '{"volumes": [{"status": "creating", "display_name": null, "attachments":
        [], "availability_zone": "nova", "bootable": "false", "encrypted": false,
        "created_at": "2016-07-28T16:11:08.000000", "multiattach": "false", "display_description":
        null, "volume_type": null, "snapshot_id": null, "source_volid": null, "metadata":
        {}, "id": "3db83706-d2de-404e-bd23-61d861f5d5a1", "size": 1}, {"status": "deleting",
        "display_name": null, "attachments": [], "availability_zone": "nova", "bootable":
        "false", "encrypted": false, "created_at": "2016-07-28T16:10:29.000000", "multiattach":
        "false", "display_description": null, "volume_type": null, "snapshot_id":
        null, "source_volid": null, "metadata": {}, "id": "59960226-e32f-4d46-bd8a-9042021eac8e",
        "size": 11}, {"status": "available", "display_name": null, "attachments":
        [], "availability_zone": "nova", "bootable": "false", "encrypted": false,
        "created_at": "2016-07-28T15:59:16.000000", "multiattach": "false", "display_description":
        null, "volume_type": null, "snapshot_id": null, "source_volid": null, "metadata":
        {"readonly": "False"}, "id": "f1066063-45c5-489f-9ee6-a64a59e5979d", "size":
        1}, {"status": "creating", "display_name": null, "attachments": [], "availability_zone":
        "nova", "bootable": "false", "encrypted": false, "created_at": "2016-07-27T15:22:49.000000",
        "multiattach": "false", "display_description": null, "volume_type": null,
        "snapshot_id": null, "source_volid": null, "metadata": {}, "id": "c9123fff-3044-4e74-8759-1a2b2fecb452",
        "size": 10}, {"status": "available", "display_name": null, "attachments":
        [], "availability_zone": "nova", "bootable": "false", "encrypted": false,
        "created_at": "2016-07-27T01:30:17.000000", "multiattach": "false", "display_description":
        null, "volume_type": null, "snapshot_id": null, "source_volid": null, "metadata":
        {}, "id": "5e41e954-7a90-4ec5-959c-f153603f6c42", "size": 10}]}'
    http_version: 
  recorded_at: Thu, 28 Jul 2016 16:11:11 GMT
- request:
    method: delete
    uri: http://172.99.88.174:8776/v1/0c5dd43034614366b9e4e47887f38228/volumes/3db83706-d2de-404e-bd23-61d861f5d5a1
    body:
      encoding: US-ASCII
      string: ''
    headers:
      Accept:
      - application/json
      Accept-Encoding:
      - gzip, deflate
      X-Auth-Token:
      - gAAAAABXmi5h101z-90FOwgnoEbD_3ON3pp9-DhpHA7jxJElTaNHxrzGTx3_Nl8IkSw4vF--1jshDtPzmTwvocGZkfoApPbZsbap20HKYwb13mGJq0b6IZtS6U96mP_Suv1qZXzwL_vz9O7SQV_jHXSynBnU25N6M42wWejc7nfKN7so53X6YQk
      Content-Type:
      - application/json
      User-Agent:
      - Ruby
  response:
    status:
      code: 400
      message: Bad Request
    headers:
      Openstack-Api-Version:
      - '1.0'
      Vary:
      - OpenStack-API-Version
      Content-Length:
      - '224'
      Content-Type:
      - application/json; charset=UTF-8
      X-Compute-Request-Id:
      - req-150dbcd8-8f2e-4f2c-9cac-05296f38c58e
      X-Openstack-Request-Id:
      - req-150dbcd8-8f2e-4f2c-9cac-05296f38c58e
      Date:
      - Thu, 28 Jul 2016 16:11:11 GMT
    body:
      encoding: UTF-8
      string: '{"badRequest": {"message": "Invalid volume: Volume status must be available
        or error or error_restoring or error_extending and must not be migrating,
        attached, belong to a consistency group or have snapshots.", "code": 400}}'
    http_version: 
  recorded_at: Thu, 28 Jul 2016 16:11:11 GMT
- request:
    method: delete
    uri: http://172.99.88.174:8776/v1/0c5dd43034614366b9e4e47887f38228/volumes/59960226-e32f-4d46-bd8a-9042021eac8e
    body:
      encoding: US-ASCII
      string: ''
    headers:
      Accept:
      - application/json
      Accept-Encoding:
      - gzip, deflate
      X-Auth-Token:
      - gAAAAABXmi5h101z-90FOwgnoEbD_3ON3pp9-DhpHA7jxJElTaNHxrzGTx3_Nl8IkSw4vF--1jshDtPzmTwvocGZkfoApPbZsbap20HKYwb13mGJq0b6IZtS6U96mP_Suv1qZXzwL_vz9O7SQV_jHXSynBnU25N6M42wWejc7nfKN7so53X6YQk
      Content-Type:
      - application/json
      User-Agent:
      - Ruby
  response:
    status:
      code: 400
      message: Bad Request
    headers:
      Openstack-Api-Version:
      - '1.0'
      Vary:
      - OpenStack-API-Version
      Content-Length:
      - '224'
      Content-Type:
      - application/json; charset=UTF-8
      X-Compute-Request-Id:
      - req-22cbb25f-39b9-45a4-b87c-9be98576c599
      X-Openstack-Request-Id:
      - req-22cbb25f-39b9-45a4-b87c-9be98576c599
      Date:
      - Thu, 28 Jul 2016 16:11:11 GMT
    body:
      encoding: UTF-8
      string: '{"badRequest": {"message": "Invalid volume: Volume status must be available
        or error or error_restoring or error_extending and must not be migrating,
        attached, belong to a consistency group or have snapshots.", "code": 400}}'
    http_version: 
  recorded_at: Thu, 28 Jul 2016 16:11:11 GMT
- request:
    method: delete
    uri: http://172.99.88.174:8776/v1/0c5dd43034614366b9e4e47887f38228/volumes/f1066063-45c5-489f-9ee6-a64a59e5979d
    body:
      encoding: US-ASCII
      string: ''
    headers:
      Accept:
      - application/json
      Accept-Encoding:
      - gzip, deflate
      X-Auth-Token:
      - gAAAAABXmi5h101z-90FOwgnoEbD_3ON3pp9-DhpHA7jxJElTaNHxrzGTx3_Nl8IkSw4vF--1jshDtPzmTwvocGZkfoApPbZsbap20HKYwb13mGJq0b6IZtS6U96mP_Suv1qZXzwL_vz9O7SQV_jHXSynBnU25N6M42wWejc7nfKN7so53X6YQk
      Content-Type:
      - application/json
      User-Agent:
      - Ruby
  response:
    status:
      code: 400
      message: Bad Request
    headers:
      Openstack-Api-Version:
      - '1.0'
      Vary:
      - OpenStack-API-Version
      Content-Length:
      - '224'
      Content-Type:
      - application/json; charset=UTF-8
      X-Compute-Request-Id:
      - req-4ac08e4a-9b6c-4d6e-b4a2-d900cc4f7ad2
      X-Openstack-Request-Id:
      - req-4ac08e4a-9b6c-4d6e-b4a2-d900cc4f7ad2
      Date:
      - Thu, 28 Jul 2016 16:11:11 GMT
    body:
      encoding: UTF-8
      string: '{"badRequest": {"message": "Invalid volume: Volume status must be available
        or error or error_restoring or error_extending and must not be migrating,
        attached, belong to a consistency group or have snapshots.", "code": 400}}'
    http_version: 
  recorded_at: Thu, 28 Jul 2016 16:11:11 GMT
- request:
    method: delete
    uri: http://172.99.88.174:8776/v1/0c5dd43034614366b9e4e47887f38228/volumes/c9123fff-3044-4e74-8759-1a2b2fecb452
    body:
      encoding: US-ASCII
      string: ''
    headers:
      Accept:
      - application/json
      Accept-Encoding:
      - gzip, deflate
      X-Auth-Token:
      - gAAAAABXmi5h101z-90FOwgnoEbD_3ON3pp9-DhpHA7jxJElTaNHxrzGTx3_Nl8IkSw4vF--1jshDtPzmTwvocGZkfoApPbZsbap20HKYwb13mGJq0b6IZtS6U96mP_Suv1qZXzwL_vz9O7SQV_jHXSynBnU25N6M42wWejc7nfKN7so53X6YQk
      Content-Type:
      - application/json
      User-Agent:
      - Ruby
  response:
    status:
      code: 400
      message: Bad Request
    headers:
      Openstack-Api-Version:
      - '1.0'
      Vary:
      - OpenStack-API-Version
      Content-Length:
      - '224'
      Content-Type:
      - application/json; charset=UTF-8
      X-Compute-Request-Id:
      - req-036e8ed0-d575-4df1-99de-6e22e2ad9f70
      X-Openstack-Request-Id:
      - req-036e8ed0-d575-4df1-99de-6e22e2ad9f70
      Date:
      - Thu, 28 Jul 2016 16:11:11 GMT
    body:
      encoding: UTF-8
      string: '{"badRequest": {"message": "Invalid volume: Volume status must be available
        or error or error_restoring or error_extending and must not be migrating,
        attached, belong to a consistency group or have snapshots.", "code": 400}}'
    http_version: 
  recorded_at: Thu, 28 Jul 2016 16:11:12 GMT
- request:
    method: delete
    uri: http://172.99.88.174:8776/v1/0c5dd43034614366b9e4e47887f38228/volumes/5e41e954-7a90-4ec5-959c-f153603f6c42
    body:
      encoding: US-ASCII
      string: ''
    headers:
      Accept:
      - application/json
      Accept-Encoding:
      - gzip, deflate
      X-Auth-Token:
      - gAAAAABXmi5h101z-90FOwgnoEbD_3ON3pp9-DhpHA7jxJElTaNHxrzGTx3_Nl8IkSw4vF--1jshDtPzmTwvocGZkfoApPbZsbap20HKYwb13mGJq0b6IZtS6U96mP_Suv1qZXzwL_vz9O7SQV_jHXSynBnU25N6M42wWejc7nfKN7so53X6YQk
      Content-Type:
      - application/json
      User-Agent:
      - Ruby
  response:
    status:
      code: 400
      message: Bad Request
    headers:
      Openstack-Api-Version:
      - '1.0'
      Vary:
      - OpenStack-API-Version
      Content-Length:
      - '224'
      Content-Type:
      - application/json; charset=UTF-8
      X-Compute-Request-Id:
      - req-8275fe75-0152-49a2-94dc-19cbac57f40e
      X-Openstack-Request-Id:
      - req-8275fe75-0152-49a2-94dc-19cbac57f40e
      Date:
      - Thu, 28 Jul 2016 16:11:12 GMT
    body:
      encoding: UTF-8
      string: '{"badRequest": {"message": "Invalid volume: Volume status must be available
        or error or error_restoring or error_extending and must not be migrating,
        attached, belong to a consistency group or have snapshots.", "code": 400}}'
    http_version: 
  recorded_at: Thu, 28 Jul 2016 16:11:12 GMT
- request:
    method: post
    uri: http://172.99.88.174:8776/v1/0c5dd43034614366b9e4e47887f38228/volumes
    body:
      encoding: UTF-8
      string: '{"volume":{"size":"1","name":"173331"}}'
    headers:
      Accept:
      - application/json
      Accept-Encoding:
      - gzip, deflate
      X-Auth-Token:
      - gAAAAABXmi5h101z-90FOwgnoEbD_3ON3pp9-DhpHA7jxJElTaNHxrzGTx3_Nl8IkSw4vF--1jshDtPzmTwvocGZkfoApPbZsbap20HKYwb13mGJq0b6IZtS6U96mP_Suv1qZXzwL_vz9O7SQV_jHXSynBnU25N6M42wWejc7nfKN7so53X6YQk
      Content-Type:
      - application/json
      Content-Length:
      - '39'
      User-Agent:
      - Ruby
  response:
    status:
      code: 200
      message: OK
    headers:
      X-Compute-Request-Id:
      - req-b0fe6955-3414-4482-9a24-b6015d888c3c
      Content-Type:
      - application/json
      Content-Length:
      - '379'
      X-Openstack-Request-Id:
      - req-b0fe6955-3414-4482-9a24-b6015d888c3c
      Date:
      - Thu, 28 Jul 2016 16:11:12 GMT
    body:
      encoding: UTF-8
      string: '{"volume": {"status": "creating", "display_name": null, "attachments":
        [], "availability_zone": "nova", "bootable": "false", "encrypted": false,
        "created_at": "2016-07-28T16:11:12.304217", "multiattach": "false", "display_description":
        null, "volume_type": null, "snapshot_id": null, "source_volid": null, "metadata":
        {}, "id": "3ed85d45-b2e1-4f14-be48-a1275a918f61", "size": 1}}'
    http_version: 
  recorded_at: Thu, 28 Jul 2016 16:11:12 GMT
- request:
    method: get
    uri: http://172.99.88.174:8776/v1/0c5dd43034614366b9e4e47887f38228/volumes/3ed85d45-b2e1-4f14-be48-a1275a918f61
    body:
      encoding: US-ASCII
      string: ''
    headers:
      Accept:
      - application/json
      Accept-Encoding:
      - gzip, deflate
      X-Auth-Token:
      - gAAAAABXmi5h101z-90FOwgnoEbD_3ON3pp9-DhpHA7jxJElTaNHxrzGTx3_Nl8IkSw4vF--1jshDtPzmTwvocGZkfoApPbZsbap20HKYwb13mGJq0b6IZtS6U96mP_Suv1qZXzwL_vz9O7SQV_jHXSynBnU25N6M42wWejc7nfKN7so53X6YQk
      Content-Type:
      - application/json
      User-Agent:
      - Ruby
  response:
    status:
      code: 200
      message: OK
    headers:
      X-Compute-Request-Id:
      - req-87e2108b-01ed-471e-870e-6d2a48e2a8fd
      Content-Type:
      - application/json
      Content-Length:
      - '574'
      X-Openstack-Request-Id:
      - req-87e2108b-01ed-471e-870e-6d2a48e2a8fd
      Date:
      - Thu, 28 Jul 2016 16:11:13 GMT
    body:
      encoding: UTF-8
      string: '{"volume": {"status": "creating", "display_name": null, "attachments":
        [], "availability_zone": "nova", "bootable": "false", "encrypted": false,
        "created_at": "2016-07-28T16:11:12.000000", "multiattach": "false", "os-vol-tenant-attr:tenant_id":
        "0c5dd43034614366b9e4e47887f38228", "display_description": null, "os-vol-host-attr:host":
        "osux@lvm#LVM_iSCSI", "volume_type": null, "snapshot_id": null, "source_volid":
        null, "os-vol-mig-status-attr:name_id": null, "metadata": {}, "id": "3ed85d45-b2e1-4f14-be48-a1275a918f61",
        "os-vol-mig-status-attr:migstat": null, "size": 1}}'
    http_version: 
  recorded_at: Thu, 28 Jul 2016 16:11:13 GMT
- request:
    method: get
    uri: http://172.99.88.174:8776/v1/0c5dd43034614366b9e4e47887f38228/volumes/3ed85d45-b2e1-4f14-be48-a1275a918f61
    body:
      encoding: US-ASCII
      string: ''
    headers:
      Accept:
      - application/json
      Accept-Encoding:
      - gzip, deflate
      X-Auth-Token:
      - gAAAAABXmi5h101z-90FOwgnoEbD_3ON3pp9-DhpHA7jxJElTaNHxrzGTx3_Nl8IkSw4vF--1jshDtPzmTwvocGZkfoApPbZsbap20HKYwb13mGJq0b6IZtS6U96mP_Suv1qZXzwL_vz9O7SQV_jHXSynBnU25N6M42wWejc7nfKN7so53X6YQk
      Content-Type:
      - application/json
      User-Agent:
      - Ruby
  response:
    status:
      code: 200
      message: OK
    headers:
      X-Compute-Request-Id:
      - req-6d87b403-6a60-41e9-99f6-39c3694aab69
      Content-Type:
      - application/json
      Content-Length:
      - '575'
      X-Openstack-Request-Id:
      - req-6d87b403-6a60-41e9-99f6-39c3694aab69
      Date:
      - Thu, 28 Jul 2016 16:11:14 GMT
    body:
      encoding: UTF-8
      string: '{"volume": {"status": "available", "display_name": null, "attachments":
        [], "availability_zone": "nova", "bootable": "false", "encrypted": false,
        "created_at": "2016-07-28T16:11:12.000000", "multiattach": "false", "os-vol-tenant-attr:tenant_id":
        "0c5dd43034614366b9e4e47887f38228", "display_description": null, "os-vol-host-attr:host":
        "osux@lvm#LVM_iSCSI", "volume_type": null, "snapshot_id": null, "source_volid":
        null, "os-vol-mig-status-attr:name_id": null, "metadata": {}, "id": "3ed85d45-b2e1-4f14-be48-a1275a918f61",
        "os-vol-mig-status-attr:migstat": null, "size": 1}}'
    http_version: 
  recorded_at: Thu, 28 Jul 2016 16:11:14 GMT
- request:
    method: post
    uri: http://172.99.88.174:8776/v1/0c5dd43034614366b9e4e47887f38228/volumes
    body:
      encoding: UTF-8
      string: '{"volume":{"size":"1","name":"910742"}}'
    headers:
      Accept:
      - application/json
      Accept-Encoding:
      - gzip, deflate
      X-Auth-Token:
      - gAAAAABXmi5h101z-90FOwgnoEbD_3ON3pp9-DhpHA7jxJElTaNHxrzGTx3_Nl8IkSw4vF--1jshDtPzmTwvocGZkfoApPbZsbap20HKYwb13mGJq0b6IZtS6U96mP_Suv1qZXzwL_vz9O7SQV_jHXSynBnU25N6M42wWejc7nfKN7so53X6YQk
      Content-Type:
      - application/json
      Content-Length:
      - '39'
      User-Agent:
      - Ruby
  response:
    status:
      code: 200
      message: OK
    headers:
      X-Compute-Request-Id:
      - req-6798fc29-64d0-4de2-9d4b-8163b5ea58e1
      Content-Type:
      - application/json
      Content-Length:
      - '379'
      X-Openstack-Request-Id:
      - req-6798fc29-64d0-4de2-9d4b-8163b5ea58e1
      Date:
      - Thu, 28 Jul 2016 16:11:49 GMT
    body:
      encoding: UTF-8
      string: '{"volume": {"status": "creating", "display_name": null, "attachments":
        [], "availability_zone": "nova", "bootable": "false", "encrypted": false,
        "created_at": "2016-07-28T16:11:49.335749", "multiattach": "false", "display_description":
        null, "volume_type": null, "snapshot_id": null, "source_volid": null, "metadata":
        {}, "id": "ed44e7d0-7d46-4e2d-a6ce-180cd7fb453e", "size": 1}}'
    http_version: 
  recorded_at: Thu, 28 Jul 2016 16:11:49 GMT
- request:
    method: get
    uri: http://172.99.88.174:8776/v1/0c5dd43034614366b9e4e47887f38228/volumes/ed44e7d0-7d46-4e2d-a6ce-180cd7fb453e
    body:
      encoding: US-ASCII
      string: ''
    headers:
      Accept:
      - application/json
      Accept-Encoding:
      - gzip, deflate
      X-Auth-Token:
      - gAAAAABXmi5h101z-90FOwgnoEbD_3ON3pp9-DhpHA7jxJElTaNHxrzGTx3_Nl8IkSw4vF--1jshDtPzmTwvocGZkfoApPbZsbap20HKYwb13mGJq0b6IZtS6U96mP_Suv1qZXzwL_vz9O7SQV_jHXSynBnU25N6M42wWejc7nfKN7so53X6YQk
      Content-Type:
      - application/json
      User-Agent:
      - Ruby
  response:
    status:
      code: 200
      message: OK
    headers:
      X-Compute-Request-Id:
      - req-c78f0a95-81d4-4e02-a611-d263269b8ef9
      Content-Type:
      - application/json
      Content-Length:
      - '574'
      X-Openstack-Request-Id:
      - req-c78f0a95-81d4-4e02-a611-d263269b8ef9
      Date:
      - Thu, 28 Jul 2016 16:11:49 GMT
    body:
      encoding: UTF-8
      string: '{"volume": {"status": "creating", "display_name": null, "attachments":
        [], "availability_zone": "nova", "bootable": "false", "encrypted": false,
        "created_at": "2016-07-28T16:11:49.000000", "multiattach": "false", "os-vol-tenant-attr:tenant_id":
        "0c5dd43034614366b9e4e47887f38228", "display_description": null, "os-vol-host-attr:host":
        "osux@lvm#LVM_iSCSI", "volume_type": null, "snapshot_id": null, "source_volid":
        null, "os-vol-mig-status-attr:name_id": null, "metadata": {}, "id": "ed44e7d0-7d46-4e2d-a6ce-180cd7fb453e",
        "os-vol-mig-status-attr:migstat": null, "size": 1}}'
    http_version: 
  recorded_at: Thu, 28 Jul 2016 16:11:49 GMT
- request:
    method: get
    uri: http://172.99.88.174:8776/v1/0c5dd43034614366b9e4e47887f38228/volumes/ed44e7d0-7d46-4e2d-a6ce-180cd7fb453e
    body:
      encoding: US-ASCII
      string: ''
    headers:
      Accept:
      - application/json
      Accept-Encoding:
      - gzip, deflate
      X-Auth-Token:
      - gAAAAABXmi5h101z-90FOwgnoEbD_3ON3pp9-DhpHA7jxJElTaNHxrzGTx3_Nl8IkSw4vF--1jshDtPzmTwvocGZkfoApPbZsbap20HKYwb13mGJq0b6IZtS6U96mP_Suv1qZXzwL_vz9O7SQV_jHXSynBnU25N6M42wWejc7nfKN7so53X6YQk
      Content-Type:
      - application/json
      User-Agent:
      - Ruby
  response:
    status:
      code: 200
      message: OK
    headers:
      X-Compute-Request-Id:
      - req-60d5a266-1d1c-4d4f-ae07-8e4523a65949
      Content-Type:
      - application/json
      Content-Length:
      - '575'
      X-Openstack-Request-Id:
      - req-60d5a266-1d1c-4d4f-ae07-8e4523a65949
      Date:
      - Thu, 28 Jul 2016 16:11:51 GMT
    body:
      encoding: UTF-8
      string: '{"volume": {"status": "available", "display_name": null, "attachments":
        [], "availability_zone": "nova", "bootable": "false", "encrypted": false,
        "created_at": "2016-07-28T16:11:49.000000", "multiattach": "false", "os-vol-tenant-attr:tenant_id":
        "0c5dd43034614366b9e4e47887f38228", "display_description": null, "os-vol-host-attr:host":
        "osux@lvm#LVM_iSCSI", "volume_type": null, "snapshot_id": null, "source_volid":
        null, "os-vol-mig-status-attr:name_id": null, "metadata": {}, "id": "ed44e7d0-7d46-4e2d-a6ce-180cd7fb453e",
        "os-vol-mig-status-attr:migstat": null, "size": 1}}'
    http_version: 
  recorded_at: Thu, 28 Jul 2016 16:11:51 GMT
- request:
    method: post
    uri: http://172.99.88.174:8774/v2.1/0c5dd43034614366b9e4e47887f38228/servers
    body:
      encoding: UTF-8
      string: '{"server":{"name":"124858","flavorRef":"1","imageRef":"62f213d9-634b-42b7-809d-f368ef33a3d4"}}'
    headers:
      Accept:
      - application/json
      Accept-Encoding:
      - gzip, deflate
      X-Auth-Token:
      - gAAAAABXmi5h101z-90FOwgnoEbD_3ON3pp9-DhpHA7jxJElTaNHxrzGTx3_Nl8IkSw4vF--1jshDtPzmTwvocGZkfoApPbZsbap20HKYwb13mGJq0b6IZtS6U96mP_Suv1qZXzwL_vz9O7SQV_jHXSynBnU25N6M42wWejc7nfKN7so53X6YQk
      Content-Type:
      - application/json
      Content-Length:
      - '94'
      User-Agent:
      - Ruby
  response:
    status:
      code: 202
      message: Accepted
    headers:
      Content-Length:
      - '444'
      Location:
      - http://172.99.88.174:8774/v2.1/0c5dd43034614366b9e4e47887f38228/servers/5df8850b-7809-4ec8-9a07-6f63f6339c33
      Content-Type:
      - application/json
      X-Openstack-Nova-Api-Version:
      - '2.1'
      Vary:
      - X-OpenStack-Nova-API-Version
      X-Compute-Request-Id:
      - req-2d05f3f3-8148-463c-a863-46b24f70ed43
      Date:
      - Thu, 28 Jul 2016 16:11:51 GMT
    body:
      encoding: UTF-8
      string: '{"server": {"security_groups": [{"name": "default"}], "OS-DCF:diskConfig":
        "MANUAL", "id": "5df8850b-7809-4ec8-9a07-6f63f6339c33", "links": [{"href":
        "http://172.99.88.174:8774/v2.1/0c5dd43034614366b9e4e47887f38228/servers/5df8850b-7809-4ec8-9a07-6f63f6339c33",
        "rel": "self"}, {"href": "http://172.99.88.174:8774/0c5dd43034614366b9e4e47887f38228/servers/5df8850b-7809-4ec8-9a07-6f63f6339c33",
        "rel": "bookmark"}], "<OS_USERNAME>Pass": "q8pBfUtY4vQv"}}'
    http_version: 
  recorded_at: Thu, 28 Jul 2016 16:11:51 GMT
- request:
    method: get
    uri: http://172.99.88.174:8774/v2.1/0c5dd43034614366b9e4e47887f38228/servers/5df8850b-7809-4ec8-9a07-6f63f6339c33
    body:
      encoding: US-ASCII
      string: ''
    headers:
      Accept:
      - application/json
      Accept-Encoding:
      - gzip, deflate
      X-Auth-Token:
      - gAAAAABXmi5h101z-90FOwgnoEbD_3ON3pp9-DhpHA7jxJElTaNHxrzGTx3_Nl8IkSw4vF--1jshDtPzmTwvocGZkfoApPbZsbap20HKYwb13mGJq0b6IZtS6U96mP_Suv1qZXzwL_vz9O7SQV_jHXSynBnU25N6M42wWejc7nfKN7so53X6YQk
      Content-Type:
      - application/json
      User-Agent:
      - Ruby
  response:
    status:
      code: 200
      message: OK
    headers:
      Content-Length:
      - '1503'
      Content-Type:
      - application/json
      X-Openstack-Nova-Api-Version:
      - '2.1'
      Vary:
      - X-OpenStack-Nova-API-Version
      X-Compute-Request-Id:
      - req-6b930881-1a58-458a-8a7c-120fc8abf748
      Date:
      - Thu, 28 Jul 2016 16:11:51 GMT
    body:
      encoding: UTF-8
      string: '{"server": {"status": "BUILD", "updated": "2016-07-28T16:11:51Z", "hostId":
        "f63b8ab9852b3c886db2f89111afc78eafc661443d60a3b69fb19d75", "OS-EXT-SRV-ATTR:host":
        "osux", "addresses": {}, "links": [{"href": "http://172.99.88.174:8774/v2.1/0c5dd43034614366b9e4e47887f38228/servers/5df8850b-7809-4ec8-9a07-6f63f6339c33",
        "rel": "self"}, {"href": "http://172.99.88.174:8774/0c5dd43034614366b9e4e47887f38228/servers/5df8850b-7809-4ec8-9a07-6f63f6339c33",
        "rel": "bookmark"}], "key_name": null, "image": {"id": "62f213d9-634b-42b7-809d-f368ef33a3d4",
        "links": [{"href": "http://172.99.88.174:8774/0c5dd43034614366b9e4e47887f38228/images/62f213d9-634b-42b7-809d-f368ef33a3d4",
        "rel": "bookmark"}]}, "OS-EXT-STS:task_state": "networking", "OS-EXT-STS:vm_state":
        "building", "OS-EXT-SRV-ATTR:instance_name": "instance-000000c5", "OS-SRV-USG:launched_at":
        null, "OS-EXT-SRV-ATTR:hypervisor_hostname": "osux.localdomain", "flavor":
        {"id": "1", "links": [{"href": "http://172.99.88.174:8774/0c5dd43034614366b9e4e47887f38228/flavors/1",
        "rel": "bookmark"}]}, "id": "5df8850b-7809-4ec8-9a07-6f63f6339c33", "OS-SRV-USG:terminated_at":
        null, "OS-EXT-AZ:availability_zone": "nova", "user_id": "65289af47327447b8e3bfce09278f7e7",
        "name": "124858", "created": "2016-07-28T16:11:51Z", "tenant_id": "0c5dd43034614366b9e4e47887f38228",
        "OS-DCF:diskConfig": "MANUAL", "os-extended-volumes:volumes_attached": [],
        "accessIPv4": "", "accessIPv6": "", "progress": 0, "OS-EXT-STS:power_state":
        0, "config_drive": "", "metadata": {}}}'
    http_version: 
  recorded_at: Thu, 28 Jul 2016 16:11:52 GMT
- request:
    method: get
    uri: http://172.99.88.174:8774/v2.1/0c5dd43034614366b9e4e47887f38228/servers/5df8850b-7809-4ec8-9a07-6f63f6339c33
    body:
      encoding: US-ASCII
      string: ''
    headers:
      Accept:
      - application/json
      Accept-Encoding:
      - gzip, deflate
      X-Auth-Token:
      - gAAAAABXmi5h101z-90FOwgnoEbD_3ON3pp9-DhpHA7jxJElTaNHxrzGTx3_Nl8IkSw4vF--1jshDtPzmTwvocGZkfoApPbZsbap20HKYwb13mGJq0b6IZtS6U96mP_Suv1qZXzwL_vz9O7SQV_jHXSynBnU25N6M42wWejc7nfKN7so53X6YQk
      Content-Type:
      - application/json
      User-Agent:
      - Ruby
  response:
    status:
      code: 200
      message: OK
    headers:
      Content-Length:
      - '1671'
      Content-Type:
      - application/json
      X-Openstack-Nova-Api-Version:
      - '2.1'
      Vary:
      - X-OpenStack-Nova-API-Version
      X-Compute-Request-Id:
      - req-1bb4ab2e-bc5d-45c5-8ea7-fd91c2fd6470
      Date:
      - Thu, 28 Jul 2016 16:11:53 GMT
    body:
      encoding: UTF-8
      string: '{"server": {"status": "BUILD", "updated": "2016-07-28T16:11:52Z", "hostId":
        "f63b8ab9852b3c886db2f89111afc78eafc661443d60a3b69fb19d75", "OS-EXT-SRV-ATTR:host":
        "osux", "addresses": {"public": [{"OS-EXT-IPS-MAC:mac_addr": "fa:16:3e:90:b5:91",
        "version": 4, "addr": "172.29.248.200", "OS-EXT-IPS:type": "fixed"}]}, "links":
        [{"href": "http://172.99.88.174:8774/v2.1/0c5dd43034614366b9e4e47887f38228/servers/5df8850b-7809-4ec8-9a07-6f63f6339c33",
        "rel": "self"}, {"href": "http://172.99.88.174:8774/0c5dd43034614366b9e4e47887f38228/servers/5df8850b-7809-4ec8-9a07-6f63f6339c33",
        "rel": "bookmark"}], "key_name": null, "image": {"id": "62f213d9-634b-42b7-809d-f368ef33a3d4",
        "links": [{"href": "http://172.99.88.174:8774/0c5dd43034614366b9e4e47887f38228/images/62f213d9-634b-42b7-809d-f368ef33a3d4",
        "rel": "bookmark"}]}, "OS-EXT-STS:task_state": "spawning", "OS-EXT-STS:vm_state":
        "building", "OS-EXT-SRV-ATTR:instance_name": "instance-000000c5", "OS-SRV-USG:launched_at":
        null, "OS-EXT-SRV-ATTR:hypervisor_hostname": "osux.localdomain", "flavor":
        {"id": "1", "links": [{"href": "http://172.99.88.174:8774/0c5dd43034614366b9e4e47887f38228/flavors/1",
        "rel": "bookmark"}]}, "id": "5df8850b-7809-4ec8-9a07-6f63f6339c33", "security_groups":
        [{"name": "default"}], "OS-SRV-USG:terminated_at": null, "OS-EXT-AZ:availability_zone":
        "nova", "user_id": "65289af47327447b8e3bfce09278f7e7", "name": "124858", "created":
        "2016-07-28T16:11:51Z", "tenant_id": "0c5dd43034614366b9e4e47887f38228", "OS-DCF:diskConfig":
        "MANUAL", "os-extended-volumes:volumes_attached": [], "accessIPv4": "", "accessIPv6":
        "", "progress": 0, "OS-EXT-STS:power_state": 0, "config_drive": "", "metadata":
        {}}}'
    http_version: 
  recorded_at: Thu, 28 Jul 2016 16:11:53 GMT
- request:
    method: get
    uri: http://172.99.88.174:8774/v2.1/0c5dd43034614366b9e4e47887f38228/servers/5df8850b-7809-4ec8-9a07-6f63f6339c33
    body:
      encoding: US-ASCII
      string: ''
    headers:
      Accept:
      - application/json
      Accept-Encoding:
      - gzip, deflate
      X-Auth-Token:
      - gAAAAABXmi5h101z-90FOwgnoEbD_3ON3pp9-DhpHA7jxJElTaNHxrzGTx3_Nl8IkSw4vF--1jshDtPzmTwvocGZkfoApPbZsbap20HKYwb13mGJq0b6IZtS6U96mP_Suv1qZXzwL_vz9O7SQV_jHXSynBnU25N6M42wWejc7nfKN7so53X6YQk
      Content-Type:
      - application/json
      User-Agent:
      - Ruby
  response:
    status:
      code: 200
      message: OK
    headers:
      Content-Length:
      - '1671'
      Content-Type:
      - application/json
      X-Openstack-Nova-Api-Version:
      - '2.1'
      Vary:
      - X-OpenStack-Nova-API-Version
      X-Compute-Request-Id:
      - req-907d07a9-0ef9-48db-bfb8-7de3a1b937f1
      Date:
      - Thu, 28 Jul 2016 16:11:54 GMT
    body:
      encoding: UTF-8
      string: '{"server": {"status": "BUILD", "updated": "2016-07-28T16:11:52Z", "hostId":
        "f63b8ab9852b3c886db2f89111afc78eafc661443d60a3b69fb19d75", "OS-EXT-SRV-ATTR:host":
        "osux", "addresses": {"public": [{"OS-EXT-IPS-MAC:mac_addr": "fa:16:3e:90:b5:91",
        "version": 4, "addr": "172.29.248.200", "OS-EXT-IPS:type": "fixed"}]}, "links":
        [{"href": "http://172.99.88.174:8774/v2.1/0c5dd43034614366b9e4e47887f38228/servers/5df8850b-7809-4ec8-9a07-6f63f6339c33",
        "rel": "self"}, {"href": "http://172.99.88.174:8774/0c5dd43034614366b9e4e47887f38228/servers/5df8850b-7809-4ec8-9a07-6f63f6339c33",
        "rel": "bookmark"}], "key_name": null, "image": {"id": "62f213d9-634b-42b7-809d-f368ef33a3d4",
        "links": [{"href": "http://172.99.88.174:8774/0c5dd43034614366b9e4e47887f38228/images/62f213d9-634b-42b7-809d-f368ef33a3d4",
        "rel": "bookmark"}]}, "OS-EXT-STS:task_state": "spawning", "OS-EXT-STS:vm_state":
        "building", "OS-EXT-SRV-ATTR:instance_name": "instance-000000c5", "OS-SRV-USG:launched_at":
        null, "OS-EXT-SRV-ATTR:hypervisor_hostname": "osux.localdomain", "flavor":
        {"id": "1", "links": [{"href": "http://172.99.88.174:8774/0c5dd43034614366b9e4e47887f38228/flavors/1",
        "rel": "bookmark"}]}, "id": "5df8850b-7809-4ec8-9a07-6f63f6339c33", "security_groups":
        [{"name": "default"}], "OS-SRV-USG:terminated_at": null, "OS-EXT-AZ:availability_zone":
        "nova", "user_id": "65289af47327447b8e3bfce09278f7e7", "name": "124858", "created":
        "2016-07-28T16:11:51Z", "tenant_id": "0c5dd43034614366b9e4e47887f38228", "OS-DCF:diskConfig":
        "MANUAL", "os-extended-volumes:volumes_attached": [], "accessIPv4": "", "accessIPv6":
        "", "progress": 0, "OS-EXT-STS:power_state": 0, "config_drive": "", "metadata":
        {}}}'
    http_version: 
  recorded_at: Thu, 28 Jul 2016 16:11:54 GMT
- request:
    method: get
    uri: http://172.99.88.174:8774/v2.1/0c5dd43034614366b9e4e47887f38228/servers/5df8850b-7809-4ec8-9a07-6f63f6339c33
    body:
      encoding: US-ASCII
      string: ''
    headers:
      Accept:
      - application/json
      Accept-Encoding:
      - gzip, deflate
      X-Auth-Token:
      - gAAAAABXmi5h101z-90FOwgnoEbD_3ON3pp9-DhpHA7jxJElTaNHxrzGTx3_Nl8IkSw4vF--1jshDtPzmTwvocGZkfoApPbZsbap20HKYwb13mGJq0b6IZtS6U96mP_Suv1qZXzwL_vz9O7SQV_jHXSynBnU25N6M42wWejc7nfKN7so53X6YQk
      Content-Type:
      - application/json
      User-Agent:
      - Ruby
  response:
    status:
      code: 200
      message: OK
    headers:
      Content-Length:
      - '1671'
      Content-Type:
      - application/json
      X-Openstack-Nova-Api-Version:
      - '2.1'
      Vary:
      - X-OpenStack-Nova-API-Version
      X-Compute-Request-Id:
      - req-740cbada-1264-4fd7-8be6-ed74eb02d913
      Date:
      - Thu, 28 Jul 2016 16:11:55 GMT
    body:
      encoding: UTF-8
      string: '{"server": {"status": "BUILD", "updated": "2016-07-28T16:11:52Z", "hostId":
        "f63b8ab9852b3c886db2f89111afc78eafc661443d60a3b69fb19d75", "OS-EXT-SRV-ATTR:host":
        "osux", "addresses": {"public": [{"OS-EXT-IPS-MAC:mac_addr": "fa:16:3e:90:b5:91",
        "version": 4, "addr": "172.29.248.200", "OS-EXT-IPS:type": "fixed"}]}, "links":
        [{"href": "http://172.99.88.174:8774/v2.1/0c5dd43034614366b9e4e47887f38228/servers/5df8850b-7809-4ec8-9a07-6f63f6339c33",
        "rel": "self"}, {"href": "http://172.99.88.174:8774/0c5dd43034614366b9e4e47887f38228/servers/5df8850b-7809-4ec8-9a07-6f63f6339c33",
        "rel": "bookmark"}], "key_name": null, "image": {"id": "62f213d9-634b-42b7-809d-f368ef33a3d4",
        "links": [{"href": "http://172.99.88.174:8774/0c5dd43034614366b9e4e47887f38228/images/62f213d9-634b-42b7-809d-f368ef33a3d4",
        "rel": "bookmark"}]}, "OS-EXT-STS:task_state": "spawning", "OS-EXT-STS:vm_state":
        "building", "OS-EXT-SRV-ATTR:instance_name": "instance-000000c5", "OS-SRV-USG:launched_at":
        null, "OS-EXT-SRV-ATTR:hypervisor_hostname": "osux.localdomain", "flavor":
        {"id": "1", "links": [{"href": "http://172.99.88.174:8774/0c5dd43034614366b9e4e47887f38228/flavors/1",
        "rel": "bookmark"}]}, "id": "5df8850b-7809-4ec8-9a07-6f63f6339c33", "security_groups":
        [{"name": "default"}], "OS-SRV-USG:terminated_at": null, "OS-EXT-AZ:availability_zone":
        "nova", "user_id": "65289af47327447b8e3bfce09278f7e7", "name": "124858", "created":
        "2016-07-28T16:11:51Z", "tenant_id": "0c5dd43034614366b9e4e47887f38228", "OS-DCF:diskConfig":
        "MANUAL", "os-extended-volumes:volumes_attached": [], "accessIPv4": "", "accessIPv6":
        "", "progress": 0, "OS-EXT-STS:power_state": 0, "config_drive": "", "metadata":
        {}}}'
    http_version: 
  recorded_at: Thu, 28 Jul 2016 16:11:55 GMT
- request:
    method: get
    uri: http://172.99.88.174:8774/v2.1/0c5dd43034614366b9e4e47887f38228/servers/5df8850b-7809-4ec8-9a07-6f63f6339c33
    body:
      encoding: US-ASCII
      string: ''
    headers:
      Accept:
      - application/json
      Accept-Encoding:
      - gzip, deflate
      X-Auth-Token:
      - gAAAAABXmi5h101z-90FOwgnoEbD_3ON3pp9-DhpHA7jxJElTaNHxrzGTx3_Nl8IkSw4vF--1jshDtPzmTwvocGZkfoApPbZsbap20HKYwb13mGJq0b6IZtS6U96mP_Suv1qZXzwL_vz9O7SQV_jHXSynBnU25N6M42wWejc7nfKN7so53X6YQk
      Content-Type:
      - application/json
      User-Agent:
      - Ruby
  response:
    status:
      code: 200
      message: OK
    headers:
      Content-Length:
      - '1671'
      Content-Type:
      - application/json
      X-Openstack-Nova-Api-Version:
      - '2.1'
      Vary:
      - X-OpenStack-Nova-API-Version
      X-Compute-Request-Id:
      - req-91ee28ab-3ad8-4037-84a8-9deffba5dd94
      Date:
      - Thu, 28 Jul 2016 16:11:56 GMT
    body:
      encoding: UTF-8
      string: '{"server": {"status": "BUILD", "updated": "2016-07-28T16:11:52Z", "hostId":
        "f63b8ab9852b3c886db2f89111afc78eafc661443d60a3b69fb19d75", "OS-EXT-SRV-ATTR:host":
        "osux", "addresses": {"public": [{"OS-EXT-IPS-MAC:mac_addr": "fa:16:3e:90:b5:91",
        "version": 4, "addr": "172.29.248.200", "OS-EXT-IPS:type": "fixed"}]}, "links":
        [{"href": "http://172.99.88.174:8774/v2.1/0c5dd43034614366b9e4e47887f38228/servers/5df8850b-7809-4ec8-9a07-6f63f6339c33",
        "rel": "self"}, {"href": "http://172.99.88.174:8774/0c5dd43034614366b9e4e47887f38228/servers/5df8850b-7809-4ec8-9a07-6f63f6339c33",
        "rel": "bookmark"}], "key_name": null, "image": {"id": "62f213d9-634b-42b7-809d-f368ef33a3d4",
        "links": [{"href": "http://172.99.88.174:8774/0c5dd43034614366b9e4e47887f38228/images/62f213d9-634b-42b7-809d-f368ef33a3d4",
        "rel": "bookmark"}]}, "OS-EXT-STS:task_state": "spawning", "OS-EXT-STS:vm_state":
        "building", "OS-EXT-SRV-ATTR:instance_name": "instance-000000c5", "OS-SRV-USG:launched_at":
        null, "OS-EXT-SRV-ATTR:hypervisor_hostname": "osux.localdomain", "flavor":
        {"id": "1", "links": [{"href": "http://172.99.88.174:8774/0c5dd43034614366b9e4e47887f38228/flavors/1",
        "rel": "bookmark"}]}, "id": "5df8850b-7809-4ec8-9a07-6f63f6339c33", "security_groups":
        [{"name": "default"}], "OS-SRV-USG:terminated_at": null, "OS-EXT-AZ:availability_zone":
        "nova", "user_id": "65289af47327447b8e3bfce09278f7e7", "name": "124858", "created":
        "2016-07-28T16:11:51Z", "tenant_id": "0c5dd43034614366b9e4e47887f38228", "OS-DCF:diskConfig":
        "MANUAL", "os-extended-volumes:volumes_attached": [], "accessIPv4": "", "accessIPv6":
        "", "progress": 0, "OS-EXT-STS:power_state": 0, "config_drive": "", "metadata":
        {}}}'
    http_version: 
  recorded_at: Thu, 28 Jul 2016 16:11:56 GMT
- request:
    method: get
    uri: http://172.99.88.174:8774/v2.1/0c5dd43034614366b9e4e47887f38228/servers/5df8850b-7809-4ec8-9a07-6f63f6339c33
    body:
      encoding: US-ASCII
      string: ''
    headers:
      Accept:
      - application/json
      Accept-Encoding:
      - gzip, deflate
      X-Auth-Token:
      - gAAAAABXmi5h101z-90FOwgnoEbD_3ON3pp9-DhpHA7jxJElTaNHxrzGTx3_Nl8IkSw4vF--1jshDtPzmTwvocGZkfoApPbZsbap20HKYwb13mGJq0b6IZtS6U96mP_Suv1qZXzwL_vz9O7SQV_jHXSynBnU25N6M42wWejc7nfKN7so53X6YQk
      Content-Type:
      - application/json
      User-Agent:
      - Ruby
  response:
    status:
      code: 200
      message: OK
    headers:
      Content-Length:
      - '1671'
      Content-Type:
      - application/json
      X-Openstack-Nova-Api-Version:
      - '2.1'
      Vary:
      - X-OpenStack-Nova-API-Version
      X-Compute-Request-Id:
      - req-7217ce33-d2c4-4692-ab4b-eb97efd30163
      Date:
      - Thu, 28 Jul 2016 16:11:58 GMT
    body:
      encoding: UTF-8
      string: '{"server": {"status": "BUILD", "updated": "2016-07-28T16:11:52Z", "hostId":
        "f63b8ab9852b3c886db2f89111afc78eafc661443d60a3b69fb19d75", "OS-EXT-SRV-ATTR:host":
        "osux", "addresses": {"public": [{"OS-EXT-IPS-MAC:mac_addr": "fa:16:3e:90:b5:91",
        "version": 4, "addr": "172.29.248.200", "OS-EXT-IPS:type": "fixed"}]}, "links":
        [{"href": "http://172.99.88.174:8774/v2.1/0c5dd43034614366b9e4e47887f38228/servers/5df8850b-7809-4ec8-9a07-6f63f6339c33",
        "rel": "self"}, {"href": "http://172.99.88.174:8774/0c5dd43034614366b9e4e47887f38228/servers/5df8850b-7809-4ec8-9a07-6f63f6339c33",
        "rel": "bookmark"}], "key_name": null, "image": {"id": "62f213d9-634b-42b7-809d-f368ef33a3d4",
        "links": [{"href": "http://172.99.88.174:8774/0c5dd43034614366b9e4e47887f38228/images/62f213d9-634b-42b7-809d-f368ef33a3d4",
        "rel": "bookmark"}]}, "OS-EXT-STS:task_state": "spawning", "OS-EXT-STS:vm_state":
        "building", "OS-EXT-SRV-ATTR:instance_name": "instance-000000c5", "OS-SRV-USG:launched_at":
        null, "OS-EXT-SRV-ATTR:hypervisor_hostname": "osux.localdomain", "flavor":
        {"id": "1", "links": [{"href": "http://172.99.88.174:8774/0c5dd43034614366b9e4e47887f38228/flavors/1",
        "rel": "bookmark"}]}, "id": "5df8850b-7809-4ec8-9a07-6f63f6339c33", "security_groups":
        [{"name": "default"}], "OS-SRV-USG:terminated_at": null, "OS-EXT-AZ:availability_zone":
        "nova", "user_id": "65289af47327447b8e3bfce09278f7e7", "name": "124858", "created":
        "2016-07-28T16:11:51Z", "tenant_id": "0c5dd43034614366b9e4e47887f38228", "OS-DCF:diskConfig":
        "MANUAL", "os-extended-volumes:volumes_attached": [], "accessIPv4": "", "accessIPv6":
        "", "progress": 0, "OS-EXT-STS:power_state": 0, "config_drive": "", "metadata":
        {}}}'
    http_version: 
  recorded_at: Thu, 28 Jul 2016 16:11:58 GMT
- request:
    method: get
    uri: http://172.99.88.174:8774/v2.1/0c5dd43034614366b9e4e47887f38228/servers/5df8850b-7809-4ec8-9a07-6f63f6339c33
    body:
      encoding: US-ASCII
      string: ''
    headers:
      Accept:
      - application/json
      Accept-Encoding:
      - gzip, deflate
      X-Auth-Token:
      - gAAAAABXmi5h101z-90FOwgnoEbD_3ON3pp9-DhpHA7jxJElTaNHxrzGTx3_Nl8IkSw4vF--1jshDtPzmTwvocGZkfoApPbZsbap20HKYwb13mGJq0b6IZtS6U96mP_Suv1qZXzwL_vz9O7SQV_jHXSynBnU25N6M42wWejc7nfKN7so53X6YQk
      Content-Type:
      - application/json
      User-Agent:
      - Ruby
  response:
    status:
      code: 200
      message: OK
    headers:
      Content-Length:
      - '1671'
      Content-Type:
      - application/json
      X-Openstack-Nova-Api-Version:
      - '2.1'
      Vary:
      - X-OpenStack-Nova-API-Version
      X-Compute-Request-Id:
      - req-b553efe1-9691-401f-b3df-8bc42f64c6a3
      Date:
      - Thu, 28 Jul 2016 16:11:59 GMT
    body:
      encoding: UTF-8
      string: '{"server": {"status": "BUILD", "updated": "2016-07-28T16:11:52Z", "hostId":
        "f63b8ab9852b3c886db2f89111afc78eafc661443d60a3b69fb19d75", "OS-EXT-SRV-ATTR:host":
        "osux", "addresses": {"public": [{"OS-EXT-IPS-MAC:mac_addr": "fa:16:3e:90:b5:91",
        "version": 4, "addr": "172.29.248.200", "OS-EXT-IPS:type": "fixed"}]}, "links":
        [{"href": "http://172.99.88.174:8774/v2.1/0c5dd43034614366b9e4e47887f38228/servers/5df8850b-7809-4ec8-9a07-6f63f6339c33",
        "rel": "self"}, {"href": "http://172.99.88.174:8774/0c5dd43034614366b9e4e47887f38228/servers/5df8850b-7809-4ec8-9a07-6f63f6339c33",
        "rel": "bookmark"}], "key_name": null, "image": {"id": "62f213d9-634b-42b7-809d-f368ef33a3d4",
        "links": [{"href": "http://172.99.88.174:8774/0c5dd43034614366b9e4e47887f38228/images/62f213d9-634b-42b7-809d-f368ef33a3d4",
        "rel": "bookmark"}]}, "OS-EXT-STS:task_state": "spawning", "OS-EXT-STS:vm_state":
        "building", "OS-EXT-SRV-ATTR:instance_name": "instance-000000c5", "OS-SRV-USG:launched_at":
        null, "OS-EXT-SRV-ATTR:hypervisor_hostname": "osux.localdomain", "flavor":
        {"id": "1", "links": [{"href": "http://172.99.88.174:8774/0c5dd43034614366b9e4e47887f38228/flavors/1",
        "rel": "bookmark"}]}, "id": "5df8850b-7809-4ec8-9a07-6f63f6339c33", "security_groups":
        [{"name": "default"}], "OS-SRV-USG:terminated_at": null, "OS-EXT-AZ:availability_zone":
        "nova", "user_id": "65289af47327447b8e3bfce09278f7e7", "name": "124858", "created":
        "2016-07-28T16:11:51Z", "tenant_id": "0c5dd43034614366b9e4e47887f38228", "OS-DCF:diskConfig":
        "MANUAL", "os-extended-volumes:volumes_attached": [], "accessIPv4": "", "accessIPv6":
        "", "progress": 0, "OS-EXT-STS:power_state": 0, "config_drive": "", "metadata":
        {}}}'
    http_version: 
  recorded_at: Thu, 28 Jul 2016 16:11:59 GMT
- request:
    method: get
    uri: http://172.99.88.174:8774/v2.1/0c5dd43034614366b9e4e47887f38228/servers/5df8850b-7809-4ec8-9a07-6f63f6339c33
    body:
      encoding: US-ASCII
      string: ''
    headers:
      Accept:
      - application/json
      Accept-Encoding:
      - gzip, deflate
      X-Auth-Token:
      - gAAAAABXmi5h101z-90FOwgnoEbD_3ON3pp9-DhpHA7jxJElTaNHxrzGTx3_Nl8IkSw4vF--1jshDtPzmTwvocGZkfoApPbZsbap20HKYwb13mGJq0b6IZtS6U96mP_Suv1qZXzwL_vz9O7SQV_jHXSynBnU25N6M42wWejc7nfKN7so53X6YQk
      Content-Type:
      - application/json
      User-Agent:
      - Ruby
  response:
    status:
      code: 200
      message: OK
    headers:
      Content-Length:
      - '1688'
      Content-Type:
      - application/json
      X-Openstack-Nova-Api-Version:
      - '2.1'
      Vary:
      - X-OpenStack-Nova-API-Version
      X-Compute-Request-Id:
      - req-3ae071d2-f62f-4cc2-bc1a-5426e54fb0ad
      Date:
      - Thu, 28 Jul 2016 16:12:00 GMT
    body:
      encoding: UTF-8
      string: '{"server": {"status": "ACTIVE", "updated": "2016-07-28T16:12:00Z",
        "hostId": "f63b8ab9852b3c886db2f89111afc78eafc661443d60a3b69fb19d75", "OS-EXT-SRV-ATTR:host":
        "osux", "addresses": {"public": [{"OS-EXT-IPS-MAC:mac_addr": "fa:16:3e:90:b5:91",
        "version": 4, "addr": "172.29.248.200", "OS-EXT-IPS:type": "fixed"}]}, "links":
        [{"href": "http://172.99.88.174:8774/v2.1/0c5dd43034614366b9e4e47887f38228/servers/5df8850b-7809-4ec8-9a07-6f63f6339c33",
        "rel": "self"}, {"href": "http://172.99.88.174:8774/0c5dd43034614366b9e4e47887f38228/servers/5df8850b-7809-4ec8-9a07-6f63f6339c33",
        "rel": "bookmark"}], "key_name": null, "image": {"id": "62f213d9-634b-42b7-809d-f368ef33a3d4",
        "links": [{"href": "http://172.99.88.174:8774/0c5dd43034614366b9e4e47887f38228/images/62f213d9-634b-42b7-809d-f368ef33a3d4",
        "rel": "bookmark"}]}, "OS-EXT-STS:task_state": null, "OS-EXT-STS:vm_state":
        "active", "OS-EXT-SRV-ATTR:instance_name": "instance-000000c5", "OS-SRV-USG:launched_at":
        "2016-07-28T16:12:00.000000", "OS-EXT-SRV-ATTR:hypervisor_hostname": "osux.localdomain",
        "flavor": {"id": "1", "links": [{"href": "http://172.99.88.174:8774/0c5dd43034614366b9e4e47887f38228/flavors/1",
        "rel": "bookmark"}]}, "id": "5df8850b-7809-4ec8-9a07-6f63f6339c33", "security_groups":
        [{"name": "default"}], "OS-SRV-USG:terminated_at": null, "OS-EXT-AZ:availability_zone":
        "nova", "user_id": "65289af47327447b8e3bfce09278f7e7", "name": "124858", "created":
        "2016-07-28T16:11:51Z", "tenant_id": "0c5dd43034614366b9e4e47887f38228", "OS-DCF:diskConfig":
        "MANUAL", "os-extended-volumes:volumes_attached": [], "accessIPv4": "", "accessIPv6":
        "", "progress": 0, "OS-EXT-STS:power_state": 1, "config_drive": "", "metadata":
        {}}}'
    http_version: 
  recorded_at: Thu, 28 Jul 2016 16:12:00 GMT
- request:
    method: post
    uri: http://172.99.88.174:8774/v2.1/0c5dd43034614366b9e4e47887f38228/servers/5df8850b-7809-4ec8-9a07-6f63f6339c33/os-volume_attachments
    body:
      encoding: UTF-8
      string: '{"volumeAttachment":{"volumeId":"ed44e7d0-7d46-4e2d-a6ce-180cd7fb453e"}}'
    headers:
      Accept:
      - application/json
      Accept-Encoding:
      - gzip, deflate
      X-Auth-Token:
      - gAAAAABXmi5h101z-90FOwgnoEbD_3ON3pp9-DhpHA7jxJElTaNHxrzGTx3_Nl8IkSw4vF--1jshDtPzmTwvocGZkfoApPbZsbap20HKYwb13mGJq0b6IZtS6U96mP_Suv1qZXzwL_vz9O7SQV_jHXSynBnU25N6M42wWejc7nfKN7so53X6YQk
      Content-Type:
      - application/json
      Content-Length:
      - '72'
      User-Agent:
      - Ruby
  response:
    status:
      code: 200
      message: OK
    headers:
      Content-Length:
      - '194'
      Content-Type:
      - application/json
      X-Openstack-Nova-Api-Version:
      - '2.1'
      Vary:
      - X-OpenStack-Nova-API-Version
      X-Compute-Request-Id:
      - req-fd94c314-7e52-453c-9c58-8a32de1d4790
      Date:
      - Thu, 28 Jul 2016 16:12:01 GMT
    body:
      encoding: UTF-8
      string: '{"volumeAttachment": {"device": "/dev/vdb", "serverId": "5df8850b-7809-4ec8-9a07-6f63f6339c33",
        "id": "ed44e7d0-7d46-4e2d-a6ce-180cd7fb453e", "volumeId": "ed44e7d0-7d46-4e2d-a6ce-180cd7fb453e"}}'
    http_version: 
  recorded_at: Thu, 28 Jul 2016 16:12:01 GMT
- request:
    method: get
    uri: http://172.99.88.174:8774/v2.1/0c5dd43034614366b9e4e47887f38228/servers/5df8850b-7809-4ec8-9a07-6f63f6339c33
    body:
      encoding: US-ASCII
      string: ''
    headers:
      Accept:
      - application/json
      Accept-Encoding:
      - gzip, deflate
      X-Auth-Token:
      - gAAAAABXmi5h101z-90FOwgnoEbD_3ON3pp9-DhpHA7jxJElTaNHxrzGTx3_Nl8IkSw4vF--1jshDtPzmTwvocGZkfoApPbZsbap20HKYwb13mGJq0b6IZtS6U96mP_Suv1qZXzwL_vz9O7SQV_jHXSynBnU25N6M42wWejc7nfKN7so53X6YQk
      Content-Type:
      - application/json
      User-Agent:
      - Ruby
  response:
    status:
      code: 200
      message: OK
    headers:
      Content-Length:
      - '1734'
      Content-Type:
      - application/json
      X-Openstack-Nova-Api-Version:
      - '2.1'
      Vary:
      - X-OpenStack-Nova-API-Version
      X-Compute-Request-Id:
      - req-87cb4b8d-e6ab-4c4b-8661-764b1c0802db
      Date:
      - Thu, 28 Jul 2016 16:12:01 GMT
    body:
      encoding: UTF-8
      string: '{"server": {"status": "ACTIVE", "updated": "2016-07-28T16:12:00Z",
        "hostId": "f63b8ab9852b3c886db2f89111afc78eafc661443d60a3b69fb19d75", "OS-EXT-SRV-ATTR:host":
        "osux", "addresses": {"public": [{"OS-EXT-IPS-MAC:mac_addr": "fa:16:3e:90:b5:91",
        "version": 4, "addr": "172.29.248.200", "OS-EXT-IPS:type": "fixed"}]}, "links":
        [{"href": "http://172.99.88.174:8774/v2.1/0c5dd43034614366b9e4e47887f38228/servers/5df8850b-7809-4ec8-9a07-6f63f6339c33",
        "rel": "self"}, {"href": "http://172.99.88.174:8774/0c5dd43034614366b9e4e47887f38228/servers/5df8850b-7809-4ec8-9a07-6f63f6339c33",
        "rel": "bookmark"}], "key_name": null, "image": {"id": "62f213d9-634b-42b7-809d-f368ef33a3d4",
        "links": [{"href": "http://172.99.88.174:8774/0c5dd43034614366b9e4e47887f38228/images/62f213d9-634b-42b7-809d-f368ef33a3d4",
        "rel": "bookmark"}]}, "OS-EXT-STS:task_state": null, "OS-EXT-STS:vm_state":
        "active", "OS-EXT-SRV-ATTR:instance_name": "instance-000000c5", "OS-SRV-USG:launched_at":
        "2016-07-28T16:12:00.000000", "OS-EXT-SRV-ATTR:hypervisor_hostname": "osux.localdomain",
        "flavor": {"id": "1", "links": [{"href": "http://172.99.88.174:8774/0c5dd43034614366b9e4e47887f38228/flavors/1",
        "rel": "bookmark"}]}, "id": "5df8850b-7809-4ec8-9a07-6f63f6339c33", "security_groups":
        [{"name": "default"}], "OS-SRV-USG:terminated_at": null, "OS-EXT-AZ:availability_zone":
        "nova", "user_id": "65289af47327447b8e3bfce09278f7e7", "name": "124858", "created":
        "2016-07-28T16:11:51Z", "tenant_id": "0c5dd43034614366b9e4e47887f38228", "OS-DCF:diskConfig":
        "MANUAL", "os-extended-volumes:volumes_attached": [{"id": "ed44e7d0-7d46-4e2d-a6ce-180cd7fb453e"}],
        "accessIPv4": "", "accessIPv6": "", "progress": 0, "OS-EXT-STS:power_state":
        1, "config_drive": "", "metadata": {}}}'
    http_version: 
  recorded_at: Thu, 28 Jul 2016 16:12:01 GMT
- request:
    method: get
    uri: http://172.99.88.174:8776/v1/0c5dd43034614366b9e4e47887f38228/volumes/ed44e7d0-7d46-4e2d-a6ce-180cd7fb453e
    body:
      encoding: US-ASCII
      string: ''
    headers:
      Accept:
      - application/json
      Accept-Encoding:
      - gzip, deflate
      X-Auth-Token:
      - gAAAAABXmi5h101z-90FOwgnoEbD_3ON3pp9-DhpHA7jxJElTaNHxrzGTx3_Nl8IkSw4vF--1jshDtPzmTwvocGZkfoApPbZsbap20HKYwb13mGJq0b6IZtS6U96mP_Suv1qZXzwL_vz9O7SQV_jHXSynBnU25N6M42wWejc7nfKN7so53X6YQk
      Content-Type:
      - application/json
      User-Agent:
      - Ruby
  response:
    status:
      code: 200
      message: OK
    headers:
      X-Compute-Request-Id:
      - req-ccc8fbc7-6007-44fe-84a7-5ed7ec30d2e6
      Content-Type:
      - application/json
      Content-Length:
      - '575'
      X-Openstack-Request-Id:
      - req-ccc8fbc7-6007-44fe-84a7-5ed7ec30d2e6
      Date:
      - Thu, 28 Jul 2016 16:12:01 GMT
    body:
      encoding: UTF-8
      string: '{"volume": {"status": "attaching", "display_name": null, "attachments":
        [], "availability_zone": "nova", "bootable": "false", "encrypted": false,
        "created_at": "2016-07-28T16:11:49.000000", "multiattach": "false", "os-vol-tenant-attr:tenant_id":
        "0c5dd43034614366b9e4e47887f38228", "display_description": null, "os-vol-host-attr:host":
        "osux@lvm#LVM_iSCSI", "volume_type": null, "snapshot_id": null, "source_volid":
        null, "os-vol-mig-status-attr:name_id": null, "metadata": {}, "id": "ed44e7d0-7d46-4e2d-a6ce-180cd7fb453e",
        "os-vol-mig-status-attr:migstat": null, "size": 1}}'
    http_version: 
  recorded_at: Thu, 28 Jul 2016 16:12:01 GMT
- request:
    method: get
    uri: http://172.99.88.174:8776/v1/0c5dd43034614366b9e4e47887f38228/volumes/ed44e7d0-7d46-4e2d-a6ce-180cd7fb453e
    body:
      encoding: US-ASCII
      string: ''
    headers:
      Accept:
      - application/json
      Accept-Encoding:
      - gzip, deflate
      X-Auth-Token:
      - gAAAAABXmi5h101z-90FOwgnoEbD_3ON3pp9-DhpHA7jxJElTaNHxrzGTx3_Nl8IkSw4vF--1jshDtPzmTwvocGZkfoApPbZsbap20HKYwb13mGJq0b6IZtS6U96mP_Suv1qZXzwL_vz9O7SQV_jHXSynBnU25N6M42wWejc7nfKN7so53X6YQk
      Content-Type:
      - application/json
      User-Agent:
      - Ruby
  response:
    status:
      code: 200
      message: OK
    headers:
      X-Compute-Request-Id:
      - req-fa336e6e-e26f-4f38-99b2-5d5021b8d3fe
      Content-Type:
      - application/json
      Content-Length:
      - '575'
      X-Openstack-Request-Id:
      - req-fa336e6e-e26f-4f38-99b2-5d5021b8d3fe
      Date:
      - Thu, 28 Jul 2016 16:12:03 GMT
    body:
      encoding: UTF-8
      string: '{"volume": {"status": "attaching", "display_name": null, "attachments":
        [], "availability_zone": "nova", "bootable": "false", "encrypted": false,
        "created_at": "2016-07-28T16:11:49.000000", "multiattach": "false", "os-vol-tenant-attr:tenant_id":
        "0c5dd43034614366b9e4e47887f38228", "display_description": null, "os-vol-host-attr:host":
        "osux@lvm#LVM_iSCSI", "volume_type": null, "snapshot_id": null, "source_volid":
        null, "os-vol-mig-status-attr:name_id": null, "metadata": {}, "id": "ed44e7d0-7d46-4e2d-a6ce-180cd7fb453e",
        "os-vol-mig-status-attr:migstat": null, "size": 1}}'
    http_version: 
  recorded_at: Thu, 28 Jul 2016 16:12:03 GMT
- request:
    method: get
    uri: http://172.99.88.174:8776/v1/0c5dd43034614366b9e4e47887f38228/volumes/ed44e7d0-7d46-4e2d-a6ce-180cd7fb453e
    body:
      encoding: US-ASCII
      string: ''
    headers:
      Accept:
      - application/json
      Accept-Encoding:
      - gzip, deflate
      X-Auth-Token:
      - gAAAAABXmi5h101z-90FOwgnoEbD_3ON3pp9-DhpHA7jxJElTaNHxrzGTx3_Nl8IkSw4vF--1jshDtPzmTwvocGZkfoApPbZsbap20HKYwb13mGJq0b6IZtS6U96mP_Suv1qZXzwL_vz9O7SQV_jHXSynBnU25N6M42wWejc7nfKN7so53X6YQk
      Content-Type:
      - application/json
      User-Agent:
      - Ruby
  response:
    status:
      code: 200
      message: OK
    headers:
      X-Compute-Request-Id:
      - req-3b6bca14-3875-4f70-8707-ad58bca2abe2
      Content-Type:
      - application/json
      Content-Length:
      - '575'
      X-Openstack-Request-Id:
      - req-3b6bca14-3875-4f70-8707-ad58bca2abe2
      Date:
      - Thu, 28 Jul 2016 16:12:04 GMT
    body:
      encoding: UTF-8
      string: '{"volume": {"status": "attaching", "display_name": null, "attachments":
        [], "availability_zone": "nova", "bootable": "false", "encrypted": false,
        "created_at": "2016-07-28T16:11:49.000000", "multiattach": "false", "os-vol-tenant-attr:tenant_id":
        "0c5dd43034614366b9e4e47887f38228", "display_description": null, "os-vol-host-attr:host":
        "osux@lvm#LVM_iSCSI", "volume_type": null, "snapshot_id": null, "source_volid":
        null, "os-vol-mig-status-attr:name_id": null, "metadata": {}, "id": "ed44e7d0-7d46-4e2d-a6ce-180cd7fb453e",
        "os-vol-mig-status-attr:migstat": null, "size": 1}}'
    http_version: 
  recorded_at: Thu, 28 Jul 2016 16:12:04 GMT
- request:
    method: get
    uri: http://172.99.88.174:8776/v1/0c5dd43034614366b9e4e47887f38228/volumes/ed44e7d0-7d46-4e2d-a6ce-180cd7fb453e
    body:
      encoding: US-ASCII
      string: ''
    headers:
      Accept:
      - application/json
      Accept-Encoding:
      - gzip, deflate
      X-Auth-Token:
      - gAAAAABXmi5h101z-90FOwgnoEbD_3ON3pp9-DhpHA7jxJElTaNHxrzGTx3_Nl8IkSw4vF--1jshDtPzmTwvocGZkfoApPbZsbap20HKYwb13mGJq0b6IZtS6U96mP_Suv1qZXzwL_vz9O7SQV_jHXSynBnU25N6M42wWejc7nfKN7so53X6YQk
      Content-Type:
      - application/json
      User-Agent:
      - Ruby
  response:
    status:
      code: 200
      message: OK
    headers:
      X-Compute-Request-Id:
      - req-4a1878e8-522d-49c1-be50-3f666b08c59b
      Content-Type:
      - application/json
      Content-Length:
      - '864'
      X-Openstack-Request-Id:
      - req-4a1878e8-522d-49c1-be50-3f666b08c59b
      Date:
      - Thu, 28 Jul 2016 16:12:05 GMT
    body:
      encoding: UTF-8
      string: '{"volume": {"status": "in-use", "display_name": null, "attachments":
        [{"server_id": "5df8850b-7809-4ec8-9a07-6f63f6339c33", "attachment_id": "de5add93-b959-4e27-8920-dd29f87d32bb",
        "host_name": null, "volume_id": "ed44e7d0-7d46-4e2d-a6ce-180cd7fb453e", "device":
        "/dev/vdb", "id": "ed44e7d0-7d46-4e2d-a6ce-180cd7fb453e"}], "availability_zone":
        "nova", "bootable": "false", "encrypted": false, "created_at": "2016-07-28T16:11:49.000000",
        "multiattach": "false", "os-vol-tenant-attr:tenant_id": "0c5dd43034614366b9e4e47887f38228",
        "display_description": null, "os-vol-host-attr:host": "osux@lvm#LVM_iSCSI",
        "volume_type": null, "snapshot_id": null, "source_volid": null, "os-vol-mig-status-attr:name_id":
        null, "metadata": {"readonly": "False", "attached_mode": "rw"}, "id": "ed44e7d0-7d46-4e2d-a6ce-180cd7fb453e",
        "os-vol-mig-status-attr:migstat": null, "size": 1}}'
    http_version: 
  recorded_at: Thu, 28 Jul 2016 16:12:05 GMT
- request:
    method: get
    uri: http://172.99.88.174:8774/v2.1/0c5dd43034614366b9e4e47887f38228/servers/5df8850b-7809-4ec8-9a07-6f63f6339c33
    body:
      encoding: US-ASCII
      string: ''
    headers:
      Accept:
      - application/json
      Accept-Encoding:
      - gzip, deflate
      X-Auth-Token:
      - gAAAAABXmi5h101z-90FOwgnoEbD_3ON3pp9-DhpHA7jxJElTaNHxrzGTx3_Nl8IkSw4vF--1jshDtPzmTwvocGZkfoApPbZsbap20HKYwb13mGJq0b6IZtS6U96mP_Suv1qZXzwL_vz9O7SQV_jHXSynBnU25N6M42wWejc7nfKN7so53X6YQk
      Content-Type:
      - application/json
      User-Agent:
      - Ruby
  response:
    status:
      code: 200
      message: OK
    headers:
      Content-Length:
      - '1734'
      Content-Type:
      - application/json
      X-Openstack-Nova-Api-Version:
      - '2.1'
      Vary:
      - X-OpenStack-Nova-API-Version
      X-Compute-Request-Id:
      - req-cf64c423-88ea-42dd-848e-5e704435395d
      Date:
      - Thu, 28 Jul 2016 16:12:05 GMT
    body:
      encoding: UTF-8
      string: '{"server": {"status": "ACTIVE", "updated": "2016-07-28T16:12:00Z",
        "hostId": "f63b8ab9852b3c886db2f89111afc78eafc661443d60a3b69fb19d75", "OS-EXT-SRV-ATTR:host":
        "osux", "addresses": {"public": [{"OS-EXT-IPS-MAC:mac_addr": "fa:16:3e:90:b5:91",
        "version": 4, "addr": "172.29.248.200", "OS-EXT-IPS:type": "fixed"}]}, "links":
        [{"href": "http://172.99.88.174:8774/v2.1/0c5dd43034614366b9e4e47887f38228/servers/5df8850b-7809-4ec8-9a07-6f63f6339c33",
        "rel": "self"}, {"href": "http://172.99.88.174:8774/0c5dd43034614366b9e4e47887f38228/servers/5df8850b-7809-4ec8-9a07-6f63f6339c33",
        "rel": "bookmark"}], "key_name": null, "image": {"id": "62f213d9-634b-42b7-809d-f368ef33a3d4",
        "links": [{"href": "http://172.99.88.174:8774/0c5dd43034614366b9e4e47887f38228/images/62f213d9-634b-42b7-809d-f368ef33a3d4",
        "rel": "bookmark"}]}, "OS-EXT-STS:task_state": null, "OS-EXT-STS:vm_state":
        "active", "OS-EXT-SRV-ATTR:instance_name": "instance-000000c5", "OS-SRV-USG:launched_at":
        "2016-07-28T16:12:00.000000", "OS-EXT-SRV-ATTR:hypervisor_hostname": "osux.localdomain",
        "flavor": {"id": "1", "links": [{"href": "http://172.99.88.174:8774/0c5dd43034614366b9e4e47887f38228/flavors/1",
        "rel": "bookmark"}]}, "id": "5df8850b-7809-4ec8-9a07-6f63f6339c33", "security_groups":
        [{"name": "default"}], "OS-SRV-USG:terminated_at": null, "OS-EXT-AZ:availability_zone":
        "nova", "user_id": "65289af47327447b8e3bfce09278f7e7", "name": "124858", "created":
        "2016-07-28T16:11:51Z", "tenant_id": "0c5dd43034614366b9e4e47887f38228", "OS-DCF:diskConfig":
        "MANUAL", "os-extended-volumes:volumes_attached": [{"id": "ed44e7d0-7d46-4e2d-a6ce-180cd7fb453e"}],
        "accessIPv4": "", "accessIPv6": "", "progress": 0, "OS-EXT-STS:power_state":
        1, "config_drive": "", "metadata": {}}}'
    http_version: 
  recorded_at: Thu, 28 Jul 2016 16:12:05 GMT
- request:
    method: post
    uri: http://172.99.88.174:8774/v2.1/0c5dd43034614366b9e4e47887f38228/servers/5df8850b-7809-4ec8-9a07-6f63f6339c33/os-volume_attachments
    body:
      encoding: UTF-8
      string: '{"volumeAttachment":{"volumeId":"3ed85d45-b2e1-4f14-be48-a1275a918f61"}}'
    headers:
      Accept:
      - application/json
      Accept-Encoding:
      - gzip, deflate
      X-Auth-Token:
      - gAAAAABXmi5h101z-90FOwgnoEbD_3ON3pp9-DhpHA7jxJElTaNHxrzGTx3_Nl8IkSw4vF--1jshDtPzmTwvocGZkfoApPbZsbap20HKYwb13mGJq0b6IZtS6U96mP_Suv1qZXzwL_vz9O7SQV_jHXSynBnU25N6M42wWejc7nfKN7so53X6YQk
      Content-Type:
      - application/json
      Content-Length:
      - '72'
      User-Agent:
      - Ruby
  response:
    status:
      code: 200
      message: OK
    headers:
      Content-Length:
      - '194'
      Content-Type:
      - application/json
      X-Openstack-Nova-Api-Version:
      - '2.1'
      Vary:
      - X-OpenStack-Nova-API-Version
      X-Compute-Request-Id:
      - req-438a651b-2b87-44b7-8b59-7969ca375c20
      Date:
      - Thu, 28 Jul 2016 16:12:06 GMT
    body:
      encoding: UTF-8
      string: '{"volumeAttachment": {"device": "/dev/vdc", "serverId": "5df8850b-7809-4ec8-9a07-6f63f6339c33",
        "id": "3ed85d45-b2e1-4f14-be48-a1275a918f61", "volumeId": "3ed85d45-b2e1-4f14-be48-a1275a918f61"}}'
    http_version: 
  recorded_at: Thu, 28 Jul 2016 16:12:06 GMT
- request:
    method: get
    uri: http://172.99.88.174:8774/v2.1/0c5dd43034614366b9e4e47887f38228/servers/5df8850b-7809-4ec8-9a07-6f63f6339c33
    body:
      encoding: US-ASCII
      string: ''
    headers:
      Accept:
      - application/json
      Accept-Encoding:
      - gzip, deflate
      X-Auth-Token:
      - gAAAAABXmi5h101z-90FOwgnoEbD_3ON3pp9-DhpHA7jxJElTaNHxrzGTx3_Nl8IkSw4vF--1jshDtPzmTwvocGZkfoApPbZsbap20HKYwb13mGJq0b6IZtS6U96mP_Suv1qZXzwL_vz9O7SQV_jHXSynBnU25N6M42wWejc7nfKN7so53X6YQk
      Content-Type:
      - application/json
      User-Agent:
      - Ruby
  response:
    status:
      code: 200
      message: OK
    headers:
      Content-Length:
      - '1782'
      Content-Type:
      - application/json
      X-Openstack-Nova-Api-Version:
      - '2.1'
      Vary:
      - X-OpenStack-Nova-API-Version
      X-Compute-Request-Id:
      - req-d49d73f1-5b72-4444-b454-8662e565f796
      Date:
      - Thu, 28 Jul 2016 16:12:06 GMT
    body:
      encoding: UTF-8
      string: '{"server": {"status": "ACTIVE", "updated": "2016-07-28T16:12:00Z",
        "hostId": "f63b8ab9852b3c886db2f89111afc78eafc661443d60a3b69fb19d75", "OS-EXT-SRV-ATTR:host":
        "osux", "addresses": {"public": [{"OS-EXT-IPS-MAC:mac_addr": "fa:16:3e:90:b5:91",
        "version": 4, "addr": "172.29.248.200", "OS-EXT-IPS:type": "fixed"}]}, "links":
        [{"href": "http://172.99.88.174:8774/v2.1/0c5dd43034614366b9e4e47887f38228/servers/5df8850b-7809-4ec8-9a07-6f63f6339c33",
        "rel": "self"}, {"href": "http://172.99.88.174:8774/0c5dd43034614366b9e4e47887f38228/servers/5df8850b-7809-4ec8-9a07-6f63f6339c33",
        "rel": "bookmark"}], "key_name": null, "image": {"id": "62f213d9-634b-42b7-809d-f368ef33a3d4",
        "links": [{"href": "http://172.99.88.174:8774/0c5dd43034614366b9e4e47887f38228/images/62f213d9-634b-42b7-809d-f368ef33a3d4",
        "rel": "bookmark"}]}, "OS-EXT-STS:task_state": null, "OS-EXT-STS:vm_state":
        "active", "OS-EXT-SRV-ATTR:instance_name": "instance-000000c5", "OS-SRV-USG:launched_at":
        "2016-07-28T16:12:00.000000", "OS-EXT-SRV-ATTR:hypervisor_hostname": "osux.localdomain",
        "flavor": {"id": "1", "links": [{"href": "http://172.99.88.174:8774/0c5dd43034614366b9e4e47887f38228/flavors/1",
        "rel": "bookmark"}]}, "id": "5df8850b-7809-4ec8-9a07-6f63f6339c33", "security_groups":
        [{"name": "default"}], "OS-SRV-USG:terminated_at": null, "OS-EXT-AZ:availability_zone":
        "nova", "user_id": "65289af47327447b8e3bfce09278f7e7", "name": "124858", "created":
        "2016-07-28T16:11:51Z", "tenant_id": "0c5dd43034614366b9e4e47887f38228", "OS-DCF:diskConfig":
        "MANUAL", "os-extended-volumes:volumes_attached": [{"id": "ed44e7d0-7d46-4e2d-a6ce-180cd7fb453e"},
        {"id": "3ed85d45-b2e1-4f14-be48-a1275a918f61"}], "accessIPv4": "", "accessIPv6":
        "", "progress": 0, "OS-EXT-STS:power_state": 1, "config_drive": "", "metadata":
        {}}}'
    http_version: 
  recorded_at: Thu, 28 Jul 2016 16:12:06 GMT
recorded_with: VCR 3.0.3
