---
http_interactions:
- request:
    method: get
    uri: http://172.99.88.174:8774/v2.1/0c5dd43034614366b9e4e47887f38228/servers
    body:
      encoding: US-ASCII
      string: ''
    headers:
      Accept:
      - application/json
      Accept-Encoding:
      - gzip, deflate
      X-Auth-Token:
      - gAAAAABXmULpAic6HcKaZyyGVTMCpgC5JGvWJ6ZZ_hwgWmJhjSuxOmpvmqC1w1yNKUbxay33MUyMaqPnHwXjH0Z7AcqvSU0vpl0P2701gjtqPJgPbLLi2g-1Jitu8tNc5IiiAPRG8yrxKZKxUCFHo1-7fgEGdcGN2HwywXNT912TDUjkfI7Eh2k
      Content-Type:
      - application/json
      User-Agent:
      - Ruby
  response:
    status:
      code: 200
      message: OK
    headers:
      Content-Length:
      - '15'
      Content-Type:
      - application/json
      X-Openstack-Nova-Api-Version:
      - '2.1'
      Vary:
      - X-OpenStack-Nova-API-Version
      X-Compute-Request-Id:
      - req-5638ac25-3a1b-4d2a-a4ad-11ae474a227f
      Date:
      - Wed, 27 Jul 2016 23:25:32 GMT
    body:
      encoding: UTF-8
      string: '{"servers": []}'
    http_version: 
  recorded_at: Wed, 27 Jul 2016 23:25:32 GMT
- request:
    method: get
    uri: http://172.99.88.174:8776/v1/0c5dd43034614366b9e4e47887f38228/volumes
    body:
      encoding: US-ASCII
      string: ''
    headers:
      Accept:
      - application/json
      Accept-Encoding:
      - gzip, deflate
      X-Auth-Token:
      - gAAAAABXmULpAic6HcKaZyyGVTMCpgC5JGvWJ6ZZ_hwgWmJhjSuxOmpvmqC1w1yNKUbxay33MUyMaqPnHwXjH0Z7AcqvSU0vpl0P2701gjtqPJgPbLLi2g-1Jitu8tNc5IiiAPRG8yrxKZKxUCFHo1-7fgEGdcGN2HwywXNT912TDUjkfI7Eh2k
      Content-Type:
      - application/json
      User-Agent:
      - Ruby
  response:
    status:
      code: 200
      message: OK
    headers:
      X-Compute-Request-Id:
      - req-9c8bf58d-bc00-434b-9973-05ae5c1ea14e
      Content-Type:
      - application/json
      Content-Length:
      - '754'
      X-Openstack-Request-Id:
      - req-9c8bf58d-bc00-434b-9973-05ae5c1ea14e
      Date:
      - Wed, 27 Jul 2016 23:25:32 GMT
    body:
      encoding: UTF-8
      string: '{"volumes": [{"status": "creating", "display_name": null, "attachments":
        [], "availability_zone": "nova", "bootable": "false", "encrypted": false,
        "created_at": "2016-07-27T15:22:49.000000", "multiattach": "false", "display_description":
        null, "volume_type": null, "snapshot_id": null, "source_volid": null, "metadata":
        {}, "id": "c9123fff-3044-4e74-8759-1a2b2fecb452", "size": 10}, {"status":
        "available", "display_name": null, "attachments": [], "availability_zone":
        "nova", "bootable": "false", "encrypted": false, "created_at": "2016-07-27T01:30:17.000000",
        "multiattach": "false", "display_description": null, "volume_type": null,
        "snapshot_id": null, "source_volid": null, "metadata": {}, "id": "5e41e954-7a90-4ec5-959c-f153603f6c42",
        "size": 10}]}'
    http_version: 
  recorded_at: Wed, 27 Jul 2016 23:25:32 GMT
- request:
    method: delete
    uri: http://172.99.88.174:8776/v1/0c5dd43034614366b9e4e47887f38228/volumes/c9123fff-3044-4e74-8759-1a2b2fecb452
    body:
      encoding: US-ASCII
      string: ''
    headers:
      Accept:
      - application/json
      Accept-Encoding:
      - gzip, deflate
      X-Auth-Token:
      - gAAAAABXmULpAic6HcKaZyyGVTMCpgC5JGvWJ6ZZ_hwgWmJhjSuxOmpvmqC1w1yNKUbxay33MUyMaqPnHwXjH0Z7AcqvSU0vpl0P2701gjtqPJgPbLLi2g-1Jitu8tNc5IiiAPRG8yrxKZKxUCFHo1-7fgEGdcGN2HwywXNT912TDUjkfI7Eh2k
      Content-Type:
      - application/json
      User-Agent:
      - Ruby
  response:
    status:
      code: 400
      message: Bad Request
    headers:
      Openstack-Api-Version:
      - '1.0'
      Vary:
      - OpenStack-API-Version
      Content-Length:
      - '224'
      Content-Type:
      - application/json; charset=UTF-8
      X-Compute-Request-Id:
      - req-6e126399-7e0f-4953-9e80-6cdcec9afa00
      X-Openstack-Request-Id:
      - req-6e126399-7e0f-4953-9e80-6cdcec9afa00
      Date:
      - Wed, 27 Jul 2016 23:25:32 GMT
    body:
      encoding: UTF-8
      string: '{"badRequest": {"message": "Invalid volume: Volume status must be available
        or error or error_restoring or error_extending and must not be migrating,
        attached, belong to a consistency group or have snapshots.", "code": 400}}'
    http_version: 
  recorded_at: Wed, 27 Jul 2016 23:25:32 GMT
- request:
    method: delete
    uri: http://172.99.88.174:8776/v1/0c5dd43034614366b9e4e47887f38228/volumes/5e41e954-7a90-4ec5-959c-f153603f6c42
    body:
      encoding: US-ASCII
      string: ''
    headers:
      Accept:
      - application/json
      Accept-Encoding:
      - gzip, deflate
      X-Auth-Token:
      - gAAAAABXmULpAic6HcKaZyyGVTMCpgC5JGvWJ6ZZ_hwgWmJhjSuxOmpvmqC1w1yNKUbxay33MUyMaqPnHwXjH0Z7AcqvSU0vpl0P2701gjtqPJgPbLLi2g-1Jitu8tNc5IiiAPRG8yrxKZKxUCFHo1-7fgEGdcGN2HwywXNT912TDUjkfI7Eh2k
      Content-Type:
      - application/json
      User-Agent:
      - Ruby
  response:
    status:
      code: 400
      message: Bad Request
    headers:
      Openstack-Api-Version:
      - '1.0'
      Vary:
      - OpenStack-API-Version
      Content-Length:
      - '224'
      Content-Type:
      - application/json; charset=UTF-8
      X-Compute-Request-Id:
      - req-94db2d96-6c0d-4756-a8ce-08d2404bce1c
      X-Openstack-Request-Id:
      - req-94db2d96-6c0d-4756-a8ce-08d2404bce1c
      Date:
      - Wed, 27 Jul 2016 23:25:32 GMT
    body:
      encoding: UTF-8
      string: '{"badRequest": {"message": "Invalid volume: Volume status must be available
        or error or error_restoring or error_extending and must not be migrating,
        attached, belong to a consistency group or have snapshots.", "code": 400}}'
    http_version: 
  recorded_at: Wed, 27 Jul 2016 23:25:32 GMT
- request:
    method: get
    uri: http://172.99.88.174:8774/v2.1/0c5dd43034614366b9e4e47887f38228/flavors
    body:
      encoding: US-ASCII
      string: ''
    headers:
      Accept:
      - application/json
      Accept-Encoding:
      - gzip, deflate
      X-Auth-Token:
      - gAAAAABXmULpAic6HcKaZyyGVTMCpgC5JGvWJ6ZZ_hwgWmJhjSuxOmpvmqC1w1yNKUbxay33MUyMaqPnHwXjH0Z7AcqvSU0vpl0P2701gjtqPJgPbLLi2g-1Jitu8tNc5IiiAPRG8yrxKZKxUCFHo1-7fgEGdcGN2HwywXNT912TDUjkfI7Eh2k
      Content-Type:
      - application/json
      User-Agent:
      - Ruby
  response:
    status:
      code: 200
      message: OK
    headers:
      Content-Length:
      - '1755'
      Content-Type:
      - application/json
      X-Openstack-Nova-Api-Version:
      - '2.1'
      Vary:
      - X-OpenStack-Nova-API-Version
      X-Compute-Request-Id:
      - req-2561d5d6-c58d-4b35-ae72-3a800e1b0350
      Date:
      - Wed, 27 Jul 2016 23:25:32 GMT
    body:
      encoding: UTF-8
      string: '{"flavors": [{"id": "1", "links": [{"href": "http://172.99.88.174:8774/v2.1/0c5dd43034614366b9e4e47887f38228/flavors/1",
        "rel": "self"}, {"href": "http://172.99.88.174:8774/0c5dd43034614366b9e4e47887f38228/flavors/1",
        "rel": "bookmark"}], "name": "m1.tiny"}, {"id": "2", "links": [{"href": "http://172.99.88.174:8774/v2.1/0c5dd43034614366b9e4e47887f38228/flavors/2",
        "rel": "self"}, {"href": "http://172.99.88.174:8774/0c5dd43034614366b9e4e47887f38228/flavors/2",
        "rel": "bookmark"}], "name": "m1.small"}, {"id": "201", "links": [{"href":
        "http://172.99.88.174:8774/v2.1/0c5dd43034614366b9e4e47887f38228/flavors/201",
        "rel": "self"}, {"href": "http://172.99.88.174:8774/0c5dd43034614366b9e4e47887f38228/flavors/201",
        "rel": "bookmark"}], "name": "tempest1"}, {"id": "202", "links": [{"href":
        "http://172.99.88.174:8774/v2.1/0c5dd43034614366b9e4e47887f38228/flavors/202",
        "rel": "self"}, {"href": "http://172.99.88.174:8774/0c5dd43034614366b9e4e47887f38228/flavors/202",
        "rel": "bookmark"}], "name": "tempest2"}, {"id": "3", "links": [{"href": "http://172.99.88.174:8774/v2.1/0c5dd43034614366b9e4e47887f38228/flavors/3",
        "rel": "self"}, {"href": "http://172.99.88.174:8774/0c5dd43034614366b9e4e47887f38228/flavors/3",
        "rel": "bookmark"}], "name": "m1.medium"}, {"id": "4", "links": [{"href":
        "http://172.99.88.174:8774/v2.1/0c5dd43034614366b9e4e47887f38228/flavors/4",
        "rel": "self"}, {"href": "http://172.99.88.174:8774/0c5dd43034614366b9e4e47887f38228/flavors/4",
        "rel": "bookmark"}], "name": "m1.large"}, {"id": "5", "links": [{"href": "http://172.99.88.174:8774/v2.1/0c5dd43034614366b9e4e47887f38228/flavors/5",
        "rel": "self"}, {"href": "http://172.99.88.174:8774/0c5dd43034614366b9e4e47887f38228/flavors/5",
        "rel": "bookmark"}], "name": "m1.xlarge"}]}'
    http_version: 
  recorded_at: Wed, 27 Jul 2016 23:25:32 GMT
- request:
    method: get
    uri: http://172.99.88.174:8774/v2.1/0c5dd43034614366b9e4e47887f38228/flavors/1
    body:
      encoding: US-ASCII
      string: ''
    headers:
      Accept:
      - application/json
      Accept-Encoding:
      - gzip, deflate
      X-Auth-Token:
      - gAAAAABXmULpAic6HcKaZyyGVTMCpgC5JGvWJ6ZZ_hwgWmJhjSuxOmpvmqC1w1yNKUbxay33MUyMaqPnHwXjH0Z7AcqvSU0vpl0P2701gjtqPJgPbLLi2g-1Jitu8tNc5IiiAPRG8yrxKZKxUCFHo1-7fgEGdcGN2HwywXNT912TDUjkfI7Eh2k
      Content-Type:
      - application/json
      User-Agent:
      - Ruby
  response:
    status:
      code: 200
      message: OK
    headers:
      Content-Length:
      - '426'
      Content-Type:
      - application/json
      X-Openstack-Nova-Api-Version:
      - '2.1'
      Vary:
      - X-OpenStack-Nova-API-Version
      X-Compute-Request-Id:
      - req-a57c03b4-a8d3-4764-b885-50357e94e07f
      Date:
      - Wed, 27 Jul 2016 23:25:33 GMT
    body:
      encoding: UTF-8
      string: '{"flavor": {"name": "m1.tiny", "links": [{"href": "http://172.99.88.174:8774/v2.1/0c5dd43034614366b9e4e47887f38228/flavors/1",
        "rel": "self"}, {"href": "http://172.99.88.174:8774/0c5dd43034614366b9e4e47887f38228/flavors/1",
        "rel": "bookmark"}], "ram": 512, "OS-FLV-DISABLED:disabled": false, "vcpus":
        1, "swap": "", "os-flavor-access:is_public": true, "rxtx_factor": 1.0, "OS-FLV-EXT-DATA:ephemeral":
        0, "disk": 1, "id": "1"}}'
    http_version: 
  recorded_at: Wed, 27 Jul 2016 23:25:33 GMT
- request:
    method: get
    uri: http://172.99.88.174:8774/v2.1/0c5dd43034614366b9e4e47887f38228/flavors/1
    body:
      encoding: US-ASCII
      string: ''
    headers:
      Accept:
      - application/json
      Accept-Encoding:
      - gzip, deflate
      X-Auth-Token:
      - gAAAAABXmULpAic6HcKaZyyGVTMCpgC5JGvWJ6ZZ_hwgWmJhjSuxOmpvmqC1w1yNKUbxay33MUyMaqPnHwXjH0Z7AcqvSU0vpl0P2701gjtqPJgPbLLi2g-1Jitu8tNc5IiiAPRG8yrxKZKxUCFHo1-7fgEGdcGN2HwywXNT912TDUjkfI7Eh2k
      Content-Type:
      - application/json
      User-Agent:
      - Ruby
  response:
    status:
      code: 200
      message: OK
    headers:
      Content-Length:
      - '426'
      Content-Type:
      - application/json
      X-Openstack-Nova-Api-Version:
      - '2.1'
      Vary:
      - X-OpenStack-Nova-API-Version
      X-Compute-Request-Id:
      - req-17537eb6-081a-402d-b966-5b74487fe5f8
      Date:
      - Wed, 27 Jul 2016 23:25:33 GMT
    body:
      encoding: UTF-8
      string: '{"flavor": {"name": "m1.tiny", "links": [{"href": "http://172.99.88.174:8774/v2.1/0c5dd43034614366b9e4e47887f38228/flavors/1",
        "rel": "self"}, {"href": "http://172.99.88.174:8774/0c5dd43034614366b9e4e47887f38228/flavors/1",
        "rel": "bookmark"}], "ram": 512, "OS-FLV-DISABLED:disabled": false, "vcpus":
        1, "swap": "", "os-flavor-access:is_public": true, "rxtx_factor": 1.0, "OS-FLV-EXT-DATA:ephemeral":
        0, "disk": 1, "id": "1"}}'
    http_version: 
  recorded_at: Wed, 27 Jul 2016 23:25:33 GMT
recorded_with: VCR 3.0.3
