---
http_interactions:
- request:
    method: get
    uri: http://172.99.88.174:8774/v2.1/0c5dd43034614366b9e4e47887f38228/servers
    body:
      encoding: US-ASCII
      string: ''
    headers:
      Accept:
      - application/json
      Accept-Encoding:
      - gzip, deflate
      X-Auth-Token:
      - gAAAAABXo0d_mdWeCw5nSOiGBdBMTiyjcnRSNtlq2Xl-iBpcXNbUp55VARNeYVkXjV68XgsE8iFuJOaHYY3MPnT-ago3_unL3355EPcTxl3jKPVXJyQ3h6i9NEvEdfQFXDhxXIB9dqfjEQTmptRI9pkZ8yoFLCnLmpk8pqTyWr4ODJzR372f0m8
      Content-Type:
      - application/json
      User-Agent:
      - Ruby
  response:
    status:
      code: 200
      message: OK
    headers:
      Content-Length:
      - '15'
      Content-Type:
      - application/json
      X-Openstack-Nova-Api-Version:
      - '2.1'
      Vary:
      - X-OpenStack-Nova-API-Version
      X-Compute-Request-Id:
      - req-6fa09c80-887b-41d3-94e1-718c9b794172
      Date:
      - Thu, 04 Aug 2016 13:47:45 GMT
    body:
      encoding: UTF-8
      string: '{"servers": []}'
    http_version: 
  recorded_at: Thu, 04 Aug 2016 13:47:44 GMT
- request:
    method: get
    uri: http://172.99.88.174:8776/v1/0c5dd43034614366b9e4e47887f38228/volumes
    body:
      encoding: US-ASCII
      string: ''
    headers:
      Accept:
      - application/json
      Accept-Encoding:
      - gzip, deflate
      X-Auth-Token:
      - gAAAAABXo0d_mdWeCw5nSOiGBdBMTiyjcnRSNtlq2Xl-iBpcXNbUp55VARNeYVkXjV68XgsE8iFuJOaHYY3MPnT-ago3_unL3355EPcTxl3jKPVXJyQ3h6i9NEvEdfQFXDhxXIB9dqfjEQTmptRI9pkZ8yoFLCnLmpk8pqTyWr4ODJzR372f0m8
      Content-Type:
      - application/json
      User-Agent:
      - Ruby
  response:
    status:
      code: 200
      message: OK
    headers:
      X-Compute-Request-Id:
      - req-d7b71e1b-5c1d-4d6f-a55b-86218032b472
      Content-Type:
      - application/json
      Content-Length:
      - '15'
      X-Openstack-Request-Id:
      - req-d7b71e1b-5c1d-4d6f-a55b-86218032b472
      Date:
      - Thu, 04 Aug 2016 13:47:45 GMT
    body:
      encoding: UTF-8
      string: '{"volumes": []}'
    http_version: 
  recorded_at: Thu, 04 Aug 2016 13:47:44 GMT
- request:
    method: get
    uri: http://172.99.88.174:8776/v1/0c5dd43034614366b9e4e47887f38228/snapshots
    body:
      encoding: US-ASCII
      string: ''
    headers:
      Accept:
      - application/json
      Accept-Encoding:
      - gzip, deflate
      X-Auth-Token:
      - gAAAAABXo0d_mdWeCw5nSOiGBdBMTiyjcnRSNtlq2Xl-iBpcXNbUp55VARNeYVkXjV68XgsE8iFuJOaHYY3MPnT-ago3_unL3355EPcTxl3jKPVXJyQ3h6i9NEvEdfQFXDhxXIB9dqfjEQTmptRI9pkZ8yoFLCnLmpk8pqTyWr4ODJzR372f0m8
      Content-Type:
      - application/json
      User-Agent:
      - Ruby
  response:
    status:
      code: 200
      message: OK
    headers:
      X-Compute-Request-Id:
      - req-6e41335c-1dcd-4e31-808e-ee283fe64f6e
      Content-Type:
      - application/json
      Content-Length:
      - '17'
      X-Openstack-Request-Id:
      - req-6e41335c-1dcd-4e31-808e-ee283fe64f6e
      Date:
      - Thu, 04 Aug 2016 13:47:45 GMT
    body:
      encoding: UTF-8
      string: '{"snapshots": []}'
    http_version: 
  recorded_at: Thu, 04 Aug 2016 13:47:45 GMT
- request:
    method: post
    uri: http://172.99.88.174:8776/v1/0c5dd43034614366b9e4e47887f38228/volumes
    body:
      encoding: UTF-8
      string: '{"volume":{"size":"1","name":"122179"}}'
    headers:
      Accept:
      - application/json
      Accept-Encoding:
      - gzip, deflate
      X-Auth-Token:
      - gAAAAABXo0d_mdWeCw5nSOiGBdBMTiyjcnRSNtlq2Xl-iBpcXNbUp55VARNeYVkXjV68XgsE8iFuJOaHYY3MPnT-ago3_unL3355EPcTxl3jKPVXJyQ3h6i9NEvEdfQFXDhxXIB9dqfjEQTmptRI9pkZ8yoFLCnLmpk8pqTyWr4ODJzR372f0m8
      Content-Type:
      - application/json
      Content-Length:
      - '39'
      User-Agent:
      - Ruby
  response:
    status:
      code: 200
      message: OK
    headers:
      X-Compute-Request-Id:
      - req-f4774bae-5164-4029-9978-9483ebaa79b4
      Content-Type:
      - application/json
      Content-Length:
      - '379'
      X-Openstack-Request-Id:
      - req-f4774bae-5164-4029-9978-9483ebaa79b4
      Date:
      - Thu, 04 Aug 2016 13:47:46 GMT
    body:
      encoding: UTF-8
      string: '{"volume": {"status": "creating", "display_name": null, "attachments":
        [], "availability_zone": "nova", "bootable": "false", "encrypted": false,
        "created_at": "2016-08-04T13:47:45.983343", "multiattach": "false", "display_description":
        null, "volume_type": null, "snapshot_id": null, "source_volid": null, "metadata":
        {}, "id": "6b0f8479-c5d5-4df9-9b55-854f267128ab", "size": 1}}'
    http_version: 
  recorded_at: Thu, 04 Aug 2016 13:47:49 GMT
- request:
    method: get
    uri: http://172.99.88.174:8776/v1/0c5dd43034614366b9e4e47887f38228/volumes/6b0f8479-c5d5-4df9-9b55-854f267128ab
    body:
      encoding: US-ASCII
      string: ''
    headers:
      Accept:
      - application/json
      Accept-Encoding:
      - gzip, deflate
      X-Auth-Token:
      - gAAAAABXo0d_mdWeCw5nSOiGBdBMTiyjcnRSNtlq2Xl-iBpcXNbUp55VARNeYVkXjV68XgsE8iFuJOaHYY3MPnT-ago3_unL3355EPcTxl3jKPVXJyQ3h6i9NEvEdfQFXDhxXIB9dqfjEQTmptRI9pkZ8yoFLCnLmpk8pqTyWr4ODJzR372f0m8
      Content-Type:
      - application/json
      User-Agent:
      - Ruby
  response:
    status:
      code: 200
      message: OK
    headers:
      X-Compute-Request-Id:
      - req-6683a694-29ab-42c7-b159-7af9ac0992ad
      Content-Type:
      - application/json
      Content-Length:
      - '575'
      X-Openstack-Request-Id:
      - req-6683a694-29ab-42c7-b159-7af9ac0992ad
      Date:
      - Thu, 04 Aug 2016 13:47:50 GMT
    body:
      encoding: UTF-8
      string: '{"volume": {"status": "available", "display_name": null, "attachments":
        [], "availability_zone": "nova", "bootable": "false", "encrypted": false,
        "created_at": "2016-08-04T13:47:45.000000", "multiattach": "false", "os-vol-tenant-attr:tenant_id":
        "0c5dd43034614366b9e4e47887f38228", "display_description": null, "os-vol-host-attr:host":
        "osux@lvm#LVM_iSCSI", "volume_type": null, "snapshot_id": null, "source_volid":
        null, "os-vol-mig-status-attr:name_id": null, "metadata": {}, "id": "6b0f8479-c5d5-4df9-9b55-854f267128ab",
        "os-vol-mig-status-attr:migstat": null, "size": 1}}'
    http_version: 
  recorded_at: Thu, 04 Aug 2016 13:47:49 GMT
- request:
    method: post
    uri: http://172.99.88.174:8776/v1/0c5dd43034614366b9e4e47887f38228/backups
    body:
      encoding: UTF-8
      string: '{"backup":{"description":"description","name":"name","volume_id":"6b0f8479-c5d5-4df9-9b55-854f267128ab","incremental":false}}'
    headers:
      Accept:
      - application/json
      Accept-Encoding:
      - gzip, deflate
      X-Auth-Token:
      - gAAAAABXo0d_mdWeCw5nSOiGBdBMTiyjcnRSNtlq2Xl-iBpcXNbUp55VARNeYVkXjV68XgsE8iFuJOaHYY3MPnT-ago3_unL3355EPcTxl3jKPVXJyQ3h6i9NEvEdfQFXDhxXIB9dqfjEQTmptRI9pkZ8yoFLCnLmpk8pqTyWr4ODJzR372f0m8
      Content-Type:
      - application/json
      Content-Length:
      - '125'
      User-Agent:
      - Ruby
  response:
    status:
      code: 202
      message: Accepted
    headers:
      X-Compute-Request-Id:
      - req-e06fcb4d-38e1-4896-ac34-2b4e955c745b
      Content-Type:
      - application/json
      Content-Length:
      - '356'
      X-Openstack-Request-Id:
      - req-e06fcb4d-38e1-4896-ac34-2b4e955c745b
      Date:
      - Thu, 04 Aug 2016 13:47:50 GMT
    body:
      encoding: UTF-8
      string: '{"backup": {"id": "17b1a098-4c7c-4fb8-81e7-1adea1d4c53d", "links":
        [{"href": "http://172.99.88.174:8776/v1/0c5dd43034614366b9e4e47887f38228/backups/17b1a098-4c7c-4fb8-81e7-1adea1d4c53d",
        "rel": "self"}, {"href": "http://172.99.88.174:8776/0c5dd43034614366b9e4e47887f38228/backups/17b1a098-4c7c-4fb8-81e7-1adea1d4c53d",
        "rel": "bookmark"}], "name": "name"}}'
    http_version: 
  recorded_at: Thu, 04 Aug 2016 13:47:50 GMT
- request:
    method: get
    uri: http://172.99.88.174:8776/v1/0c5dd43034614366b9e4e47887f38228/backups
    body:
      encoding: US-ASCII
      string: ''
    headers:
      Accept:
      - application/json
      Accept-Encoding:
      - gzip, deflate
      X-Auth-Token:
      - gAAAAABXo0d_mdWeCw5nSOiGBdBMTiyjcnRSNtlq2Xl-iBpcXNbUp55VARNeYVkXjV68XgsE8iFuJOaHYY3MPnT-ago3_unL3355EPcTxl3jKPVXJyQ3h6i9NEvEdfQFXDhxXIB9dqfjEQTmptRI9pkZ8yoFLCnLmpk8pqTyWr4ODJzR372f0m8
      Content-Type:
      - application/json
      User-Agent:
      - Ruby
  response:
    status:
      code: 200
      message: OK
    headers:
      X-Compute-Request-Id:
      - req-ef78ab8a-9e4b-49b2-b7f9-54e7ee918fcc
      Content-Type:
      - application/json
      Content-Length:
      - '359'
      X-Openstack-Request-Id:
      - req-ef78ab8a-9e4b-49b2-b7f9-54e7ee918fcc
      Date:
      - Thu, 04 Aug 2016 13:47:50 GMT
    body:
      encoding: UTF-8
      string: '{"backups": [{"id": "17b1a098-4c7c-4fb8-81e7-1adea1d4c53d", "links":
        [{"href": "http://172.99.88.174:8776/v1/0c5dd43034614366b9e4e47887f38228/backups/17b1a098-4c7c-4fb8-81e7-1adea1d4c53d",
        "rel": "self"}, {"href": "http://172.99.88.174:8776/0c5dd43034614366b9e4e47887f38228/backups/17b1a098-4c7c-4fb8-81e7-1adea1d4c53d",
        "rel": "bookmark"}], "name": "name"}]}'
    http_version: 
  recorded_at: Thu, 04 Aug 2016 13:47:50 GMT
recorded_with: VCR 3.0.3
