---
http_interactions:
- request:
    method: get
    uri: http://146.20.103.69:8774/v2.1/92ac5831e22341bc9cc88f3942ba4d68/servers
    body:
      encoding: US-ASCII
      string: ''
    headers:
      Accept:
      - application/json
      Accept-Encoding:
      - gzip, deflate
      X-Auth-Token:
      - gAAAAABXrK7T-zuHsFM7TjTya1hnBFB58wUW65EoFsJws3zD-vbZR_PVhACNpCH1h0TBuX8XeC0FazFGnYG9UQkaO9p4cXEDXkCn8CWVVqXhFxN321XtZW-WSSKopYqfx2hQ0Y4siw00Fi5bz50nUyL-oqNAA6WnO7o8dT1PC_zkyfgI_rw6CNc
      Content-Type:
      - application/json
      User-Agent:
      - Ruby
  response:
    status:
      code: 200
      message: OK
    headers:
      Content-Type:
      - application/json
      Content-Length:
      - '15'
      X-Openstack-Nova-Api-Version:
      - '2.1'
      Vary:
      - X-OpenStack-Nova-API-Version
      X-Compute-Request-Id:
      - req-7804a5db-dbbc-474d-930b-55f79c16f117
      Date:
      - Thu, 11 Aug 2016 16:59:14 GMT
    body:
      encoding: UTF-8
      string: '{"servers": []}'
    http_version: 
  recorded_at: Thu, 11 Aug 2016 16:59:14 GMT
- request:
    method: get
    uri: http://146.20.103.69:8776/v1/92ac5831e22341bc9cc88f3942ba4d68/snapshots
    body:
      encoding: US-ASCII
      string: ''
    headers:
      Accept:
      - application/json
      Accept-Encoding:
      - gzip, deflate
      X-Auth-Token:
      - gAAAAABXrK7T-zuHsFM7TjTya1hnBFB58wUW65EoFsJws3zD-vbZR_PVhACNpCH1h0TBuX8XeC0FazFGnYG9UQkaO9p4cXEDXkCn8CWVVqXhFxN321XtZW-WSSKopYqfx2hQ0Y4siw00Fi5bz50nUyL-oqNAA6WnO7o8dT1PC_zkyfgI_rw6CNc
      Content-Type:
      - application/json
      User-Agent:
      - Ruby
  response:
    status:
      code: 200
      message: OK
    headers:
      X-Compute-Request-Id:
      - req-7f33a1ac-50ef-41ba-b203-b6c6f3952349
      Content-Type:
      - application/json
      Content-Length:
      - '17'
      X-Openstack-Request-Id:
      - req-7f33a1ac-50ef-41ba-b203-b6c6f3952349
      Date:
      - Thu, 11 Aug 2016 16:59:14 GMT
    body:
      encoding: UTF-8
      string: '{"snapshots": []}'
    http_version: 
  recorded_at: Thu, 11 Aug 2016 16:59:14 GMT
- request:
    method: get
    uri: http://146.20.103.69:8776/v1/92ac5831e22341bc9cc88f3942ba4d68/backups
    body:
      encoding: US-ASCII
      string: ''
    headers:
      Accept:
      - application/json
      Accept-Encoding:
      - gzip, deflate
      X-Auth-Token:
      - gAAAAABXrK7T-zuHsFM7TjTya1hnBFB58wUW65EoFsJws3zD-vbZR_PVhACNpCH1h0TBuX8XeC0FazFGnYG9UQkaO9p4cXEDXkCn8CWVVqXhFxN321XtZW-WSSKopYqfx2hQ0Y4siw00Fi5bz50nUyL-oqNAA6WnO7o8dT1PC_zkyfgI_rw6CNc
      Content-Type:
      - application/json
      User-Agent:
      - Ruby
  response:
    status:
      code: 200
      message: OK
    headers:
      X-Compute-Request-Id:
      - req-16167be6-8e1c-4a5a-afa5-ff73e75efc44
      Content-Type:
      - application/json
      Content-Length:
      - '15'
      X-Openstack-Request-Id:
      - req-16167be6-8e1c-4a5a-afa5-ff73e75efc44
      Date:
      - Thu, 11 Aug 2016 16:59:14 GMT
    body:
      encoding: UTF-8
      string: '{"backups": []}'
    http_version: 
  recorded_at: Thu, 11 Aug 2016 16:59:14 GMT
- request:
    method: get
    uri: http://146.20.103.69:8776/v1/92ac5831e22341bc9cc88f3942ba4d68/volumes
    body:
      encoding: US-ASCII
      string: ''
    headers:
      Accept:
      - application/json
      Accept-Encoding:
      - gzip, deflate
      X-Auth-Token:
      - gAAAAABXrK7T-zuHsFM7TjTya1hnBFB58wUW65EoFsJws3zD-vbZR_PVhACNpCH1h0TBuX8XeC0FazFGnYG9UQkaO9p4cXEDXkCn8CWVVqXhFxN321XtZW-WSSKopYqfx2hQ0Y4siw00Fi5bz50nUyL-oqNAA6WnO7o8dT1PC_zkyfgI_rw6CNc
      Content-Type:
      - application/json
      User-Agent:
      - Ruby
  response:
    status:
      code: 200
      message: OK
    headers:
      X-Compute-Request-Id:
      - req-2e18d1e8-b61c-4499-8043-580d6b1e0f12
      Content-Type:
      - application/json
      Content-Length:
      - '15'
      X-Openstack-Request-Id:
      - req-2e18d1e8-b61c-4499-8043-580d6b1e0f12
      Date:
      - Thu, 11 Aug 2016 16:59:14 GMT
    body:
      encoding: UTF-8
      string: '{"volumes": []}'
    http_version: 
  recorded_at: Thu, 11 Aug 2016 16:59:14 GMT
- request:
    method: get
    uri: http://146.20.103.69:8774/v2.1/92ac5831e22341bc9cc88f3942ba4d68/limits
    body:
      encoding: US-ASCII
      string: ''
    headers:
      Accept:
      - application/json
      Accept-Encoding:
      - gzip, deflate
      X-Auth-Token:
      - gAAAAABXrK7T-zuHsFM7TjTya1hnBFB58wUW65EoFsJws3zD-vbZR_PVhACNpCH1h0TBuX8XeC0FazFGnYG9UQkaO9p4cXEDXkCn8CWVVqXhFxN321XtZW-WSSKopYqfx2hQ0Y4siw00Fi5bz50nUyL-oqNAA6WnO7o8dT1PC_zkyfgI_rw6CNc
      Content-Type:
      - application/json
      User-Agent:
      - Ruby
  response:
    status:
      code: 200
      message: OK
    headers:
      Content-Type:
      - application/json
      Content-Length:
      - '511'
      X-Openstack-Nova-Api-Version:
      - '2.1'
      Vary:
      - X-OpenStack-Nova-API-Version
      X-Compute-Request-Id:
      - req-04e8027e-096f-403c-9e4c-384e038e65c7
      Date:
      - Thu, 11 Aug 2016 16:59:15 GMT
    body:
      encoding: UTF-8
      string: '{"limits": {"rate": [], "absolute": {"maxServerMeta": 128, "maxPersonality":
        5, "totalServerGroupsUsed": 0, "maxImageMeta": 128, "maxPersonalitySize":
        10240, "maxTotalKeypairs": 100, "maxSecurityGroupRules": 20, "maxServerGroups":
        10, "totalCoresUsed": 0, "totalRAMUsed": 0, "totalInstancesUsed": 0, "maxSecurityGroups":
        10, "totalFloatingIpsUsed": 0, "maxTotalCores": 20, "maxServerGroupMembers":
        10, "maxTotalFloatingIps": 10, "totalSecurityGroupsUsed": 1, "maxTotalInstances":
        10, "maxTotalRAMSize": 51200}}}'
    http_version: 
  recorded_at: Thu, 11 Aug 2016 16:59:14 GMT
recorded_with: VCR 3.0.3
