---
http_interactions:
- request:
    method: get
    uri: http://172.99.88.174:8774/v2.1/0c5dd43034614366b9e4e47887f38228/servers
    body:
      encoding: US-ASCII
      string: ''
    headers:
      Accept:
      - application/json
      Accept-Encoding:
      - gzip, deflate
      X-Auth-Token:
      - gAAAAABXoNGZC-Y0r_yZ8l3IJc60gFa4P2MOb49VdykTbvHq25Ycml5-1oYfdNFgxfuukyD2g-KBi1FMRzDxugkGLOyMAAAwISwU46Hj7wX-8EsWHYnVHxB9buVBF4pF7jDRO_SGRyrSiDFJQrA-ysgfGil_0P99svJrnPbTIqOdoTbbQi0nOc4
      Content-Type:
      - application/json
      User-Agent:
      - Ruby
  response:
    status:
      code: 200
      message: OK
    headers:
      Content-Length:
      - '15'
      Content-Type:
      - application/json
      X-Openstack-Nova-Api-Version:
      - '2.1'
      Vary:
      - X-OpenStack-Nova-API-Version
      X-Compute-Request-Id:
      - req-2543eb35-62c3-46d1-9367-abf04232dd43
      Date:
      - Tue, 02 Aug 2016 17:01:15 GMT
    body:
      encoding: UTF-8
      string: '{"servers": []}'
    http_version: 
  recorded_at: Tue, 02 Aug 2016 17:01:15 GMT
- request:
    method: get
    uri: http://172.99.88.174:8776/v1/0c5dd43034614366b9e4e47887f38228/volumes
    body:
      encoding: US-ASCII
      string: ''
    headers:
      Accept:
      - application/json
      Accept-Encoding:
      - gzip, deflate
      X-Auth-Token:
      - gAAAAABXoNGZC-Y0r_yZ8l3IJc60gFa4P2MOb49VdykTbvHq25Ycml5-1oYfdNFgxfuukyD2g-KBi1FMRzDxugkGLOyMAAAwISwU46Hj7wX-8EsWHYnVHxB9buVBF4pF7jDRO_SGRyrSiDFJQrA-ysgfGil_0P99svJrnPbTIqOdoTbbQi0nOc4
      Content-Type:
      - application/json
      User-Agent:
      - Ruby
  response:
    status:
      code: 200
      message: OK
    headers:
      X-Compute-Request-Id:
      - req-22131026-ab9a-4eb3-88a9-9819381bf88b
      Content-Type:
      - application/json
      Content-Length:
      - '2660'
      X-Openstack-Request-Id:
      - req-22131026-ab9a-4eb3-88a9-9819381bf88b
      Date:
      - Tue, 02 Aug 2016 17:01:15 GMT
    body:
      encoding: UTF-8
      string: '{"volumes": [{"status": "awaiting-transfer", "display_name": null,
        "attachments": [], "availability_zone": "nova", "bootable": "false", "encrypted":
        false, "created_at": "2016-07-28T19:30:15.000000", "multiattach": "false",
        "display_description": null, "volume_type": null, "snapshot_id": null, "source_volid":
        null, "metadata": {}, "id": "894a9702-07df-4b1c-9423-5853bc4e0fa5", "size":
        1}, {"status": "awaiting-transfer", "display_name": null, "attachments": [],
        "availability_zone": "nova", "bootable": "false", "encrypted": false, "created_at":
        "2016-07-28T19:22:58.000000", "multiattach": "false", "display_description":
        null, "volume_type": null, "snapshot_id": null, "source_volid": null, "metadata":
        {}, "id": "8f236902-c05c-4c09-9b6f-e2eb11674b3b", "size": 1}, {"status": "available",
        "display_name": null, "attachments": [], "availability_zone": "nova", "bootable":
        "false", "encrypted": false, "created_at": "2016-07-28T19:00:16.000000", "multiattach":
        "false", "display_description": null, "volume_type": null, "snapshot_id":
        null, "source_volid": null, "metadata": {}, "id": "26f58f73-a0d6-44af-8c27-4a989fa7ce3c",
        "size": 1}, {"status": "error_deleting", "display_name": null, "attachments":
        [], "availability_zone": "nova", "bootable": "false", "encrypted": false,
        "created_at": "2016-07-28T16:11:08.000000", "multiattach": "false", "display_description":
        null, "volume_type": null, "snapshot_id": null, "source_volid": null, "metadata":
        {}, "id": "3db83706-d2de-404e-bd23-61d861f5d5a1", "size": 1}, {"status": "error_deleting",
        "display_name": null, "attachments": [], "availability_zone": "nova", "bootable":
        "false", "encrypted": false, "created_at": "2016-07-28T15:59:16.000000", "multiattach":
        "false", "display_description": null, "volume_type": null, "snapshot_id":
        null, "source_volid": null, "metadata": {"readonly": "False"}, "id": "f1066063-45c5-489f-9ee6-a64a59e5979d",
        "size": 1}, {"status": "error_deleting", "display_name": null, "attachments":
        [], "availability_zone": "nova", "bootable": "false", "encrypted": false,
        "created_at": "2016-07-27T15:22:49.000000", "multiattach": "false", "display_description":
        null, "volume_type": null, "snapshot_id": null, "source_volid": null, "metadata":
        {}, "id": "c9123fff-3044-4e74-8759-1a2b2fecb452", "size": 10}, {"status":
        "error_deleting", "display_name": null, "attachments": [], "availability_zone":
        "nova", "bootable": "false", "encrypted": false, "created_at": "2016-07-27T01:30:17.000000",
        "multiattach": "false", "display_description": null, "volume_type": null,
        "snapshot_id": null, "source_volid": null, "metadata": {}, "id": "5e41e954-7a90-4ec5-959c-f153603f6c42",
        "size": 10}]}'
    http_version: 
  recorded_at: Tue, 02 Aug 2016 17:01:15 GMT
- request:
    method: delete
    uri: http://172.99.88.174:8776/v1/0c5dd43034614366b9e4e47887f38228/volumes/894a9702-07df-4b1c-9423-5853bc4e0fa5
    body:
      encoding: US-ASCII
      string: ''
    headers:
      Accept:
      - application/json
      Accept-Encoding:
      - gzip, deflate
      X-Auth-Token:
      - gAAAAABXoNGZC-Y0r_yZ8l3IJc60gFa4P2MOb49VdykTbvHq25Ycml5-1oYfdNFgxfuukyD2g-KBi1FMRzDxugkGLOyMAAAwISwU46Hj7wX-8EsWHYnVHxB9buVBF4pF7jDRO_SGRyrSiDFJQrA-ysgfGil_0P99svJrnPbTIqOdoTbbQi0nOc4
      Content-Type:
      - application/json
      User-Agent:
      - Ruby
  response:
    status:
      code: 400
      message: Bad Request
    headers:
      Openstack-Api-Version:
      - '1.0'
      Vary:
      - OpenStack-API-Version
      Content-Length:
      - '224'
      Content-Type:
      - application/json; charset=UTF-8
      X-Compute-Request-Id:
      - req-0428c24a-457b-4b27-ad64-54286110f41a
      X-Openstack-Request-Id:
      - req-0428c24a-457b-4b27-ad64-54286110f41a
      Date:
      - Tue, 02 Aug 2016 17:01:16 GMT
    body:
      encoding: UTF-8
      string: '{"badRequest": {"message": "Invalid volume: Volume status must be available
        or error or error_restoring or error_extending and must not be migrating,
        attached, belong to a consistency group or have snapshots.", "code": 400}}'
    http_version: 
  recorded_at: Tue, 02 Aug 2016 17:01:16 GMT
- request:
    method: delete
    uri: http://172.99.88.174:8776/v1/0c5dd43034614366b9e4e47887f38228/volumes/8f236902-c05c-4c09-9b6f-e2eb11674b3b
    body:
      encoding: US-ASCII
      string: ''
    headers:
      Accept:
      - application/json
      Accept-Encoding:
      - gzip, deflate
      X-Auth-Token:
      - gAAAAABXoNGZC-Y0r_yZ8l3IJc60gFa4P2MOb49VdykTbvHq25Ycml5-1oYfdNFgxfuukyD2g-KBi1FMRzDxugkGLOyMAAAwISwU46Hj7wX-8EsWHYnVHxB9buVBF4pF7jDRO_SGRyrSiDFJQrA-ysgfGil_0P99svJrnPbTIqOdoTbbQi0nOc4
      Content-Type:
      - application/json
      User-Agent:
      - Ruby
  response:
    status:
      code: 400
      message: Bad Request
    headers:
      Openstack-Api-Version:
      - '1.0'
      Vary:
      - OpenStack-API-Version
      Content-Length:
      - '224'
      Content-Type:
      - application/json; charset=UTF-8
      X-Compute-Request-Id:
      - req-547b3183-ccdb-4beb-b6b6-638f315aa9c8
      X-Openstack-Request-Id:
      - req-547b3183-ccdb-4beb-b6b6-638f315aa9c8
      Date:
      - Tue, 02 Aug 2016 17:01:16 GMT
    body:
      encoding: UTF-8
      string: '{"badRequest": {"message": "Invalid volume: Volume status must be available
        or error or error_restoring or error_extending and must not be migrating,
        attached, belong to a consistency group or have snapshots.", "code": 400}}'
    http_version: 
  recorded_at: Tue, 02 Aug 2016 17:01:16 GMT
- request:
    method: delete
    uri: http://172.99.88.174:8776/v1/0c5dd43034614366b9e4e47887f38228/volumes/26f58f73-a0d6-44af-8c27-4a989fa7ce3c
    body:
      encoding: US-ASCII
      string: ''
    headers:
      Accept:
      - application/json
      Accept-Encoding:
      - gzip, deflate
      X-Auth-Token:
      - gAAAAABXoNGZC-Y0r_yZ8l3IJc60gFa4P2MOb49VdykTbvHq25Ycml5-1oYfdNFgxfuukyD2g-KBi1FMRzDxugkGLOyMAAAwISwU46Hj7wX-8EsWHYnVHxB9buVBF4pF7jDRO_SGRyrSiDFJQrA-ysgfGil_0P99svJrnPbTIqOdoTbbQi0nOc4
      Content-Type:
      - application/json
      User-Agent:
      - Ruby
  response:
    status:
      code: 400
      message: Bad Request
    headers:
      Openstack-Api-Version:
      - '1.0'
      Vary:
      - OpenStack-API-Version
      Content-Length:
      - '224'
      Content-Type:
      - application/json; charset=UTF-8
      X-Compute-Request-Id:
      - req-d399bc15-39a6-4622-9773-53cf38e5628a
      X-Openstack-Request-Id:
      - req-d399bc15-39a6-4622-9773-53cf38e5628a
      Date:
      - Tue, 02 Aug 2016 17:01:16 GMT
    body:
      encoding: UTF-8
      string: '{"badRequest": {"message": "Invalid volume: Volume status must be available
        or error or error_restoring or error_extending and must not be migrating,
        attached, belong to a consistency group or have snapshots.", "code": 400}}'
    http_version: 
  recorded_at: Tue, 02 Aug 2016 17:01:16 GMT
- request:
    method: delete
    uri: http://172.99.88.174:8776/v1/0c5dd43034614366b9e4e47887f38228/volumes/3db83706-d2de-404e-bd23-61d861f5d5a1
    body:
      encoding: US-ASCII
      string: ''
    headers:
      Accept:
      - application/json
      Accept-Encoding:
      - gzip, deflate
      X-Auth-Token:
      - gAAAAABXoNGZC-Y0r_yZ8l3IJc60gFa4P2MOb49VdykTbvHq25Ycml5-1oYfdNFgxfuukyD2g-KBi1FMRzDxugkGLOyMAAAwISwU46Hj7wX-8EsWHYnVHxB9buVBF4pF7jDRO_SGRyrSiDFJQrA-ysgfGil_0P99svJrnPbTIqOdoTbbQi0nOc4
      Content-Type:
      - application/json
      User-Agent:
      - Ruby
  response:
    status:
      code: 400
      message: Bad Request
    headers:
      Openstack-Api-Version:
      - '1.0'
      Vary:
      - OpenStack-API-Version
      Content-Length:
      - '224'
      Content-Type:
      - application/json; charset=UTF-8
      X-Compute-Request-Id:
      - req-beee45b0-a256-4b38-8097-e9b321c90d24
      X-Openstack-Request-Id:
      - req-beee45b0-a256-4b38-8097-e9b321c90d24
      Date:
      - Tue, 02 Aug 2016 17:01:16 GMT
    body:
      encoding: UTF-8
      string: '{"badRequest": {"message": "Invalid volume: Volume status must be available
        or error or error_restoring or error_extending and must not be migrating,
        attached, belong to a consistency group or have snapshots.", "code": 400}}'
    http_version: 
  recorded_at: Tue, 02 Aug 2016 17:01:16 GMT
- request:
    method: delete
    uri: http://172.99.88.174:8776/v1/0c5dd43034614366b9e4e47887f38228/volumes/f1066063-45c5-489f-9ee6-a64a59e5979d
    body:
      encoding: US-ASCII
      string: ''
    headers:
      Accept:
      - application/json
      Accept-Encoding:
      - gzip, deflate
      X-Auth-Token:
      - gAAAAABXoNGZC-Y0r_yZ8l3IJc60gFa4P2MOb49VdykTbvHq25Ycml5-1oYfdNFgxfuukyD2g-KBi1FMRzDxugkGLOyMAAAwISwU46Hj7wX-8EsWHYnVHxB9buVBF4pF7jDRO_SGRyrSiDFJQrA-ysgfGil_0P99svJrnPbTIqOdoTbbQi0nOc4
      Content-Type:
      - application/json
      User-Agent:
      - Ruby
  response:
    status:
      code: 400
      message: Bad Request
    headers:
      Openstack-Api-Version:
      - '1.0'
      Vary:
      - OpenStack-API-Version
      Content-Length:
      - '224'
      Content-Type:
      - application/json; charset=UTF-8
      X-Compute-Request-Id:
      - req-484ddfae-ca37-44e1-98b2-7cafe77ee9b2
      X-Openstack-Request-Id:
      - req-484ddfae-ca37-44e1-98b2-7cafe77ee9b2
      Date:
      - Tue, 02 Aug 2016 17:01:16 GMT
    body:
      encoding: UTF-8
      string: '{"badRequest": {"message": "Invalid volume: Volume status must be available
        or error or error_restoring or error_extending and must not be migrating,
        attached, belong to a consistency group or have snapshots.", "code": 400}}'
    http_version: 
  recorded_at: Tue, 02 Aug 2016 17:01:16 GMT
- request:
    method: delete
    uri: http://172.99.88.174:8776/v1/0c5dd43034614366b9e4e47887f38228/volumes/c9123fff-3044-4e74-8759-1a2b2fecb452
    body:
      encoding: US-ASCII
      string: ''
    headers:
      Accept:
      - application/json
      Accept-Encoding:
      - gzip, deflate
      X-Auth-Token:
      - gAAAAABXoNGZC-Y0r_yZ8l3IJc60gFa4P2MOb49VdykTbvHq25Ycml5-1oYfdNFgxfuukyD2g-KBi1FMRzDxugkGLOyMAAAwISwU46Hj7wX-8EsWHYnVHxB9buVBF4pF7jDRO_SGRyrSiDFJQrA-ysgfGil_0P99svJrnPbTIqOdoTbbQi0nOc4
      Content-Type:
      - application/json
      User-Agent:
      - Ruby
  response:
    status:
      code: 400
      message: Bad Request
    headers:
      Openstack-Api-Version:
      - '1.0'
      Vary:
      - OpenStack-API-Version
      Content-Length:
      - '224'
      Content-Type:
      - application/json; charset=UTF-8
      X-Compute-Request-Id:
      - req-33350e18-a422-4d15-8250-20deb29738d2
      X-Openstack-Request-Id:
      - req-33350e18-a422-4d15-8250-20deb29738d2
      Date:
      - Tue, 02 Aug 2016 17:01:16 GMT
    body:
      encoding: UTF-8
      string: '{"badRequest": {"message": "Invalid volume: Volume status must be available
        or error or error_restoring or error_extending and must not be migrating,
        attached, belong to a consistency group or have snapshots.", "code": 400}}'
    http_version: 
  recorded_at: Tue, 02 Aug 2016 17:01:16 GMT
- request:
    method: delete
    uri: http://172.99.88.174:8776/v1/0c5dd43034614366b9e4e47887f38228/volumes/5e41e954-7a90-4ec5-959c-f153603f6c42
    body:
      encoding: US-ASCII
      string: ''
    headers:
      Accept:
      - application/json
      Accept-Encoding:
      - gzip, deflate
      X-Auth-Token:
      - gAAAAABXoNGZC-Y0r_yZ8l3IJc60gFa4P2MOb49VdykTbvHq25Ycml5-1oYfdNFgxfuukyD2g-KBi1FMRzDxugkGLOyMAAAwISwU46Hj7wX-8EsWHYnVHxB9buVBF4pF7jDRO_SGRyrSiDFJQrA-ysgfGil_0P99svJrnPbTIqOdoTbbQi0nOc4
      Content-Type:
      - application/json
      User-Agent:
      - Ruby
  response:
    status:
      code: 400
      message: Bad Request
    headers:
      Openstack-Api-Version:
      - '1.0'
      Vary:
      - OpenStack-API-Version
      Content-Length:
      - '224'
      Content-Type:
      - application/json; charset=UTF-8
      X-Compute-Request-Id:
      - req-c9fca2a8-7d15-49f1-9245-a6060c06233f
      X-Openstack-Request-Id:
      - req-c9fca2a8-7d15-49f1-9245-a6060c06233f
      Date:
      - Tue, 02 Aug 2016 17:01:17 GMT
    body:
      encoding: UTF-8
      string: '{"badRequest": {"message": "Invalid volume: Volume status must be available
        or error or error_restoring or error_extending and must not be migrating,
        attached, belong to a consistency group or have snapshots.", "code": 400}}'
    http_version: 
  recorded_at: Tue, 02 Aug 2016 17:01:17 GMT
- request:
    method: get
    uri: http://172.99.88.174:8776/v1/0c5dd43034614366b9e4e47887f38228/snapshots
    body:
      encoding: US-ASCII
      string: ''
    headers:
      Accept:
      - application/json
      Accept-Encoding:
      - gzip, deflate
      X-Auth-Token:
      - gAAAAABXoNGZC-Y0r_yZ8l3IJc60gFa4P2MOb49VdykTbvHq25Ycml5-1oYfdNFgxfuukyD2g-KBi1FMRzDxugkGLOyMAAAwISwU46Hj7wX-8EsWHYnVHxB9buVBF4pF7jDRO_SGRyrSiDFJQrA-ysgfGil_0P99svJrnPbTIqOdoTbbQi0nOc4
      Content-Type:
      - application/json
      User-Agent:
      - Ruby
  response:
    status:
      code: 200
      message: OK
    headers:
      X-Compute-Request-Id:
      - req-2769bdce-8cad-4aef-918d-a49c9e139b14
      Content-Type:
      - application/json
      Content-Length:
      - '287'
      X-Openstack-Request-Id:
      - req-2769bdce-8cad-4aef-918d-a49c9e139b14
      Date:
      - Tue, 02 Aug 2016 17:01:17 GMT
    body:
      encoding: UTF-8
      string: '{"snapshots": [{"status": "available", "display_name": "Something different",
        "created_at": "2016-07-28T19:00:18.000000", "display_description": "description",
        "volume_id": "26f58f73-a0d6-44af-8c27-4a989fa7ce3c", "metadata": {}, "id":
        "3f17b079-bdee-4f56-b5f1-dd6a50f4a0d3", "size": 1}]}'
    http_version: 
  recorded_at: Tue, 02 Aug 2016 17:01:17 GMT
recorded_with: VCR 3.0.3
