---
http_interactions:
- request:
    method: get
    uri: http://172.99.88.174:8774/v2.1/0c5dd43034614366b9e4e47887f38228/servers
    body:
      encoding: US-ASCII
      string: ''
    headers:
      Accept:
      - application/json
      Accept-Encoding:
      - gzip, deflate
      X-Auth-Token:
      - gAAAAABXoMhKCir4_TY8MVpaLWWwSy5XaM1cvgZoQ54c3BhmD_lNfPnG-N7cAZY_VbIw80Oryr-HaUzNCL76yA0OHAwTxg4OGLYvlRsqO9GWtiC5ITKiMxpl_QMTBNT2SlYqy4DI9A_-g4RYEpYtvwO3yKmaEBe6G7kxmPYGTNRxZtDZYaM8Q0g
      Content-Type:
      - application/json
      User-Agent:
      - Ruby
  response:
    status:
      code: 200
      message: OK
    headers:
      Content-Length:
      - '15'
      Content-Type:
      - application/json
      X-Openstack-Nova-Api-Version:
      - '2.1'
      Vary:
      - X-OpenStack-Nova-API-Version
      X-Compute-Request-Id:
      - req-29e4ae87-3907-4410-8de0-7b967b09159d
      Date:
      - Tue, 02 Aug 2016 16:20:30 GMT
    body:
      encoding: UTF-8
      string: '{"servers": []}'
    http_version: 
  recorded_at: Tue, 02 Aug 2016 16:20:30 GMT
- request:
    method: get
    uri: http://172.99.88.174:8776/v1/0c5dd43034614366b9e4e47887f38228/volumes
    body:
      encoding: US-ASCII
      string: ''
    headers:
      Accept:
      - application/json
      Accept-Encoding:
      - gzip, deflate
      X-Auth-Token:
      - gAAAAABXoMhKCir4_TY8MVpaLWWwSy5XaM1cvgZoQ54c3BhmD_lNfPnG-N7cAZY_VbIw80Oryr-HaUzNCL76yA0OHAwTxg4OGLYvlRsqO9GWtiC5ITKiMxpl_QMTBNT2SlYqy4DI9A_-g4RYEpYtvwO3yKmaEBe6G7kxmPYGTNRxZtDZYaM8Q0g
      Content-Type:
      - application/json
      User-Agent:
      - Ruby
  response:
    status:
      code: 200
      message: OK
    headers:
      X-Compute-Request-Id:
      - req-9e0c019f-7bd0-4b7f-a223-fca4475c732d
      Content-Type:
      - application/json
      Content-Length:
      - '2660'
      X-Openstack-Request-Id:
      - req-9e0c019f-7bd0-4b7f-a223-fca4475c732d
      Date:
      - Tue, 02 Aug 2016 16:20:30 GMT
    body:
      encoding: UTF-8
      string: '{"volumes": [{"status": "awaiting-transfer", "display_name": null,
        "attachments": [], "availability_zone": "nova", "bootable": "false", "encrypted":
        false, "created_at": "2016-07-28T19:30:15.000000", "multiattach": "false",
        "display_description": null, "volume_type": null, "snapshot_id": null, "source_volid":
        null, "metadata": {}, "id": "894a9702-07df-4b1c-9423-5853bc4e0fa5", "size":
        1}, {"status": "awaiting-transfer", "display_name": null, "attachments": [],
        "availability_zone": "nova", "bootable": "false", "encrypted": false, "created_at":
        "2016-07-28T19:22:58.000000", "multiattach": "false", "display_description":
        null, "volume_type": null, "snapshot_id": null, "source_volid": null, "metadata":
        {}, "id": "8f236902-c05c-4c09-9b6f-e2eb11674b3b", "size": 1}, {"status": "available",
        "display_name": null, "attachments": [], "availability_zone": "nova", "bootable":
        "false", "encrypted": false, "created_at": "2016-07-28T19:00:16.000000", "multiattach":
        "false", "display_description": null, "volume_type": null, "snapshot_id":
        null, "source_volid": null, "metadata": {}, "id": "26f58f73-a0d6-44af-8c27-4a989fa7ce3c",
        "size": 1}, {"status": "error_deleting", "display_name": null, "attachments":
        [], "availability_zone": "nova", "bootable": "false", "encrypted": false,
        "created_at": "2016-07-28T16:11:08.000000", "multiattach": "false", "display_description":
        null, "volume_type": null, "snapshot_id": null, "source_volid": null, "metadata":
        {}, "id": "3db83706-d2de-404e-bd23-61d861f5d5a1", "size": 1}, {"status": "error_deleting",
        "display_name": null, "attachments": [], "availability_zone": "nova", "bootable":
        "false", "encrypted": false, "created_at": "2016-07-28T15:59:16.000000", "multiattach":
        "false", "display_description": null, "volume_type": null, "snapshot_id":
        null, "source_volid": null, "metadata": {"readonly": "False"}, "id": "f1066063-45c5-489f-9ee6-a64a59e5979d",
        "size": 1}, {"status": "error_deleting", "display_name": null, "attachments":
        [], "availability_zone": "nova", "bootable": "false", "encrypted": false,
        "created_at": "2016-07-27T15:22:49.000000", "multiattach": "false", "display_description":
        null, "volume_type": null, "snapshot_id": null, "source_volid": null, "metadata":
        {}, "id": "c9123fff-3044-4e74-8759-1a2b2fecb452", "size": 10}, {"status":
        "error_deleting", "display_name": null, "attachments": [], "availability_zone":
        "nova", "bootable": "false", "encrypted": false, "created_at": "2016-07-27T01:30:17.000000",
        "multiattach": "false", "display_description": null, "volume_type": null,
        "snapshot_id": null, "source_volid": null, "metadata": {}, "id": "5e41e954-7a90-4ec5-959c-f153603f6c42",
        "size": 10}]}'
    http_version: 
  recorded_at: Tue, 02 Aug 2016 16:20:30 GMT
- request:
    method: delete
    uri: http://172.99.88.174:8776/v1/0c5dd43034614366b9e4e47887f38228/volumes/894a9702-07df-4b1c-9423-5853bc4e0fa5
    body:
      encoding: US-ASCII
      string: ''
    headers:
      Accept:
      - application/json
      Accept-Encoding:
      - gzip, deflate
      X-Auth-Token:
      - gAAAAABXoMhKCir4_TY8MVpaLWWwSy5XaM1cvgZoQ54c3BhmD_lNfPnG-N7cAZY_VbIw80Oryr-HaUzNCL76yA0OHAwTxg4OGLYvlRsqO9GWtiC5ITKiMxpl_QMTBNT2SlYqy4DI9A_-g4RYEpYtvwO3yKmaEBe6G7kxmPYGTNRxZtDZYaM8Q0g
      Content-Type:
      - application/json
      User-Agent:
      - Ruby
  response:
    status:
      code: 400
      message: Bad Request
    headers:
      Openstack-Api-Version:
      - '1.0'
      Vary:
      - OpenStack-API-Version
      Content-Length:
      - '224'
      Content-Type:
      - application/json; charset=UTF-8
      X-Compute-Request-Id:
      - req-f736eabd-5b33-4d51-bb02-56cdac12f723
      X-Openstack-Request-Id:
      - req-f736eabd-5b33-4d51-bb02-56cdac12f723
      Date:
      - Tue, 02 Aug 2016 16:20:31 GMT
    body:
      encoding: UTF-8
      string: '{"badRequest": {"message": "Invalid volume: Volume status must be available
        or error or error_restoring or error_extending and must not be migrating,
        attached, belong to a consistency group or have snapshots.", "code": 400}}'
    http_version: 
  recorded_at: Tue, 02 Aug 2016 16:20:30 GMT
- request:
    method: delete
    uri: http://172.99.88.174:8776/v1/0c5dd43034614366b9e4e47887f38228/volumes/8f236902-c05c-4c09-9b6f-e2eb11674b3b
    body:
      encoding: US-ASCII
      string: ''
    headers:
      Accept:
      - application/json
      Accept-Encoding:
      - gzip, deflate
      X-Auth-Token:
      - gAAAAABXoMhKCir4_TY8MVpaLWWwSy5XaM1cvgZoQ54c3BhmD_lNfPnG-N7cAZY_VbIw80Oryr-HaUzNCL76yA0OHAwTxg4OGLYvlRsqO9GWtiC5ITKiMxpl_QMTBNT2SlYqy4DI9A_-g4RYEpYtvwO3yKmaEBe6G7kxmPYGTNRxZtDZYaM8Q0g
      Content-Type:
      - application/json
      User-Agent:
      - Ruby
  response:
    status:
      code: 400
      message: Bad Request
    headers:
      Openstack-Api-Version:
      - '1.0'
      Vary:
      - OpenStack-API-Version
      Content-Length:
      - '224'
      Content-Type:
      - application/json; charset=UTF-8
      X-Compute-Request-Id:
      - req-fc154018-dab3-4080-b5f6-5e3005d7f858
      X-Openstack-Request-Id:
      - req-fc154018-dab3-4080-b5f6-5e3005d7f858
      Date:
      - Tue, 02 Aug 2016 16:20:31 GMT
    body:
      encoding: UTF-8
      string: '{"badRequest": {"message": "Invalid volume: Volume status must be available
        or error or error_restoring or error_extending and must not be migrating,
        attached, belong to a consistency group or have snapshots.", "code": 400}}'
    http_version: 
  recorded_at: Tue, 02 Aug 2016 16:20:31 GMT
- request:
    method: delete
    uri: http://172.99.88.174:8776/v1/0c5dd43034614366b9e4e47887f38228/volumes/26f58f73-a0d6-44af-8c27-4a989fa7ce3c
    body:
      encoding: US-ASCII
      string: ''
    headers:
      Accept:
      - application/json
      Accept-Encoding:
      - gzip, deflate
      X-Auth-Token:
      - gAAAAABXoMhKCir4_TY8MVpaLWWwSy5XaM1cvgZoQ54c3BhmD_lNfPnG-N7cAZY_VbIw80Oryr-HaUzNCL76yA0OHAwTxg4OGLYvlRsqO9GWtiC5ITKiMxpl_QMTBNT2SlYqy4DI9A_-g4RYEpYtvwO3yKmaEBe6G7kxmPYGTNRxZtDZYaM8Q0g
      Content-Type:
      - application/json
      User-Agent:
      - Ruby
  response:
    status:
      code: 400
      message: Bad Request
    headers:
      Openstack-Api-Version:
      - '1.0'
      Vary:
      - OpenStack-API-Version
      Content-Length:
      - '224'
      Content-Type:
      - application/json; charset=UTF-8
      X-Compute-Request-Id:
      - req-280700c6-1d0d-40d5-80fc-1dddba9a5ea1
      X-Openstack-Request-Id:
      - req-280700c6-1d0d-40d5-80fc-1dddba9a5ea1
      Date:
      - Tue, 02 Aug 2016 16:20:31 GMT
    body:
      encoding: UTF-8
      string: '{"badRequest": {"message": "Invalid volume: Volume status must be available
        or error or error_restoring or error_extending and must not be migrating,
        attached, belong to a consistency group or have snapshots.", "code": 400}}'
    http_version: 
  recorded_at: Tue, 02 Aug 2016 16:20:31 GMT
- request:
    method: delete
    uri: http://172.99.88.174:8776/v1/0c5dd43034614366b9e4e47887f38228/volumes/3db83706-d2de-404e-bd23-61d861f5d5a1
    body:
      encoding: US-ASCII
      string: ''
    headers:
      Accept:
      - application/json
      Accept-Encoding:
      - gzip, deflate
      X-Auth-Token:
      - gAAAAABXoMhKCir4_TY8MVpaLWWwSy5XaM1cvgZoQ54c3BhmD_lNfPnG-N7cAZY_VbIw80Oryr-HaUzNCL76yA0OHAwTxg4OGLYvlRsqO9GWtiC5ITKiMxpl_QMTBNT2SlYqy4DI9A_-g4RYEpYtvwO3yKmaEBe6G7kxmPYGTNRxZtDZYaM8Q0g
      Content-Type:
      - application/json
      User-Agent:
      - Ruby
  response:
    status:
      code: 400
      message: Bad Request
    headers:
      Openstack-Api-Version:
      - '1.0'
      Vary:
      - OpenStack-API-Version
      Content-Length:
      - '224'
      Content-Type:
      - application/json; charset=UTF-8
      X-Compute-Request-Id:
      - req-d05a95b2-cd1a-4ba7-b8af-17d25893ee94
      X-Openstack-Request-Id:
      - req-d05a95b2-cd1a-4ba7-b8af-17d25893ee94
      Date:
      - Tue, 02 Aug 2016 16:20:31 GMT
    body:
      encoding: UTF-8
      string: '{"badRequest": {"message": "Invalid volume: Volume status must be available
        or error or error_restoring or error_extending and must not be migrating,
        attached, belong to a consistency group or have snapshots.", "code": 400}}'
    http_version: 
  recorded_at: Tue, 02 Aug 2016 16:20:31 GMT
- request:
    method: delete
    uri: http://172.99.88.174:8776/v1/0c5dd43034614366b9e4e47887f38228/volumes/f1066063-45c5-489f-9ee6-a64a59e5979d
    body:
      encoding: US-ASCII
      string: ''
    headers:
      Accept:
      - application/json
      Accept-Encoding:
      - gzip, deflate
      X-Auth-Token:
      - gAAAAABXoMhKCir4_TY8MVpaLWWwSy5XaM1cvgZoQ54c3BhmD_lNfPnG-N7cAZY_VbIw80Oryr-HaUzNCL76yA0OHAwTxg4OGLYvlRsqO9GWtiC5ITKiMxpl_QMTBNT2SlYqy4DI9A_-g4RYEpYtvwO3yKmaEBe6G7kxmPYGTNRxZtDZYaM8Q0g
      Content-Type:
      - application/json
      User-Agent:
      - Ruby
  response:
    status:
      code: 400
      message: Bad Request
    headers:
      Openstack-Api-Version:
      - '1.0'
      Vary:
      - OpenStack-API-Version
      Content-Length:
      - '224'
      Content-Type:
      - application/json; charset=UTF-8
      X-Compute-Request-Id:
      - req-70f79592-18c9-4e1f-b8d4-e44f60ef01e9
      X-Openstack-Request-Id:
      - req-70f79592-18c9-4e1f-b8d4-e44f60ef01e9
      Date:
      - Tue, 02 Aug 2016 16:20:31 GMT
    body:
      encoding: UTF-8
      string: '{"badRequest": {"message": "Invalid volume: Volume status must be available
        or error or error_restoring or error_extending and must not be migrating,
        attached, belong to a consistency group or have snapshots.", "code": 400}}'
    http_version: 
  recorded_at: Tue, 02 Aug 2016 16:20:31 GMT
- request:
    method: delete
    uri: http://172.99.88.174:8776/v1/0c5dd43034614366b9e4e47887f38228/volumes/c9123fff-3044-4e74-8759-1a2b2fecb452
    body:
      encoding: US-ASCII
      string: ''
    headers:
      Accept:
      - application/json
      Accept-Encoding:
      - gzip, deflate
      X-Auth-Token:
      - gAAAAABXoMhKCir4_TY8MVpaLWWwSy5XaM1cvgZoQ54c3BhmD_lNfPnG-N7cAZY_VbIw80Oryr-HaUzNCL76yA0OHAwTxg4OGLYvlRsqO9GWtiC5ITKiMxpl_QMTBNT2SlYqy4DI9A_-g4RYEpYtvwO3yKmaEBe6G7kxmPYGTNRxZtDZYaM8Q0g
      Content-Type:
      - application/json
      User-Agent:
      - Ruby
  response:
    status:
      code: 400
      message: Bad Request
    headers:
      Openstack-Api-Version:
      - '1.0'
      Vary:
      - OpenStack-API-Version
      Content-Length:
      - '224'
      Content-Type:
      - application/json; charset=UTF-8
      X-Compute-Request-Id:
      - req-e321336b-69c0-431b-a7e0-690843321e2a
      X-Openstack-Request-Id:
      - req-e321336b-69c0-431b-a7e0-690843321e2a
      Date:
      - Tue, 02 Aug 2016 16:20:31 GMT
    body:
      encoding: UTF-8
      string: '{"badRequest": {"message": "Invalid volume: Volume status must be available
        or error or error_restoring or error_extending and must not be migrating,
        attached, belong to a consistency group or have snapshots.", "code": 400}}'
    http_version: 
  recorded_at: Tue, 02 Aug 2016 16:20:31 GMT
- request:
    method: delete
    uri: http://172.99.88.174:8776/v1/0c5dd43034614366b9e4e47887f38228/volumes/5e41e954-7a90-4ec5-959c-f153603f6c42
    body:
      encoding: US-ASCII
      string: ''
    headers:
      Accept:
      - application/json
      Accept-Encoding:
      - gzip, deflate
      X-Auth-Token:
      - gAAAAABXoMhKCir4_TY8MVpaLWWwSy5XaM1cvgZoQ54c3BhmD_lNfPnG-N7cAZY_VbIw80Oryr-HaUzNCL76yA0OHAwTxg4OGLYvlRsqO9GWtiC5ITKiMxpl_QMTBNT2SlYqy4DI9A_-g4RYEpYtvwO3yKmaEBe6G7kxmPYGTNRxZtDZYaM8Q0g
      Content-Type:
      - application/json
      User-Agent:
      - Ruby
  response:
    status:
      code: 400
      message: Bad Request
    headers:
      Openstack-Api-Version:
      - '1.0'
      Vary:
      - OpenStack-API-Version
      Content-Length:
      - '224'
      Content-Type:
      - application/json; charset=UTF-8
      X-Compute-Request-Id:
      - req-67668798-5a96-4524-bc2b-ebb5583c6a9f
      X-Openstack-Request-Id:
      - req-67668798-5a96-4524-bc2b-ebb5583c6a9f
      Date:
      - Tue, 02 Aug 2016 16:20:32 GMT
    body:
      encoding: UTF-8
      string: '{"badRequest": {"message": "Invalid volume: Volume status must be available
        or error or error_restoring or error_extending and must not be migrating,
        attached, belong to a consistency group or have snapshots.", "code": 400}}'
    http_version: 
  recorded_at: Tue, 02 Aug 2016 16:20:32 GMT
- request:
    method: get
    uri: http://172.99.88.174:8776/v1/0c5dd43034614366b9e4e47887f38228/snapshots
    body:
      encoding: US-ASCII
      string: ''
    headers:
      Accept:
      - application/json
      Accept-Encoding:
      - gzip, deflate
      X-Auth-Token:
      - gAAAAABXoMhKCir4_TY8MVpaLWWwSy5XaM1cvgZoQ54c3BhmD_lNfPnG-N7cAZY_VbIw80Oryr-HaUzNCL76yA0OHAwTxg4OGLYvlRsqO9GWtiC5ITKiMxpl_QMTBNT2SlYqy4DI9A_-g4RYEpYtvwO3yKmaEBe6G7kxmPYGTNRxZtDZYaM8Q0g
      Content-Type:
      - application/json
      User-Agent:
      - Ruby
  response:
    status:
      code: 200
      message: OK
    headers:
      X-Compute-Request-Id:
      - req-d0dfb630-6ca2-46dd-b215-7949b9235ae1
      Content-Type:
      - application/json
      Content-Length:
      - '287'
      X-Openstack-Request-Id:
      - req-d0dfb630-6ca2-46dd-b215-7949b9235ae1
      Date:
      - Tue, 02 Aug 2016 16:20:32 GMT
    body:
      encoding: UTF-8
      string: '{"snapshots": [{"status": "available", "display_name": "Something different",
        "created_at": "2016-07-28T19:00:18.000000", "display_description": "description",
        "volume_id": "26f58f73-a0d6-44af-8c27-4a989fa7ce3c", "metadata": {}, "id":
        "3f17b079-bdee-4f56-b5f1-dd6a50f4a0d3", "size": 1}]}'
    http_version: 
  recorded_at: Tue, 02 Aug 2016 16:20:32 GMT
- request:
    method: get
    uri: http://172.99.88.174:8776/v1/0c5dd43034614366b9e4e47887f38228/types
    body:
      encoding: US-ASCII
      string: ''
    headers:
      Accept:
      - application/json
      Accept-Encoding:
      - gzip, deflate
      X-Auth-Token:
      - gAAAAABXoMhKCir4_TY8MVpaLWWwSy5XaM1cvgZoQ54c3BhmD_lNfPnG-N7cAZY_VbIw80Oryr-HaUzNCL76yA0OHAwTxg4OGLYvlRsqO9GWtiC5ITKiMxpl_QMTBNT2SlYqy4DI9A_-g4RYEpYtvwO3yKmaEBe6G7kxmPYGTNRxZtDZYaM8Q0g
      Content-Type:
      - application/json
      User-Agent:
      - Ruby
  response:
    status:
      code: 200
      message: OK
    headers:
      X-Compute-Request-Id:
      - req-fcbcf020-13e6-4a8b-bbd9-201af15f9745
      Content-Type:
      - application/json
      Content-Length:
      - '215'
      X-Openstack-Request-Id:
      - req-fcbcf020-13e6-4a8b-bbd9-201af15f9745
      Date:
      - Tue, 02 Aug 2016 16:20:32 GMT
    body:
      encoding: UTF-8
      string: '{"volume_types": [{"name": "lvm", "extra_specs": {"volume_backend_name":
        "LVM_iSCSI"}, "os-volume-type-access:is_public": true, "is_public": true,
        "id": "f5f71d6d-47a6-4e60-bb16-e54b46493066", "description": null}]}'
    http_version: 
  recorded_at: Tue, 02 Aug 2016 16:20:32 GMT
- request:
    method: post
    uri: http://172.99.88.174:8776/v1/0c5dd43034614366b9e4e47887f38228/types/f5f71d6d-47a6-4e60-bb16-e54b46493066/action
    body:
      encoding: UTF-8
      string: '{"addProjectAccess":{"project":"0c5dd43034614366b9e4e47887f38228"}}'
    headers:
      Accept:
      - application/json
      Accept-Encoding:
      - gzip, deflate
      X-Auth-Token:
      - gAAAAABXoMhKCir4_TY8MVpaLWWwSy5XaM1cvgZoQ54c3BhmD_lNfPnG-N7cAZY_VbIw80Oryr-HaUzNCL76yA0OHAwTxg4OGLYvlRsqO9GWtiC5ITKiMxpl_QMTBNT2SlYqy4DI9A_-g4RYEpYtvwO3yKmaEBe6G7kxmPYGTNRxZtDZYaM8Q0g
      Content-Type:
      - application/json
      Content-Length:
      - '67'
      User-Agent:
      - Ruby
  response:
    status:
      code: 404
      message: Not Found
    headers:
      Content-Length:
      - '52'
      Content-Type:
      - text/plain; charset=UTF-8
      X-Openstack-Request-Id:
      - req-b1a5b706-0252-4445-ae16-8483d1463485
      Date:
      - Tue, 02 Aug 2016 16:20:32 GMT
    body:
      encoding: UTF-8
      string: "404 Not Found\n\nThe resource could not be found.\n\n   "
    http_version: 
  recorded_at: Tue, 02 Aug 2016 16:20:32 GMT
recorded_with: VCR 3.0.3
