---
http_interactions:
- request:
    method: get
    uri: http://172.99.88.174:8774/v2.1/0c5dd43034614366b9e4e47887f38228/servers
    body:
      encoding: US-ASCII
      string: ''
    headers:
      Accept:
      - application/json
      Accept-Encoding:
      - gzip, deflate
      X-Auth-Token:
      - gAAAAABXoNGZC-Y0r_yZ8l3IJc60gFa4P2MOb49VdykTbvHq25Ycml5-1oYfdNFgxfuukyD2g-KBi1FMRzDxugkGLOyMAAAwISwU46Hj7wX-8EsWHYnVHxB9buVBF4pF7jDRO_SGRyrSiDFJQrA-ysgfGil_0P99svJrnPbTIqOdoTbbQi0nOc4
      Content-Type:
      - application/json
      User-Agent:
      - Ruby
  response:
    status:
      code: 200
      message: OK
    headers:
      Content-Length:
      - '15'
      Content-Type:
      - application/json
      X-Openstack-Nova-Api-Version:
      - '2.1'
      Vary:
      - X-OpenStack-Nova-API-Version
      X-Compute-Request-Id:
      - req-1fd1c10c-c40b-4e86-92d0-756250ef8b7a
      Date:
      - Tue, 02 Aug 2016 17:01:02 GMT
    body:
      encoding: UTF-8
      string: '{"servers": []}'
    http_version: 
  recorded_at: Tue, 02 Aug 2016 17:01:02 GMT
- request:
    method: get
    uri: http://172.99.88.174:8776/v1/0c5dd43034614366b9e4e47887f38228/volumes
    body:
      encoding: US-ASCII
      string: ''
    headers:
      Accept:
      - application/json
      Accept-Encoding:
      - gzip, deflate
      X-Auth-Token:
      - gAAAAABXoNGZC-Y0r_yZ8l3IJc60gFa4P2MOb49VdykTbvHq25Ycml5-1oYfdNFgxfuukyD2g-KBi1FMRzDxugkGLOyMAAAwISwU46Hj7wX-8EsWHYnVHxB9buVBF4pF7jDRO_SGRyrSiDFJQrA-ysgfGil_0P99svJrnPbTIqOdoTbbQi0nOc4
      Content-Type:
      - application/json
      User-Agent:
      - Ruby
  response:
    status:
      code: 200
      message: OK
    headers:
      X-Compute-Request-Id:
      - req-fb74fee2-13a7-4d1c-994c-8f2a98971d5b
      Content-Type:
      - application/json
      Content-Length:
      - '2660'
      X-Openstack-Request-Id:
      - req-fb74fee2-13a7-4d1c-994c-8f2a98971d5b
      Date:
      - Tue, 02 Aug 2016 17:01:02 GMT
    body:
      encoding: UTF-8
      string: '{"volumes": [{"status": "awaiting-transfer", "display_name": null,
        "attachments": [], "availability_zone": "nova", "bootable": "false", "encrypted":
        false, "created_at": "2016-07-28T19:30:15.000000", "multiattach": "false",
        "display_description": null, "volume_type": null, "snapshot_id": null, "source_volid":
        null, "metadata": {}, "id": "894a9702-07df-4b1c-9423-5853bc4e0fa5", "size":
        1}, {"status": "awaiting-transfer", "display_name": null, "attachments": [],
        "availability_zone": "nova", "bootable": "false", "encrypted": false, "created_at":
        "2016-07-28T19:22:58.000000", "multiattach": "false", "display_description":
        null, "volume_type": null, "snapshot_id": null, "source_volid": null, "metadata":
        {}, "id": "8f236902-c05c-4c09-9b6f-e2eb11674b3b", "size": 1}, {"status": "available",
        "display_name": null, "attachments": [], "availability_zone": "nova", "bootable":
        "false", "encrypted": false, "created_at": "2016-07-28T19:00:16.000000", "multiattach":
        "false", "display_description": null, "volume_type": null, "snapshot_id":
        null, "source_volid": null, "metadata": {}, "id": "26f58f73-a0d6-44af-8c27-4a989fa7ce3c",
        "size": 1}, {"status": "error_deleting", "display_name": null, "attachments":
        [], "availability_zone": "nova", "bootable": "false", "encrypted": false,
        "created_at": "2016-07-28T16:11:08.000000", "multiattach": "false", "display_description":
        null, "volume_type": null, "snapshot_id": null, "source_volid": null, "metadata":
        {}, "id": "3db83706-d2de-404e-bd23-61d861f5d5a1", "size": 1}, {"status": "error_deleting",
        "display_name": null, "attachments": [], "availability_zone": "nova", "bootable":
        "false", "encrypted": false, "created_at": "2016-07-28T15:59:16.000000", "multiattach":
        "false", "display_description": null, "volume_type": null, "snapshot_id":
        null, "source_volid": null, "metadata": {"readonly": "False"}, "id": "f1066063-45c5-489f-9ee6-a64a59e5979d",
        "size": 1}, {"status": "error_deleting", "display_name": null, "attachments":
        [], "availability_zone": "nova", "bootable": "false", "encrypted": false,
        "created_at": "2016-07-27T15:22:49.000000", "multiattach": "false", "display_description":
        null, "volume_type": null, "snapshot_id": null, "source_volid": null, "metadata":
        {}, "id": "c9123fff-3044-4e74-8759-1a2b2fecb452", "size": 10}, {"status":
        "error_deleting", "display_name": null, "attachments": [], "availability_zone":
        "nova", "bootable": "false", "encrypted": false, "created_at": "2016-07-27T01:30:17.000000",
        "multiattach": "false", "display_description": null, "volume_type": null,
        "snapshot_id": null, "source_volid": null, "metadata": {}, "id": "5e41e954-7a90-4ec5-959c-f153603f6c42",
        "size": 10}]}'
    http_version: 
  recorded_at: Tue, 02 Aug 2016 17:01:02 GMT
- request:
    method: delete
    uri: http://172.99.88.174:8776/v1/0c5dd43034614366b9e4e47887f38228/volumes/894a9702-07df-4b1c-9423-5853bc4e0fa5
    body:
      encoding: US-ASCII
      string: ''
    headers:
      Accept:
      - application/json
      Accept-Encoding:
      - gzip, deflate
      X-Auth-Token:
      - gAAAAABXoNGZC-Y0r_yZ8l3IJc60gFa4P2MOb49VdykTbvHq25Ycml5-1oYfdNFgxfuukyD2g-KBi1FMRzDxugkGLOyMAAAwISwU46Hj7wX-8EsWHYnVHxB9buVBF4pF7jDRO_SGRyrSiDFJQrA-ysgfGil_0P99svJrnPbTIqOdoTbbQi0nOc4
      Content-Type:
      - application/json
      User-Agent:
      - Ruby
  response:
    status:
      code: 400
      message: Bad Request
    headers:
      Openstack-Api-Version:
      - '1.0'
      Vary:
      - OpenStack-API-Version
      Content-Length:
      - '224'
      Content-Type:
      - application/json; charset=UTF-8
      X-Compute-Request-Id:
      - req-d390b782-1b5a-49e9-8486-81e03e25af63
      X-Openstack-Request-Id:
      - req-d390b782-1b5a-49e9-8486-81e03e25af63
      Date:
      - Tue, 02 Aug 2016 17:01:02 GMT
    body:
      encoding: UTF-8
      string: '{"badRequest": {"message": "Invalid volume: Volume status must be available
        or error or error_restoring or error_extending and must not be migrating,
        attached, belong to a consistency group or have snapshots.", "code": 400}}'
    http_version: 
  recorded_at: Tue, 02 Aug 2016 17:01:02 GMT
- request:
    method: delete
    uri: http://172.99.88.174:8776/v1/0c5dd43034614366b9e4e47887f38228/volumes/8f236902-c05c-4c09-9b6f-e2eb11674b3b
    body:
      encoding: US-ASCII
      string: ''
    headers:
      Accept:
      - application/json
      Accept-Encoding:
      - gzip, deflate
      X-Auth-Token:
      - gAAAAABXoNGZC-Y0r_yZ8l3IJc60gFa4P2MOb49VdykTbvHq25Ycml5-1oYfdNFgxfuukyD2g-KBi1FMRzDxugkGLOyMAAAwISwU46Hj7wX-8EsWHYnVHxB9buVBF4pF7jDRO_SGRyrSiDFJQrA-ysgfGil_0P99svJrnPbTIqOdoTbbQi0nOc4
      Content-Type:
      - application/json
      User-Agent:
      - Ruby
  response:
    status:
      code: 400
      message: Bad Request
    headers:
      Openstack-Api-Version:
      - '1.0'
      Vary:
      - OpenStack-API-Version
      Content-Length:
      - '224'
      Content-Type:
      - application/json; charset=UTF-8
      X-Compute-Request-Id:
      - req-e91f7b1d-9004-420a-bb3e-9636cae20e29
      X-Openstack-Request-Id:
      - req-e91f7b1d-9004-420a-bb3e-9636cae20e29
      Date:
      - Tue, 02 Aug 2016 17:01:02 GMT
    body:
      encoding: UTF-8
      string: '{"badRequest": {"message": "Invalid volume: Volume status must be available
        or error or error_restoring or error_extending and must not be migrating,
        attached, belong to a consistency group or have snapshots.", "code": 400}}'
    http_version: 
  recorded_at: Tue, 02 Aug 2016 17:01:02 GMT
- request:
    method: delete
    uri: http://172.99.88.174:8776/v1/0c5dd43034614366b9e4e47887f38228/volumes/26f58f73-a0d6-44af-8c27-4a989fa7ce3c
    body:
      encoding: US-ASCII
      string: ''
    headers:
      Accept:
      - application/json
      Accept-Encoding:
      - gzip, deflate
      X-Auth-Token:
      - gAAAAABXoNGZC-Y0r_yZ8l3IJc60gFa4P2MOb49VdykTbvHq25Ycml5-1oYfdNFgxfuukyD2g-KBi1FMRzDxugkGLOyMAAAwISwU46Hj7wX-8EsWHYnVHxB9buVBF4pF7jDRO_SGRyrSiDFJQrA-ysgfGil_0P99svJrnPbTIqOdoTbbQi0nOc4
      Content-Type:
      - application/json
      User-Agent:
      - Ruby
  response:
    status:
      code: 400
      message: Bad Request
    headers:
      Openstack-Api-Version:
      - '1.0'
      Vary:
      - OpenStack-API-Version
      Content-Length:
      - '224'
      Content-Type:
      - application/json; charset=UTF-8
      X-Compute-Request-Id:
      - req-bb345d96-18e8-46d6-92db-04207c0e3678
      X-Openstack-Request-Id:
      - req-bb345d96-18e8-46d6-92db-04207c0e3678
      Date:
      - Tue, 02 Aug 2016 17:01:02 GMT
    body:
      encoding: UTF-8
      string: '{"badRequest": {"message": "Invalid volume: Volume status must be available
        or error or error_restoring or error_extending and must not be migrating,
        attached, belong to a consistency group or have snapshots.", "code": 400}}'
    http_version: 
  recorded_at: Tue, 02 Aug 2016 17:01:02 GMT
- request:
    method: delete
    uri: http://172.99.88.174:8776/v1/0c5dd43034614366b9e4e47887f38228/volumes/3db83706-d2de-404e-bd23-61d861f5d5a1
    body:
      encoding: US-ASCII
      string: ''
    headers:
      Accept:
      - application/json
      Accept-Encoding:
      - gzip, deflate
      X-Auth-Token:
      - gAAAAABXoNGZC-Y0r_yZ8l3IJc60gFa4P2MOb49VdykTbvHq25Ycml5-1oYfdNFgxfuukyD2g-KBi1FMRzDxugkGLOyMAAAwISwU46Hj7wX-8EsWHYnVHxB9buVBF4pF7jDRO_SGRyrSiDFJQrA-ysgfGil_0P99svJrnPbTIqOdoTbbQi0nOc4
      Content-Type:
      - application/json
      User-Agent:
      - Ruby
  response:
    status:
      code: 400
      message: Bad Request
    headers:
      Openstack-Api-Version:
      - '1.0'
      Vary:
      - OpenStack-API-Version
      Content-Length:
      - '224'
      Content-Type:
      - application/json; charset=UTF-8
      X-Compute-Request-Id:
      - req-332a1ae5-03c9-43aa-8cc7-e1ada9406a24
      X-Openstack-Request-Id:
      - req-332a1ae5-03c9-43aa-8cc7-e1ada9406a24
      Date:
      - Tue, 02 Aug 2016 17:01:03 GMT
    body:
      encoding: UTF-8
      string: '{"badRequest": {"message": "Invalid volume: Volume status must be available
        or error or error_restoring or error_extending and must not be migrating,
        attached, belong to a consistency group or have snapshots.", "code": 400}}'
    http_version: 
  recorded_at: Tue, 02 Aug 2016 17:01:03 GMT
- request:
    method: delete
    uri: http://172.99.88.174:8776/v1/0c5dd43034614366b9e4e47887f38228/volumes/f1066063-45c5-489f-9ee6-a64a59e5979d
    body:
      encoding: US-ASCII
      string: ''
    headers:
      Accept:
      - application/json
      Accept-Encoding:
      - gzip, deflate
      X-Auth-Token:
      - gAAAAABXoNGZC-Y0r_yZ8l3IJc60gFa4P2MOb49VdykTbvHq25Ycml5-1oYfdNFgxfuukyD2g-KBi1FMRzDxugkGLOyMAAAwISwU46Hj7wX-8EsWHYnVHxB9buVBF4pF7jDRO_SGRyrSiDFJQrA-ysgfGil_0P99svJrnPbTIqOdoTbbQi0nOc4
      Content-Type:
      - application/json
      User-Agent:
      - Ruby
  response:
    status:
      code: 400
      message: Bad Request
    headers:
      Openstack-Api-Version:
      - '1.0'
      Vary:
      - OpenStack-API-Version
      Content-Length:
      - '224'
      Content-Type:
      - application/json; charset=UTF-8
      X-Compute-Request-Id:
      - req-8ae21e63-a2f4-4497-b568-466e7e697271
      X-Openstack-Request-Id:
      - req-8ae21e63-a2f4-4497-b568-466e7e697271
      Date:
      - Tue, 02 Aug 2016 17:01:03 GMT
    body:
      encoding: UTF-8
      string: '{"badRequest": {"message": "Invalid volume: Volume status must be available
        or error or error_restoring or error_extending and must not be migrating,
        attached, belong to a consistency group or have snapshots.", "code": 400}}'
    http_version: 
  recorded_at: Tue, 02 Aug 2016 17:01:03 GMT
- request:
    method: delete
    uri: http://172.99.88.174:8776/v1/0c5dd43034614366b9e4e47887f38228/volumes/c9123fff-3044-4e74-8759-1a2b2fecb452
    body:
      encoding: US-ASCII
      string: ''
    headers:
      Accept:
      - application/json
      Accept-Encoding:
      - gzip, deflate
      X-Auth-Token:
      - gAAAAABXoNGZC-Y0r_yZ8l3IJc60gFa4P2MOb49VdykTbvHq25Ycml5-1oYfdNFgxfuukyD2g-KBi1FMRzDxugkGLOyMAAAwISwU46Hj7wX-8EsWHYnVHxB9buVBF4pF7jDRO_SGRyrSiDFJQrA-ysgfGil_0P99svJrnPbTIqOdoTbbQi0nOc4
      Content-Type:
      - application/json
      User-Agent:
      - Ruby
  response:
    status:
      code: 400
      message: Bad Request
    headers:
      Openstack-Api-Version:
      - '1.0'
      Vary:
      - OpenStack-API-Version
      Content-Length:
      - '224'
      Content-Type:
      - application/json; charset=UTF-8
      X-Compute-Request-Id:
      - req-c07c7b21-b1c7-4405-8f10-56c34a3e22b2
      X-Openstack-Request-Id:
      - req-c07c7b21-b1c7-4405-8f10-56c34a3e22b2
      Date:
      - Tue, 02 Aug 2016 17:01:03 GMT
    body:
      encoding: UTF-8
      string: '{"badRequest": {"message": "Invalid volume: Volume status must be available
        or error or error_restoring or error_extending and must not be migrating,
        attached, belong to a consistency group or have snapshots.", "code": 400}}'
    http_version: 
  recorded_at: Tue, 02 Aug 2016 17:01:03 GMT
- request:
    method: delete
    uri: http://172.99.88.174:8776/v1/0c5dd43034614366b9e4e47887f38228/volumes/5e41e954-7a90-4ec5-959c-f153603f6c42
    body:
      encoding: US-ASCII
      string: ''
    headers:
      Accept:
      - application/json
      Accept-Encoding:
      - gzip, deflate
      X-Auth-Token:
      - gAAAAABXoNGZC-Y0r_yZ8l3IJc60gFa4P2MOb49VdykTbvHq25Ycml5-1oYfdNFgxfuukyD2g-KBi1FMRzDxugkGLOyMAAAwISwU46Hj7wX-8EsWHYnVHxB9buVBF4pF7jDRO_SGRyrSiDFJQrA-ysgfGil_0P99svJrnPbTIqOdoTbbQi0nOc4
      Content-Type:
      - application/json
      User-Agent:
      - Ruby
  response:
    status:
      code: 400
      message: Bad Request
    headers:
      Openstack-Api-Version:
      - '1.0'
      Vary:
      - OpenStack-API-Version
      Content-Length:
      - '224'
      Content-Type:
      - application/json; charset=UTF-8
      X-Compute-Request-Id:
      - req-7c3a2e48-65db-4290-9b4a-8fb986cc9648
      X-Openstack-Request-Id:
      - req-7c3a2e48-65db-4290-9b4a-8fb986cc9648
      Date:
      - Tue, 02 Aug 2016 17:01:03 GMT
    body:
      encoding: UTF-8
      string: '{"badRequest": {"message": "Invalid volume: Volume status must be available
        or error or error_restoring or error_extending and must not be migrating,
        attached, belong to a consistency group or have snapshots.", "code": 400}}'
    http_version: 
  recorded_at: Tue, 02 Aug 2016 17:01:03 GMT
- request:
    method: get
    uri: http://172.99.88.174:8776/v1/0c5dd43034614366b9e4e47887f38228/snapshots
    body:
      encoding: US-ASCII
      string: ''
    headers:
      Accept:
      - application/json
      Accept-Encoding:
      - gzip, deflate
      X-Auth-Token:
      - gAAAAABXoNGZC-Y0r_yZ8l3IJc60gFa4P2MOb49VdykTbvHq25Ycml5-1oYfdNFgxfuukyD2g-KBi1FMRzDxugkGLOyMAAAwISwU46Hj7wX-8EsWHYnVHxB9buVBF4pF7jDRO_SGRyrSiDFJQrA-ysgfGil_0P99svJrnPbTIqOdoTbbQi0nOc4
      Content-Type:
      - application/json
      User-Agent:
      - Ruby
  response:
    status:
      code: 200
      message: OK
    headers:
      X-Compute-Request-Id:
      - req-c0412764-0f87-4ab3-b9f2-4cecd5cd8c87
      Content-Type:
      - application/json
      Content-Length:
      - '287'
      X-Openstack-Request-Id:
      - req-c0412764-0f87-4ab3-b9f2-4cecd5cd8c87
      Date:
      - Tue, 02 Aug 2016 17:01:03 GMT
    body:
      encoding: UTF-8
      string: '{"snapshots": [{"status": "available", "display_name": "Something different",
        "created_at": "2016-07-28T19:00:18.000000", "display_description": "description",
        "volume_id": "26f58f73-a0d6-44af-8c27-4a989fa7ce3c", "metadata": {}, "id":
        "3f17b079-bdee-4f56-b5f1-dd6a50f4a0d3", "size": 1}]}'
    http_version: 
  recorded_at: Tue, 02 Aug 2016 17:01:03 GMT
- request:
    method: get
    uri: http://172.99.88.174:8776/v1/0c5dd43034614366b9e4e47887f38228/quality_of_services
    body:
      encoding: US-ASCII
      string: ''
    headers:
      Accept:
      - application/json
      Accept-Encoding:
      - gzip, deflate
      X-Auth-Token:
      - gAAAAABXoNGZC-Y0r_yZ8l3IJc60gFa4P2MOb49VdykTbvHq25Ycml5-1oYfdNFgxfuukyD2g-KBi1FMRzDxugkGLOyMAAAwISwU46Hj7wX-8EsWHYnVHxB9buVBF4pF7jDRO_SGRyrSiDFJQrA-ysgfGil_0P99svJrnPbTIqOdoTbbQi0nOc4
      Content-Type:
      - application/json
      User-Agent:
      - Ruby
  response:
    status:
      code: 404
      message: Not Found
    headers:
      Content-Length:
      - '52'
      Content-Type:
      - text/plain; charset=UTF-8
      X-Openstack-Request-Id:
      - req-b111fc35-8a35-48fa-a14e-f53df919dddc
      Date:
      - Tue, 02 Aug 2016 17:01:03 GMT
    body:
      encoding: UTF-8
      string: "404 Not Found\n\nThe resource could not be found.\n\n   "
    http_version: 
  recorded_at: Tue, 02 Aug 2016 17:01:03 GMT
recorded_with: VCR 3.0.3
