---
http_interactions:
- request:
    method: get
    uri: http://146.20.103.69:8776/v1/92ac5831e22341bc9cc88f3942ba4d68/snapshots
    body:
      encoding: US-ASCII
      string: ''
    headers:
      Accept:
      - application/json
      Accept-Encoding:
      - gzip, deflate
      X-Auth-Token:
      - gAAAAABXxGiqHikCx7IaXo9wDy1bE9MV1Cbj1EVejYSJX84SpV89YIjCkwUZkT8Twsg83QlHsP1RvlASHz4InJRD-ZsbCOYHo4IyGiwBGn41IwNIYVqDmZwo8EzmY3r_tbSKxE-yDFrP-3w573LJtnQYqGtpdUwti4rX3ZU7FP7Wwg1TRWBNAO4
      Content-Type:
      - application/json
      User-Agent:
      - Ruby
  response:
    status:
      code: 200
      message: OK
    headers:
      X-Compute-Request-Id:
      - req-215e2c0d-6ec4-45b7-adda-7d7f7cac3c4f
      Content-Type:
      - application/json
      Content-Length:
      - '17'
      X-Openstack-Request-Id:
      - req-215e2c0d-6ec4-45b7-adda-7d7f7cac3c4f
      Date:
      - Mon, 29 Aug 2016 16:54:06 GMT
    body:
      encoding: UTF-8
      string: '{"snapshots": []}'
    http_version: 
  recorded_at: Mon, 29 Aug 2016 16:54:01 GMT
- request:
    method: get
    uri: http://146.20.103.69:8776/v1/92ac5831e22341bc9cc88f3942ba4d68/backups
    body:
      encoding: US-ASCII
      string: ''
    headers:
      Accept:
      - application/json
      Accept-Encoding:
      - gzip, deflate
      X-Auth-Token:
      - gAAAAABXxGiqHikCx7IaXo9wDy1bE9MV1Cbj1EVejYSJX84SpV89YIjCkwUZkT8Twsg83QlHsP1RvlASHz4InJRD-ZsbCOYHo4IyGiwBGn41IwNIYVqDmZwo8EzmY3r_tbSKxE-yDFrP-3w573LJtnQYqGtpdUwti4rX3ZU7FP7Wwg1TRWBNAO4
      Content-Type:
      - application/json
      User-Agent:
      - Ruby
  response:
    status:
      code: 200
      message: OK
    headers:
      X-Compute-Request-Id:
      - req-35ba0d55-c796-4663-94d6-7f5ade30dd0c
      Content-Type:
      - application/json
      Content-Length:
      - '15'
      X-Openstack-Request-Id:
      - req-35ba0d55-c796-4663-94d6-7f5ade30dd0c
      Date:
      - Mon, 29 Aug 2016 16:54:06 GMT
    body:
      encoding: UTF-8
      string: '{"backups": []}'
    http_version: 
  recorded_at: Mon, 29 Aug 2016 16:54:01 GMT
- request:
    method: get
    uri: http://146.20.103.69:8776/v1/92ac5831e22341bc9cc88f3942ba4d68/volumes
    body:
      encoding: US-ASCII
      string: ''
    headers:
      Accept:
      - application/json
      Accept-Encoding:
      - gzip, deflate
      X-Auth-Token:
      - gAAAAABXxGiqHikCx7IaXo9wDy1bE9MV1Cbj1EVejYSJX84SpV89YIjCkwUZkT8Twsg83QlHsP1RvlASHz4InJRD-ZsbCOYHo4IyGiwBGn41IwNIYVqDmZwo8EzmY3r_tbSKxE-yDFrP-3w573LJtnQYqGtpdUwti4rX3ZU7FP7Wwg1TRWBNAO4
      Content-Type:
      - application/json
      User-Agent:
      - Ruby
  response:
    status:
      code: 200
      message: OK
    headers:
      X-Compute-Request-Id:
      - req-da91abcf-4c0f-4a25-9408-0c95c040f709
      Content-Type:
      - application/json
      Content-Length:
      - '1129'
      X-Openstack-Request-Id:
      - req-da91abcf-4c0f-4a25-9408-0c95c040f709
      Date:
      - Mon, 29 Aug 2016 16:54:06 GMT
    body:
      encoding: UTF-8
      string: '{"volumes": [{"status": "awaiting-transfer", "display_name": null,
        "attachments": [], "availability_zone": "nova", "bootable": "false", "encrypted":
        false, "created_at": "2016-08-29T15:31:04.000000", "multiattach": "false",
        "display_description": null, "volume_type": null, "snapshot_id": null, "source_volid":
        null, "metadata": {}, "id": "e42c90ac-a82a-49cb-8d12-8461a30aed73", "size":
        1}, {"status": "creating", "display_name": null, "attachments": [], "availability_zone":
        "nova", "bootable": "false", "encrypted": false, "created_at": "2016-08-11T17:09:07.000000",
        "multiattach": "false", "display_description": null, "volume_type": null,
        "snapshot_id": null, "source_volid": null, "metadata": {}, "id": "30da9b4e-d569-4f4c-a791-d193587005c9",
        "size": 1}, {"status": "creating", "display_name": null, "attachments": [],
        "availability_zone": "nova", "bootable": "false", "encrypted": false, "created_at":
        "2016-08-11T17:03:56.000000", "multiattach": "false", "display_description":
        null, "volume_type": null, "snapshot_id": null, "source_volid": null, "metadata":
        {}, "id": "f64bf99f-1127-4544-a6cd-5cccc441057c", "size": 1}]}'
    http_version: 
  recorded_at: Mon, 29 Aug 2016 16:54:01 GMT
- request:
    method: delete
    uri: http://146.20.103.69:8776/v1/92ac5831e22341bc9cc88f3942ba4d68/volumes/e42c90ac-a82a-49cb-8d12-8461a30aed73
    body:
      encoding: US-ASCII
      string: ''
    headers:
      Accept:
      - application/json
      Accept-Encoding:
      - gzip, deflate
      X-Auth-Token:
      - gAAAAABXxGiqHikCx7IaXo9wDy1bE9MV1Cbj1EVejYSJX84SpV89YIjCkwUZkT8Twsg83QlHsP1RvlASHz4InJRD-ZsbCOYHo4IyGiwBGn41IwNIYVqDmZwo8EzmY3r_tbSKxE-yDFrP-3w573LJtnQYqGtpdUwti4rX3ZU7FP7Wwg1TRWBNAO4
      Content-Type:
      - application/json
      User-Agent:
      - Ruby
  response:
    status:
      code: 400
      message: Bad Request
    headers:
      Content-Length:
      - '143'
      Content-Type:
      - application/json; charset=UTF-8
      X-Compute-Request-Id:
      - req-eb766178-5217-4a9e-a348-51b38e31342b
      X-Openstack-Request-Id:
      - req-eb766178-5217-4a9e-a348-51b38e31342b
      Date:
      - Mon, 29 Aug 2016 16:54:06 GMT
    body:
      encoding: UTF-8
      string: '{"badRequest": {"message": "Invalid volume: Volume status must be available
        or error, but current status is: awaiting-transfer.", "code": 400}}'
    http_version: 
  recorded_at: Mon, 29 Aug 2016 16:54:02 GMT
- request:
    method: delete
    uri: http://146.20.103.69:8776/v1/92ac5831e22341bc9cc88f3942ba4d68/volumes/30da9b4e-d569-4f4c-a791-d193587005c9
    body:
      encoding: US-ASCII
      string: ''
    headers:
      Accept:
      - application/json
      Accept-Encoding:
      - gzip, deflate
      X-Auth-Token:
      - gAAAAABXxGiqHikCx7IaXo9wDy1bE9MV1Cbj1EVejYSJX84SpV89YIjCkwUZkT8Twsg83QlHsP1RvlASHz4InJRD-ZsbCOYHo4IyGiwBGn41IwNIYVqDmZwo8EzmY3r_tbSKxE-yDFrP-3w573LJtnQYqGtpdUwti4rX3ZU7FP7Wwg1TRWBNAO4
      Content-Type:
      - application/json
      User-Agent:
      - Ruby
  response:
    status:
      code: 400
      message: Bad Request
    headers:
      Content-Length:
      - '134'
      Content-Type:
      - application/json; charset=UTF-8
      X-Compute-Request-Id:
      - req-a5513e87-6525-4a99-ac32-dcf7955594d7
      X-Openstack-Request-Id:
      - req-a5513e87-6525-4a99-ac32-dcf7955594d7
      Date:
      - Mon, 29 Aug 2016 16:54:06 GMT
    body:
      encoding: UTF-8
      string: '{"badRequest": {"message": "Invalid volume: Volume status must be available
        or error, but current status is: creating.", "code": 400}}'
    http_version: 
  recorded_at: Mon, 29 Aug 2016 16:54:02 GMT
- request:
    method: delete
    uri: http://146.20.103.69:8776/v1/92ac5831e22341bc9cc88f3942ba4d68/volumes/f64bf99f-1127-4544-a6cd-5cccc441057c
    body:
      encoding: US-ASCII
      string: ''
    headers:
      Accept:
      - application/json
      Accept-Encoding:
      - gzip, deflate
      X-Auth-Token:
      - gAAAAABXxGiqHikCx7IaXo9wDy1bE9MV1Cbj1EVejYSJX84SpV89YIjCkwUZkT8Twsg83QlHsP1RvlASHz4InJRD-ZsbCOYHo4IyGiwBGn41IwNIYVqDmZwo8EzmY3r_tbSKxE-yDFrP-3w573LJtnQYqGtpdUwti4rX3ZU7FP7Wwg1TRWBNAO4
      Content-Type:
      - application/json
      User-Agent:
      - Ruby
  response:
    status:
      code: 400
      message: Bad Request
    headers:
      Content-Length:
      - '134'
      Content-Type:
      - application/json; charset=UTF-8
      X-Compute-Request-Id:
      - req-3e49ae90-81d4-4d45-a30b-9bfacb949ef1
      X-Openstack-Request-Id:
      - req-3e49ae90-81d4-4d45-a30b-9bfacb949ef1
      Date:
      - Mon, 29 Aug 2016 16:54:06 GMT
    body:
      encoding: UTF-8
      string: '{"badRequest": {"message": "Invalid volume: Volume status must be available
        or error, but current status is: creating.", "code": 400}}'
    http_version: 
  recorded_at: Mon, 29 Aug 2016 16:54:02 GMT
- request:
    method: get
    uri: http://146.20.103.69:8774/v2.1/92ac5831e22341bc9cc88f3942ba4d68/servers
    body:
      encoding: US-ASCII
      string: ''
    headers:
      Accept:
      - application/json
      Accept-Encoding:
      - gzip, deflate
      X-Auth-Token:
      - gAAAAABXxGiqHikCx7IaXo9wDy1bE9MV1Cbj1EVejYSJX84SpV89YIjCkwUZkT8Twsg83QlHsP1RvlASHz4InJRD-ZsbCOYHo4IyGiwBGn41IwNIYVqDmZwo8EzmY3r_tbSKxE-yDFrP-3w573LJtnQYqGtpdUwti4rX3ZU7FP7Wwg1TRWBNAO4
      Content-Type:
      - application/json
      User-Agent:
      - Ruby
  response:
    status:
      code: 200
      message: OK
    headers:
      Content-Type:
      - application/json
      Content-Length:
      - '15'
      X-Openstack-Nova-Api-Version:
      - '2.1'
      Vary:
      - X-OpenStack-Nova-API-Version
      X-Compute-Request-Id:
      - req-a382abf5-e4aa-493b-97cf-03efb0142a16
      Date:
      - Mon, 29 Aug 2016 16:54:07 GMT
    body:
      encoding: UTF-8
      string: '{"servers": []}'
    http_version: 
  recorded_at: Mon, 29 Aug 2016 16:54:02 GMT
- request:
    method: post
    uri: http://146.20.103.69:9696/v2.0/networks
    body:
      encoding: UTF-8
      string: '{"network":{"name":"testing"}}'
    headers:
      Accept:
      - application/json
      Accept-Encoding:
      - gzip, deflate
      X-Auth-Token:
      - gAAAAABXxGiqHikCx7IaXo9wDy1bE9MV1Cbj1EVejYSJX84SpV89YIjCkwUZkT8Twsg83QlHsP1RvlASHz4InJRD-ZsbCOYHo4IyGiwBGn41IwNIYVqDmZwo8EzmY3r_tbSKxE-yDFrP-3w573LJtnQYqGtpdUwti4rX3ZU7FP7Wwg1TRWBNAO4
      Content-Type:
      - application/json
      Content-Length:
      - '30'
      User-Agent:
      - Ruby
  response:
    status:
      code: 201
      message: Created
    headers:
      Content-Type:
      - application/json; charset=UTF-8
      Content-Length:
      - '371'
      X-Openstack-Request-Id:
      - req-47571045-30b6-4f8e-9373-21ac1c82790d
      Date:
      - Mon, 29 Aug 2016 16:54:07 GMT
    body:
      encoding: UTF-8
      string: '{"network": {"status": "ACTIVE", "subnets": [], "name": "testing",
        "provider:physical_network": null, "<OS_USERNAME>_state_up": true, "tenant_id":
        "92ac5831e22341bc9cc88f3942ba4d68", "mtu": 0, "router:external": false, "shared":
        false, "port_security_enabled": true, "provider:network_type": "vxlan", "id":
        "23ec72e3-3aed-48a3-8ff3-b62c439c658f", "provider:segmentation_id": 62}}'
    http_version: 
  recorded_at: Mon, 29 Aug 2016 16:54:03 GMT
recorded_with: VCR 3.0.3
