---
http_interactions:
- request:
    method: get
    uri: http://146.20.103.69:8776/v1/92ac5831e22341bc9cc88f3942ba4d68/snapshots
    body:
      encoding: US-ASCII
      string: ''
    headers:
      Accept:
      - application/json
      Accept-Encoding:
      - gzip, deflate
      X-Auth-Token:
      - gAAAAABXxEhIaK-dJow7AmZqVIqEaVHWb2KFGe9CCvfRvOZzQ6WSqZyElPPPKU0L8YZTC3CDnZq4Jf2terA-vrWa5x1-kalWirepm9WejfXRPhJFehp0rtAV1rpMbUgrrlIf9IH7w1kgvLxemfTOd2v-_83tu5YMiArKYoVc7Mw2aoJrcQQ6moY
      Content-Type:
      - application/json
      User-Agent:
      - Ruby
  response:
    status:
      code: 200
      message: OK
    headers:
      X-Compute-Request-Id:
      - req-5878f421-7bff-4606-ad7e-34c1456dc38e
      Content-Type:
      - application/json
      Content-Length:
      - '17'
      X-Openstack-Request-Id:
      - req-5878f421-7bff-4606-ad7e-34c1456dc38e
      Date:
      - Mon, 29 Aug 2016 15:31:00 GMT
    body:
      encoding: UTF-8
      string: '{"snapshots": []}'
    http_version: 
  recorded_at: Mon, 29 Aug 2016 15:30:55 GMT
- request:
    method: get
    uri: http://146.20.103.69:8776/v1/92ac5831e22341bc9cc88f3942ba4d68/backups
    body:
      encoding: US-ASCII
      string: ''
    headers:
      Accept:
      - application/json
      Accept-Encoding:
      - gzip, deflate
      X-Auth-Token:
      - gAAAAABXxEhIaK-dJow7AmZqVIqEaVHWb2KFGe9CCvfRvOZzQ6WSqZyElPPPKU0L8YZTC3CDnZq4Jf2terA-vrWa5x1-kalWirepm9WejfXRPhJFehp0rtAV1rpMbUgrrlIf9IH7w1kgvLxemfTOd2v-_83tu5YMiArKYoVc7Mw2aoJrcQQ6moY
      Content-Type:
      - application/json
      User-Agent:
      - Ruby
  response:
    status:
      code: 200
      message: OK
    headers:
      X-Compute-Request-Id:
      - req-79b57685-60ee-44b7-98f5-b0f8ed41df11
      Content-Type:
      - application/json
      Content-Length:
      - '15'
      X-Openstack-Request-Id:
      - req-79b57685-60ee-44b7-98f5-b0f8ed41df11
      Date:
      - Mon, 29 Aug 2016 15:31:00 GMT
    body:
      encoding: UTF-8
      string: '{"backups": []}'
    http_version: 
  recorded_at: Mon, 29 Aug 2016 15:30:55 GMT
- request:
    method: get
    uri: http://146.20.103.69:8776/v1/92ac5831e22341bc9cc88f3942ba4d68/volumes
    body:
      encoding: US-ASCII
      string: ''
    headers:
      Accept:
      - application/json
      Accept-Encoding:
      - gzip, deflate
      X-Auth-Token:
      - gAAAAABXxEhIaK-dJow7AmZqVIqEaVHWb2KFGe9CCvfRvOZzQ6WSqZyElPPPKU0L8YZTC3CDnZq4Jf2terA-vrWa5x1-kalWirepm9WejfXRPhJFehp0rtAV1rpMbUgrrlIf9IH7w1kgvLxemfTOd2v-_83tu5YMiArKYoVc7Mw2aoJrcQQ6moY
      Content-Type:
      - application/json
      User-Agent:
      - Ruby
  response:
    status:
      code: 200
      message: OK
    headers:
      X-Compute-Request-Id:
      - req-3f8b580a-7bd9-433e-8a64-e38b2dff9a69
      Content-Type:
      - application/json
      Content-Length:
      - '751'
      X-Openstack-Request-Id:
      - req-3f8b580a-7bd9-433e-8a64-e38b2dff9a69
      Date:
      - Mon, 29 Aug 2016 15:31:00 GMT
    body:
      encoding: UTF-8
      string: '{"volumes": [{"status": "creating", "display_name": null, "attachments":
        [], "availability_zone": "nova", "bootable": "false", "encrypted": false,
        "created_at": "2016-08-11T17:09:07.000000", "multiattach": "false", "display_description":
        null, "volume_type": null, "snapshot_id": null, "source_volid": null, "metadata":
        {}, "id": "30da9b4e-d569-4f4c-a791-d193587005c9", "size": 1}, {"status": "creating",
        "display_name": null, "attachments": [], "availability_zone": "nova", "bootable":
        "false", "encrypted": false, "created_at": "2016-08-11T17:03:56.000000", "multiattach":
        "false", "display_description": null, "volume_type": null, "snapshot_id":
        null, "source_volid": null, "metadata": {}, "id": "f64bf99f-1127-4544-a6cd-5cccc441057c",
        "size": 1}]}'
    http_version: 
  recorded_at: Mon, 29 Aug 2016 15:30:55 GMT
- request:
    method: delete
    uri: http://146.20.103.69:8776/v1/92ac5831e22341bc9cc88f3942ba4d68/volumes/30da9b4e-d569-4f4c-a791-d193587005c9
    body:
      encoding: US-ASCII
      string: ''
    headers:
      Accept:
      - application/json
      Accept-Encoding:
      - gzip, deflate
      X-Auth-Token:
      - gAAAAABXxEhIaK-dJow7AmZqVIqEaVHWb2KFGe9CCvfRvOZzQ6WSqZyElPPPKU0L8YZTC3CDnZq4Jf2terA-vrWa5x1-kalWirepm9WejfXRPhJFehp0rtAV1rpMbUgrrlIf9IH7w1kgvLxemfTOd2v-_83tu5YMiArKYoVc7Mw2aoJrcQQ6moY
      Content-Type:
      - application/json
      User-Agent:
      - Ruby
  response:
    status:
      code: 400
      message: Bad Request
    headers:
      Content-Length:
      - '134'
      Content-Type:
      - application/json; charset=UTF-8
      X-Compute-Request-Id:
      - req-556ac7a3-4eef-471d-93fd-a1bda05168b7
      X-Openstack-Request-Id:
      - req-556ac7a3-4eef-471d-93fd-a1bda05168b7
      Date:
      - Mon, 29 Aug 2016 15:31:00 GMT
    body:
      encoding: UTF-8
      string: '{"badRequest": {"message": "Invalid volume: Volume status must be available
        or error, but current status is: creating.", "code": 400}}'
    http_version: 
  recorded_at: Mon, 29 Aug 2016 15:30:56 GMT
- request:
    method: delete
    uri: http://146.20.103.69:8776/v1/92ac5831e22341bc9cc88f3942ba4d68/volumes/f64bf99f-1127-4544-a6cd-5cccc441057c
    body:
      encoding: US-ASCII
      string: ''
    headers:
      Accept:
      - application/json
      Accept-Encoding:
      - gzip, deflate
      X-Auth-Token:
      - gAAAAABXxEhIaK-dJow7AmZqVIqEaVHWb2KFGe9CCvfRvOZzQ6WSqZyElPPPKU0L8YZTC3CDnZq4Jf2terA-vrWa5x1-kalWirepm9WejfXRPhJFehp0rtAV1rpMbUgrrlIf9IH7w1kgvLxemfTOd2v-_83tu5YMiArKYoVc7Mw2aoJrcQQ6moY
      Content-Type:
      - application/json
      User-Agent:
      - Ruby
  response:
    status:
      code: 400
      message: Bad Request
    headers:
      Content-Length:
      - '134'
      Content-Type:
      - application/json; charset=UTF-8
      X-Compute-Request-Id:
      - req-a8fd2362-a31e-4335-a41c-415c8a6b330e
      X-Openstack-Request-Id:
      - req-a8fd2362-a31e-4335-a41c-415c8a6b330e
      Date:
      - Mon, 29 Aug 2016 15:31:00 GMT
    body:
      encoding: UTF-8
      string: '{"badRequest": {"message": "Invalid volume: Volume status must be available
        or error, but current status is: creating.", "code": 400}}'
    http_version: 
  recorded_at: Mon, 29 Aug 2016 15:30:56 GMT
- request:
    method: get
    uri: http://146.20.103.69:8774/v2.1/92ac5831e22341bc9cc88f3942ba4d68/servers
    body:
      encoding: US-ASCII
      string: ''
    headers:
      Accept:
      - application/json
      Accept-Encoding:
      - gzip, deflate
      X-Auth-Token:
      - gAAAAABXxEhIaK-dJow7AmZqVIqEaVHWb2KFGe9CCvfRvOZzQ6WSqZyElPPPKU0L8YZTC3CDnZq4Jf2terA-vrWa5x1-kalWirepm9WejfXRPhJFehp0rtAV1rpMbUgrrlIf9IH7w1kgvLxemfTOd2v-_83tu5YMiArKYoVc7Mw2aoJrcQQ6moY
      Content-Type:
      - application/json
      User-Agent:
      - Ruby
  response:
    status:
      code: 200
      message: OK
    headers:
      Content-Type:
      - application/json
      Content-Length:
      - '15'
      X-Openstack-Nova-Api-Version:
      - '2.1'
      Vary:
      - X-OpenStack-Nova-API-Version
      X-Compute-Request-Id:
      - req-6ea192a8-08ea-4148-aaaf-77a912184f51
      Date:
      - Mon, 29 Aug 2016 15:31:00 GMT
    body:
      encoding: UTF-8
      string: '{"servers": []}'
    http_version: 
  recorded_at: Mon, 29 Aug 2016 15:30:56 GMT
- request:
    method: get
    uri: http://146.20.103.69:8776/v1/92ac5831e22341bc9cc88f3942ba4d68/limits
    body:
      encoding: US-ASCII
      string: ''
    headers:
      Accept:
      - application/json
      Accept-Encoding:
      - gzip, deflate
      X-Auth-Token:
      - gAAAAABXxEhIaK-dJow7AmZqVIqEaVHWb2KFGe9CCvfRvOZzQ6WSqZyElPPPKU0L8YZTC3CDnZq4Jf2terA-vrWa5x1-kalWirepm9WejfXRPhJFehp0rtAV1rpMbUgrrlIf9IH7w1kgvLxemfTOd2v-_83tu5YMiArKYoVc7Mw2aoJrcQQ6moY
      Content-Type:
      - application/json
      User-Agent:
      - Ruby
  response:
    status:
      code: 200
      message: OK
    headers:
      X-Compute-Request-Id:
      - req-16caf792-aa62-4524-a373-d5f42ba6ba71
      Content-Type:
      - application/json
      Content-Length:
      - '302'
      X-Openstack-Request-Id:
      - req-16caf792-aa62-4524-a373-d5f42ba6ba71
      Date:
      - Mon, 29 Aug 2016 15:31:01 GMT
    body:
      encoding: UTF-8
      string: '{"limits": {"rate": [], "absolute": {"totalSnapshotsUsed": 0, "maxTotalBackups":
        10, "maxTotalVolumeGigabytes": 1000, "maxTotalSnapshots": 10, "maxTotalBackupGigabytes":
        1000, "totalBackupGigabytesUsed": 0, "maxTotalVolumes": 10, "totalVolumesUsed":
        2, "totalBackupsUsed": 0, "totalGigabytesUsed": 2}}}'
    http_version: 
  recorded_at: Mon, 29 Aug 2016 15:30:56 GMT
recorded_with: VCR 3.0.3
